<html>
<body>
<pre>
<h1>µVision Build Log</h1>
<h2>Project:</h2>
E:\SL8631E\Program\Project\SL8631E.uvproj
Project File Date:  09/23/2015

<h2>Output:</h2>
Build target 'SL8631E'
compiling main.c...
compiling stm32f10x_it.c...
compiling SystemInit.c...
compiling CanQuery.c...
compiling CanSet.c...
compiling CanTask.c...
compiling CreateTask.c...
compiling Display.c...
compiling DogTask.c...
compiling OpenClose.c...
compiling EnergyCollection.c...
compiling Execute.c...
compiling Flash.c...
compiling List.c...
compiling Timer.c...
compiling Wireless.c...
compiling StorageManager.c...
compiling SensorCollection.c...
compiling Object.c...
compiling lux.c...
compiling InductionCollection.c...
compiling stm32f10x_usart.c...
compiling stm32f10x_gpio.c...
compiling stm32f10x_rcc.c...
compiling misc.c...
compiling stm32f10x_adc.c...
compiling stm32f10x_can.c...
compiling stm32f10x_dma.c...
compiling stm32f10x_exti.c...
compiling stm32f10x_flash.c...
compiling stm32f10x_iwdg.c...
compiling stm32f10x_pwr.c...
compiling stm32f10x_tim.c...
compiling stm32f10x_wwdg.c...
compiling core_cm3.c...
compiling system_stm32f10x.c...
compiling BL5372.c...
compiling BSP.c...
compiling delay.c...
compiling JF24D.c...
compiling STM32_Init.c...
compiling STM32_USART.c...
compiling DS18B20.c...
compiling tm1637.c...
compiling sd2068.c...
compiling os_core.c...
compiling os_flag.c...
compiling os_mbox.c...
compiling os_mem.c...
compiling os_mutex.c...
compiling os_q.c...
compiling os_sem.c...
compiling os_task.c...
compiling os_time.c...
compiling os_tmr.c...
compiling os_cpu_c.c...
compiling os_dbg.c...
linking...
Program Size: Code=60916 RO-data=892 RW-data=264 ZI-data=18256  
FromELF: creating hex file...
".\Output\SL8631EV41test.axf" - 0 Error(s), 0 Warning(s).
</pre>
</body>
</html>
