<!doctype html public "-//w3c//dtd html 4.0 transitional//en">
<html><head>
<title>Static Call Graph - [.\Output\sl8631E4.1BL5372]</title></head>
<body><HR>
<H1>Static Call Graph for image .\Output\sl8631E4.1BL5372</H1><HR>
<BR><P>#&#060CALLGRAPH&#062# ARM Linker, 5040049: Last Updated: Wed Nov 25 14:07:52 2015
<BR><P>
<H3>Maximum Stack Usage =        392 bytes + Unknown(Functions without stacksize, Cycles, Untraceable Function Pointers)</H3><H3>
Call chain for Maximum Stack Depth:</H3>
Task_CanCommunication &rArr; HandleCanRX &rArr; ParseCanRx &rArr; SetControlPara &rArr; BL5372_Read &rArr; Init_BL5372 &rArr; F_Difference &rArr; pow &rArr; __kernel_poly &rArr; __aeabi_dmul &rArr; _double_epilogue &rArr; _double_round
<P>
<H3>
Functions with no stack information
</H3><UL>
 <LI><a href="#[91]">OS_CPU_SR_Save</a>
 <LI><a href="#[93]">OS_CPU_SR_Restore</a>
 <LI><a href="#[1a8]">OSStartHighRdy</a>
 <LI><a href="#[1a7]">OSCtxSw</a>
 <LI><a href="#[1a5]">OSIntCtxSw</a>
 <LI><a href="#[5]">OS_CPU_PendSVHandler</a>
</UL>
</UL>
<P>
<H3>
Mutually Recursive functions
</H3> <LI><a href="#[19]">ADC1_2_IRQHandler</a>&nbsp;&nbsp;&nbsp;&rArr;&nbsp;&nbsp;&nbsp;<a href="#[19]">ADC1_2_IRQHandler</a><BR>
 <LI><a href="#[a7]">TM1637_Init</a>&nbsp;&nbsp;&nbsp;&rArr;&nbsp;&nbsp;&nbsp;<a href="#[18d]">I2Cask</a><BR>
</UL>
<P>
<H3>
Function Pointers
</H3><UL>
 <LI><a href="#[19]">ADC1_2_IRQHandler</a> from startup_stm32f10x_hd.o(.text) referenced from startup_stm32f10x_hd.o(RESET)
 <LI><a href="#[36]">ADC3_IRQHandler</a> from startup_stm32f10x_hd.o(.text) referenced from startup_stm32f10x_hd.o(RESET)
 <LI><a href="#[1c]">CAN1_RX1_IRQHandler</a> from startup_stm32f10x_hd.o(.text) referenced from startup_stm32f10x_hd.o(RESET)
 <LI><a href="#[1d]">CAN1_SCE_IRQHandler</a> from startup_stm32f10x_hd.o(.text) referenced from startup_stm32f10x_hd.o(RESET)
 <LI><a href="#[12]">DMA1_Channel1_IRQHandler</a> from startup_stm32f10x_hd.o(.text) referenced from startup_stm32f10x_hd.o(RESET)
 <LI><a href="#[13]">DMA1_Channel2_IRQHandler</a> from startup_stm32f10x_hd.o(.text) referenced from startup_stm32f10x_hd.o(RESET)
 <LI><a href="#[14]">DMA1_Channel3_IRQHandler</a> from startup_stm32f10x_hd.o(.text) referenced from startup_stm32f10x_hd.o(RESET)
 <LI><a href="#[15]">DMA1_Channel4_IRQHandler</a> from startup_stm32f10x_hd.o(.text) referenced from startup_stm32f10x_hd.o(RESET)
 <LI><a href="#[16]">DMA1_Channel5_IRQHandler</a> from startup_stm32f10x_hd.o(.text) referenced from startup_stm32f10x_hd.o(RESET)
 <LI><a href="#[17]">DMA1_Channel6_IRQHandler</a> from startup_stm32f10x_hd.o(.text) referenced from startup_stm32f10x_hd.o(RESET)
 <LI><a href="#[18]">DMA1_Channel7_IRQHandler</a> from startup_stm32f10x_hd.o(.text) referenced from startup_stm32f10x_hd.o(RESET)
 <LI><a href="#[3f]">DMA2_Channel1_IRQHandler</a> from startup_stm32f10x_hd.o(.text) referenced from startup_stm32f10x_hd.o(RESET)
 <LI><a href="#[40]">DMA2_Channel2_IRQHandler</a> from startup_stm32f10x_hd.o(.text) referenced from startup_stm32f10x_hd.o(RESET)
 <LI><a href="#[41]">DMA2_Channel3_IRQHandler</a> from startup_stm32f10x_hd.o(.text) referenced from startup_stm32f10x_hd.o(RESET)
 <LI><a href="#[42]">DMA2_Channel4_5_IRQHandler</a> from startup_stm32f10x_hd.o(.text) referenced from startup_stm32f10x_hd.o(RESET)
 <LI><a href="#[4]">DebugMon_Handler</a> from stm32f10x_it.o(.text) referenced from startup_stm32f10x_hd.o(RESET)
 <LI><a href="#[d]">EXTI0_IRQHandler</a> from startup_stm32f10x_hd.o(.text) referenced from startup_stm32f10x_hd.o(RESET)
 <LI><a href="#[2f]">EXTI15_10_IRQHandler</a> from startup_stm32f10x_hd.o(.text) referenced from startup_stm32f10x_hd.o(RESET)
 <LI><a href="#[e]">EXTI1_IRQHandler</a> from startup_stm32f10x_hd.o(.text) referenced from startup_stm32f10x_hd.o(RESET)
 <LI><a href="#[f]">EXTI2_IRQHandler</a> from startup_stm32f10x_hd.o(.text) referenced from startup_stm32f10x_hd.o(RESET)
 <LI><a href="#[10]">EXTI3_IRQHandler</a> from startup_stm32f10x_hd.o(.text) referenced from startup_stm32f10x_hd.o(RESET)
 <LI><a href="#[11]">EXTI4_IRQHandler</a> from stm32f10x_it.o(.text) referenced from startup_stm32f10x_hd.o(RESET)
 <LI><a href="#[1e]">EXTI9_5_IRQHandler</a> from startup_stm32f10x_hd.o(.text) referenced from startup_stm32f10x_hd.o(RESET)
 <LI><a href="#[b]">FLASH_IRQHandler</a> from startup_stm32f10x_hd.o(.text) referenced from startup_stm32f10x_hd.o(RESET)
 <LI><a href="#[37]">FSMC_IRQHandler</a> from startup_stm32f10x_hd.o(.text) referenced from startup_stm32f10x_hd.o(RESET)
 <LI><a href="#[2]">HardFault_Handler</a> from stm32f10x_it.o(.text) referenced 4 times from startup_stm32f10x_hd.o(RESET)
 <LI><a href="#[27]">I2C1_ER_IRQHandler</a> from startup_stm32f10x_hd.o(.text) referenced from startup_stm32f10x_hd.o(RESET)
 <LI><a href="#[26]">I2C1_EV_IRQHandler</a> from startup_stm32f10x_hd.o(.text) referenced from startup_stm32f10x_hd.o(RESET)
 <LI><a href="#[29]">I2C2_ER_IRQHandler</a> from startup_stm32f10x_hd.o(.text) referenced from startup_stm32f10x_hd.o(RESET)
 <LI><a href="#[28]">I2C2_EV_IRQHandler</a> from startup_stm32f10x_hd.o(.text) referenced from startup_stm32f10x_hd.o(RESET)
 <LI><a href="#[1]">NMI_Handler</a> from stm32f10x_it.o(.text) referenced from startup_stm32f10x_hd.o(RESET)
 <LI><a href="#[52]">OSTaskSwHook</a> from os_cpu_c.o(.text) referenced from os_cpu_a.o(.text)
 <LI><a href="#[51]">OSTmr_Task</a> from os_tmr.o(.text) referenced from os_tmr.o(.text)
 <LI><a href="#[5]">OS_CPU_PendSVHandler</a> from os_cpu_a.o(.text) referenced from startup_stm32f10x_hd.o(RESET)
 <LI><a href="#[196]">OS_TaskIdle</a> from os_core.o(.text) referenced from os_core.o(.text)
 <LI><a href="#[191]">OS_TaskStat</a> from os_core.o(.text) referenced from os_core.o(.text)
 <LI><a href="#[8]">PVD_IRQHandler</a> from startup_stm32f10x_hd.o(.text) referenced from startup_stm32f10x_hd.o(RESET)
 <LI><a href="#[c]">RCC_IRQHandler</a> from startup_stm32f10x_hd.o(.text) referenced from startup_stm32f10x_hd.o(RESET)
 <LI><a href="#[30]">RTCAlarm_IRQHandler</a> from startup_stm32f10x_hd.o(.text) referenced from startup_stm32f10x_hd.o(RESET)
 <LI><a href="#[a]">RTC_IRQHandler</a> from startup_stm32f10x_hd.o(.text) referenced from startup_stm32f10x_hd.o(RESET)
 <LI><a href="#[0]">Reset_Handler</a> from startup_stm32f10x_hd.o(.text) referenced from startup_stm32f10x_hd.o(RESET)
 <LI><a href="#[38]">SDIO_IRQHandler</a> from startup_stm32f10x_hd.o(.text) referenced from startup_stm32f10x_hd.o(RESET)
 <LI><a href="#[2a]">SPI1_IRQHandler</a> from startup_stm32f10x_hd.o(.text) referenced from startup_stm32f10x_hd.o(RESET)
 <LI><a href="#[2b]">SPI2_IRQHandler</a> from startup_stm32f10x_hd.o(.text) referenced from startup_stm32f10x_hd.o(RESET)
 <LI><a href="#[3a]">SPI3_IRQHandler</a> from startup_stm32f10x_hd.o(.text) referenced from startup_stm32f10x_hd.o(RESET)
 <LI><a href="#[3]">SVC_Handler</a> from stm32f10x_it.o(.text) referenced from startup_stm32f10x_hd.o(RESET)
 <LI><a href="#[46]">Startup_Task</a> from createtask.o(.text) referenced from main.o(.text)
 <LI><a href="#[6]">SysTick_Handler</a> from stm32f10x_it.o(.text) referenced from startup_stm32f10x_hd.o(RESET)
 <LI><a href="#[44]">SystemInit_ExtMemCtl</a> from startup_stm32f10x_hd.o(.text) referenced from startup_stm32f10x_hd.o(.text)
 <LI><a href="#[9]">TAMPER_IRQHandler</a> from startup_stm32f10x_hd.o(.text) referenced from startup_stm32f10x_hd.o(RESET)
 <LI><a href="#[1f]">TIM1_BRK_IRQHandler</a> from startup_stm32f10x_hd.o(.text) referenced from startup_stm32f10x_hd.o(RESET)
 <LI><a href="#[22]">TIM1_CC_IRQHandler</a> from startup_stm32f10x_hd.o(.text) referenced from startup_stm32f10x_hd.o(RESET)
 <LI><a href="#[21]">TIM1_TRG_COM_IRQHandler</a> from startup_stm32f10x_hd.o(.text) referenced from startup_stm32f10x_hd.o(RESET)
 <LI><a href="#[20]">TIM1_UP_IRQHandler</a> from startup_stm32f10x_hd.o(.text) referenced from startup_stm32f10x_hd.o(RESET)
 <LI><a href="#[23]">TIM2_IRQHandler</a> from stm32f10x_it.o(.text) referenced from startup_stm32f10x_hd.o(RESET)
 <LI><a href="#[24]">TIM3_IRQHandler</a> from stm32f10x_it.o(.text) referenced from startup_stm32f10x_hd.o(RESET)
 <LI><a href="#[25]">TIM4_IRQHandler</a> from stm32f10x_it.o(.text) referenced from startup_stm32f10x_hd.o(RESET)
 <LI><a href="#[39]">TIM5_IRQHandler</a> from startup_stm32f10x_hd.o(.text) referenced from startup_stm32f10x_hd.o(RESET)
 <LI><a href="#[3d]">TIM6_IRQHandler</a> from startup_stm32f10x_hd.o(.text) referenced from startup_stm32f10x_hd.o(RESET)
 <LI><a href="#[3e]">TIM7_IRQHandler</a> from startup_stm32f10x_hd.o(.text) referenced from startup_stm32f10x_hd.o(RESET)
 <LI><a href="#[32]">TIM8_BRK_IRQHandler</a> from startup_stm32f10x_hd.o(.text) referenced from startup_stm32f10x_hd.o(RESET)
 <LI><a href="#[35]">TIM8_CC_IRQHandler</a> from startup_stm32f10x_hd.o(.text) referenced from startup_stm32f10x_hd.o(RESET)
 <LI><a href="#[34]">TIM8_TRG_COM_IRQHandler</a> from startup_stm32f10x_hd.o(.text) referenced from startup_stm32f10x_hd.o(RESET)
 <LI><a href="#[33]">TIM8_UP_IRQHandler</a> from startup_stm32f10x_hd.o(.text) referenced from startup_stm32f10x_hd.o(RESET)
 <LI><a href="#[50]">Task_AutoSetting</a> from lux.o(.text) referenced from createtask.o(.text)
 <LI><a href="#[4c]">Task_CanCommunication</a> from cantask.o(.text) referenced from createtask.o(.text)
 <LI><a href="#[4e]">Task_Display</a> from display.o(.text) referenced from createtask.o(.text)
 <LI><a href="#[4d]">Task_Execute</a> from execute.o(.text) referenced from createtask.o(.text)
 <LI><a href="#[4a]">Task_InductionColltet</a> from inductioncollection.o(.text) referenced from createtask.o(.text)
 <LI><a href="#[4b]">Task_Sensor</a> from sensorcollection.o(.text) referenced from createtask.o(.text)
 <LI><a href="#[49]">Task_WatchDog</a> from dogtask.o(.text) referenced from createtask.o(.text)
 <LI><a href="#[4f]">Task_Wireless</a> from wireless.o(.text) referenced from createtask.o(.text)
 <LI><a href="#[3b]">UART4_IRQHandler</a> from startup_stm32f10x_hd.o(.text) referenced from startup_stm32f10x_hd.o(RESET)
 <LI><a href="#[3c]">UART5_IRQHandler</a> from startup_stm32f10x_hd.o(.text) referenced from startup_stm32f10x_hd.o(RESET)
 <LI><a href="#[2c]">USART1_IRQHandler</a> from stm32f10x_it.o(.text) referenced from startup_stm32f10x_hd.o(RESET)
 <LI><a href="#[2d]">USART2_IRQHandler</a> from startup_stm32f10x_hd.o(.text) referenced from startup_stm32f10x_hd.o(RESET)
 <LI><a href="#[2e]">USART3_IRQHandler</a> from stm32f10x_it.o(.text) referenced from startup_stm32f10x_hd.o(RESET)
 <LI><a href="#[31]">USBWakeUp_IRQHandler</a> from startup_stm32f10x_hd.o(.text) referenced from startup_stm32f10x_hd.o(RESET)
 <LI><a href="#[1a]">USB_HP_CAN1_TX_IRQHandler</a> from startup_stm32f10x_hd.o(.text) referenced from startup_stm32f10x_hd.o(RESET)
 <LI><a href="#[1b]">USB_LP_CAN1_RX0_IRQHandler</a> from stm32f10x_it.o(.text) referenced from startup_stm32f10x_hd.o(RESET)
 <LI><a href="#[7]">WWDG_IRQHandler</a> from startup_stm32f10x_hd.o(.text) referenced from startup_stm32f10x_hd.o(RESET)
 <LI><a href="#[45]">__main</a> from entry.o(.ARM.Collect$$$$00000000) referenced from startup_stm32f10x_hd.o(.text)
 <LI><a href="#[43]">main</a> from main.o(.text) referenced from entry9a.o(.ARM.Collect$$$$0000000B)
 <LI><a href="#[47]">tmr1_callback</a> from timer.o(.text) referenced from systeminit.o(.text)
 <LI><a href="#[48]">tmr2_callback</a> from timer.o(.text) referenced from systeminit.o(.text)
</UL>
<P>
<H3>
Global Symbols
</H3>
<P><STRONG><a name="[45]"></a>__main</STRONG> (Thumb, 0 bytes, Stack size unknown bytes, entry.o(.ARM.Collect$$$$00000000))
<BR>[Address Reference Count : 1]<UL><LI> startup_stm32f10x_hd.o(.text)
</UL>
<P><STRONG><a name="[205]"></a>_main_stk</STRONG> (Thumb, 0 bytes, Stack size unknown bytes, entry2.o(.ARM.Collect$$$$00000001))

<P><STRONG><a name="[53]"></a>_main_scatterload</STRONG> (Thumb, 0 bytes, Stack size unknown bytes, entry5.o(.ARM.Collect$$$$00000004))
<BR><BR>[Calls]<UL><LI><a href="#[54]">&gt;&gt;</a>&nbsp;&nbsp;&nbsp;__scatterload
</UL>

<P><STRONG><a name="[1fc]"></a>__main_after_scatterload</STRONG> (Thumb, 0 bytes, Stack size unknown bytes, entry5.o(.ARM.Collect$$$$00000004))
<BR><BR>[Called By]<UL><LI><a href="#[54]">&gt;&gt;</a>&nbsp;&nbsp;&nbsp;__scatterload
</UL>

<P><STRONG><a name="[206]"></a>_main_clock</STRONG> (Thumb, 0 bytes, Stack size unknown bytes, entry7b.o(.ARM.Collect$$$$00000008))

<P><STRONG><a name="[207]"></a>_main_cpp_init</STRONG> (Thumb, 0 bytes, Stack size unknown bytes, entry8b.o(.ARM.Collect$$$$0000000A))

<P><STRONG><a name="[208]"></a>_main_init</STRONG> (Thumb, 0 bytes, Stack size unknown bytes, entry9a.o(.ARM.Collect$$$$0000000B))

<P><STRONG><a name="[209]"></a>__rt_final_cpp</STRONG> (Thumb, 0 bytes, Stack size unknown bytes, entry10a.o(.ARM.Collect$$$$0000000D))

<P><STRONG><a name="[20a]"></a>__rt_final_exit</STRONG> (Thumb, 0 bytes, Stack size unknown bytes, entry11a.o(.ARM.Collect$$$$0000000F))

<P><STRONG><a name="[44]"></a>SystemInit_ExtMemCtl</STRONG> (Thumb, 2 bytes, Stack size 0 bytes, startup_stm32f10x_hd.o(.text))
<BR>[Address Reference Count : 1]<UL><LI> startup_stm32f10x_hd.o(.text)
</UL>
<P><STRONG><a name="[0]"></a>Reset_Handler</STRONG> (Thumb, 14 bytes, Stack size 0 bytes, startup_stm32f10x_hd.o(.text))
<BR>[Address Reference Count : 1]<UL><LI> startup_stm32f10x_hd.o(RESET)
</UL>
<P><STRONG><a name="[19]"></a>ADC1_2_IRQHandler</STRONG> (Thumb, 0 bytes, Stack size 0 bytes, startup_stm32f10x_hd.o(.text))
<BR><BR>[Calls]<UL><LI><a href="#[19]">&gt;&gt;</a>&nbsp;&nbsp;&nbsp;ADC1_2_IRQHandler
</UL>
<BR>[Called By]<UL><LI><a href="#[19]">&gt;&gt;</a>&nbsp;&nbsp;&nbsp;ADC1_2_IRQHandler
</UL>
<BR>[Address Reference Count : 1]<UL><LI> startup_stm32f10x_hd.o(RESET)
</UL>
<P><STRONG><a name="[36]"></a>ADC3_IRQHandler</STRONG> (Thumb, 0 bytes, Stack size 0 bytes, startup_stm32f10x_hd.o(.text))
<BR>[Address Reference Count : 1]<UL><LI> startup_stm32f10x_hd.o(RESET)
</UL>
<P><STRONG><a name="[1c]"></a>CAN1_RX1_IRQHandler</STRONG> (Thumb, 0 bytes, Stack size 0 bytes, startup_stm32f10x_hd.o(.text))
<BR>[Address Reference Count : 1]<UL><LI> startup_stm32f10x_hd.o(RESET)
</UL>
<P><STRONG><a name="[1d]"></a>CAN1_SCE_IRQHandler</STRONG> (Thumb, 0 bytes, Stack size 0 bytes, startup_stm32f10x_hd.o(.text))
<BR>[Address Reference Count : 1]<UL><LI> startup_stm32f10x_hd.o(RESET)
</UL>
<P><STRONG><a name="[12]"></a>DMA1_Channel1_IRQHandler</STRONG> (Thumb, 0 bytes, Stack size 0 bytes, startup_stm32f10x_hd.o(.text))
<BR>[Address Reference Count : 1]<UL><LI> startup_stm32f10x_hd.o(RESET)
</UL>
<P><STRONG><a name="[13]"></a>DMA1_Channel2_IRQHandler</STRONG> (Thumb, 0 bytes, Stack size 0 bytes, startup_stm32f10x_hd.o(.text))
<BR>[Address Reference Count : 1]<UL><LI> startup_stm32f10x_hd.o(RESET)
</UL>
<P><STRONG><a name="[14]"></a>DMA1_Channel3_IRQHandler</STRONG> (Thumb, 0 bytes, Stack size 0 bytes, startup_stm32f10x_hd.o(.text))
<BR>[Address Reference Count : 1]<UL><LI> startup_stm32f10x_hd.o(RESET)
</UL>
<P><STRONG><a name="[15]"></a>DMA1_Channel4_IRQHandler</STRONG> (Thumb, 0 bytes, Stack size 0 bytes, startup_stm32f10x_hd.o(.text))
<BR>[Address Reference Count : 1]<UL><LI> startup_stm32f10x_hd.o(RESET)
</UL>
<P><STRONG><a name="[16]"></a>DMA1_Channel5_IRQHandler</STRONG> (Thumb, 0 bytes, Stack size 0 bytes, startup_stm32f10x_hd.o(.text))
<BR>[Address Reference Count : 1]<UL><LI> startup_stm32f10x_hd.o(RESET)
</UL>
<P><STRONG><a name="[17]"></a>DMA1_Channel6_IRQHandler</STRONG> (Thumb, 0 bytes, Stack size 0 bytes, startup_stm32f10x_hd.o(.text))
<BR>[Address Reference Count : 1]<UL><LI> startup_stm32f10x_hd.o(RESET)
</UL>
<P><STRONG><a name="[18]"></a>DMA1_Channel7_IRQHandler</STRONG> (Thumb, 0 bytes, Stack size 0 bytes, startup_stm32f10x_hd.o(.text))
<BR>[Address Reference Count : 1]<UL><LI> startup_stm32f10x_hd.o(RESET)
</UL>
<P><STRONG><a name="[3f]"></a>DMA2_Channel1_IRQHandler</STRONG> (Thumb, 0 bytes, Stack size 0 bytes, startup_stm32f10x_hd.o(.text))
<BR>[Address Reference Count : 1]<UL><LI> startup_stm32f10x_hd.o(RESET)
</UL>
<P><STRONG><a name="[40]"></a>DMA2_Channel2_IRQHandler</STRONG> (Thumb, 0 bytes, Stack size 0 bytes, startup_stm32f10x_hd.o(.text))
<BR>[Address Reference Count : 1]<UL><LI> startup_stm32f10x_hd.o(RESET)
</UL>
<P><STRONG><a name="[41]"></a>DMA2_Channel3_IRQHandler</STRONG> (Thumb, 0 bytes, Stack size 0 bytes, startup_stm32f10x_hd.o(.text))
<BR>[Address Reference Count : 1]<UL><LI> startup_stm32f10x_hd.o(RESET)
</UL>
<P><STRONG><a name="[42]"></a>DMA2_Channel4_5_IRQHandler</STRONG> (Thumb, 0 bytes, Stack size 0 bytes, startup_stm32f10x_hd.o(.text))
<BR>[Address Reference Count : 1]<UL><LI> startup_stm32f10x_hd.o(RESET)
</UL>
<P><STRONG><a name="[d]"></a>EXTI0_IRQHandler</STRONG> (Thumb, 0 bytes, Stack size 0 bytes, startup_stm32f10x_hd.o(.text))
<BR>[Address Reference Count : 1]<UL><LI> startup_stm32f10x_hd.o(RESET)
</UL>
<P><STRONG><a name="[2f]"></a>EXTI15_10_IRQHandler</STRONG> (Thumb, 0 bytes, Stack size 0 bytes, startup_stm32f10x_hd.o(.text))
<BR>[Address Reference Count : 1]<UL><LI> startup_stm32f10x_hd.o(RESET)
</UL>
<P><STRONG><a name="[e]"></a>EXTI1_IRQHandler</STRONG> (Thumb, 0 bytes, Stack size 0 bytes, startup_stm32f10x_hd.o(.text))
<BR>[Address Reference Count : 1]<UL><LI> startup_stm32f10x_hd.o(RESET)
</UL>
<P><STRONG><a name="[f]"></a>EXTI2_IRQHandler</STRONG> (Thumb, 0 bytes, Stack size 0 bytes, startup_stm32f10x_hd.o(.text))
<BR>[Address Reference Count : 1]<UL><LI> startup_stm32f10x_hd.o(RESET)
</UL>
<P><STRONG><a name="[10]"></a>EXTI3_IRQHandler</STRONG> (Thumb, 0 bytes, Stack size 0 bytes, startup_stm32f10x_hd.o(.text))
<BR>[Address Reference Count : 1]<UL><LI> startup_stm32f10x_hd.o(RESET)
</UL>
<P><STRONG><a name="[1e]"></a>EXTI9_5_IRQHandler</STRONG> (Thumb, 0 bytes, Stack size 0 bytes, startup_stm32f10x_hd.o(.text))
<BR>[Address Reference Count : 1]<UL><LI> startup_stm32f10x_hd.o(RESET)
</UL>
<P><STRONG><a name="[b]"></a>FLASH_IRQHandler</STRONG> (Thumb, 0 bytes, Stack size 0 bytes, startup_stm32f10x_hd.o(.text))
<BR>[Address Reference Count : 1]<UL><LI> startup_stm32f10x_hd.o(RESET)
</UL>
<P><STRONG><a name="[37]"></a>FSMC_IRQHandler</STRONG> (Thumb, 0 bytes, Stack size 0 bytes, startup_stm32f10x_hd.o(.text))
<BR>[Address Reference Count : 1]<UL><LI> startup_stm32f10x_hd.o(RESET)
</UL>
<P><STRONG><a name="[27]"></a>I2C1_ER_IRQHandler</STRONG> (Thumb, 0 bytes, Stack size 0 bytes, startup_stm32f10x_hd.o(.text))
<BR>[Address Reference Count : 1]<UL><LI> startup_stm32f10x_hd.o(RESET)
</UL>
<P><STRONG><a name="[26]"></a>I2C1_EV_IRQHandler</STRONG> (Thumb, 0 bytes, Stack size 0 bytes, startup_stm32f10x_hd.o(.text))
<BR>[Address Reference Count : 1]<UL><LI> startup_stm32f10x_hd.o(RESET)
</UL>
<P><STRONG><a name="[29]"></a>I2C2_ER_IRQHandler</STRONG> (Thumb, 0 bytes, Stack size 0 bytes, startup_stm32f10x_hd.o(.text))
<BR>[Address Reference Count : 1]<UL><LI> startup_stm32f10x_hd.o(RESET)
</UL>
<P><STRONG><a name="[28]"></a>I2C2_EV_IRQHandler</STRONG> (Thumb, 0 bytes, Stack size 0 bytes, startup_stm32f10x_hd.o(.text))
<BR>[Address Reference Count : 1]<UL><LI> startup_stm32f10x_hd.o(RESET)
</UL>
<P><STRONG><a name="[8]"></a>PVD_IRQHandler</STRONG> (Thumb, 0 bytes, Stack size 0 bytes, startup_stm32f10x_hd.o(.text))
<BR>[Address Reference Count : 1]<UL><LI> startup_stm32f10x_hd.o(RESET)
</UL>
<P><STRONG><a name="[c]"></a>RCC_IRQHandler</STRONG> (Thumb, 0 bytes, Stack size 0 bytes, startup_stm32f10x_hd.o(.text))
<BR>[Address Reference Count : 1]<UL><LI> startup_stm32f10x_hd.o(RESET)
</UL>
<P><STRONG><a name="[30]"></a>RTCAlarm_IRQHandler</STRONG> (Thumb, 0 bytes, Stack size 0 bytes, startup_stm32f10x_hd.o(.text))
<BR>[Address Reference Count : 1]<UL><LI> startup_stm32f10x_hd.o(RESET)
</UL>
<P><STRONG><a name="[a]"></a>RTC_IRQHandler</STRONG> (Thumb, 0 bytes, Stack size 0 bytes, startup_stm32f10x_hd.o(.text))
<BR>[Address Reference Count : 1]<UL><LI> startup_stm32f10x_hd.o(RESET)
</UL>
<P><STRONG><a name="[38]"></a>SDIO_IRQHandler</STRONG> (Thumb, 0 bytes, Stack size 0 bytes, startup_stm32f10x_hd.o(.text))
<BR>[Address Reference Count : 1]<UL><LI> startup_stm32f10x_hd.o(RESET)
</UL>
<P><STRONG><a name="[2a]"></a>SPI1_IRQHandler</STRONG> (Thumb, 0 bytes, Stack size 0 bytes, startup_stm32f10x_hd.o(.text))
<BR>[Address Reference Count : 1]<UL><LI> startup_stm32f10x_hd.o(RESET)
</UL>
<P><STRONG><a name="[2b]"></a>SPI2_IRQHandler</STRONG> (Thumb, 0 bytes, Stack size 0 bytes, startup_stm32f10x_hd.o(.text))
<BR>[Address Reference Count : 1]<UL><LI> startup_stm32f10x_hd.o(RESET)
</UL>
<P><STRONG><a name="[3a]"></a>SPI3_IRQHandler</STRONG> (Thumb, 0 bytes, Stack size 0 bytes, startup_stm32f10x_hd.o(.text))
<BR>[Address Reference Count : 1]<UL><LI> startup_stm32f10x_hd.o(RESET)
</UL>
<P><STRONG><a name="[9]"></a>TAMPER_IRQHandler</STRONG> (Thumb, 0 bytes, Stack size 0 bytes, startup_stm32f10x_hd.o(.text))
<BR>[Address Reference Count : 1]<UL><LI> startup_stm32f10x_hd.o(RESET)
</UL>
<P><STRONG><a name="[1f]"></a>TIM1_BRK_IRQHandler</STRONG> (Thumb, 0 bytes, Stack size 0 bytes, startup_stm32f10x_hd.o(.text))
<BR>[Address Reference Count : 1]<UL><LI> startup_stm32f10x_hd.o(RESET)
</UL>
<P><STRONG><a name="[22]"></a>TIM1_CC_IRQHandler</STRONG> (Thumb, 0 bytes, Stack size 0 bytes, startup_stm32f10x_hd.o(.text))
<BR>[Address Reference Count : 1]<UL><LI> startup_stm32f10x_hd.o(RESET)
</UL>
<P><STRONG><a name="[21]"></a>TIM1_TRG_COM_IRQHandler</STRONG> (Thumb, 0 bytes, Stack size 0 bytes, startup_stm32f10x_hd.o(.text))
<BR>[Address Reference Count : 1]<UL><LI> startup_stm32f10x_hd.o(RESET)
</UL>
<P><STRONG><a name="[20]"></a>TIM1_UP_IRQHandler</STRONG> (Thumb, 0 bytes, Stack size 0 bytes, startup_stm32f10x_hd.o(.text))
<BR>[Address Reference Count : 1]<UL><LI> startup_stm32f10x_hd.o(RESET)
</UL>
<P><STRONG><a name="[39]"></a>TIM5_IRQHandler</STRONG> (Thumb, 0 bytes, Stack size 0 bytes, startup_stm32f10x_hd.o(.text))
<BR>[Address Reference Count : 1]<UL><LI> startup_stm32f10x_hd.o(RESET)
</UL>
<P><STRONG><a name="[3d]"></a>TIM6_IRQHandler</STRONG> (Thumb, 0 bytes, Stack size 0 bytes, startup_stm32f10x_hd.o(.text))
<BR>[Address Reference Count : 1]<UL><LI> startup_stm32f10x_hd.o(RESET)
</UL>
<P><STRONG><a name="[3e]"></a>TIM7_IRQHandler</STRONG> (Thumb, 0 bytes, Stack size 0 bytes, startup_stm32f10x_hd.o(.text))
<BR>[Address Reference Count : 1]<UL><LI> startup_stm32f10x_hd.o(RESET)
</UL>
<P><STRONG><a name="[32]"></a>TIM8_BRK_IRQHandler</STRONG> (Thumb, 0 bytes, Stack size 0 bytes, startup_stm32f10x_hd.o(.text))
<BR>[Address Reference Count : 1]<UL><LI> startup_stm32f10x_hd.o(RESET)
</UL>
<P><STRONG><a name="[35]"></a>TIM8_CC_IRQHandler</STRONG> (Thumb, 0 bytes, Stack size 0 bytes, startup_stm32f10x_hd.o(.text))
<BR>[Address Reference Count : 1]<UL><LI> startup_stm32f10x_hd.o(RESET)
</UL>
<P><STRONG><a name="[34]"></a>TIM8_TRG_COM_IRQHandler</STRONG> (Thumb, 0 bytes, Stack size 0 bytes, startup_stm32f10x_hd.o(.text))
<BR>[Address Reference Count : 1]<UL><LI> startup_stm32f10x_hd.o(RESET)
</UL>
<P><STRONG><a name="[33]"></a>TIM8_UP_IRQHandler</STRONG> (Thumb, 0 bytes, Stack size 0 bytes, startup_stm32f10x_hd.o(.text))
<BR>[Address Reference Count : 1]<UL><LI> startup_stm32f10x_hd.o(RESET)
</UL>
<P><STRONG><a name="[3b]"></a>UART4_IRQHandler</STRONG> (Thumb, 0 bytes, Stack size 0 bytes, startup_stm32f10x_hd.o(.text))
<BR>[Address Reference Count : 1]<UL><LI> startup_stm32f10x_hd.o(RESET)
</UL>
<P><STRONG><a name="[3c]"></a>UART5_IRQHandler</STRONG> (Thumb, 0 bytes, Stack size 0 bytes, startup_stm32f10x_hd.o(.text))
<BR>[Address Reference Count : 1]<UL><LI> startup_stm32f10x_hd.o(RESET)
</UL>
<P><STRONG><a name="[2d]"></a>USART2_IRQHandler</STRONG> (Thumb, 0 bytes, Stack size 0 bytes, startup_stm32f10x_hd.o(.text))
<BR>[Address Reference Count : 1]<UL><LI> startup_stm32f10x_hd.o(RESET)
</UL>
<P><STRONG><a name="[31]"></a>USBWakeUp_IRQHandler</STRONG> (Thumb, 0 bytes, Stack size 0 bytes, startup_stm32f10x_hd.o(.text))
<BR>[Address Reference Count : 1]<UL><LI> startup_stm32f10x_hd.o(RESET)
</UL>
<P><STRONG><a name="[1a]"></a>USB_HP_CAN1_TX_IRQHandler</STRONG> (Thumb, 0 bytes, Stack size 0 bytes, startup_stm32f10x_hd.o(.text))
<BR>[Address Reference Count : 1]<UL><LI> startup_stm32f10x_hd.o(RESET)
</UL>
<P><STRONG><a name="[7]"></a>WWDG_IRQHandler</STRONG> (Thumb, 0 bytes, Stack size 0 bytes, startup_stm32f10x_hd.o(.text))
<BR>[Address Reference Count : 1]<UL><LI> startup_stm32f10x_hd.o(RESET)
</UL>
<P><STRONG><a name="[43]"></a>main</STRONG> (Thumb, 44 bytes, Stack size 8 bytes, main.o(.text))
<BR><BR>[Stack]<UL><LI>Max Depth = 168 + Unknown Stack Size
<LI>Call Chain = main &rArr; OSInit &rArr; OSTmr_Init &rArr; OSTmr_InitTask &rArr; OSTaskCreateExt &rArr; OS_TCBInit
</UL>
<BR>[Calls]<UL><LI><a href="#[57]">&gt;&gt;</a>&nbsp;&nbsp;&nbsp;delay_init
<LI><a href="#[59]">&gt;&gt;</a>&nbsp;&nbsp;&nbsp;OSTaskCreate
<LI><a href="#[5a]">&gt;&gt;</a>&nbsp;&nbsp;&nbsp;OSStart
<LI><a href="#[58]">&gt;&gt;</a>&nbsp;&nbsp;&nbsp;OSInit
<LI><a href="#[55]">&gt;&gt;</a>&nbsp;&nbsp;&nbsp;BSP_Init
<LI><a href="#[56]">&gt;&gt;</a>&nbsp;&nbsp;&nbsp;Application_Init
</UL>
<BR>[Address Reference Count : 1]<UL><LI> entry9a.o(.ARM.Collect$$$$0000000B)
</UL>
<P><STRONG><a name="[1]"></a>NMI_Handler</STRONG> (Thumb, 2 bytes, Stack size 0 bytes, stm32f10x_it.o(.text))
<BR>[Address Reference Count : 1]<UL><LI> startup_stm32f10x_hd.o(RESET)
</UL>
<P><STRONG><a name="[2]"></a>HardFault_Handler</STRONG> (Thumb, 4 bytes, Stack size 0 bytes, stm32f10x_it.o(.text))
<BR>[Address Reference Count : 1]<UL><LI> startup_stm32f10x_hd.o(RESET)
</UL>
<P><STRONG><a name="[20b]"></a>MemManage_Handler</STRONG> (Thumb, 4 bytes, Stack size 0 bytes, stm32f10x_it.o(.text), UNUSED)

<P><STRONG><a name="[20c]"></a>BusFault_Handler</STRONG> (Thumb, 4 bytes, Stack size 0 bytes, stm32f10x_it.o(.text), UNUSED)

<P><STRONG><a name="[20d]"></a>UsageFault_Handler</STRONG> (Thumb, 4 bytes, Stack size 0 bytes, stm32f10x_it.o(.text), UNUSED)

<P><STRONG><a name="[3]"></a>SVC_Handler</STRONG> (Thumb, 2 bytes, Stack size 0 bytes, stm32f10x_it.o(.text))
<BR>[Address Reference Count : 1]<UL><LI> startup_stm32f10x_hd.o(RESET)
</UL>
<P><STRONG><a name="[4]"></a>DebugMon_Handler</STRONG> (Thumb, 2 bytes, Stack size 0 bytes, stm32f10x_it.o(.text))
<BR>[Address Reference Count : 1]<UL><LI> startup_stm32f10x_hd.o(RESET)
</UL>
<P><STRONG><a name="[20e]"></a>PendSV_Handler</STRONG> (Thumb, 2 bytes, Stack size 0 bytes, stm32f10x_it.o(.text), UNUSED)

<P><STRONG><a name="[1b]"></a>USB_LP_CAN1_RX0_IRQHandler</STRONG> (Thumb, 16 bytes, Stack size 8 bytes, stm32f10x_it.o(.text))
<BR><BR>[Stack]<UL><LI>Max Depth = 48 + Unknown Stack Size
<LI>Call Chain = USB_LP_CAN1_RX0_IRQHandler &rArr; ReceiveCan &rArr; OSMemGet
</UL>
<BR>[Calls]<UL><LI><a href="#[5c]">&gt;&gt;</a>&nbsp;&nbsp;&nbsp;ReceiveCan
<LI><a href="#[5d]">&gt;&gt;</a>&nbsp;&nbsp;&nbsp;OSIntExit
<LI><a href="#[5b]">&gt;&gt;</a>&nbsp;&nbsp;&nbsp;OSIntEnter
</UL>
<BR>[Address Reference Count : 1]<UL><LI> startup_stm32f10x_hd.o(RESET)
</UL>
<P><STRONG><a name="[2c]"></a>USART1_IRQHandler</STRONG> (Thumb, 16 bytes, Stack size 8 bytes, stm32f10x_it.o(.text))
<BR><BR>[Stack]<UL><LI>Max Depth = 76 + Unknown Stack Size
<LI>Call Chain = USART1_IRQHandler &rArr; ReceiveSensor &rArr; OSSemPost &rArr; OS_EventTaskRdy &rArr; OS_EventTaskRemove
</UL>
<BR>[Calls]<UL><LI><a href="#[5e]">&gt;&gt;</a>&nbsp;&nbsp;&nbsp;ReceiveSensor
<LI><a href="#[5d]">&gt;&gt;</a>&nbsp;&nbsp;&nbsp;OSIntExit
<LI><a href="#[5b]">&gt;&gt;</a>&nbsp;&nbsp;&nbsp;OSIntEnter
</UL>
<BR>[Address Reference Count : 1]<UL><LI> startup_stm32f10x_hd.o(RESET)
</UL>
<P><STRONG><a name="[2e]"></a>USART3_IRQHandler</STRONG> (Thumb, 12 bytes, Stack size 8 bytes, stm32f10x_it.o(.text))
<BR><BR>[Stack]<UL><LI>Max Depth = 16 + Unknown Stack Size
<LI>Call Chain = USART3_IRQHandler &rArr; OSIntExit
</UL>
<BR>[Calls]<UL><LI><a href="#[5d]">&gt;&gt;</a>&nbsp;&nbsp;&nbsp;OSIntExit
<LI><a href="#[5b]">&gt;&gt;</a>&nbsp;&nbsp;&nbsp;OSIntEnter
</UL>
<BR>[Address Reference Count : 1]<UL><LI> startup_stm32f10x_hd.o(RESET)
</UL>
<P><STRONG><a name="[23]"></a>TIM2_IRQHandler</STRONG> (Thumb, 2 bytes, Stack size 0 bytes, stm32f10x_it.o(.text))
<BR>[Address Reference Count : 1]<UL><LI> startup_stm32f10x_hd.o(RESET)
</UL>
<P><STRONG><a name="[24]"></a>TIM3_IRQHandler</STRONG> (Thumb, 30 bytes, Stack size 8 bytes, stm32f10x_it.o(.text))
<BR><BR>[Stack]<UL><LI>Max Depth = 68 + Unknown Stack Size
<LI>Call Chain = TIM3_IRQHandler &rArr; OSSemPost &rArr; OS_EventTaskRdy &rArr; OS_EventTaskRemove
</UL>
<BR>[Calls]<UL><LI><a href="#[5f]">&gt;&gt;</a>&nbsp;&nbsp;&nbsp;TIM_ClearFlag
<LI><a href="#[60]">&gt;&gt;</a>&nbsp;&nbsp;&nbsp;OSSemPost
<LI><a href="#[5d]">&gt;&gt;</a>&nbsp;&nbsp;&nbsp;OSIntExit
<LI><a href="#[5b]">&gt;&gt;</a>&nbsp;&nbsp;&nbsp;OSIntEnter
</UL>
<BR>[Address Reference Count : 1]<UL><LI> startup_stm32f10x_hd.o(RESET)
</UL>
<P><STRONG><a name="[25]"></a>TIM4_IRQHandler</STRONG> (Thumb, 2 bytes, Stack size 0 bytes, stm32f10x_it.o(.text))
<BR>[Address Reference Count : 1]<UL><LI> startup_stm32f10x_hd.o(RESET)
</UL>
<P><STRONG><a name="[6]"></a>SysTick_Handler</STRONG> (Thumb, 16 bytes, Stack size 8 bytes, stm32f10x_it.o(.text))
<BR><BR>[Stack]<UL><LI>Max Depth = 100 + Unknown Stack Size
<LI>Call Chain = SysTick_Handler &rArr; OSTimeTick &rArr; OSTimeTickHook &rArr; OSTmrSignal &rArr; OSSemPost &rArr; OS_EventTaskRdy &rArr; OS_EventTaskRemove
</UL>
<BR>[Calls]<UL><LI><a href="#[61]">&gt;&gt;</a>&nbsp;&nbsp;&nbsp;OSTimeTick
<LI><a href="#[5d]">&gt;&gt;</a>&nbsp;&nbsp;&nbsp;OSIntExit
<LI><a href="#[5b]">&gt;&gt;</a>&nbsp;&nbsp;&nbsp;OSIntEnter
</UL>
<BR>[Address Reference Count : 1]<UL><LI> startup_stm32f10x_hd.o(RESET)
</UL>
<P><STRONG><a name="[11]"></a>EXTI4_IRQHandler</STRONG> (Thumb, 30 bytes, Stack size 8 bytes, stm32f10x_it.o(.text))
<BR><BR>[Stack]<UL><LI>Max Depth = 84 + Unknown Stack Size
<LI>Call Chain = EXTI4_IRQHandler &rArr; ReceiveWireless &rArr; OSSemPost &rArr; OS_EventTaskRdy &rArr; OS_EventTaskRemove
</UL>
<BR>[Calls]<UL><LI><a href="#[64]">&gt;&gt;</a>&nbsp;&nbsp;&nbsp;ReceiveWireless
<LI><a href="#[5d]">&gt;&gt;</a>&nbsp;&nbsp;&nbsp;OSIntExit
<LI><a href="#[5b]">&gt;&gt;</a>&nbsp;&nbsp;&nbsp;OSIntEnter
<LI><a href="#[62]">&gt;&gt;</a>&nbsp;&nbsp;&nbsp;EXTI_GetITStatus
<LI><a href="#[63]">&gt;&gt;</a>&nbsp;&nbsp;&nbsp;EXTI_ClearITPendingBit
</UL>
<BR>[Address Reference Count : 1]<UL><LI> startup_stm32f10x_hd.o(RESET)
</UL>
<P><STRONG><a name="[65]"></a>initMemoryManager</STRONG> (Thumb, 36 bytes, Stack size 8 bytes, systeminit.o(.text))
<BR><BR>[Stack]<UL><LI>Max Depth = 56 + Unknown Stack Size
<LI>Call Chain = initMemoryManager &rArr; OSMemCreate
</UL>
<BR>[Calls]<UL><LI><a href="#[66]">&gt;&gt;</a>&nbsp;&nbsp;&nbsp;OSMemCreate
<LI><a href="#[67]">&gt;&gt;</a>&nbsp;&nbsp;&nbsp;NVIC_SystemReset
</UL>
<BR>[Called By]<UL><LI><a href="#[81]">&gt;&gt;</a>&nbsp;&nbsp;&nbsp;initSystem
</UL>

<P><STRONG><a name="[68]"></a>initSystemObject</STRONG> (Thumb, 80 bytes, Stack size 8 bytes, systeminit.o(.text))
<BR><BR>[Stack]<UL><LI>Max Depth = 96 + Unknown Stack Size
<LI>Call Chain = initSystemObject &rArr; WriteSystemInfo &rArr; WriteFlash &rArr; FLASH_ProgramWord &rArr; FLASH_WaitForLastOperation &rArr; delay
</UL>
<BR>[Calls]<UL><LI><a href="#[6a]">&gt;&gt;</a>&nbsp;&nbsp;&nbsp;WriteSystemInfo
<LI><a href="#[69]">&gt;&gt;</a>&nbsp;&nbsp;&nbsp;ReadSystemInfo
<LI><a href="#[6b]">&gt;&gt;</a>&nbsp;&nbsp;&nbsp;OSMutexCreate
<LI><a href="#[67]">&gt;&gt;</a>&nbsp;&nbsp;&nbsp;NVIC_SystemReset
</UL>
<BR>[Called By]<UL><LI><a href="#[81]">&gt;&gt;</a>&nbsp;&nbsp;&nbsp;initSystem
</UL>

<P><STRONG><a name="[6c]"></a>initControllerObject</STRONG> (Thumb, 534 bytes, Stack size 8 bytes, systeminit.o(.text))
<BR><BR>[Stack]<UL><LI>Max Depth = 104 + Unknown Stack Size
<LI>Call Chain = initControllerObject &rArr; WriteSlaverInfo &rArr; WriteFlash &rArr; FLASH_ProgramWord &rArr; FLASH_WaitForLastOperation &rArr; delay
</UL>
<BR>[Calls]<UL><LI><a href="#[70]">&gt;&gt;</a>&nbsp;&nbsp;&nbsp;WriteSlaverInfo
<LI><a href="#[6f]">&gt;&gt;</a>&nbsp;&nbsp;&nbsp;WriteSensorInfo
<LI><a href="#[6e]">&gt;&gt;</a>&nbsp;&nbsp;&nbsp;WriteControllerInfo
<LI><a href="#[6d]">&gt;&gt;</a>&nbsp;&nbsp;&nbsp;ReadControllerInfo
<LI><a href="#[71]">&gt;&gt;</a>&nbsp;&nbsp;&nbsp;OSSemCreate
<LI><a href="#[6b]">&gt;&gt;</a>&nbsp;&nbsp;&nbsp;OSMutexCreate
<LI><a href="#[67]">&gt;&gt;</a>&nbsp;&nbsp;&nbsp;NVIC_SystemReset
</UL>
<BR>[Called By]<UL><LI><a href="#[81]">&gt;&gt;</a>&nbsp;&nbsp;&nbsp;initSystem
</UL>

<P><STRONG><a name="[72]"></a>initSensorSlaverObject</STRONG> (Thumb, 168 bytes, Stack size 8 bytes, systeminit.o(.text))
<BR><BR>[Stack]<UL><LI>Max Depth = 44<LI>Call Chain = initSensorSlaverObject &rArr; ReadSlaverInfo &rArr; ReadFlash
</UL>
<BR>[Calls]<UL><LI><a href="#[74]">&gt;&gt;</a>&nbsp;&nbsp;&nbsp;ReadSlaverInfo
<LI><a href="#[73]">&gt;&gt;</a>&nbsp;&nbsp;&nbsp;ReadSensorInfo
<LI><a href="#[67]">&gt;&gt;</a>&nbsp;&nbsp;&nbsp;NVIC_SystemReset
</UL>
<BR>[Called By]<UL><LI><a href="#[81]">&gt;&gt;</a>&nbsp;&nbsp;&nbsp;initSystem
</UL>

<P><STRONG><a name="[75]"></a>initTheoryObject</STRONG> (Thumb, 538 bytes, Stack size 8 bytes, systeminit.o(.text))
<BR><BR>[Stack]<UL><LI>Max Depth = 96 + Unknown Stack Size
<LI>Call Chain = initTheoryObject &rArr; WriteTheoryInfo &rArr; WriteFlash &rArr; FLASH_ProgramWord &rArr; FLASH_WaitForLastOperation &rArr; delay
</UL>
<BR>[Calls]<UL><LI><a href="#[77]">&gt;&gt;</a>&nbsp;&nbsp;&nbsp;WriteTheoryInfo
<LI><a href="#[76]">&gt;&gt;</a>&nbsp;&nbsp;&nbsp;ReadTheoryInfo
<LI><a href="#[6b]">&gt;&gt;</a>&nbsp;&nbsp;&nbsp;OSMutexCreate
<LI><a href="#[67]">&gt;&gt;</a>&nbsp;&nbsp;&nbsp;NVIC_SystemReset
</UL>
<BR>[Called By]<UL><LI><a href="#[81]">&gt;&gt;</a>&nbsp;&nbsp;&nbsp;initSystem
</UL>

<P><STRONG><a name="[78]"></a>InitWirelessSlavesExecute</STRONG> (Thumb, 178 bytes, Stack size 8 bytes, systeminit.o(.text))
<BR><BR>[Stack]<UL><LI>Max Depth = 88 + Unknown Stack Size
<LI>Call Chain = InitWirelessSlavesExecute &rArr; InitWirelessModule &rArr; Delay_ms &rArr; Delay_us &rArr; OSSchedUnlock &rArr; OS_Sched
</UL>
<BR>[Calls]<UL><LI><a href="#[7a]">&gt;&gt;</a>&nbsp;&nbsp;&nbsp;Wireless_GPIO
<LI><a href="#[7c]">&gt;&gt;</a>&nbsp;&nbsp;&nbsp;IsInitWirelessModuleSuccess
<LI><a href="#[7b]">&gt;&gt;</a>&nbsp;&nbsp;&nbsp;InitWirelessModule
<LI><a href="#[79]">&gt;&gt;</a>&nbsp;&nbsp;&nbsp;EXTI_Configuration
</UL>
<BR>[Called By]<UL><LI><a href="#[81]">&gt;&gt;</a>&nbsp;&nbsp;&nbsp;initSystem
</UL>

<P><STRONG><a name="[7d]"></a>initTimer1</STRONG> (Thumb, 44 bytes, Stack size 24 bytes, systeminit.o(.text))
<BR><BR>[Stack]<UL><LI>Max Depth = 80 + Unknown Stack Size
<LI>Call Chain = initTimer1 &rArr; OSTmrCreate &rArr; OSSchedUnlock &rArr; OS_Sched
</UL>
<BR>[Calls]<UL><LI><a href="#[7f]">&gt;&gt;</a>&nbsp;&nbsp;&nbsp;OSTmrStart
<LI><a href="#[7e]">&gt;&gt;</a>&nbsp;&nbsp;&nbsp;OSTmrCreate
</UL>
<BR>[Called By]<UL><LI><a href="#[81]">&gt;&gt;</a>&nbsp;&nbsp;&nbsp;initSystem
</UL>

<P><STRONG><a name="[80]"></a>initTimer2</STRONG> (Thumb, 44 bytes, Stack size 24 bytes, systeminit.o(.text))
<BR><BR>[Stack]<UL><LI>Max Depth = 80 + Unknown Stack Size
<LI>Call Chain = initTimer2 &rArr; OSTmrCreate &rArr; OSSchedUnlock &rArr; OS_Sched
</UL>
<BR>[Calls]<UL><LI><a href="#[7f]">&gt;&gt;</a>&nbsp;&nbsp;&nbsp;OSTmrStart
<LI><a href="#[7e]">&gt;&gt;</a>&nbsp;&nbsp;&nbsp;OSTmrCreate
</UL>
<BR>[Called By]<UL><LI><a href="#[81]">&gt;&gt;</a>&nbsp;&nbsp;&nbsp;initSystem
</UL>

<P><STRONG><a name="[82]"></a>initRuningValue</STRONG> (Thumb, 110 bytes, Stack size 0 bytes, systeminit.o(.text))
<BR><BR>[Called By]<UL><LI><a href="#[81]">&gt;&gt;</a>&nbsp;&nbsp;&nbsp;initSystem
</UL>

<P><STRONG><a name="[81]"></a>initSystem</STRONG> (Thumb, 104 bytes, Stack size 8 bytes, systeminit.o(.text))
<BR><BR>[Stack]<UL><LI>Max Depth = 296 + Unknown Stack Size
<LI>Call Chain = initSystem &rArr; Init_BL5372 &rArr; F_Difference &rArr; pow &rArr; __kernel_poly &rArr; __aeabi_dmul &rArr; _double_epilogue &rArr; _double_round
</UL>
<BR>[Calls]<UL><LI><a href="#[83]">&gt;&gt;</a>&nbsp;&nbsp;&nbsp;Init_BL5372
<LI><a href="#[84]">&gt;&gt;</a>&nbsp;&nbsp;&nbsp;GPIO_ReadInputDataBit
<LI><a href="#[82]">&gt;&gt;</a>&nbsp;&nbsp;&nbsp;initRuningValue
<LI><a href="#[80]">&gt;&gt;</a>&nbsp;&nbsp;&nbsp;initTimer2
<LI><a href="#[7d]">&gt;&gt;</a>&nbsp;&nbsp;&nbsp;initTimer1
<LI><a href="#[78]">&gt;&gt;</a>&nbsp;&nbsp;&nbsp;InitWirelessSlavesExecute
<LI><a href="#[75]">&gt;&gt;</a>&nbsp;&nbsp;&nbsp;initTheoryObject
<LI><a href="#[72]">&gt;&gt;</a>&nbsp;&nbsp;&nbsp;initSensorSlaverObject
<LI><a href="#[6c]">&gt;&gt;</a>&nbsp;&nbsp;&nbsp;initControllerObject
<LI><a href="#[68]">&gt;&gt;</a>&nbsp;&nbsp;&nbsp;initSystemObject
<LI><a href="#[65]">&gt;&gt;</a>&nbsp;&nbsp;&nbsp;initMemoryManager
</UL>
<BR>[Called By]<UL><LI><a href="#[46]">&gt;&gt;</a>&nbsp;&nbsp;&nbsp;Startup_Task
</UL>

<P><STRONG><a name="[89]"></a>QuerySensorPara</STRONG> (Thumb, 78 bytes, Stack size 8 bytes, canquery.o(.text))
<BR><BR>[Stack]<UL><LI>Max Depth = 8<LI>Call Chain = QuerySensorPara
</UL>
<BR>[Called By]<UL><LI><a href="#[85]">&gt;&gt;</a>&nbsp;&nbsp;&nbsp;QueryControlPara
</UL>

<P><STRONG><a name="[8a]"></a>QuerySlaverPara</STRONG> (Thumb, 78 bytes, Stack size 8 bytes, canquery.o(.text))
<BR><BR>[Stack]<UL><LI>Max Depth = 8<LI>Call Chain = QuerySlaverPara
</UL>
<BR>[Called By]<UL><LI><a href="#[85]">&gt;&gt;</a>&nbsp;&nbsp;&nbsp;QueryControlPara
</UL>

<P><STRONG><a name="[85]"></a>QueryControlPara</STRONG> (Thumb, 2344 bytes, Stack size 32 bytes, canquery.o(.text))
<BR><BR>[Stack]<UL><LI>Max Depth = 88<LI>Call Chain = QueryControlPara &rArr; BL5372_ReadBCD &rArr; I2C_BL5372_ReadByte &rArr; I2C_BL5372_ReceiveByte
</UL>
<BR>[Calls]<UL><LI><a href="#[87]">&gt;&gt;</a>&nbsp;&nbsp;&nbsp;FindMinOpenLX
<LI><a href="#[88]">&gt;&gt;</a>&nbsp;&nbsp;&nbsp;FindMaxCloseLX
<LI><a href="#[86]">&gt;&gt;</a>&nbsp;&nbsp;&nbsp;BL5372_ReadBCD
<LI><a href="#[8a]">&gt;&gt;</a>&nbsp;&nbsp;&nbsp;QuerySlaverPara
<LI><a href="#[89]">&gt;&gt;</a>&nbsp;&nbsp;&nbsp;QuerySensorPara
</UL>
<BR>[Called By]<UL><LI><a href="#[9a]">&gt;&gt;</a>&nbsp;&nbsp;&nbsp;ParseCanRx
</UL>

<P><STRONG><a name="[8c]"></a>GetControlerWorkMode</STRONG> (Thumb, 130 bytes, Stack size 0 bytes, canquery.o(.text))
<BR><BR>[Called By]<UL><LI><a href="#[8b]">&gt;&gt;</a>&nbsp;&nbsp;&nbsp;QueryOutStatus
</UL>

<P><STRONG><a name="[8b]"></a>QueryOutStatus</STRONG> (Thumb, 366 bytes, Stack size 16 bytes, canquery.o(.text))
<BR><BR>[Stack]<UL><LI>Max Depth = 24<LI>Call Chain = QueryOutStatus &rArr; QuerySlaverState
</UL>
<BR>[Calls]<UL><LI><a href="#[8c]">&gt;&gt;</a>&nbsp;&nbsp;&nbsp;GetControlerWorkMode
<LI><a href="#[8d]">&gt;&gt;</a>&nbsp;&nbsp;&nbsp;QuerySlaverState
</UL>
<BR>[Called By]<UL><LI><a href="#[9a]">&gt;&gt;</a>&nbsp;&nbsp;&nbsp;ParseCanRx
</UL>

<P><STRONG><a name="[9b]"></a>QueryRealtimeData</STRONG> (Thumb, 260 bytes, Stack size 20 bytes, canquery.o(.text))
<BR><BR>[Stack]<UL><LI>Max Depth = 20<LI>Call Chain = QueryRealtimeData
</UL>
<BR>[Called By]<UL><LI><a href="#[9a]">&gt;&gt;</a>&nbsp;&nbsp;&nbsp;ParseCanRx
</UL>

<P><STRONG><a name="[8e]"></a>SetOutStatus</STRONG> (Thumb, 218 bytes, Stack size 16 bytes, canset.o(.text))
<BR><BR>[Stack]<UL><LI>Max Depth = 104<LI>Call Chain = SetOutStatus &rArr; WriteSystemInfo &rArr; WriteFlash &rArr; FLASH_ProgramWord &rArr; FLASH_WaitForLastOperation &rArr; delay
</UL>
<BR>[Calls]<UL><LI><a href="#[6a]">&gt;&gt;</a>&nbsp;&nbsp;&nbsp;WriteSystemInfo
</UL>
<BR>[Called By]<UL><LI><a href="#[9a]">&gt;&gt;</a>&nbsp;&nbsp;&nbsp;ParseCanRx
</UL>

<P><STRONG><a name="[8f]"></a>SetControlPara</STRONG> (Thumb, 2774 bytes, Stack size 32 bytes, canset.o(.text))
<BR><BR>[Stack]<UL><LI>Max Depth = 336 + Unknown Stack Size
<LI>Call Chain = SetControlPara &rArr; BL5372_Read &rArr; Init_BL5372 &rArr; F_Difference &rArr; pow &rArr; __kernel_poly &rArr; __aeabi_dmul &rArr; _double_epilogue &rArr; _double_round
</UL>
<BR>[Calls]<UL><LI><a href="#[95]">&gt;&gt;</a>&nbsp;&nbsp;&nbsp;setLuxAutoSettingDisplay
<LI><a href="#[91]">&gt;&gt;</a>&nbsp;&nbsp;&nbsp;OS_CPU_SR_Save
<LI><a href="#[93]">&gt;&gt;</a>&nbsp;&nbsp;&nbsp;OS_CPU_SR_Restore
<LI><a href="#[90]">&gt;&gt;</a>&nbsp;&nbsp;&nbsp;Can_Config
<LI><a href="#[92]">&gt;&gt;</a>&nbsp;&nbsp;&nbsp;BL5372_SetBCD
<LI><a href="#[94]">&gt;&gt;</a>&nbsp;&nbsp;&nbsp;BL5372_Read
<LI><a href="#[77]">&gt;&gt;</a>&nbsp;&nbsp;&nbsp;WriteTheoryInfo
<LI><a href="#[6a]">&gt;&gt;</a>&nbsp;&nbsp;&nbsp;WriteSystemInfo
<LI><a href="#[70]">&gt;&gt;</a>&nbsp;&nbsp;&nbsp;WriteSlaverInfo
<LI><a href="#[6e]">&gt;&gt;</a>&nbsp;&nbsp;&nbsp;WriteControllerInfo
</UL>
<BR>[Called By]<UL><LI><a href="#[9a]">&gt;&gt;</a>&nbsp;&nbsp;&nbsp;ParseCanRx
</UL>

<P><STRONG><a name="[4c]"></a>Task_CanCommunication</STRONG> (Thumb, 98 bytes, Stack size 0 bytes, cantask.o(.text))
<BR><BR>[Stack]<UL><LI>Max Depth = 392 + Unknown Stack Size
<LI>Call Chain = Task_CanCommunication &rArr; HandleCanRX &rArr; ParseCanRx &rArr; SetControlPara &rArr; BL5372_Read &rArr; Init_BL5372 &rArr; F_Difference &rArr; pow &rArr; __kernel_poly &rArr; __aeabi_dmul &rArr; _double_epilogue &rArr; _double_round
</UL>
<BR>[Calls]<UL><LI><a href="#[a1]">&gt;&gt;</a>&nbsp;&nbsp;&nbsp;RemoveHeadList
<LI><a href="#[a3]">&gt;&gt;</a>&nbsp;&nbsp;&nbsp;OSTimeDlyHMSM
<LI><a href="#[a2]">&gt;&gt;</a>&nbsp;&nbsp;&nbsp;OSMemPut
<LI><a href="#[a0]">&gt;&gt;</a>&nbsp;&nbsp;&nbsp;IsListEmpty
<LI><a href="#[9f]">&gt;&gt;</a>&nbsp;&nbsp;&nbsp;InitializeListHead
<LI><a href="#[9e]">&gt;&gt;</a>&nbsp;&nbsp;&nbsp;HandleCanRX
<LI><a href="#[91]">&gt;&gt;</a>&nbsp;&nbsp;&nbsp;OS_CPU_SR_Save
<LI><a href="#[93]">&gt;&gt;</a>&nbsp;&nbsp;&nbsp;OS_CPU_SR_Restore
<LI><a href="#[90]">&gt;&gt;</a>&nbsp;&nbsp;&nbsp;Can_Config
</UL>
<BR>[Address Reference Count : 1]<UL><LI> createtask.o(.text)
</UL>
<P><STRONG><a name="[5c]"></a>ReceiveCan</STRONG> (Thumb, 70 bytes, Stack size 16 bytes, cantask.o(.text))
<BR><BR>[Stack]<UL><LI>Max Depth = 40 + Unknown Stack Size
<LI>Call Chain = ReceiveCan &rArr; OSMemGet
</UL>
<BR>[Calls]<UL><LI><a href="#[a4]">&gt;&gt;</a>&nbsp;&nbsp;&nbsp;OSMemGet
<LI><a href="#[a6]">&gt;&gt;</a>&nbsp;&nbsp;&nbsp;InsertTailList
<LI><a href="#[a5]">&gt;&gt;</a>&nbsp;&nbsp;&nbsp;CAN_Receive
<LI><a href="#[91]">&gt;&gt;</a>&nbsp;&nbsp;&nbsp;OS_CPU_SR_Save
<LI><a href="#[93]">&gt;&gt;</a>&nbsp;&nbsp;&nbsp;OS_CPU_SR_Restore
</UL>
<BR>[Called By]<UL><LI><a href="#[1b]">&gt;&gt;</a>&nbsp;&nbsp;&nbsp;USB_LP_CAN1_RX0_IRQHandler
</UL>

<P><STRONG><a name="[46]"></a>Startup_Task</STRONG> (Thumb, 186 bytes, Stack size 16 bytes, createtask.o(.text))
<BR><BR>[Stack]<UL><LI>Max Depth = 312 + Unknown Stack Size
<LI>Call Chain = Startup_Task &rArr; initSystem &rArr; Init_BL5372 &rArr; F_Difference &rArr; pow &rArr; __kernel_poly &rArr; __aeabi_dmul &rArr; _double_epilogue &rArr; _double_round
</UL>
<BR>[Calls]<UL><LI><a href="#[a9]">&gt;&gt;</a>&nbsp;&nbsp;&nbsp;Write_8LED
<LI><a href="#[a7]">&gt;&gt;</a>&nbsp;&nbsp;&nbsp;TM1637_Init
<LI><a href="#[ab]">&gt;&gt;</a>&nbsp;&nbsp;&nbsp;OSTaskSuspend
<LI><a href="#[a8]">&gt;&gt;</a>&nbsp;&nbsp;&nbsp;IWDG_ReloadCounter
<LI><a href="#[aa]">&gt;&gt;</a>&nbsp;&nbsp;&nbsp;Delay_us
<LI><a href="#[91]">&gt;&gt;</a>&nbsp;&nbsp;&nbsp;OS_CPU_SR_Save
<LI><a href="#[93]">&gt;&gt;</a>&nbsp;&nbsp;&nbsp;OS_CPU_SR_Restore
<LI><a href="#[81]">&gt;&gt;</a>&nbsp;&nbsp;&nbsp;initSystem
<LI><a href="#[59]">&gt;&gt;</a>&nbsp;&nbsp;&nbsp;OSTaskCreate
</UL>
<BR>[Address Reference Count : 1]<UL><LI> main.o(.text)
</UL>
<P><STRONG><a name="[ae]"></a>GetFocusVal1</STRONG> (Thumb, 16 bytes, Stack size 0 bytes, display.o(.text))
<BR><BR>[Called By]<UL><LI><a href="#[ac]">&gt;&gt;</a>&nbsp;&nbsp;&nbsp;Display
</UL>

<P><STRONG><a name="[af]"></a>GetFocusVal</STRONG> (Thumb, 32 bytes, Stack size 0 bytes, display.o(.text))
<BR><BR>[Called By]<UL><LI><a href="#[ac]">&gt;&gt;</a>&nbsp;&nbsp;&nbsp;Display
</UL>

<P><STRONG><a name="[bf]"></a>MenuInit</STRONG> (Thumb, 98 bytes, Stack size 0 bytes, display.o(.text))
<BR><BR>[Called By]<UL><LI><a href="#[c0]">&gt;&gt;</a>&nbsp;&nbsp;&nbsp;Remotescaning
<LI><a href="#[bd]">&gt;&gt;</a>&nbsp;&nbsp;&nbsp;Remote_KeyProcess
</UL>

<P><STRONG><a name="[bc]"></a>getmodulus3</STRONG> (Thumb, 30 bytes, Stack size 0 bytes, display.o(.text))
<BR><BR>[Called By]<UL><LI><a href="#[b8]">&gt;&gt;</a>&nbsp;&nbsp;&nbsp;UpOrDownFun
</UL>

<P><STRONG><a name="[b9]"></a>getmodulus2</STRONG> (Thumb, 28 bytes, Stack size 0 bytes, display.o(.text))
<BR><BR>[Called By]<UL><LI><a href="#[b8]">&gt;&gt;</a>&nbsp;&nbsp;&nbsp;UpOrDownFun
</UL>

<P><STRONG><a name="[ba]"></a>getmodulus</STRONG> (Thumb, 30 bytes, Stack size 0 bytes, display.o(.text))
<BR><BR>[Called By]<UL><LI><a href="#[b8]">&gt;&gt;</a>&nbsp;&nbsp;&nbsp;UpOrDownFun
</UL>

<P><STRONG><a name="[bd]"></a>Remote_KeyProcess</STRONG> (Thumb, 1882 bytes, Stack size 16 bytes, display.o(.text))
<BR><BR>[Stack]<UL><LI>Max Depth = 304 + Unknown Stack Size
<LI>Call Chain = Remote_KeyProcess &rArr; SelFun &rArr; F_Difference &rArr; pow &rArr; __kernel_poly &rArr; __aeabi_dmul &rArr; _double_epilogue &rArr; _double_round
</UL>
<BR>[Calls]<UL><LI><a href="#[bf]">&gt;&gt;</a>&nbsp;&nbsp;&nbsp;MenuInit
<LI><a href="#[b8]">&gt;&gt;</a>&nbsp;&nbsp;&nbsp;UpOrDownFun
<LI><a href="#[be]">&gt;&gt;</a>&nbsp;&nbsp;&nbsp;LeftOrRightFun
<LI><a href="#[b4]">&gt;&gt;</a>&nbsp;&nbsp;&nbsp;SelFun
<LI><a href="#[b2]">&gt;&gt;</a>&nbsp;&nbsp;&nbsp;DelFun
<LI><a href="#[b1]">&gt;&gt;</a>&nbsp;&nbsp;&nbsp;InitShowArr
</UL>
<BR>[Called By]<UL><LI><a href="#[c0]">&gt;&gt;</a>&nbsp;&nbsp;&nbsp;Remotescaning
</UL>

<P><STRONG><a name="[c0]"></a>Remotescaning</STRONG> (Thumb, 200 bytes, Stack size 8 bytes, display.o(.text))
<BR><BR>[Stack]<UL><LI>Max Depth = 312 + Unknown Stack Size
<LI>Call Chain = Remotescaning &rArr; Remote_KeyProcess &rArr; SelFun &rArr; F_Difference &rArr; pow &rArr; __kernel_poly &rArr; __aeabi_dmul &rArr; _double_epilogue &rArr; _double_round
</UL>
<BR>[Calls]<UL><LI><a href="#[c1]">&gt;&gt;</a>&nbsp;&nbsp;&nbsp;GPIO_WriteBit
<LI><a href="#[bd]">&gt;&gt;</a>&nbsp;&nbsp;&nbsp;Remote_KeyProcess
<LI><a href="#[bf]">&gt;&gt;</a>&nbsp;&nbsp;&nbsp;MenuInit
<LI><a href="#[a7]">&gt;&gt;</a>&nbsp;&nbsp;&nbsp;TM1637_Init
<LI><a href="#[97]">&gt;&gt;</a>&nbsp;&nbsp;&nbsp;Delay_ms
</UL>
<BR>[Called By]<UL><LI><a href="#[4e]">&gt;&gt;</a>&nbsp;&nbsp;&nbsp;Task_Display
</UL>

<P><STRONG><a name="[4e]"></a>Task_Display</STRONG> (Thumb, 62 bytes, Stack size 0 bytes, display.o(.text))
<BR><BR>[Stack]<UL><LI>Max Depth = 312 + Unknown Stack Size
<LI>Call Chain = Task_Display &rArr; Remotescaning &rArr; Remote_KeyProcess &rArr; SelFun &rArr; F_Difference &rArr; pow &rArr; __kernel_poly &rArr; __aeabi_dmul &rArr; _double_epilogue &rArr; _double_round
</UL>
<BR>[Calls]<UL><LI><a href="#[c0]">&gt;&gt;</a>&nbsp;&nbsp;&nbsp;Remotescaning
<LI><a href="#[ac]">&gt;&gt;</a>&nbsp;&nbsp;&nbsp;Display
<LI><a href="#[a3]">&gt;&gt;</a>&nbsp;&nbsp;&nbsp;OSTimeDlyHMSM
</UL>
<BR>[Address Reference Count : 1]<UL><LI> createtask.o(.text)
</UL>
<P><STRONG><a name="[c2]"></a>LxInitShowArr</STRONG> (Thumb, 282 bytes, Stack size 8 bytes, display.o(.text), UNUSED)
<BR><BR>[Calls]<UL><LI><a href="#[88]">&gt;&gt;</a>&nbsp;&nbsp;&nbsp;FindMaxCloseLX
</UL>

<P><STRONG><a name="[95]"></a>setLuxAutoSettingDisplay</STRONG> (Thumb, 58 bytes, Stack size 8 bytes, display.o(.text))
<BR><BR>[Stack]<UL><LI>Max Depth = 16<LI>Call Chain = setLuxAutoSettingDisplay &rArr; InitShowArr
</UL>
<BR>[Calls]<UL><LI><a href="#[b1]">&gt;&gt;</a>&nbsp;&nbsp;&nbsp;InitShowArr
</UL>
<BR>[Called By]<UL><LI><a href="#[8f]">&gt;&gt;</a>&nbsp;&nbsp;&nbsp;SetControlPara
</UL>

<P><STRONG><a name="[49]"></a>Task_WatchDog</STRONG> (Thumb, 20 bytes, Stack size 0 bytes, dogtask.o(.text))
<BR><BR>[Stack]<UL><LI>Max Depth = 48 + Unknown Stack Size
<LI>Call Chain = Task_WatchDog &rArr; OSTimeDlyHMSM &rArr; OSTimeDly &rArr; OS_Sched
</UL>
<BR>[Calls]<UL><LI><a href="#[a8]">&gt;&gt;</a>&nbsp;&nbsp;&nbsp;IWDG_ReloadCounter
<LI><a href="#[a3]">&gt;&gt;</a>&nbsp;&nbsp;&nbsp;OSTimeDlyHMSM
</UL>
<BR>[Address Reference Count : 1]<UL><LI> createtask.o(.text)
</UL>
<P><STRONG><a name="[c3]"></a>ExecuteSlaverOpen</STRONG> (Thumb, 184 bytes, Stack size 8 bytes, openclose.o(.text))
<BR><BR>[Stack]<UL><LI>Max Depth = 8<LI>Call Chain = ExecuteSlaverOpen
</UL>
<BR>[Calls]<UL><LI><a href="#[c4]">&gt;&gt;</a>&nbsp;&nbsp;&nbsp;NodeP203_ON_OFF
</UL>
<BR>[Called By]<UL><LI><a href="#[f4]">&gt;&gt;</a>&nbsp;&nbsp;&nbsp;LuxAutoSetting
<LI><a href="#[d6]">&gt;&gt;</a>&nbsp;&nbsp;&nbsp;TheoryExecute
<LI><a href="#[d3]">&gt;&gt;</a>&nbsp;&nbsp;&nbsp;ExecuteSlaverTheroy
<LI><a href="#[48]">&gt;&gt;</a>&nbsp;&nbsp;&nbsp;tmr2_callback
</UL>

<P><STRONG><a name="[c5]"></a>ExecuteSlaverClose</STRONG> (Thumb, 228 bytes, Stack size 16 bytes, openclose.o(.text))
<BR><BR>[Stack]<UL><LI>Max Depth = 16<LI>Call Chain = ExecuteSlaverClose
</UL>
<BR>[Calls]<UL><LI><a href="#[c4]">&gt;&gt;</a>&nbsp;&nbsp;&nbsp;NodeP203_ON_OFF
</UL>
<BR>[Called By]<UL><LI><a href="#[f4]">&gt;&gt;</a>&nbsp;&nbsp;&nbsp;LuxAutoSetting
<LI><a href="#[d6]">&gt;&gt;</a>&nbsp;&nbsp;&nbsp;TheoryExecute
<LI><a href="#[d3]">&gt;&gt;</a>&nbsp;&nbsp;&nbsp;ExecuteSlaverTheroy
<LI><a href="#[48]">&gt;&gt;</a>&nbsp;&nbsp;&nbsp;tmr2_callback
</UL>

<P><STRONG><a name="[d7]"></a>ALLNodeP203_ON_OFF</STRONG> (Thumb, 36 bytes, Stack size 0 bytes, openclose.o(.text))
<BR><BR>[Called By]<UL><LI><a href="#[d6]">&gt;&gt;</a>&nbsp;&nbsp;&nbsp;TheoryExecute
</UL>

<P><STRONG><a name="[c6]"></a>FindSlaverAreaLuxClose</STRONG> (Thumb, 188 bytes, Stack size 24 bytes, execute.o(.text))
<BR><BR>[Stack]<UL><LI>Max Depth = 24<LI>Call Chain = FindSlaverAreaLuxClose
</UL>
<BR>[Calls]<UL><LI><a href="#[88]">&gt;&gt;</a>&nbsp;&nbsp;&nbsp;FindMaxCloseLX
</UL>
<BR>[Called By]<UL><LI><a href="#[c7]">&gt;&gt;</a>&nbsp;&nbsp;&nbsp;InLuxTheory
</UL>

<P><STRONG><a name="[c8]"></a>FindSlaverAreaLux</STRONG> (Thumb, 184 bytes, Stack size 20 bytes, execute.o(.text))
<BR><BR>[Stack]<UL><LI>Max Depth = 20<LI>Call Chain = FindSlaverAreaLux
</UL>
<BR>[Called By]<UL><LI><a href="#[c7]">&gt;&gt;</a>&nbsp;&nbsp;&nbsp;InLuxTheory
</UL>

<P><STRONG><a name="[d6]"></a>TheoryExecute</STRONG> (Thumb, 658 bytes, Stack size 16 bytes, execute.o(.text))
<BR><BR>[Stack]<UL><LI>Max Depth = 176<LI>Call Chain = TheoryExecute &rArr; ExecuteSlaverTheroy &rArr; InTimeTheory &rArr; SummerTime &rArr; JudgeTimeMinute
</UL>
<BR>[Calls]<UL><LI><a href="#[d3]">&gt;&gt;</a>&nbsp;&nbsp;&nbsp;ExecuteSlaverTheroy
<LI><a href="#[ce]">&gt;&gt;</a>&nbsp;&nbsp;&nbsp;todayInDate
<LI><a href="#[d7]">&gt;&gt;</a>&nbsp;&nbsp;&nbsp;ALLNodeP203_ON_OFF
<LI><a href="#[c5]">&gt;&gt;</a>&nbsp;&nbsp;&nbsp;ExecuteSlaverClose
<LI><a href="#[c3]">&gt;&gt;</a>&nbsp;&nbsp;&nbsp;ExecuteSlaverOpen
</UL>
<BR>[Called By]<UL><LI><a href="#[4d]">&gt;&gt;</a>&nbsp;&nbsp;&nbsp;Task_Execute
</UL>

<P><STRONG><a name="[4d]"></a>Task_Execute</STRONG> (Thumb, 70 bytes, Stack size 8 bytes, execute.o(.text))
<BR><BR>[Stack]<UL><LI>Max Depth = 184 + Unknown Stack Size
<LI>Call Chain = Task_Execute &rArr; TheoryExecute &rArr; ExecuteSlaverTheroy &rArr; InTimeTheory &rArr; SummerTime &rArr; JudgeTimeMinute
</UL>
<BR>[Calls]<UL><LI><a href="#[d6]">&gt;&gt;</a>&nbsp;&nbsp;&nbsp;TheoryExecute
<LI><a href="#[a3]">&gt;&gt;</a>&nbsp;&nbsp;&nbsp;OSTimeDlyHMSM
<LI><a href="#[9d]">&gt;&gt;</a>&nbsp;&nbsp;&nbsp;OSMutexPost
<LI><a href="#[9c]">&gt;&gt;</a>&nbsp;&nbsp;&nbsp;OSMutexPend
</UL>
<BR>[Address Reference Count : 1]<UL><LI> createtask.o(.text)
</UL>
<P><STRONG><a name="[20f]"></a>inCleanEndTime</STRONG> (Thumb, 392 bytes, Stack size 8 bytes, execute.o(.text), UNUSED)

<P><STRONG><a name="[da]"></a>inCleanTime</STRONG> (Thumb, 584 bytes, Stack size 24 bytes, execute.o(.text), UNUSED)
<BR><BR>[Calls]<UL><LI><a href="#[ca]">&gt;&gt;</a>&nbsp;&nbsp;&nbsp;JudgeTimeMinute
</UL>

<P><STRONG><a name="[db]"></a>EraseFlash</STRONG> (Thumb, 64 bytes, Stack size 24 bytes, flash.o(.text))
<BR><BR>[Stack]<UL><LI>Max Depth = 64<LI>Call Chain = EraseFlash &rArr; FLASH_ErasePage &rArr; FLASH_WaitForLastOperation &rArr; delay
</UL>
<BR>[Calls]<UL><LI><a href="#[dc]">&gt;&gt;</a>&nbsp;&nbsp;&nbsp;FLASH_Unlock
<LI><a href="#[df]">&gt;&gt;</a>&nbsp;&nbsp;&nbsp;FLASH_Lock
<LI><a href="#[de]">&gt;&gt;</a>&nbsp;&nbsp;&nbsp;FLASH_ErasePage
<LI><a href="#[dd]">&gt;&gt;</a>&nbsp;&nbsp;&nbsp;FLASH_ClearFlag
</UL>
<BR>[Called By]<UL><LI><a href="#[b6]">&gt;&gt;</a>&nbsp;&nbsp;&nbsp;ResetDefaultSetting
<LI><a href="#[77]">&gt;&gt;</a>&nbsp;&nbsp;&nbsp;WriteTheoryInfo
<LI><a href="#[6a]">&gt;&gt;</a>&nbsp;&nbsp;&nbsp;WriteSystemInfo
<LI><a href="#[70]">&gt;&gt;</a>&nbsp;&nbsp;&nbsp;WriteSlaverInfo
<LI><a href="#[6f]">&gt;&gt;</a>&nbsp;&nbsp;&nbsp;WriteSensorInfo
<LI><a href="#[6e]">&gt;&gt;</a>&nbsp;&nbsp;&nbsp;WriteControllerInfo
</UL>

<P><STRONG><a name="[e0]"></a>WriteFlash</STRONG> (Thumb, 74 bytes, Stack size 32 bytes, flash.o(.text))
<BR><BR>[Stack]<UL><LI>Max Depth = 72<LI>Call Chain = WriteFlash &rArr; FLASH_ProgramWord &rArr; FLASH_WaitForLastOperation &rArr; delay
</UL>
<BR>[Calls]<UL><LI><a href="#[dc]">&gt;&gt;</a>&nbsp;&nbsp;&nbsp;FLASH_Unlock
<LI><a href="#[e1]">&gt;&gt;</a>&nbsp;&nbsp;&nbsp;FLASH_ProgramWord
<LI><a href="#[df]">&gt;&gt;</a>&nbsp;&nbsp;&nbsp;FLASH_Lock
<LI><a href="#[dd]">&gt;&gt;</a>&nbsp;&nbsp;&nbsp;FLASH_ClearFlag
</UL>
<BR>[Called By]<UL><LI><a href="#[77]">&gt;&gt;</a>&nbsp;&nbsp;&nbsp;WriteTheoryInfo
<LI><a href="#[6a]">&gt;&gt;</a>&nbsp;&nbsp;&nbsp;WriteSystemInfo
<LI><a href="#[70]">&gt;&gt;</a>&nbsp;&nbsp;&nbsp;WriteSlaverInfo
<LI><a href="#[6f]">&gt;&gt;</a>&nbsp;&nbsp;&nbsp;WriteSensorInfo
<LI><a href="#[6e]">&gt;&gt;</a>&nbsp;&nbsp;&nbsp;WriteControllerInfo
</UL>

<P><STRONG><a name="[ef]"></a>ReadFlash</STRONG> (Thumb, 24 bytes, Stack size 12 bytes, flash.o(.text))
<BR><BR>[Stack]<UL><LI>Max Depth = 12<LI>Call Chain = ReadFlash
</UL>
<BR>[Called By]<UL><LI><a href="#[76]">&gt;&gt;</a>&nbsp;&nbsp;&nbsp;ReadTheoryInfo
<LI><a href="#[69]">&gt;&gt;</a>&nbsp;&nbsp;&nbsp;ReadSystemInfo
<LI><a href="#[74]">&gt;&gt;</a>&nbsp;&nbsp;&nbsp;ReadSlaverInfo
<LI><a href="#[73]">&gt;&gt;</a>&nbsp;&nbsp;&nbsp;ReadSensorInfo
<LI><a href="#[6d]">&gt;&gt;</a>&nbsp;&nbsp;&nbsp;ReadControllerInfo
</UL>

<P><STRONG><a name="[9f]"></a>InitializeListHead</STRONG> (Thumb, 6 bytes, Stack size 0 bytes, list.o(.text))
<BR><BR>[Called By]<UL><LI><a href="#[4c]">&gt;&gt;</a>&nbsp;&nbsp;&nbsp;Task_CanCommunication
</UL>

<P><STRONG><a name="[a0]"></a>IsListEmpty</STRONG> (Thumb, 16 bytes, Stack size 0 bytes, list.o(.text))
<BR><BR>[Called By]<UL><LI><a href="#[4c]">&gt;&gt;</a>&nbsp;&nbsp;&nbsp;Task_CanCommunication
</UL>

<P><STRONG><a name="[210]"></a>RemoveEntryList</STRONG> (Thumb, 22 bytes, Stack size 0 bytes, list.o(.text), UNUSED)

<P><STRONG><a name="[a1]"></a>RemoveHeadList</STRONG> (Thumb, 12 bytes, Stack size 0 bytes, list.o(.text))
<BR><BR>[Called By]<UL><LI><a href="#[4c]">&gt;&gt;</a>&nbsp;&nbsp;&nbsp;Task_CanCommunication
</UL>

<P><STRONG><a name="[211]"></a>RemoveTailList</STRONG> (Thumb, 12 bytes, Stack size 0 bytes, list.o(.text), UNUSED)

<P><STRONG><a name="[a6]"></a>InsertTailList</STRONG> (Thumb, 12 bytes, Stack size 0 bytes, list.o(.text))
<BR><BR>[Called By]<UL><LI><a href="#[5c]">&gt;&gt;</a>&nbsp;&nbsp;&nbsp;ReceiveCan
</UL>

<P><STRONG><a name="[212]"></a>InsertHeadList</STRONG> (Thumb, 12 bytes, Stack size 0 bytes, list.o(.text), UNUSED)

<P><STRONG><a name="[47]"></a>tmr1_callback</STRONG> (Thumb, 248 bytes, Stack size 16 bytes, timer.o(.text))
<BR><BR>[Stack]<UL><LI>Max Depth = 16<LI>Call Chain = tmr1_callback
</UL>
<BR>[Calls]<UL><LI><a href="#[c1]">&gt;&gt;</a>&nbsp;&nbsp;&nbsp;GPIO_WriteBit
</UL>
<BR>[Address Reference Count : 1]<UL><LI> systeminit.o(.text)
</UL>
<P><STRONG><a name="[48]"></a>tmr2_callback</STRONG> (Thumb, 680 bytes, Stack size 32 bytes, timer.o(.text))
<BR><BR>[Stack]<UL><LI>Max Depth = 336 + Unknown Stack Size
<LI>Call Chain = tmr2_callback &rArr; BL5372_Read &rArr; Init_BL5372 &rArr; F_Difference &rArr; pow &rArr; __kernel_poly &rArr; __aeabi_dmul &rArr; _double_epilogue &rArr; _double_round
</UL>
<BR>[Calls]<UL><LI><a href="#[e2]">&gt;&gt;</a>&nbsp;&nbsp;&nbsp;SetLuxClose
<LI><a href="#[e3]">&gt;&gt;</a>&nbsp;&nbsp;&nbsp;RestoreDefaultLuxClose
<LI><a href="#[e4]">&gt;&gt;</a>&nbsp;&nbsp;&nbsp;updateInduction
<LI><a href="#[e5]">&gt;&gt;</a>&nbsp;&nbsp;&nbsp;updateLux
<LI><a href="#[c5]">&gt;&gt;</a>&nbsp;&nbsp;&nbsp;ExecuteSlaverClose
<LI><a href="#[c3]">&gt;&gt;</a>&nbsp;&nbsp;&nbsp;ExecuteSlaverOpen
<LI><a href="#[9d]">&gt;&gt;</a>&nbsp;&nbsp;&nbsp;OSMutexPost
<LI><a href="#[9c]">&gt;&gt;</a>&nbsp;&nbsp;&nbsp;OSMutexPend
<LI><a href="#[91]">&gt;&gt;</a>&nbsp;&nbsp;&nbsp;OS_CPU_SR_Save
<LI><a href="#[93]">&gt;&gt;</a>&nbsp;&nbsp;&nbsp;OS_CPU_SR_Restore
<LI><a href="#[94]">&gt;&gt;</a>&nbsp;&nbsp;&nbsp;BL5372_Read
<LI><a href="#[84]">&gt;&gt;</a>&nbsp;&nbsp;&nbsp;GPIO_ReadInputDataBit
</UL>
<BR>[Address Reference Count : 1]<UL><LI> systeminit.o(.text)
</UL>
<P><STRONG><a name="[4f]"></a>Task_Wireless</STRONG> (Thumb, 152 bytes, Stack size 0 bytes, wireless.o(.text))
<BR><BR>[Stack]<UL><LI>Max Depth = 164 + Unknown Stack Size
<LI>Call Chain = Task_Wireless &rArr; WirelessEnergy &rArr; CreatCmd &rArr; Send_Packet &rArr; SPI_Write_Buf &rArr; SPI_RW
</UL>
<BR>[Calls]<UL><LI><a href="#[eb]">&gt;&gt;</a>&nbsp;&nbsp;&nbsp;WirelessSL8412
<LI><a href="#[e6]">&gt;&gt;</a>&nbsp;&nbsp;&nbsp;WirelessEnergy
<LI><a href="#[a3]">&gt;&gt;</a>&nbsp;&nbsp;&nbsp;OSTimeDlyHMSM
</UL>
<BR>[Address Reference Count : 1]<UL><LI> createtask.o(.text)
</UL>
<P><STRONG><a name="[64]"></a>ReceiveWireless</STRONG> (Thumb, 130 bytes, Stack size 16 bytes, wireless.o(.text))
<BR><BR>[Stack]<UL><LI>Max Depth = 76 + Unknown Stack Size
<LI>Call Chain = ReceiveWireless &rArr; OSSemPost &rArr; OS_EventTaskRdy &rArr; OS_EventTaskRemove
</UL>
<BR>[Calls]<UL><LI><a href="#[ee]">&gt;&gt;</a>&nbsp;&nbsp;&nbsp;SPI_Write_Reg
<LI><a href="#[ec]">&gt;&gt;</a>&nbsp;&nbsp;&nbsp;SPI_Read_Reg
<LI><a href="#[ed]">&gt;&gt;</a>&nbsp;&nbsp;&nbsp;Receive_Packet
<LI><a href="#[91]">&gt;&gt;</a>&nbsp;&nbsp;&nbsp;OS_CPU_SR_Save
<LI><a href="#[93]">&gt;&gt;</a>&nbsp;&nbsp;&nbsp;OS_CPU_SR_Restore
<LI><a href="#[60]">&gt;&gt;</a>&nbsp;&nbsp;&nbsp;OSSemPost
</UL>
<BR>[Called By]<UL><LI><a href="#[11]">&gt;&gt;</a>&nbsp;&nbsp;&nbsp;EXTI4_IRQHandler
</UL>

<P><STRONG><a name="[69]"></a>ReadSystemInfo</STRONG> (Thumb, 30 bytes, Stack size 16 bytes, storagemanager.o(.text))
<BR><BR>[Stack]<UL><LI>Max Depth = 28<LI>Call Chain = ReadSystemInfo &rArr; ReadFlash
</UL>
<BR>[Calls]<UL><LI><a href="#[ef]">&gt;&gt;</a>&nbsp;&nbsp;&nbsp;ReadFlash
</UL>
<BR>[Called By]<UL><LI><a href="#[68]">&gt;&gt;</a>&nbsp;&nbsp;&nbsp;initSystemObject
</UL>

<P><STRONG><a name="[6a]"></a>WriteSystemInfo</STRONG> (Thumb, 42 bytes, Stack size 16 bytes, storagemanager.o(.text))
<BR><BR>[Stack]<UL><LI>Max Depth = 88<LI>Call Chain = WriteSystemInfo &rArr; WriteFlash &rArr; FLASH_ProgramWord &rArr; FLASH_WaitForLastOperation &rArr; delay
</UL>
<BR>[Calls]<UL><LI><a href="#[e0]">&gt;&gt;</a>&nbsp;&nbsp;&nbsp;WriteFlash
<LI><a href="#[db]">&gt;&gt;</a>&nbsp;&nbsp;&nbsp;EraseFlash
</UL>
<BR>[Called By]<UL><LI><a href="#[b4]">&gt;&gt;</a>&nbsp;&nbsp;&nbsp;SelFun
<LI><a href="#[8f]">&gt;&gt;</a>&nbsp;&nbsp;&nbsp;SetControlPara
<LI><a href="#[8e]">&gt;&gt;</a>&nbsp;&nbsp;&nbsp;SetOutStatus
<LI><a href="#[68]">&gt;&gt;</a>&nbsp;&nbsp;&nbsp;initSystemObject
</UL>

<P><STRONG><a name="[6d]"></a>ReadControllerInfo</STRONG> (Thumb, 30 bytes, Stack size 16 bytes, storagemanager.o(.text))
<BR><BR>[Stack]<UL><LI>Max Depth = 28<LI>Call Chain = ReadControllerInfo &rArr; ReadFlash
</UL>
<BR>[Calls]<UL><LI><a href="#[ef]">&gt;&gt;</a>&nbsp;&nbsp;&nbsp;ReadFlash
</UL>
<BR>[Called By]<UL><LI><a href="#[6c]">&gt;&gt;</a>&nbsp;&nbsp;&nbsp;initControllerObject
</UL>

<P><STRONG><a name="[6e]"></a>WriteControllerInfo</STRONG> (Thumb, 42 bytes, Stack size 16 bytes, storagemanager.o(.text))
<BR><BR>[Stack]<UL><LI>Max Depth = 88<LI>Call Chain = WriteControllerInfo &rArr; WriteFlash &rArr; FLASH_ProgramWord &rArr; FLASH_WaitForLastOperation &rArr; delay
</UL>
<BR>[Calls]<UL><LI><a href="#[e0]">&gt;&gt;</a>&nbsp;&nbsp;&nbsp;WriteFlash
<LI><a href="#[db]">&gt;&gt;</a>&nbsp;&nbsp;&nbsp;EraseFlash
</UL>
<BR>[Called By]<UL><LI><a href="#[b4]">&gt;&gt;</a>&nbsp;&nbsp;&nbsp;SelFun
<LI><a href="#[8f]">&gt;&gt;</a>&nbsp;&nbsp;&nbsp;SetControlPara
<LI><a href="#[6c]">&gt;&gt;</a>&nbsp;&nbsp;&nbsp;initControllerObject
</UL>

<P><STRONG><a name="[74]"></a>ReadSlaverInfo</STRONG> (Thumb, 56 bytes, Stack size 24 bytes, storagemanager.o(.text))
<BR><BR>[Stack]<UL><LI>Max Depth = 36<LI>Call Chain = ReadSlaverInfo &rArr; ReadFlash
</UL>
<BR>[Calls]<UL><LI><a href="#[ef]">&gt;&gt;</a>&nbsp;&nbsp;&nbsp;ReadFlash
</UL>
<BR>[Called By]<UL><LI><a href="#[72]">&gt;&gt;</a>&nbsp;&nbsp;&nbsp;initSensorSlaverObject
</UL>

<P><STRONG><a name="[70]"></a>WriteSlaverInfo</STRONG> (Thumb, 70 bytes, Stack size 24 bytes, storagemanager.o(.text))
<BR><BR>[Stack]<UL><LI>Max Depth = 96<LI>Call Chain = WriteSlaverInfo &rArr; WriteFlash &rArr; FLASH_ProgramWord &rArr; FLASH_WaitForLastOperation &rArr; delay
</UL>
<BR>[Calls]<UL><LI><a href="#[e0]">&gt;&gt;</a>&nbsp;&nbsp;&nbsp;WriteFlash
<LI><a href="#[db]">&gt;&gt;</a>&nbsp;&nbsp;&nbsp;EraseFlash
</UL>
<BR>[Called By]<UL><LI><a href="#[b4]">&gt;&gt;</a>&nbsp;&nbsp;&nbsp;SelFun
<LI><a href="#[b2]">&gt;&gt;</a>&nbsp;&nbsp;&nbsp;DelFun
<LI><a href="#[8f]">&gt;&gt;</a>&nbsp;&nbsp;&nbsp;SetControlPara
<LI><a href="#[6c]">&gt;&gt;</a>&nbsp;&nbsp;&nbsp;initControllerObject
</UL>

<P><STRONG><a name="[73]"></a>ReadSensorInfo</STRONG> (Thumb, 58 bytes, Stack size 24 bytes, storagemanager.o(.text))
<BR><BR>[Stack]<UL><LI>Max Depth = 36<LI>Call Chain = ReadSensorInfo &rArr; ReadFlash
</UL>
<BR>[Calls]<UL><LI><a href="#[ef]">&gt;&gt;</a>&nbsp;&nbsp;&nbsp;ReadFlash
</UL>
<BR>[Called By]<UL><LI><a href="#[72]">&gt;&gt;</a>&nbsp;&nbsp;&nbsp;initSensorSlaverObject
</UL>

<P><STRONG><a name="[6f]"></a>WriteSensorInfo</STRONG> (Thumb, 72 bytes, Stack size 24 bytes, storagemanager.o(.text))
<BR><BR>[Stack]<UL><LI>Max Depth = 96<LI>Call Chain = WriteSensorInfo &rArr; WriteFlash &rArr; FLASH_ProgramWord &rArr; FLASH_WaitForLastOperation &rArr; delay
</UL>
<BR>[Calls]<UL><LI><a href="#[e0]">&gt;&gt;</a>&nbsp;&nbsp;&nbsp;WriteFlash
<LI><a href="#[db]">&gt;&gt;</a>&nbsp;&nbsp;&nbsp;EraseFlash
</UL>
<BR>[Called By]<UL><LI><a href="#[f4]">&gt;&gt;</a>&nbsp;&nbsp;&nbsp;LuxAutoSetting
<LI><a href="#[6c]">&gt;&gt;</a>&nbsp;&nbsp;&nbsp;initControllerObject
</UL>

<P><STRONG><a name="[76]"></a>ReadTheoryInfo</STRONG> (Thumb, 34 bytes, Stack size 16 bytes, storagemanager.o(.text))
<BR><BR>[Stack]<UL><LI>Max Depth = 28<LI>Call Chain = ReadTheoryInfo &rArr; ReadFlash
</UL>
<BR>[Calls]<UL><LI><a href="#[ef]">&gt;&gt;</a>&nbsp;&nbsp;&nbsp;ReadFlash
</UL>
<BR>[Called By]<UL><LI><a href="#[75]">&gt;&gt;</a>&nbsp;&nbsp;&nbsp;initTheoryObject
</UL>

<P><STRONG><a name="[77]"></a>WriteTheoryInfo</STRONG> (Thumb, 46 bytes, Stack size 16 bytes, storagemanager.o(.text))
<BR><BR>[Stack]<UL><LI>Max Depth = 88<LI>Call Chain = WriteTheoryInfo &rArr; WriteFlash &rArr; FLASH_ProgramWord &rArr; FLASH_WaitForLastOperation &rArr; delay
</UL>
<BR>[Calls]<UL><LI><a href="#[e0]">&gt;&gt;</a>&nbsp;&nbsp;&nbsp;WriteFlash
<LI><a href="#[db]">&gt;&gt;</a>&nbsp;&nbsp;&nbsp;EraseFlash
</UL>
<BR>[Called By]<UL><LI><a href="#[f4]">&gt;&gt;</a>&nbsp;&nbsp;&nbsp;LuxAutoSetting
<LI><a href="#[b8]">&gt;&gt;</a>&nbsp;&nbsp;&nbsp;UpOrDownFun
<LI><a href="#[b4]">&gt;&gt;</a>&nbsp;&nbsp;&nbsp;SelFun
<LI><a href="#[8f]">&gt;&gt;</a>&nbsp;&nbsp;&nbsp;SetControlPara
<LI><a href="#[75]">&gt;&gt;</a>&nbsp;&nbsp;&nbsp;initTheoryObject
</UL>

<P><STRONG><a name="[b6]"></a>ResetDefaultSetting</STRONG> (Thumb, 44 bytes, Stack size 8 bytes, storagemanager.o(.text))
<BR><BR>[Stack]<UL><LI>Max Depth = 72<LI>Call Chain = ResetDefaultSetting &rArr; EraseFlash &rArr; FLASH_ErasePage &rArr; FLASH_WaitForLastOperation &rArr; delay
</UL>
<BR>[Calls]<UL><LI><a href="#[db]">&gt;&gt;</a>&nbsp;&nbsp;&nbsp;EraseFlash
</UL>
<BR>[Called By]<UL><LI><a href="#[b4]">&gt;&gt;</a>&nbsp;&nbsp;&nbsp;SelFun
</UL>

<P><STRONG><a name="[4b]"></a>Task_Sensor</STRONG> (Thumb, 102 bytes, Stack size 0 bytes, sensorcollection.o(.text))
<BR><BR>[Stack]<UL><LI>Max Depth = 84 + Unknown Stack Size
<LI>Call Chain = Task_Sensor &rArr; QueryInteractionLux &rArr; OSMutexPost &rArr; OS_EventTaskRdy &rArr; OS_EventTaskRemove
</UL>
<BR>[Calls]<UL><LI><a href="#[f0]">&gt;&gt;</a>&nbsp;&nbsp;&nbsp;QueryInteractionLux
<LI><a href="#[a3]">&gt;&gt;</a>&nbsp;&nbsp;&nbsp;OSTimeDlyHMSM
</UL>
<BR>[Address Reference Count : 1]<UL><LI> createtask.o(.text)
</UL>
<P><STRONG><a name="[5e]"></a>ReceiveSensor</STRONG> (Thumb, 108 bytes, Stack size 8 bytes, sensorcollection.o(.text))
<BR><BR>[Stack]<UL><LI>Max Depth = 68 + Unknown Stack Size
<LI>Call Chain = ReceiveSensor &rArr; OSSemPost &rArr; OS_EventTaskRdy &rArr; OS_EventTaskRemove
</UL>
<BR>[Calls]<UL><LI><a href="#[f3]">&gt;&gt;</a>&nbsp;&nbsp;&nbsp;USART_ReceiveData
<LI><a href="#[f1]">&gt;&gt;</a>&nbsp;&nbsp;&nbsp;USART_GetITStatus
<LI><a href="#[f2]">&gt;&gt;</a>&nbsp;&nbsp;&nbsp;USART_ClearITPendingBit
<LI><a href="#[60]">&gt;&gt;</a>&nbsp;&nbsp;&nbsp;OSSemPost
</UL>
<BR>[Called By]<UL><LI><a href="#[2c]">&gt;&gt;</a>&nbsp;&nbsp;&nbsp;USART1_IRQHandler
</UL>

<P><STRONG><a name="[e2]"></a>SetLuxClose</STRONG> (Thumb, 216 bytes, Stack size 12 bytes, lux.o(.text))
<BR><BR>[Stack]<UL><LI>Max Depth = 12<LI>Call Chain = SetLuxClose
</UL>
<BR>[Called By]<UL><LI><a href="#[48]">&gt;&gt;</a>&nbsp;&nbsp;&nbsp;tmr2_callback
</UL>

<P><STRONG><a name="[b0]"></a>FindMaxLX</STRONG> (Thumb, 106 bytes, Stack size 0 bytes, lux.o(.text))
<BR><BR>[Called By]<UL><LI><a href="#[f4]">&gt;&gt;</a>&nbsp;&nbsp;&nbsp;LuxAutoSetting
<LI><a href="#[ac]">&gt;&gt;</a>&nbsp;&nbsp;&nbsp;Display
</UL>

<P><STRONG><a name="[88]"></a>FindMaxCloseLX</STRONG> (Thumb, 108 bytes, Stack size 0 bytes, lux.o(.text))
<BR><BR>[Called By]<UL><LI><a href="#[c6]">&gt;&gt;</a>&nbsp;&nbsp;&nbsp;FindSlaverAreaLuxClose
<LI><a href="#[c2]">&gt;&gt;</a>&nbsp;&nbsp;&nbsp;LxInitShowArr
<LI><a href="#[b1]">&gt;&gt;</a>&nbsp;&nbsp;&nbsp;InitShowArr
<LI><a href="#[85]">&gt;&gt;</a>&nbsp;&nbsp;&nbsp;QueryControlPara
</UL>

<P><STRONG><a name="[87]"></a>FindMinOpenLX</STRONG> (Thumb, 14 bytes, Stack size 0 bytes, lux.o(.text))
<BR><BR>[Called By]<UL><LI><a href="#[85]">&gt;&gt;</a>&nbsp;&nbsp;&nbsp;QueryControlPara
</UL>

<P><STRONG><a name="[e3]"></a>RestoreDefaultLuxClose</STRONG> (Thumb, 204 bytes, Stack size 12 bytes, lux.o(.text))
<BR><BR>[Stack]<UL><LI>Max Depth = 12<LI>Call Chain = RestoreDefaultLuxClose
</UL>
<BR>[Called By]<UL><LI><a href="#[48]">&gt;&gt;</a>&nbsp;&nbsp;&nbsp;tmr2_callback
</UL>

<P><STRONG><a name="[50]"></a>Task_AutoSetting</STRONG> (Thumb, 68 bytes, Stack size 8 bytes, lux.o(.text))
<BR><BR>[Stack]<UL><LI>Max Depth = 120 + Unknown Stack Size
<LI>Call Chain = Task_AutoSetting &rArr; LuxAutoSetting &rArr; WriteSensorInfo &rArr; WriteFlash &rArr; FLASH_ProgramWord &rArr; FLASH_WaitForLastOperation &rArr; delay
</UL>
<BR>[Calls]<UL><LI><a href="#[f4]">&gt;&gt;</a>&nbsp;&nbsp;&nbsp;LuxAutoSetting
<LI><a href="#[a3]">&gt;&gt;</a>&nbsp;&nbsp;&nbsp;OSTimeDlyHMSM
<LI><a href="#[9d]">&gt;&gt;</a>&nbsp;&nbsp;&nbsp;OSMutexPost
<LI><a href="#[9c]">&gt;&gt;</a>&nbsp;&nbsp;&nbsp;OSMutexPend
</UL>
<BR>[Address Reference Count : 1]<UL><LI> createtask.o(.text)
</UL>
<P><STRONG><a name="[4a]"></a>Task_InductionColltet</STRONG> (Thumb, 76 bytes, Stack size 8 bytes, inductioncollection.o(.text))
<BR><BR>[Stack]<UL><LI>Max Depth = 200 + Unknown Stack Size
<LI>Call Chain = Task_InductionColltet &rArr; GetPirSignal &rArr; Signaljudge &rArr; __aeabi_dsub &rArr; __aeabi_dadd &rArr; _double_epilogue &rArr; _double_round
</UL>
<BR>[Calls]<UL><LI><a href="#[108]">&gt;&gt;</a>&nbsp;&nbsp;&nbsp;TIM_Cmd
<LI><a href="#[106]">&gt;&gt;</a>&nbsp;&nbsp;&nbsp;GetPirSignal
<LI><a href="#[e7]">&gt;&gt;</a>&nbsp;&nbsp;&nbsp;OSSemSet
<LI><a href="#[e9]">&gt;&gt;</a>&nbsp;&nbsp;&nbsp;OSSemPend
<LI><a href="#[a3]">&gt;&gt;</a>&nbsp;&nbsp;&nbsp;OSTimeDlyHMSM
<LI><a href="#[91]">&gt;&gt;</a>&nbsp;&nbsp;&nbsp;OS_CPU_SR_Save
<LI><a href="#[93]">&gt;&gt;</a>&nbsp;&nbsp;&nbsp;OS_CPU_SR_Restore
</UL>
<BR>[Address Reference Count : 1]<UL><LI> createtask.o(.text)
</UL>
<P><STRONG><a name="[109]"></a>USART_DeInit</STRONG> (Thumb, 146 bytes, Stack size 8 bytes, stm32f10x_usart.o(.text), UNUSED)
<BR><BR>[Calls]<UL><LI><a href="#[10a]">&gt;&gt;</a>&nbsp;&nbsp;&nbsp;RCC_APB2PeriphResetCmd
<LI><a href="#[10b]">&gt;&gt;</a>&nbsp;&nbsp;&nbsp;RCC_APB1PeriphResetCmd
</UL>

<P><STRONG><a name="[10c]"></a>USART_Init</STRONG> (Thumb, 150 bytes, Stack size 56 bytes, stm32f10x_usart.o(.text), UNUSED)
<BR><BR>[Calls]<UL><LI><a href="#[10d]">&gt;&gt;</a>&nbsp;&nbsp;&nbsp;RCC_GetClocksFreq
</UL>
<BR>[Called By]<UL><LI><a href="#[165]">&gt;&gt;</a>&nbsp;&nbsp;&nbsp;USART_Configuration
</UL>

<P><STRONG><a name="[213]"></a>USART_StructInit</STRONG> (Thumb, 24 bytes, Stack size 0 bytes, stm32f10x_usart.o(.text), UNUSED)

<P><STRONG><a name="[214]"></a>USART_ClockInit</STRONG> (Thumb, 34 bytes, Stack size 8 bytes, stm32f10x_usart.o(.text), UNUSED)

<P><STRONG><a name="[215]"></a>USART_ClockStructInit</STRONG> (Thumb, 12 bytes, Stack size 0 bytes, stm32f10x_usart.o(.text), UNUSED)

<P><STRONG><a name="[167]"></a>USART_Cmd</STRONG> (Thumb, 24 bytes, Stack size 0 bytes, stm32f10x_usart.o(.text), UNUSED)
<BR><BR>[Called By]<UL><LI><a href="#[165]">&gt;&gt;</a>&nbsp;&nbsp;&nbsp;USART_Configuration
</UL>

<P><STRONG><a name="[166]"></a>USART_ITConfig</STRONG> (Thumb, 64 bytes, Stack size 20 bytes, stm32f10x_usart.o(.text), UNUSED)
<BR><BR>[Called By]<UL><LI><a href="#[188]">&gt;&gt;</a>&nbsp;&nbsp;&nbsp;USART3_SandData
<LI><a href="#[185]">&gt;&gt;</a>&nbsp;&nbsp;&nbsp;USART1_SandData
<LI><a href="#[165]">&gt;&gt;</a>&nbsp;&nbsp;&nbsp;USART_Configuration
</UL>

<P><STRONG><a name="[216]"></a>USART_DMACmd</STRONG> (Thumb, 18 bytes, Stack size 0 bytes, stm32f10x_usart.o(.text), UNUSED)

<P><STRONG><a name="[217]"></a>USART_SetAddress</STRONG> (Thumb, 18 bytes, Stack size 0 bytes, stm32f10x_usart.o(.text), UNUSED)

<P><STRONG><a name="[218]"></a>USART_WakeUpConfig</STRONG> (Thumb, 18 bytes, Stack size 0 bytes, stm32f10x_usart.o(.text), UNUSED)

<P><STRONG><a name="[219]"></a>USART_ReceiverWakeUpCmd</STRONG> (Thumb, 24 bytes, Stack size 0 bytes, stm32f10x_usart.o(.text), UNUSED)

<P><STRONG><a name="[21a]"></a>USART_LINBreakDetectLengthConfig</STRONG> (Thumb, 18 bytes, Stack size 0 bytes, stm32f10x_usart.o(.text), UNUSED)

<P><STRONG><a name="[21b]"></a>USART_LINCmd</STRONG> (Thumb, 24 bytes, Stack size 0 bytes, stm32f10x_usart.o(.text), UNUSED)

<P><STRONG><a name="[186]"></a>USART_SendData</STRONG> (Thumb, 8 bytes, Stack size 0 bytes, stm32f10x_usart.o(.text), UNUSED)
<BR><BR>[Called By]<UL><LI><a href="#[188]">&gt;&gt;</a>&nbsp;&nbsp;&nbsp;USART3_SandData
<LI><a href="#[185]">&gt;&gt;</a>&nbsp;&nbsp;&nbsp;USART1_SandData
</UL>

<P><STRONG><a name="[f3]"></a>USART_ReceiveData</STRONG> (Thumb, 10 bytes, Stack size 0 bytes, stm32f10x_usart.o(.text))
<BR><BR>[Called By]<UL><LI><a href="#[5e]">&gt;&gt;</a>&nbsp;&nbsp;&nbsp;ReceiveSensor
</UL>

<P><STRONG><a name="[21c]"></a>USART_SendBreak</STRONG> (Thumb, 10 bytes, Stack size 0 bytes, stm32f10x_usart.o(.text), UNUSED)

<P><STRONG><a name="[21d]"></a>USART_SetGuardTime</STRONG> (Thumb, 16 bytes, Stack size 0 bytes, stm32f10x_usart.o(.text), UNUSED)

<P><STRONG><a name="[21e]"></a>USART_SetPrescaler</STRONG> (Thumb, 16 bytes, Stack size 0 bytes, stm32f10x_usart.o(.text), UNUSED)

<P><STRONG><a name="[21f]"></a>USART_SmartCardCmd</STRONG> (Thumb, 24 bytes, Stack size 0 bytes, stm32f10x_usart.o(.text), UNUSED)

<P><STRONG><a name="[220]"></a>USART_SmartCardNACKCmd</STRONG> (Thumb, 24 bytes, Stack size 0 bytes, stm32f10x_usart.o(.text), UNUSED)

<P><STRONG><a name="[221]"></a>USART_HalfDuplexCmd</STRONG> (Thumb, 24 bytes, Stack size 0 bytes, stm32f10x_usart.o(.text), UNUSED)

<P><STRONG><a name="[222]"></a>USART_IrDAConfig</STRONG> (Thumb, 18 bytes, Stack size 0 bytes, stm32f10x_usart.o(.text), UNUSED)

<P><STRONG><a name="[223]"></a>USART_IrDACmd</STRONG> (Thumb, 24 bytes, Stack size 0 bytes, stm32f10x_usart.o(.text), UNUSED)

<P><STRONG><a name="[187]"></a>USART_GetFlagStatus</STRONG> (Thumb, 18 bytes, Stack size 0 bytes, stm32f10x_usart.o(.text), UNUSED)
<BR><BR>[Called By]<UL><LI><a href="#[188]">&gt;&gt;</a>&nbsp;&nbsp;&nbsp;USART3_SandData
<LI><a href="#[185]">&gt;&gt;</a>&nbsp;&nbsp;&nbsp;USART1_SandData
</UL>

<P><STRONG><a name="[224]"></a>USART_ClearFlag</STRONG> (Thumb, 6 bytes, Stack size 0 bytes, stm32f10x_usart.o(.text), UNUSED)

<P><STRONG><a name="[f1]"></a>USART_GetITStatus</STRONG> (Thumb, 76 bytes, Stack size 16 bytes, stm32f10x_usart.o(.text))
<BR><BR>[Stack]<UL><LI>Max Depth = 16<LI>Call Chain = USART_GetITStatus
</UL>
<BR>[Called By]<UL><LI><a href="#[5e]">&gt;&gt;</a>&nbsp;&nbsp;&nbsp;ReceiveSensor
</UL>

<P><STRONG><a name="[f2]"></a>USART_ClearITPendingBit</STRONG> (Thumb, 20 bytes, Stack size 8 bytes, stm32f10x_usart.o(.text))
<BR><BR>[Stack]<UL><LI>Max Depth = 8<LI>Call Chain = USART_ClearITPendingBit
</UL>
<BR>[Called By]<UL><LI><a href="#[5e]">&gt;&gt;</a>&nbsp;&nbsp;&nbsp;ReceiveSensor
</UL>

<P><STRONG><a name="[10e]"></a>GPIO_DeInit</STRONG> (Thumb, 188 bytes, Stack size 8 bytes, stm32f10x_gpio.o(.text), UNUSED)
<BR><BR>[Calls]<UL><LI><a href="#[10a]">&gt;&gt;</a>&nbsp;&nbsp;&nbsp;RCC_APB2PeriphResetCmd
</UL>

<P><STRONG><a name="[10f]"></a>GPIO_AFIODeInit</STRONG> (Thumb, 20 bytes, Stack size 8 bytes, stm32f10x_gpio.o(.text), UNUSED)
<BR><BR>[Calls]<UL><LI><a href="#[10a]">&gt;&gt;</a>&nbsp;&nbsp;&nbsp;RCC_APB2PeriphResetCmd
</UL>

<P><STRONG><a name="[160]"></a>GPIO_Init</STRONG> (Thumb, 278 bytes, Stack size 24 bytes, stm32f10x_gpio.o(.text))
<BR><BR>[Stack]<UL><LI>Max Depth = 24<LI>Call Chain = GPIO_Init
</UL>
<BR>[Called By]<UL><LI><a href="#[7a]">&gt;&gt;</a>&nbsp;&nbsp;&nbsp;Wireless_GPIO
<LI><a href="#[15f]">&gt;&gt;</a>&nbsp;&nbsp;&nbsp;Output_P203
<LI><a href="#[161]">&gt;&gt;</a>&nbsp;&nbsp;&nbsp;GPIO_Configuration
</UL>

<P><STRONG><a name="[225]"></a>GPIO_StructInit</STRONG> (Thumb, 16 bytes, Stack size 0 bytes, stm32f10x_gpio.o(.text), UNUSED)

<P><STRONG><a name="[84]"></a>GPIO_ReadInputDataBit</STRONG> (Thumb, 18 bytes, Stack size 0 bytes, stm32f10x_gpio.o(.text))
<BR><BR>[Called By]<UL><LI><a href="#[48]">&gt;&gt;</a>&nbsp;&nbsp;&nbsp;tmr2_callback
<LI><a href="#[81]">&gt;&gt;</a>&nbsp;&nbsp;&nbsp;initSystem
<LI><a href="#[18d]">&gt;&gt;</a>&nbsp;&nbsp;&nbsp;I2Cask
</UL>

<P><STRONG><a name="[226]"></a>GPIO_ReadInputData</STRONG> (Thumb, 8 bytes, Stack size 0 bytes, stm32f10x_gpio.o(.text), UNUSED)

<P><STRONG><a name="[227]"></a>GPIO_ReadOutputDataBit</STRONG> (Thumb, 18 bytes, Stack size 0 bytes, stm32f10x_gpio.o(.text), UNUSED)

<P><STRONG><a name="[228]"></a>GPIO_ReadOutputData</STRONG> (Thumb, 8 bytes, Stack size 0 bytes, stm32f10x_gpio.o(.text), UNUSED)

<P><STRONG><a name="[229]"></a>GPIO_SetBits</STRONG> (Thumb, 4 bytes, Stack size 0 bytes, stm32f10x_gpio.o(.text), UNUSED)

<P><STRONG><a name="[22a]"></a>GPIO_ResetBits</STRONG> (Thumb, 4 bytes, Stack size 0 bytes, stm32f10x_gpio.o(.text), UNUSED)

<P><STRONG><a name="[c1]"></a>GPIO_WriteBit</STRONG> (Thumb, 10 bytes, Stack size 0 bytes, stm32f10x_gpio.o(.text))
<BR><BR>[Called By]<UL><LI><a href="#[c0]">&gt;&gt;</a>&nbsp;&nbsp;&nbsp;Remotescaning
<LI><a href="#[47]">&gt;&gt;</a>&nbsp;&nbsp;&nbsp;tmr1_callback
</UL>

<P><STRONG><a name="[22b]"></a>GPIO_Write</STRONG> (Thumb, 4 bytes, Stack size 0 bytes, stm32f10x_gpio.o(.text), UNUSED)

<P><STRONG><a name="[22c]"></a>GPIO_PinLockConfig</STRONG> (Thumb, 18 bytes, Stack size 0 bytes, stm32f10x_gpio.o(.text), UNUSED)

<P><STRONG><a name="[22d]"></a>GPIO_EventOutputConfig</STRONG> (Thumb, 26 bytes, Stack size 0 bytes, stm32f10x_gpio.o(.text), UNUSED)

<P><STRONG><a name="[22e]"></a>GPIO_EventOutputCmd</STRONG> (Thumb, 6 bytes, Stack size 0 bytes, stm32f10x_gpio.o(.text), UNUSED)

<P><STRONG><a name="[162]"></a>GPIO_PinRemapConfig</STRONG> (Thumb, 106 bytes, Stack size 20 bytes, stm32f10x_gpio.o(.text))
<BR><BR>[Stack]<UL><LI>Max Depth = 20<LI>Call Chain = GPIO_PinRemapConfig
</UL>
<BR>[Called By]<UL><LI><a href="#[161]">&gt;&gt;</a>&nbsp;&nbsp;&nbsp;GPIO_Configuration
</UL>

<P><STRONG><a name="[163]"></a>GPIO_EXTILineConfig</STRONG> (Thumb, 66 bytes, Stack size 12 bytes, stm32f10x_gpio.o(.text))
<BR><BR>[Stack]<UL><LI>Max Depth = 12<LI>Call Chain = GPIO_EXTILineConfig
</UL>
<BR>[Called By]<UL><LI><a href="#[79]">&gt;&gt;</a>&nbsp;&nbsp;&nbsp;EXTI_Configuration
</UL>

<P><STRONG><a name="[22f]"></a>RCC_DeInit</STRONG> (Thumb, 62 bytes, Stack size 0 bytes, stm32f10x_rcc.o(.text), UNUSED)

<P><STRONG><a name="[230]"></a>RCC_HSEConfig</STRONG> (Thumb, 70 bytes, Stack size 0 bytes, stm32f10x_rcc.o(.text), UNUSED)

<P><STRONG><a name="[111]"></a>RCC_GetFlagStatus</STRONG> (Thumb, 56 bytes, Stack size 8 bytes, stm32f10x_rcc.o(.text))
<BR><BR>[Stack]<UL><LI>Max Depth = 8<LI>Call Chain = RCC_GetFlagStatus
</UL>
<BR>[Called By]<UL><LI><a href="#[157]">&gt;&gt;</a>&nbsp;&nbsp;&nbsp;RCC_Configuration
<LI><a href="#[110]">&gt;&gt;</a>&nbsp;&nbsp;&nbsp;RCC_WaitForHSEStartUp
</UL>

<P><STRONG><a name="[110]"></a>RCC_WaitForHSEStartUp</STRONG> (Thumb, 54 bytes, Stack size 16 bytes, stm32f10x_rcc.o(.text), UNUSED)
<BR><BR>[Calls]<UL><LI><a href="#[111]">&gt;&gt;</a>&nbsp;&nbsp;&nbsp;RCC_GetFlagStatus
</UL>

<P><STRONG><a name="[231]"></a>RCC_AdjustHSICalibrationValue</STRONG> (Thumb, 20 bytes, Stack size 0 bytes, stm32f10x_rcc.o(.text), UNUSED)

<P><STRONG><a name="[232]"></a>RCC_HSICmd</STRONG> (Thumb, 6 bytes, Stack size 0 bytes, stm32f10x_rcc.o(.text), UNUSED)

<P><STRONG><a name="[233]"></a>RCC_PLLConfig</STRONG> (Thumb, 24 bytes, Stack size 0 bytes, stm32f10x_rcc.o(.text), UNUSED)

<P><STRONG><a name="[234]"></a>RCC_PLLCmd</STRONG> (Thumb, 6 bytes, Stack size 0 bytes, stm32f10x_rcc.o(.text), UNUSED)

<P><STRONG><a name="[235]"></a>RCC_SYSCLKConfig</STRONG> (Thumb, 18 bytes, Stack size 0 bytes, stm32f10x_rcc.o(.text), UNUSED)

<P><STRONG><a name="[236]"></a>RCC_GetSYSCLKSource</STRONG> (Thumb, 10 bytes, Stack size 0 bytes, stm32f10x_rcc.o(.text), UNUSED)

<P><STRONG><a name="[237]"></a>RCC_HCLKConfig</STRONG> (Thumb, 18 bytes, Stack size 0 bytes, stm32f10x_rcc.o(.text), UNUSED)

<P><STRONG><a name="[238]"></a>RCC_PCLK1Config</STRONG> (Thumb, 18 bytes, Stack size 0 bytes, stm32f10x_rcc.o(.text), UNUSED)

<P><STRONG><a name="[239]"></a>RCC_PCLK2Config</STRONG> (Thumb, 20 bytes, Stack size 0 bytes, stm32f10x_rcc.o(.text), UNUSED)

<P><STRONG><a name="[23a]"></a>RCC_ITConfig</STRONG> (Thumb, 26 bytes, Stack size 0 bytes, stm32f10x_rcc.o(.text), UNUSED)

<P><STRONG><a name="[23b]"></a>RCC_USBCLKConfig</STRONG> (Thumb, 8 bytes, Stack size 0 bytes, stm32f10x_rcc.o(.text), UNUSED)

<P><STRONG><a name="[172]"></a>RCC_ADCCLKConfig</STRONG> (Thumb, 18 bytes, Stack size 0 bytes, stm32f10x_rcc.o(.text))
<BR><BR>[Called By]<UL><LI><a href="#[170]">&gt;&gt;</a>&nbsp;&nbsp;&nbsp;ADC_Conf
</UL>

<P><STRONG><a name="[23c]"></a>RCC_LSEConfig</STRONG> (Thumb, 50 bytes, Stack size 0 bytes, stm32f10x_rcc.o(.text), UNUSED)

<P><STRONG><a name="[158]"></a>RCC_LSICmd</STRONG> (Thumb, 6 bytes, Stack size 0 bytes, stm32f10x_rcc.o(.text))
<BR><BR>[Called By]<UL><LI><a href="#[157]">&gt;&gt;</a>&nbsp;&nbsp;&nbsp;RCC_Configuration
</UL>

<P><STRONG><a name="[23d]"></a>RCC_RTCCLKConfig</STRONG> (Thumb, 12 bytes, Stack size 0 bytes, stm32f10x_rcc.o(.text), UNUSED)

<P><STRONG><a name="[23e]"></a>RCC_RTCCLKCmd</STRONG> (Thumb, 8 bytes, Stack size 0 bytes, stm32f10x_rcc.o(.text), UNUSED)

<P><STRONG><a name="[10d]"></a>RCC_GetClocksFreq</STRONG> (Thumb, 192 bytes, Stack size 12 bytes, stm32f10x_rcc.o(.text), UNUSED)
<BR><BR>[Called By]<UL><LI><a href="#[10c]">&gt;&gt;</a>&nbsp;&nbsp;&nbsp;USART_Init
</UL>

<P><STRONG><a name="[15b]"></a>RCC_AHBPeriphClockCmd</STRONG> (Thumb, 26 bytes, Stack size 0 bytes, stm32f10x_rcc.o(.text))
<BR><BR>[Called By]<UL><LI><a href="#[157]">&gt;&gt;</a>&nbsp;&nbsp;&nbsp;RCC_Configuration
</UL>

[...]
<LI><a href="#[91]">&gt;&gt;</a>&nbsp;&nbsp;&nbsp;OS_CPU_SR_Save
<LI><a href="#[93]">&gt;&gt;</a>&nbsp;&nbsp;&nbsp;OS_CPU_SR_Restore
</UL>
<BR>[Called By]<UL><LI><a href="#[4f]">&gt;&gt;</a>&nbsp;&nbsp;&nbsp;Task_Wireless
</UL>

<P><STRONG><a name="[f0]"></a>QueryInteractionLux</STRONG> (Thumb, 292 bytes, Stack size 16 bytes, sensorcollection.o(.text))
<BR><BR>[Stack]<UL><LI>Max Depth = 84 + Unknown Stack Size
<LI>Call Chain = QueryInteractionLux &rArr; OSMutexPost &rArr; OS_EventTaskRdy &rArr; OS_EventTaskRemove
</UL>
<BR>[Calls]<UL><LI><a href="#[9d]">&gt;&gt;</a>&nbsp;&nbsp;&nbsp;OSMutexPost
<LI><a href="#[9c]">&gt;&gt;</a>&nbsp;&nbsp;&nbsp;OSMutexPend
</UL>
<BR>[Called By]<UL><LI><a href="#[4b]">&gt;&gt;</a>&nbsp;&nbsp;&nbsp;Task_Sensor
</UL>

<P><STRONG><a name="[f4]"></a>LuxAutoSetting</STRONG> (Thumb, 780 bytes, Stack size 16 bytes, lux.o(.text))
<BR><BR>[Stack]<UL><LI>Max Depth = 112 + Unknown Stack Size
<LI>Call Chain = LuxAutoSetting &rArr; WriteSensorInfo &rArr; WriteFlash &rArr; FLASH_ProgramWord &rArr; FLASH_WaitForLastOperation &rArr; delay
</UL>
<BR>[Calls]<UL><LI><a href="#[c5]">&gt;&gt;</a>&nbsp;&nbsp;&nbsp;ExecuteSlaverClose
<LI><a href="#[c3]">&gt;&gt;</a>&nbsp;&nbsp;&nbsp;ExecuteSlaverOpen
<LI><a href="#[b0]">&gt;&gt;</a>&nbsp;&nbsp;&nbsp;FindMaxLX
<LI><a href="#[9d]">&gt;&gt;</a>&nbsp;&nbsp;&nbsp;OSMutexPost
<LI><a href="#[9c]">&gt;&gt;</a>&nbsp;&nbsp;&nbsp;OSMutexPend
<LI><a href="#[97]">&gt;&gt;</a>&nbsp;&nbsp;&nbsp;Delay_ms
<LI><a href="#[77]">&gt;&gt;</a>&nbsp;&nbsp;&nbsp;WriteTheoryInfo
<LI><a href="#[6f]">&gt;&gt;</a>&nbsp;&nbsp;&nbsp;WriteSensorInfo
</UL>
<BR>[Called By]<UL><LI><a href="#[50]">&gt;&gt;</a>&nbsp;&nbsp;&nbsp;Task_AutoSetting
</UL>

<P><STRONG><a name="[f5]"></a>Signaljudge</STRONG> (Thumb, 1304 bytes, Stack size 96 bytes, inductioncollection.o(.text))
<BR><BR>[Stack]<UL><LI>Max Depth = 184<LI>Call Chain = Signaljudge &rArr; __aeabi_dsub &rArr; __aeabi_dadd &rArr; _double_epilogue &rArr; _double_round
</UL>
<BR>[Calls]<UL><LI><a href="#[f6]">&gt;&gt;</a>&nbsp;&nbsp;&nbsp;__aeabi_i2f
<LI><a href="#[100]">&gt;&gt;</a>&nbsp;&nbsp;&nbsp;__aeabi_i2d
<LI><a href="#[fd]">&gt;&gt;</a>&nbsp;&nbsp;&nbsp;__aeabi_fsub
<LI><a href="#[fb]">&gt;&gt;</a>&nbsp;&nbsp;&nbsp;__aeabi_frsub
<LI><a href="#[f9]">&gt;&gt;</a>&nbsp;&nbsp;&nbsp;__aeabi_fmul
<LI><a href="#[fa]">&gt;&gt;</a>&nbsp;&nbsp;&nbsp;__aeabi_fdiv
<LI><a href="#[104]">&gt;&gt;</a>&nbsp;&nbsp;&nbsp;__aeabi_fadd
<LI><a href="#[fc]">&gt;&gt;</a>&nbsp;&nbsp;&nbsp;__aeabi_f2iz
<LI><a href="#[fe]">&gt;&gt;</a>&nbsp;&nbsp;&nbsp;__aeabi_f2d
<LI><a href="#[102]">&gt;&gt;</a>&nbsp;&nbsp;&nbsp;__aeabi_dsub
<LI><a href="#[ff]">&gt;&gt;</a>&nbsp;&nbsp;&nbsp;__aeabi_dmul
<LI><a href="#[101]">&gt;&gt;</a>&nbsp;&nbsp;&nbsp;__aeabi_dadd
<LI><a href="#[105]">&gt;&gt;</a>&nbsp;&nbsp;&nbsp;__aeabi_d2iz
<LI><a href="#[103]">&gt;&gt;</a>&nbsp;&nbsp;&nbsp;__aeabi_d2f
<LI><a href="#[f8]">&gt;&gt;</a>&nbsp;&nbsp;&nbsp;__aeabi_cfrcmple
<LI><a href="#[f7]">&gt;&gt;</a>&nbsp;&nbsp;&nbsp;__aeabi_cfcmple
</UL>
<BR>[Called By]<UL><LI><a href="#[106]">&gt;&gt;</a>&nbsp;&nbsp;&nbsp;GetPirSignal
</UL>

<P><STRONG><a name="[107]"></a>dpirLedShiny</STRONG> (Thumb, 200 bytes, Stack size 0 bytes, inductioncollection.o(.text))
<BR><BR>[Called By]<UL><LI><a href="#[106]">&gt;&gt;</a>&nbsp;&nbsp;&nbsp;GetPirSignal
</UL>

<P><STRONG><a name="[106]"></a>GetPirSignal</STRONG> (Thumb, 178 bytes, Stack size 8 bytes, inductioncollection.o(.text))
<BR><BR>[Stack]<UL><LI>Max Depth = 192<LI>Call Chain = GetPirSignal &rArr; Signaljudge &rArr; __aeabi_dsub &rArr; __aeabi_dadd &rArr; _double_epilogue &rArr; _double_round
</UL>
<BR>[Calls]<UL><LI><a href="#[107]">&gt;&gt;</a>&nbsp;&nbsp;&nbsp;dpirLedShiny
<LI><a href="#[f5]">&gt;&gt;</a>&nbsp;&nbsp;&nbsp;Signaljudge
</UL>
<BR>[Called By]<UL><LI><a href="#[4a]">&gt;&gt;</a>&nbsp;&nbsp;&nbsp;Task_InductionColltet
</UL>

<P><STRONG><a name="[116]"></a>CheckITStatus</STRONG> (Thumb, 18 bytes, Stack size 0 bytes, stm32f10x_can.o(.text), UNUSED)
<BR><BR>[Called By]<UL><LI><a href="#[115]">&gt;&gt;</a>&nbsp;&nbsp;&nbsp;CAN_GetITStatus
</UL>

<P><STRONG><a name="[119]"></a>delay</STRONG> (Thumb, 26 bytes, Stack size 8 bytes, stm32f10x_flash.o(.text))
<BR><BR>[Stack]<UL><LI>Max Depth = 8<LI>Call Chain = delay
</UL>
<BR>[Called By]<UL><LI><a href="#[117]">&gt;&gt;</a>&nbsp;&nbsp;&nbsp;FLASH_WaitForLastOperation
</UL>

<P><STRONG><a name="[129]"></a>TI4_Config</STRONG> (Thumb, 82 bytes, Stack size 20 bytes, stm32f10x_tim.o(.text), UNUSED)
<BR><BR>[Called By]<UL><LI><a href="#[122]">&gt;&gt;</a>&nbsp;&nbsp;&nbsp;TIM_ICInit
</UL>

<P><STRONG><a name="[127]"></a>TI3_Config</STRONG> (Thumb, 72 bytes, Stack size 20 bytes, stm32f10x_tim.o(.text), UNUSED)
<BR><BR>[Called By]<UL><LI><a href="#[122]">&gt;&gt;</a>&nbsp;&nbsp;&nbsp;TIM_ICInit
</UL>

<P><STRONG><a name="[125]"></a>TI2_Config</STRONG> (Thumb, 80 bytes, Stack size 20 bytes, stm32f10x_tim.o(.text), UNUSED)
<BR><BR>[Called By]<UL><LI><a href="#[12e]">&gt;&gt;</a>&nbsp;&nbsp;&nbsp;TIM_TIxExternalClockConfig
<LI><a href="#[12b]">&gt;&gt;</a>&nbsp;&nbsp;&nbsp;TIM_PWMIConfig
<LI><a href="#[122]">&gt;&gt;</a>&nbsp;&nbsp;&nbsp;TIM_ICInit
</UL>

<P><STRONG><a name="[123]"></a>TI1_Config</STRONG> (Thumb, 56 bytes, Stack size 20 bytes, stm32f10x_tim.o(.text), UNUSED)
<BR><BR>[Called By]<UL><LI><a href="#[12e]">&gt;&gt;</a>&nbsp;&nbsp;&nbsp;TIM_TIxExternalClockConfig
<LI><a href="#[12b]">&gt;&gt;</a>&nbsp;&nbsp;&nbsp;TIM_PWMIConfig
<LI><a href="#[122]">&gt;&gt;</a>&nbsp;&nbsp;&nbsp;TIM_ICInit
</UL>

<P><STRONG><a name="[133]"></a>SetSysClockTo72</STRONG> (Thumb, 220 bytes, Stack size 12 bytes, system_stm32f10x.o(.text))
<BR><BR>[Stack]<UL><LI>Max Depth = 12<LI>Call Chain = SetSysClockTo72
</UL>
<BR>[Called By]<UL><LI><a href="#[132]">&gt;&gt;</a>&nbsp;&nbsp;&nbsp;SetSysClock
</UL>

<P><STRONG><a name="[132]"></a>SetSysClock</STRONG> (Thumb, 8 bytes, Stack size 8 bytes, system_stm32f10x.o(.text))
<BR><BR>[Stack]<UL><LI>Max Depth = 20<LI>Call Chain = SetSysClock &rArr; SetSysClockTo72
</UL>
<BR>[Calls]<UL><LI><a href="#[133]">&gt;&gt;</a>&nbsp;&nbsp;&nbsp;SetSysClockTo72
</UL>
<BR>[Called By]<UL><LI><a href="#[134]">&gt;&gt;</a>&nbsp;&nbsp;&nbsp;SystemInit
</UL>

<P><STRONG><a name="[136]"></a>I2C_BL5372_delay</STRONG> (Thumb, 14 bytes, Stack size 0 bytes, bl5372.o(.text))
<BR><BR>[Called By]<UL><LI><a href="#[13c]">&gt;&gt;</a>&nbsp;&nbsp;&nbsp;I2C_BL5372_ReceiveByte
<LI><a href="#[13b]">&gt;&gt;</a>&nbsp;&nbsp;&nbsp;I2C_BL5372_SendByte
<LI><a href="#[13a]">&gt;&gt;</a>&nbsp;&nbsp;&nbsp;I2C_BL5372_WaitAck
<LI><a href="#[139]">&gt;&gt;</a>&nbsp;&nbsp;&nbsp;I2C_BL5372_NoAck
<LI><a href="#[138]">&gt;&gt;</a>&nbsp;&nbsp;&nbsp;I2C_BL5372_Ack
<LI><a href="#[137]">&gt;&gt;</a>&nbsp;&nbsp;&nbsp;I2C_BL5372_Stop
<LI><a href="#[135]">&gt;&gt;</a>&nbsp;&nbsp;&nbsp;I2C_BL5372_Start
</UL>

<P><STRONG><a name="[135]"></a>I2C_BL5372_Start</STRONG> (Thumb, 84 bytes, Stack size 8 bytes, bl5372.o(.text))
<BR><BR>[Stack]<UL><LI>Max Depth = 8<LI>Call Chain = I2C_BL5372_Start
</UL>
<BR>[Calls]<UL><LI><a href="#[136]">&gt;&gt;</a>&nbsp;&nbsp;&nbsp;I2C_BL5372_delay
</UL>
<BR>[Called By]<UL><LI><a href="#[b3]">&gt;&gt;</a>&nbsp;&nbsp;&nbsp;I2C_BL5372_WriteByte
<LI><a href="#[13d]">&gt;&gt;</a>&nbsp;&nbsp;&nbsp;I2C_BL5372_ReadByte
</UL>

<P><STRONG><a name="[137]"></a>I2C_BL5372_Stop</STRONG> (Thumb, 48 bytes, Stack size 8 bytes, bl5372.o(.text))
<BR><BR>[Stack]<UL><LI>Max Depth = 8<LI>Call Chain = I2C_BL5372_Stop
</UL>
<BR>[Calls]<UL><LI><a href="#[136]">&gt;&gt;</a>&nbsp;&nbsp;&nbsp;I2C_BL5372_delay
</UL>
<BR>[Called By]<UL><LI><a href="#[b3]">&gt;&gt;</a>&nbsp;&nbsp;&nbsp;I2C_BL5372_WriteByte
<LI><a href="#[13d]">&gt;&gt;</a>&nbsp;&nbsp;&nbsp;I2C_BL5372_ReadByte
</UL>

<P><STRONG><a name="[138]"></a>I2C_BL5372_Ack</STRONG> (Thumb, 50 bytes, Stack size 8 bytes, bl5372.o(.text), UNUSED)
<BR><BR>[Calls]<UL><LI><a href="#[136]">&gt;&gt;</a>&nbsp;&nbsp;&nbsp;I2C_BL5372_delay
</UL>

<P><STRONG><a name="[139]"></a>I2C_BL5372_NoAck</STRONG> (Thumb, 48 bytes, Stack size 8 bytes, bl5372.o(.text))
<BR><BR>[Stack]<UL><LI>Max Depth = 8<LI>Call Chain = I2C_BL5372_NoAck
</UL>
<BR>[Calls]<UL><LI><a href="#[136]">&gt;&gt;</a>&nbsp;&nbsp;&nbsp;I2C_BL5372_delay
</UL>
<BR>[Called By]<UL><LI><a href="#[13d]">&gt;&gt;</a>&nbsp;&nbsp;&nbsp;I2C_BL5372_ReadByte
</UL>

<P><STRONG><a name="[13a]"></a>I2C_BL5372_WaitAck</STRONG> (Thumb, 70 bytes, Stack size 8 bytes, bl5372.o(.text))
<BR><BR>[Stack]<UL><LI>Max Depth = 8<LI>Call Chain = I2C_BL5372_WaitAck
</UL>
<BR>[Calls]<UL><LI><a href="#[136]">&gt;&gt;</a>&nbsp;&nbsp;&nbsp;I2C_BL5372_delay
</UL>
<BR>[Called By]<UL><LI><a href="#[b3]">&gt;&gt;</a>&nbsp;&nbsp;&nbsp;I2C_BL5372_WriteByte
<LI><a href="#[13d]">&gt;&gt;</a>&nbsp;&nbsp;&nbsp;I2C_BL5372_ReadByte
</UL>

<P><STRONG><a name="[13b]"></a>I2C_BL5372_SendByte</STRONG> (Thumb, 86 bytes, Stack size 16 bytes, bl5372.o(.text))
<BR><BR>[Stack]<UL><LI>Max Depth = 16<LI>Call Chain = I2C_BL5372_SendByte
</UL>
<BR>[Calls]<UL><LI><a href="#[136]">&gt;&gt;</a>&nbsp;&nbsp;&nbsp;I2C_BL5372_delay
</UL>
<BR>[Called By]<UL><LI><a href="#[b3]">&gt;&gt;</a>&nbsp;&nbsp;&nbsp;I2C_BL5372_WriteByte
<LI><a href="#[13d]">&gt;&gt;</a>&nbsp;&nbsp;&nbsp;I2C_BL5372_ReadByte
</UL>

<P><STRONG><a name="[13c]"></a>I2C_BL5372_ReceiveByte</STRONG> (Thumb, 76 bytes, Stack size 16 bytes, bl5372.o(.text))
<BR><BR>[Stack]<UL><LI>Max Depth = 16<LI>Call Chain = I2C_BL5372_ReceiveByte
</UL>
<BR>[Calls]<UL><LI><a href="#[136]">&gt;&gt;</a>&nbsp;&nbsp;&nbsp;I2C_BL5372_delay
</UL>
<BR>[Called By]<UL><LI><a href="#[13d]">&gt;&gt;</a>&nbsp;&nbsp;&nbsp;I2C_BL5372_ReadByte
</UL>

<P><STRONG><a name="[142]"></a>HEXtoBCD</STRONG> (Thumb, 28 bytes, Stack size 0 bytes, bl5372.o(.text))
<BR><BR>[Called By]<UL><LI><a href="#[83]">&gt;&gt;</a>&nbsp;&nbsp;&nbsp;Init_BL5372
</UL>

<P><STRONG><a name="[146]"></a>BCDtoHEX</STRONG> (Thumb, 44 bytes, Stack size 12 bytes, bl5372.o(.text))
<BR><BR>[Stack]<UL><LI>Max Depth = 12<LI>Call Chain = BCDtoHEX
</UL>
<BR>[Called By]<UL><LI><a href="#[94]">&gt;&gt;</a>&nbsp;&nbsp;&nbsp;BL5372_Read
</UL>

<P><STRONG><a name="[143]"></a>Inside_Temp</STRONG> (Thumb, 260 bytes, Stack size 48 bytes, bl5372.o(.text))
<BR><BR>[Stack]<UL><LI>Max Depth = 272 + Unknown Stack Size
<LI>Call Chain = Inside_Temp &rArr; pow &rArr; __kernel_poly &rArr; __aeabi_dmul &rArr; _double_epilogue &rArr; _double_round
</UL>
<BR>[Calls]<UL><LI><a href="#[100]">&gt;&gt;</a>&nbsp;&nbsp;&nbsp;__aeabi_i2d
<LI><a href="#[102]">&gt;&gt;</a>&nbsp;&nbsp;&nbsp;__aeabi_dsub
<LI><a href="#[ff]">&gt;&gt;</a>&nbsp;&nbsp;&nbsp;__aeabi_dmul
<LI><a href="#[105]">&gt;&gt;</a>&nbsp;&nbsp;&nbsp;__aeabi_d2iz
<LI><a href="#[b3]">&gt;&gt;</a>&nbsp;&nbsp;&nbsp;I2C_BL5372_WriteByte
<LI><a href="#[141]">&gt;&gt;</a>&nbsp;&nbsp;&nbsp;__aeabi_ddiv
<LI><a href="#[13f]">&gt;&gt;</a>&nbsp;&nbsp;&nbsp;__aeabi_d2uiz
<LI><a href="#[13e]">&gt;&gt;</a>&nbsp;&nbsp;&nbsp;pow
</UL>
<BR>[Called By]<UL><LI><a href="#[94]">&gt;&gt;</a>&nbsp;&nbsp;&nbsp;BL5372_Read
</UL>

<P><STRONG><a name="[144]"></a>GetTprt_Frm_ADC</STRONG> (Thumb, 164 bytes, Stack size 40 bytes, bl5372.o(.text))
<BR><BR>[Stack]<UL><LI>Max Depth = 128<LI>Call Chain = GetTprt_Frm_ADC &rArr; __aeabi_dsub &rArr; __aeabi_dadd &rArr; _double_epilogue &rArr; _double_round
</UL>
<BR>[Calls]<UL><LI><a href="#[fe]">&gt;&gt;</a>&nbsp;&nbsp;&nbsp;__aeabi_f2d
<LI><a href="#[102]">&gt;&gt;</a>&nbsp;&nbsp;&nbsp;__aeabi_dsub
<LI><a href="#[ff]">&gt;&gt;</a>&nbsp;&nbsp;&nbsp;__aeabi_dmul
<LI><a href="#[103]">&gt;&gt;</a>&nbsp;&nbsp;&nbsp;__aeabi_d2f
<LI><a href="#[140]">&gt;&gt;</a>&nbsp;&nbsp;&nbsp;__aeabi_ui2d
<LI><a href="#[145]">&gt;&gt;</a>&nbsp;&nbsp;&nbsp;__aeabi_f2uiz
</UL>
<BR>[Called By]<UL><LI><a href="#[94]">&gt;&gt;</a>&nbsp;&nbsp;&nbsp;BL5372_Read
</UL>

<P><STRONG><a name="[155]"></a>ChangeRx0Tx0Address</STRONG> (Thumb, 30 bytes, Stack size 8 bytes, jf24d.o(.text))
<BR><BR>[Stack]<UL><LI>Max Depth = 40<LI>Call Chain = ChangeRx0Tx0Address &rArr; SPI_Write_Buf &rArr; SPI_RW
</UL>
<BR>[Calls]<UL><LI><a href="#[14f]">&gt;&gt;</a>&nbsp;&nbsp;&nbsp;SPI_Write_Buf
</UL>
<BR>[Called By]<UL><LI><a href="#[e8]">&gt;&gt;</a>&nbsp;&nbsp;&nbsp;CreatCmd
<LI><a href="#[7b]">&gt;&gt;</a>&nbsp;&nbsp;&nbsp;InitWirelessModule
</UL>

<P><STRONG><a name="[157]"></a>RCC_Configuration</STRONG> (Thumb, 48 bytes, Stack size 8 bytes, stm32_init.o(.text))
<BR><BR>[Stack]<UL><LI>Max Depth = 16<LI>Call Chain = RCC_Configuration &rArr; RCC_GetFlagStatus
</UL>
<BR>[Calls]<UL><LI><a href="#[15a]">&gt;&gt;</a>&nbsp;&nbsp;&nbsp;RCC_APB1PeriphClockCmd
<LI><a href="#[159]">&gt;&gt;</a>&nbsp;&nbsp;&nbsp;RCC_APB2PeriphClockCmd
<LI><a href="#[15b]">&gt;&gt;</a>&nbsp;&nbsp;&nbsp;RCC_AHBPeriphClockCmd
<LI><a href="#[158]">&gt;&gt;</a>&nbsp;&nbsp;&nbsp;RCC_LSICmd
<LI><a href="#[111]">&gt;&gt;</a>&nbsp;&nbsp;&nbsp;RCC_GetFlagStatus
</UL>
<BR>[Called By]<UL><LI><a href="#[147]">&gt;&gt;</a>&nbsp;&nbsp;&nbsp;Target_Init
</UL>

<P><STRONG><a name="[15c]"></a>NVIC_Configuration</STRONG> (Thumb, 90 bytes, Stack size 8 bytes, stm32_init.o(.text))
<BR><BR>[Stack]<UL><LI>Max Depth = 24<LI>Call Chain = NVIC_Configuration &rArr; NVIC_Init
</UL>
<BR>[Calls]<UL><LI><a href="#[15e]">&gt;&gt;</a>&nbsp;&nbsp;&nbsp;NVIC_Init
<LI><a href="#[15d]">&gt;&gt;</a>&nbsp;&nbsp;&nbsp;NVIC_PriorityGroupConfig
</UL>
<BR>[Called By]<UL><LI><a href="#[147]">&gt;&gt;</a>&nbsp;&nbsp;&nbsp;Target_Init
</UL>

<P><STRONG><a name="[161]"></a>GPIO_Configuration</STRONG> (Thumb, 304 bytes, Stack size 8 bytes, stm32_init.o(.text))
<BR><BR>[Stack]<UL><LI>Max Depth = 40<LI>Call Chain = GPIO_Configuration &rArr; Output_P203 &rArr; GPIO_Init
</UL>
<BR>[Calls]<UL><LI><a href="#[15f]">&gt;&gt;</a>&nbsp;&nbsp;&nbsp;Output_P203
<LI><a href="#[162]">&gt;&gt;</a>&nbsp;&nbsp;&nbsp;GPIO_PinRemapConfig
<LI><a href="#[160]">&gt;&gt;</a>&nbsp;&nbsp;&nbsp;GPIO_Init
</UL>
<BR>[Called By]<UL><LI><a href="#[56]">&gt;&gt;</a>&nbsp;&nbsp;&nbsp;Application_Init
</UL>

<P><STRONG><a name="[18a]"></a>Delayus</STRONG> (Thumb, 30 bytes, Stack size 8 bytes, tm1637.o(.text))
<BR><BR>[Stack]<UL><LI>Max Depth = 8<LI>Call Chain = Delayus
</UL>
<BR>[Called By]<UL><LI><a href="#[18d]">&gt;&gt;</a>&nbsp;&nbsp;&nbsp;I2Cask
<LI><a href="#[18c]">&gt;&gt;</a>&nbsp;&nbsp;&nbsp;I2CWrByte
<LI><a href="#[18b]">&gt;&gt;</a>&nbsp;&nbsp;&nbsp;I2CStop
<LI><a href="#[189]">&gt;&gt;</a>&nbsp;&nbsp;&nbsp;I2CStart
</UL>

<P><STRONG><a name="[193]"></a>OS_InitTaskStat</STRONG> (Thumb, 52 bytes, Stack size 32 bytes, os_core.o(.text))
<BR><BR>[Stack]<UL><LI>Max Depth = 128 + Unknown Stack Size
<LI>Call Chain = OS_InitTaskStat &rArr; OSTaskCreateExt &rArr; OS_TCBInit
</UL>
<BR>[Calls]<UL><LI><a href="#[195]">&gt;&gt;</a>&nbsp;&nbsp;&nbsp;OSTaskNameSet
<LI><a href="#[194]">&gt;&gt;</a>&nbsp;&nbsp;&nbsp;OSTaskCreateExt
</UL>
<BR>[Called By]<UL><LI><a href="#[58]">&gt;&gt;</a>&nbsp;&nbsp;&nbsp;OSInit
</UL>

<P><STRONG><a name="[198]"></a>OS_InitTaskIdle</STRONG> (Thumb, 52 bytes, Stack size 32 bytes, os_core.o(.text))
<BR><BR>[Stack]<UL><LI>Max Depth = 128 + Unknown Stack Size
<LI>Call Chain = OS_InitTaskIdle &rArr; OSTaskCreateExt &rArr; OS_TCBInit
</UL>
<BR>[Calls]<UL><LI><a href="#[195]">&gt;&gt;</a>&nbsp;&nbsp;&nbsp;OSTaskNameSet
<LI><a href="#[194]">&gt;&gt;</a>&nbsp;&nbsp;&nbsp;OSTaskCreateExt
</UL>
<BR>[Called By]<UL><LI><a href="#[58]">&gt;&gt;</a>&nbsp;&nbsp;&nbsp;OSInit
</UL>

<P><STRONG><a name="[199]"></a>OS_InitEventList</STRONG> (Thumb, 76 bytes, Stack size 16 bytes, os_core.o(.text))
<BR><BR>[Stack]<UL><LI>Max Depth = 16<LI>Call Chain = OS_InitEventList
</UL>
<BR>[Calls]<UL><LI><a href="#[19a]">&gt;&gt;</a>&nbsp;&nbsp;&nbsp;OS_MemClr
</UL>
<BR>[Called By]<UL><LI><a href="#[58]">&gt;&gt;</a>&nbsp;&nbsp;&nbsp;OSInit
</UL>

<P><STRONG><a name="[19b]"></a>OS_InitTCBList</STRONG> (Thumb, 106 bytes, Stack size 16 bytes, os_core.o(.text))
<BR><BR>[Stack]<UL><LI>Max Depth = 16<LI>Call Chain = OS_InitTCBList
</UL>
<BR>[Calls]<UL><LI><a href="#[19a]">&gt;&gt;</a>&nbsp;&nbsp;&nbsp;OS_MemClr
</UL>
<BR>[Called By]<UL><LI><a href="#[58]">&gt;&gt;</a>&nbsp;&nbsp;&nbsp;OSInit
</UL>

<P><STRONG><a name="[19e]"></a>OS_InitRdyList</STRONG> (Thumb, 44 bytes, Stack size 0 bytes, os_core.o(.text))
<BR><BR>[Called By]<UL><LI><a href="#[58]">&gt;&gt;</a>&nbsp;&nbsp;&nbsp;OSInit
</UL>

<P><STRONG><a name="[19d]"></a>OS_InitMisc</STRONG> (Thumb, 44 bytes, Stack size 0 bytes, os_core.o(.text))
<BR><BR>[Called By]<UL><LI><a href="#[58]">&gt;&gt;</a>&nbsp;&nbsp;&nbsp;OSInit
</UL>

<P><STRONG><a name="[1a4]"></a>OS_SchedNew</STRONG> (Thumb, 26 bytes, Stack size 0 bytes, os_core.o(.text))
<BR><BR>[Called By]<UL><LI><a href="#[5d]">&gt;&gt;</a>&nbsp;&nbsp;&nbsp;OSIntExit
<LI><a href="#[5a]">&gt;&gt;</a>&nbsp;&nbsp;&nbsp;OSStart
<LI><a href="#[1a6]">&gt;&gt;</a>&nbsp;&nbsp;&nbsp;OS_Sched
</UL>

<P><STRONG><a name="[1b2]"></a>OS_FlagTaskRdy</STRONG> (Thumb, 82 bytes, Stack size 20 bytes, os_flag.o(.text), UNUSED)
<BR><BR>[Calls]<UL><LI><a href="#[1b3]">&gt;&gt;</a>&nbsp;&nbsp;&nbsp;OS_FlagUnlink
</UL>
<BR>[Called By]<UL><LI><a href="#[1bb]">&gt;&gt;</a>&nbsp;&nbsp;&nbsp;OSFlagPost
<LI><a href="#[1b4]">&gt;&gt;</a>&nbsp;&nbsp;&nbsp;OSFlagDel
</UL>

<P><STRONG><a name="[1b9]"></a>OS_FlagBlock</STRONG> (Thumb, 152 bytes, Stack size 20 bytes, os_flag.o(.text), UNUSED)
<BR><BR>[Called By]<UL><LI><a href="#[1b8]">&gt;&gt;</a>&nbsp;&nbsp;&nbsp;OSFlagPend
</UL>

<P><STRONG><a name="[1c3]"></a>OSMutex_RdyAtPrio</STRONG> (Thumb, 114 bytes, Stack size 12 bytes, os_mutex.o(.text))
<BR><BR>[Stack]<UL><LI>Max Depth = 12<LI>Call Chain = OSMutex_RdyAtPrio
</UL>
<BR>[Called By]<UL><LI><a href="#[9d]">&gt;&gt;</a>&nbsp;&nbsp;&nbsp;OSMutexPost
<LI><a href="#[1c2]">&gt;&gt;</a>&nbsp;&nbsp;&nbsp;OSMutexDel
</UL>

<P><STRONG><a name="[1e6]"></a>OSTmr_Alloc</STRONG> (Thumb, 50 bytes, Stack size 0 bytes, os_tmr.o(.text))
<BR><BR>[Called By]<UL><LI><a href="#[7e]">&gt;&gt;</a>&nbsp;&nbsp;&nbsp;OSTmrCreate
</UL>

<P><STRONG><a name="[1e9]"></a>OSTmr_Free</STRONG> (Thumb, 58 bytes, Stack size 0 bytes, os_tmr.o(.text), UNUSED)
<BR><BR>[Called By]<UL><LI><a href="#[1e7]">&gt;&gt;</a>&nbsp;&nbsp;&nbsp;OSTmrDel
</UL>

<P><STRONG><a name="[1e8]"></a>OSTmr_Unlink</STRONG> (Thumb, 62 bytes, Stack size 12 bytes, os_tmr.o(.text))
<BR><BR>[Stack]<UL><LI>Max Depth = 12<LI>Call Chain = OSTmr_Unlink
</UL>
<BR>[Called By]<UL><LI><a href="#[7f]">&gt;&gt;</a>&nbsp;&nbsp;&nbsp;OSTmrStart
<LI><a href="#[1ee]">&gt;&gt;</a>&nbsp;&nbsp;&nbsp;OSTmrStop
<LI><a href="#[1e7]">&gt;&gt;</a>&nbsp;&nbsp;&nbsp;OSTmrDel
<LI><a href="#[51]">&gt;&gt;</a>&nbsp;&nbsp;&nbsp;OSTmr_Task
</UL>

<P><STRONG><a name="[1ed]"></a>OSTmr_Link</STRONG> (Thumb, 100 bytes, Stack size 16 bytes, os_tmr.o(.text))
<BR><BR>[Stack]<UL><LI>Max Depth = 16<LI>Call Chain = OSTmr_Link
</UL>
<BR>[Called By]<UL><LI><a href="#[7f]">&gt;&gt;</a>&nbsp;&nbsp;&nbsp;OSTmrStart
<LI><a href="#[51]">&gt;&gt;</a>&nbsp;&nbsp;&nbsp;OSTmr_Task
</UL>

<P><STRONG><a name="[51]"></a>OSTmr_Task</STRONG> (Thumb, 114 bytes, Stack size 8 bytes, os_tmr.o(.text))
<BR><BR>[Stack]<UL><LI>Max Depth = 40 + Unknown Stack Size
<LI>Call Chain = OSTmr_Task &rArr; OSSemPend &rArr; OS_EventTaskWait
</UL>
<BR>[Calls]<UL><LI><a href="#[e9]">&gt;&gt;</a>&nbsp;&nbsp;&nbsp;OSSemPend
<LI><a href="#[14a]">&gt;&gt;</a>&nbsp;&nbsp;&nbsp;OSSchedUnlock
<LI><a href="#[149]">&gt;&gt;</a>&nbsp;&nbsp;&nbsp;OSSchedLock
<LI><a href="#[1ed]">&gt;&gt;</a>&nbsp;&nbsp;&nbsp;OSTmr_Link
<LI><a href="#[1e8]">&gt;&gt;</a>&nbsp;&nbsp;&nbsp;OSTmr_Unlink
</UL>
<BR>[Address Reference Count : 1]<UL><LI> os_tmr.o(.text)
</UL>
<P><STRONG><a name="[1f0]"></a>OSTmr_InitTask</STRONG> (Thumb, 52 bytes, Stack size 32 bytes, os_tmr.o(.text))
<BR><BR>[Stack]<UL><LI>Max Depth = 128 + Unknown Stack Size
<LI>Call Chain = OSTmr_InitTask &rArr; OSTaskCreateExt &rArr; OS_TCBInit
</UL>
<BR>[Calls]<UL><LI><a href="#[195]">&gt;&gt;</a>&nbsp;&nbsp;&nbsp;OSTaskNameSet
<LI><a href="#[194]">&gt;&gt;</a>&nbsp;&nbsp;&nbsp;OSTaskCreateExt
</UL>
<BR>[Called By]<UL><LI><a href="#[1a2]">&gt;&gt;</a>&nbsp;&nbsp;&nbsp;OSTmr_Init
</UL>
<P>
<H3>
Undefined Global Symbols
</H3><HR></body></html>
