Product: MDK-ARM Basic 5.10
Component: ARM Compiler 5.04 update 1 (build 49)
Tool: armlink [5040049]

==============================================================================

Section Cross References

    startup_stm32f10x_hd.o(RESET) refers to startup_stm32f10x_hd.o(.text) for Reset_Handler
    startup_stm32f10x_hd.o(RESET) refers to stm32f10x_it.o(.text) for NMI_Handler
    startup_stm32f10x_hd.o(RESET) refers to os_cpu_a.o(.text) for OS_CPU_PendSVHandler
    startup_stm32f10x_hd.o(.text) refers to startup_stm32f10x_hd.o(STACK) for __initial_sp
    startup_stm32f10x_hd.o(.text) refers to entry.o(.ARM.Collect$$$$00000000) for __main
    main.o(.text) refers to bsp.o(.text) for BSP_Init
    main.o(.text) refers to stm32_init.o(.text) for Application_Init
    main.o(.text) refers to delay.o(.text) for delay_init
    main.o(.text) refers to os_core.o(.text) for OSInit
    main.o(.text) refers to os_task.o(.text) for OSTaskCreate
    main.o(.text) refers to main.o(.bss) for .bss
    main.o(.text) refers to createtask.o(.text) for Startup_Task
    stm32f10x_it.o(.text) refers to os_core.o(.text) for OSIntEnter
    stm32f10x_it.o(.text) refers to cantask.o(.text) for ReceiveCan
    stm32f10x_it.o(.text) refers to sensorcollection.o(.text) for ReceiveSensor
    stm32f10x_it.o(.text) refers to energycollection.o(.text) for ReceiveEnergy
    stm32f10x_it.o(.text) refers to stm32f10x_exti.o(.text) for EXTI_GetITStatus
    stm32f10x_it.o(.text) refers to wireless.o(.text) for ReceiveWireless
    systeminit.o(.text) refers to os_mem.o(.text) for OSMemCreate
    systeminit.o(.text) refers to storagemanager.o(.text) for ReadSystemInfo
    systeminit.o(.text) refers to os_mutex.o(.text) for OSMutexCreate
    systeminit.o(.text) refers to os_sem.o(.text) for OSSemCreate
    systeminit.o(.text) refers to stm32_init.o(.text) for EXTI_Configuration
    systeminit.o(.text) refers to object.o(.bss) for sl863x
    systeminit.o(.text) refers to object.o(.bss) for system
    systeminit.o(.text) refers to object.o(.bss) for sensors
    systeminit.o(.text) refers to object.o(.bss) for slavers
    systeminit.o(.text) refers to object.o(.bss) for theory
    systeminit.o(.text) refers to jf24d.o(.text) for InitWirelessModule
    systeminit.o(.text) refers to os_tmr.o(.text) for OSTmrCreate
    systeminit.o(.text) refers to bl5372.o(.text) for Init_BL5372
    systeminit.o(.text) refers to timer.o(.text) for tmr1_callback
    canquery.o(.text) refers to bl5372.o(.text) for BL5372_ReadBCD
    canquery.o(.text) refers to object.o(.bss) for sensors
    canquery.o(.text) refers to object.o(.bss) for slavers
    canquery.o(.text) refers to object.o(.bss) for theory
    canquery.o(.text) refers to object.o(.bss) for sl863x
    canquery.o(.text) refers to lux.o(.text) for FindMinOpenLX
    canquery.o(.text) refers to object.o(.bss) for system
    canset.o(.text) refers to storagemanager.o(.text) for WriteSystemInfo
    canset.o(.text) refers to object.o(.bss) for system
    canset.o(.text) refers to stm32_init.o(.text) for Can_Config
    canset.o(.text) refers to os_cpu_a.o(.text) for OS_CPU_SR_Save
    canset.o(.text) refers to bl5372.o(.text) for BL5372_SetBCD
    canset.o(.text) refers to display.o(.text) for setLuxAutoSettingDisplay
    canset.o(.text) refers to object.o(.bss) for sl863x
    canset.o(.text) refers to object.o(.bss) for sensors
    canset.o(.text) refers to object.o(.bss) for slavers
    canset.o(.text) refers to object.o(.bss) for theory
    cantask.o(.text) refers to list.o(.text) for InitializeListHead
    cantask.o(.text) refers to stm32_init.o(.text) for Can_Config
    cantask.o(.text) refers to os_cpu_a.o(.text) for OS_CPU_SR_Save
    cantask.o(.text) refers to os_time.o(.text) for OSTimeDlyHMSM
    cantask.o(.text) refers to delay.o(.text) for Delay_ms
    cantask.o(.text) refers to stm32f10x_can.o(.text) for CAN_Transmit
    cantask.o(.text) refers to canquery.o(.text) for QueryOutStatus
    cantask.o(.text) refers to os_mutex.o(.text) for OSMutexPend
    cantask.o(.text) refers to canset.o(.text) for SetOutStatus
    cantask.o(.text) refers to os_mem.o(.text) for OSMemPut
    cantask.o(.text) refers to cantask.o(.data) for .data
    cantask.o(.text) refers to object.o(.bss) for sl863x
    createtask.o(.text) refers to os_cpu_a.o(.text) for OS_CPU_SR_Save
    createtask.o(.text) refers to display_chip.o(.text) for InitSTLED316
    createtask.o(.text) refers to stm32f10x_iwdg.o(.text) for IWDG_ReloadCounter
    createtask.o(.text) refers to delay.o(.text) for Delay_us
    createtask.o(.text) refers to systeminit.o(.text) for initSystem
    createtask.o(.text) refers to os_task.o(.text) for OSTaskCreate
    createtask.o(.text) refers to createtask.o(.bss) for .bss
    createtask.o(.text) refers to dogtask.o(.text) for Task_WatchDog
    createtask.o(.text) refers to sensorcollection.o(.text) for Task_Sensor
    createtask.o(.text) refers to cantask.o(.text) for Task_CanCommunication
[...]

    Global Symbols

    Symbol Name                              Value     Ov Type        Size  Object(Section)

    BuildAttributes$$THM_ISAv4$P$D$K$B$S$PE$A:L22UL41UL21$X:L11$S22US41US21$IEEE1$IW$USESV6$~STKCKD$USESV7$~SHL$OTIME$ROPI$IEEEX$EBA8$MICROLIB$REQ8$PRES8$EABIv2 0x00000000   Number         0  anon$$obj.o ABSOLUTE
    __ARM_use_no_argv                        0x00000000   Number         0  main.o ABSOLUTE
    __cpp_initialize__aeabi_                  - Undefined Weak Reference
    __cxa_finalize                            - Undefined Weak Reference
    __decompress                              - Undefined Weak Reference
    _clock_init                               - Undefined Weak Reference
    _microlib_exit                            - Undefined Weak Reference
    __Vectors_Size                           0x00000130   Number         0  startup_stm32f10x_hd.o ABSOLUTE
    __Vectors                                0x08000000   Data           4  startup_stm32f10x_hd.o(RESET)
    __Vectors_End                            0x08000130   Data           0  startup_stm32f10x_hd.o(RESET)
    __main                                   0x08000131   Thumb Code     0  entry.o(.ARM.Collect$$$$00000000)
    _main_stk                                0x08000131   Thumb Code     0  entry2.o(.ARM.Collect$$$$00000001)
    _main_scatterload                        0x08000135   Thumb Code     0  entry5.o(.ARM.Collect$$$$00000004)
    __main_after_scatterload                 0x08000139   Thumb Code     0  entry5.o(.ARM.Collect$$$$00000004)
    _main_clock                              0x08000139   Thumb Code     0  entry7b.o(.ARM.Collect$$$$00000008)
    _main_cpp_init                           0x08000139   Thumb Code     0  entry8b.o(.ARM.Collect$$$$0000000A)
    _main_init                               0x08000139   Thumb Code     0  entry9a.o(.ARM.Collect$$$$0000000B)
    __rt_final_cpp                           0x08000141   Thumb Code     0  entry10a.o(.ARM.Collect$$$$0000000D)
    __rt_final_exit                          0x08000141   Thumb Code     0  entry11a.o(.ARM.Collect$$$$0000000F)
    SystemInit_ExtMemCtl                     0x08000145   Thumb Code     2  startup_stm32f10x_hd.o(.text)
    Reset_Handler                            0x08000147   Thumb Code    14  startup_stm32f10x_hd.o(.text)
    ADC1_2_IRQHandler                        0x08000167   Thumb Code     0  startup_stm32f10x_hd.o(.text)
    ADC3_IRQHandler                          0x08000167   Thumb Code     0  startup_stm32f10x_hd.o(.text)
    CAN1_RX1_IRQHandler                      0x08000167   Thumb Code     0  startup_stm32f10x_hd.o(.text)
    CAN1_SCE_IRQHandler                      0x08000167   Thumb Code     0  startup_stm32f10x_hd.o(.text)
    DMA1_Channel1_IRQHandler                 0x08000167   Thumb Code     0  startup_stm32f10x_hd.o(.text)
    DMA1_Channel2_IRQHandler                 0x08000167   Thumb Code     0  startup_stm32f10x_hd.o(.text)
    DMA1_Channel3_IRQHandler                 0x08000167   Thumb Code     0  startup_stm32f10x_hd.o(.text)
    DMA1_Channel4_IRQHandler                 0x08000167   Thumb Code     0  startup_stm32f10x_hd.o(.text)
    DMA1_Channel5_IRQHandler                 0x08000167   Thumb Code     0  startup_stm32f10x_hd.o(.text)
    DMA1_Channel6_IRQHandler                 0x08000167   Thumb Code     0  startup_stm32f10x_hd.o(.text)
    DMA1_Channel7_IRQHandler                 0x08000167   Thumb Code     0  startup_stm32f10x_hd.o(.text)
    DMA2_Channel1_IRQHandler                 0x08000167   Thumb Code     0  startup_stm32f10x_hd.o(.text)
    DMA2_Channel2_IRQHandler                 0x08000167   Thumb Code     0  startup_stm32f10x_hd.o(.text)
    DMA2_Channel3_IRQHandler                 0x08000167   Thumb Code     0  startup_stm32f10x_hd.o(.text)
    DMA2_Channel4_5_IRQHandler               0x08000167   Thumb Code     0  startup_stm32f10x_hd.o(.text)
    EXTI0_IRQHandler                         0x08000167   Thumb Code     0  startup_stm32f10x_hd.o(.text)
    EXTI15_10_IRQHandler                     0x08000167   Thumb Code     0  startup_stm32f10x_hd.o(.text)
    EXTI2_IRQHandler                         0x08000167   Thumb Code     0  startup_stm32f10x_hd.o(.text)
    EXTI3_IRQHandler                         0x08000167   Thumb Code     0  startup_stm32f10x_hd.o(.text)
    EXTI4_IRQHandler                         0x08000167   Thumb Code     0  startup_stm32f10x_hd.o(.text)
    EXTI9_5_IRQHandler                       0x08000167   Thumb Code     0  startup_stm32f10x_hd.o(.text)
    FLASH_IRQHandler                         0x08000167   Thumb Code     0  startup_stm32f10x_hd.o(.text)
    FSMC_IRQHandler                          0x08000167   Thumb Code     0  startup_stm32f10x_hd.o(.text)
    I2C1_ER_IRQHandler                       0x08000167   Thumb Code     0  startup_stm32f10x_hd.o(.text)
    I2C1_EV_IRQHandler                       0x08000167   Thumb Code     0  startup_stm32f10x_hd.o(.text)
    I2C2_ER_IRQHandler                       0x08000167   Thumb Code     0  startup_stm32f10x_hd.o(.text)
    I2C2_EV_IRQHandler                       0x08000167   Thumb Code     0  startup_stm32f10x_hd.o(.text)
    PVD_IRQHandler                           0x08000167   Thumb Code     0  startup_stm32f10x_hd.o(.text)
    RCC_IRQHandler                           0x08000167   Thumb Code     0  startup_stm32f10x_hd.o(.text)
    RTCAlarm_IRQHandler                      0x08000167   Thumb Code     0  startup_stm32f10x_hd.o(.text)
    RTC_IRQHandler                           0x08000167   Thumb Code     0  startup_stm32f10x_hd.o(.text)
    SDIO_IRQHandler                          0x08000167   Thumb Code     0  startup_stm32f10x_hd.o(.text)
    SPI1_IRQHandler                          0x08000167   Thumb Code     0  startup_stm32f10x_hd.o(.text)
    SPI2_IRQHandler                          0x08000167   Thumb Code     0  startup_stm32f10x_hd.o(.text)
    SPI3_IRQHandler                          0x08000167   Thumb Code     0  startup_stm32f10x_hd.o(.text)
    TAMPER_IRQHandler                        0x08000167   Thumb Code     0  startup_stm32f10x_hd.o(.text)
    TIM1_BRK_IRQHandler                      0x08000167   Thumb Code     0  startup_stm32f10x_hd.o(.text)
    TIM1_CC_IRQHandler                       0x08000167   Thumb Code     0  startup_stm32f10x_hd.o(.text)
    TIM1_TRG_COM_IRQHandler                  0x08000167   Thumb Code     0  startup_stm32f10x_hd.o(.text)
    TIM1_UP_IRQHandler                       0x08000167   Thumb Code     0  startup_stm32f10x_hd.o(.text)
    TIM5_IRQHandler                          0x08000167   Thumb Code     0  startup_stm32f10x_hd.o(.text)
    TIM6_IRQHandler                          0x08000167   Thumb Code     0  startup_stm32f10x_hd.o(.text)
    TIM7_IRQHandler                          0x08000167   Thumb Code     0  startup_stm32f10x_hd.o(.text)
    TIM8_BRK_IRQHandler                      0x08000167   Thumb Code     0  startup_stm32f10x_hd.o(.text)
    TIM8_CC_IRQHandler                       0x08000167   Thumb Code     0  startup_stm32f10x_hd.o(.text)
    TIM8_TRG_COM_IRQHandler                  0x08000167   Thumb Code     0  startup_stm32f10x_hd.o(.text)
    TIM8_UP_IRQHandler                       0x08000167   Thumb Code     0  startup_stm32f10x_hd.o(.text)
    UART4_IRQHandler                         0x08000167   Thumb Code     0  startup_stm32f10x_hd.o(.text)
    UART5_IRQHandler                         0x08000167   Thumb Code     0  startup_stm32f10x_hd.o(.text)
    USART2_IRQHandler                        0x08000167   Thumb Code     0  startup_stm32f10x_hd.o(.text)
    USBWakeUp_IRQHandler                     0x08000167   Thumb Code     0  startup_stm32f10x_hd.o(.text)
    USB_HP_CAN1_TX_IRQHandler                0x08000167   Thumb Code     0  startup_stm32f10x_hd.o(.text)
    WWDG_IRQHandler                          0x08000167   Thumb Code     0  startup_stm32f10x_hd.o(.text)
    main                                     0x08000175   Thumb Code    40  main.o(.text)
    NMI_Handler                              0x080001a5   Thumb Code     2  stm32f10x_it.o(.text)
    HardFault_Handler                        0x080001a7   Thumb Code     2  stm32f10x_it.o(.text)
    MemManage_Handler                        0x080001a9   Thumb Code     2  stm32f10x_it.o(.text)
    BusFault_Handler                         0x080001ab   Thumb Code     2  stm32f10x_it.o(.text)
    UsageFault_Handler                       0x080001ad   Thumb Code     2  stm32f10x_it.o(.text)
    SVC_Handler                              0x080001af   Thumb Code     2  stm32f10x_it.o(.text)
    DebugMon_Handler                         0x080001b1   Thumb Code     2  stm32f10x_it.o(.text)
    PendSV_Handler                           0x080001b3   Thumb Code     2  stm32f10x_it.o(.text)
    USB_LP_CAN1_RX0_IRQHandler               0x080001b5   Thumb Code    18  stm32f10x_it.o(.text)
    USART1_IRQHandler                        0x080001c7   Thumb Code    18  stm32f10x_it.o(.text)
    USART3_IRQHandler                        0x080001d9   Thumb Code    18  stm32f10x_it.o(.text)
    TIM2_IRQHandler                          0x080001eb   Thumb Code     2  stm32f10x_it.o(.text)
    TIM3_IRQHandler                          0x080001ed   Thumb Code     2  stm32f10x_it.o(.text)
    TIM4_IRQHandler                          0x080001ef   Thumb Code     2  stm32f10x_it.o(.text)
    SysTick_Handler                          0x080001f1   Thumb Code    18  stm32f10x_it.o(.text)
    EXTI1_IRQHandler                         0x08000203   Thumb Code    32  stm32f10x_it.o(.text)
    initMemoryManager                        0x08000225   Thumb Code    52  systeminit.o(.text)
    initSystemObject                         0x08000259   Thumb Code    78  systeminit.o(.text)
    initControllerObject                     0x080002a7   Thumb Code   230  systeminit.o(.text)
    initSensorSlaverObject                   0x0800038d   Thumb Code   144  systeminit.o(.text)
    initTheoryObject                         0x0800041d   Thumb Code   442  systeminit.o(.text)
    InitWirelessSlavesExecute                0x080005d7   Thumb Code   180  systeminit.o(.text)
    initTimer1                               0x0800068b   Thumb Code    44  systeminit.o(.text)
    initTimer2                               0x080006b7   Thumb Code    44  systeminit.o(.text)
    initRuningValue                          0x080006e3   Thumb Code   104  systeminit.o(.text)
    initSystem                               0x0800074b   Thumb Code   158  systeminit.o(.text)
    QuerySensorPara                          0x08000815   Thumb Code    66  canquery.o(.text)
    QuerySlaverPara                          0x08000857   Thumb Code    66  canquery.o(.text)
    QueryControlPara                         0x08000899   Thumb Code  2126  canquery.o(.text)
    QueryOutStatus                           0x080010e7   Thumb Code   650  canquery.o(.text)
    QueryRealtimeData                        0x08001371   Thumb Code   196  canquery.o(.text)
    SetOutStatus                             0x08001449   Thumb Code   194  canset.o(.text)
    SetControlPara                           0x0800150b   Thumb Code  2798  canset.o(.text)
    Task_CanCommunication                    0x08001ffd   Thumb Code   344  cantask.o(.text)
    ReceiveCan                               0x08002155   Thumb Code    74  cantask.o(.text)
    Startup_Task                             0x080021b5   Thumb Code   176  createtask.o(.text)
    GetFocusVal1                             0x08002299   Thumb Code    12  display.o(.text)
    GetFocusVal                              0x080022a5   Thumb Code    24  display.o(.text)
    MenuInit                                 0x0800325d   Thumb Code    88  display.o(.text)
    getmodulus3                              0x08004ecd   Thumb Code    26  display.o(.text)
    getmodulus2                              0x08004ee7   Thumb Code    42  display.o(.text)
    getmodulus                               0x08004f11   Thumb Code    22  display.o(.text)
    Remote_KeyProcess                        0x08006249   Thumb Code  1610  display.o(.text)
    Remotescaning                            0x08006893   Thumb Code   186  display.o(.text)
    Task_Display                             0x0800694d   Thumb Code   172  display.o(.text)
    LxInitShowArr                            0x080069f9   Thumb Code   288  display.o(.text)
    setLuxAutoSettingDisplay                 0x08006b19   Thumb Code    48  display.o(.text)
    Task_WatchDog                            0x08006b51   Thumb Code    18  dogtask.o(.text)
    ExecuteSlaverOpen                        0x08006c21   Thumb Code   350  openclose.o(.text)
    ExecuteSlaverClose                       0x08006d7f   Thumb Code   220  openclose.o(.text)
    ALLNodeP203_ON_OFF                       0x08006e5b   Thumb Code    70  openclose.o(.text)
    ALLNodeP204_ON_OFF                       0x08006ea1   Thumb Code    68  openclose.o(.text)
    SendUSART                                0x08006efd   Thumb Code    48  energycollection.o(.text)
    Task_Energy                              0x08006f2d   Thumb Code   402  energycollection.o(.text)
    ReceiveEnergy                            0x080070bf   Thumb Code    96  energycollection.o(.text)
    FindSlaverAreaLuxClose                   0x08007131   Thumb Code   174  execute.o(.text)
    FindSlaverAreaLux                        0x080071df   Thumb Code   168  execute.o(.text)
    TheoryExecute                            0x080080ef   Thumb Code   446  execute.o(.text)
    Task_Execute                             0x080082ad   Thumb Code    62  execute.o(.text)
    inCleanEndTime                           0x080082eb   Thumb Code   316  execute.o(.text)
    inCleanTime                              0x08008427   Thumb Code   432  execute.o(.text)
    EraseFlash                               0x080085fd   Thumb Code    64  flash.o(.text)
    WriteFlash                               0x0800863d   Thumb Code    74  flash.o(.text)
    ReadFlash                                0x08008687   Thumb Code    26  flash.o(.text)
    InitializeListHead                       0x080086a1   Thumb Code     6  list.o(.text)
    IsListEmpty                              0x080086a7   Thumb Code    12  list.o(.text)
    RemoveEntryList                          0x080086b3   Thumb Code    18  list.o(.text)
    RemoveHeadList                           0x080086c5   Thumb Code    12  list.o(.text)
    RemoveTailList                           0x080086d1   Thumb Code    12  list.o(.text)
    InsertTailList                           0x080086dd   Thumb Code    12  list.o(.text)
    InsertHeadList                           0x080086e9   Thumb Code    12  list.o(.text)
    tmr1_callback                            0x080086f5   Thumb Code   194  timer.o(.text)
    tmr2_callback                            0x080087fb   Thumb Code  1394  timer.o(.text)
    Task_Wireless                            0x080090fb   Thumb Code  1520  wireless.o(.text)
    ReceiveWireless                          0x080096eb   Thumb Code    98  wireless.o(.text)
    ReadSystemInfo                           0x08009759   Thumb Code    22  storagemanager.o(.text)
    WriteSystemInfo                          0x0800976f   Thumb Code    38  storagemanager.o(.text)
    ReadControllerInfo                       0x08009795   Thumb Code    22  storagemanager.o(.text)
    WriteControllerInfo                      0x080097ab   Thumb Code    38  storagemanager.o(.text)
    ReadSlaverInfo                           0x080097d1   Thumb Code    60  storagemanager.o(.text)
    WriteSlaverInfo                          0x0800980d   Thumb Code    82  storagemanager.o(.text)
    ReadSensorInfo                           0x0800985f   Thumb Code    62  storagemanager.o(.text)
    WriteSensorInfo                          0x0800989d   Thumb Code    84  storagemanager.o(.text)
    ReadTheoryInfo                           0x080098f1   Thumb Code    26  storagemanager.o(.text)
    WriteTheoryInfo                          0x0800990b   Thumb Code    42  storagemanager.o(.text)
    ResetDefaultSetting                      0x08009935   Thumb Code    46  storagemanager.o(.text)
    QueryManNumber                           0x0800998d   Thumb Code   246  sensorcollection.o(.text)
    CleanManNumber                           0x08009a83   Thumb Code   226  sensorcollection.o(.text)
    QueryInteractionLux                      0x08009b65   Thumb Code   314  sensorcollection.o(.text)
    Task_Sensor                              0x08009c9f   Thumb Code   326  sensorcollection.o(.text)
    ReceiveSensor                            0x08009de5   Thumb Code    96  sensorcollection.o(.text)
    SLEEP_State                              0x08009e45   Thumb Code   104  sensorcollection.o(.text)
    SetLuxClose                              0x08009f25   Thumb Code   170  lux.o(.text)
    FindMaxLX                                0x08009fcf   Thumb Code    70  lux.o(.text)
    FindMaxCloseLX                           0x0800a015   Thumb Code    76  lux.o(.text)
    FindMinOpenLX                            0x0800a061   Thumb Code     6  lux.o(.text)
    RestoreDefaultLuxClose                   0x0800a067   Thumb Code   168  lux.o(.text)
    Task_AutoSetting                         0x0800a491   Thumb Code    56  lux.o(.text)
    USART_DeInit                             0x0800a4d1   Thumb Code   150  stm32f10x_usart.o(.text)
    USART_Init                               0x0800a567   Thumb Code   140  stm32f10x_usart.o(.text)
    USART_StructInit                         0x0800a5f3   Thumb Code    22  stm32f10x_usart.o(.text)
    USART_ClockInit                          0x0800a609   Thumb Code    36  stm32f10x_usart.o(.text)
    USART_ClockStructInit                    0x0800a62d   Thumb Code    12  stm32f10x_usart.o(.text)
    USART_Cmd                                0x0800a639   Thumb Code    18  stm32f10x_usart.o(.text)
    USART_ITConfig                           0x0800a64b   Thumb Code    48  stm32f10x_usart.o(.text)
    USART_DMACmd                             0x0800a67b   Thumb Code    16  stm32f10x_usart.o(.text)
    USART_SetAddress                         0x0800a68b   Thumb Code    16  stm32f10x_usart.o(.text)
    USART_WakeUpConfig                       0x0800a69b   Thumb Code    16  stm32f10x_usart.o(.text)
    USART_ReceiverWakeUpCmd                  0x0800a6ab   Thumb Code    18  stm32f10x_usart.o(.text)
    USART_LINBreakDetectLengthConfig         0x0800a6bd   Thumb Code    16  stm32f10x_usart.o(.text)
    USART_LINCmd                             0x0800a6cd   Thumb Code    18  stm32f10x_usart.o(.text)
    USART_SendData                           0x0800a6df   Thumb Code     8  stm32f10x_usart.o(.text)
    USART_ReceiveData                        0x0800a6e7   Thumb Code     8  stm32f10x_usart.o(.text)
    USART_SendBreak                          0x0800a6ef   Thumb Code    10  stm32f10x_usart.o(.text)
    USART_SetGuardTime                       0x0800a6f9   Thumb Code    16  stm32f10x_usart.o(.text)
    USART_SetPrescaler                       0x0800a709   Thumb Code    16  stm32f10x_usart.o(.text)
    USART_SmartCardCmd                       0x0800a719   Thumb Code    18  stm32f10x_usart.o(.text)
    USART_SmartCardNACKCmd                   0x0800a72b   Thumb Code    18  stm32f10x_usart.o(.text)
    USART_HalfDuplexCmd                      0x0800a73d   Thumb Code    18  stm32f10x_usart.o(.text)
    USART_IrDAConfig                         0x0800a74f   Thumb Code    16  stm32f10x_usart.o(.text)
    USART_IrDACmd                            0x0800a75f   Thumb Code    18  stm32f10x_usart.o(.text)
    USART_GetFlagStatus                      0x0800a771   Thumb Code    14  stm32f10x_usart.o(.text)
    USART_ClearFlag                          0x0800a77f   Thumb Code     6  stm32f10x_usart.o(.text)
    USART_GetITStatus                        0x0800a785   Thumb Code    66  stm32f10x_usart.o(.text)
    USART_ClearITPendingBit                  0x0800a7c7   Thumb Code    14  stm32f10x_usart.o(.text)
    GPIO_DeInit                              0x0800a7dd   Thumb Code   194  stm32f10x_gpio.o(.text)
    GPIO_AFIODeInit                          0x0800a89f   Thumb Code    22  stm32f10x_gpio.o(.text)
    GPIO_Init                                0x0800a8b5   Thumb Code   192  stm32f10x_gpio.o(.text)
    GPIO_StructInit                          0x0800a975   Thumb Code    16  stm32f10x_gpio.o(.text)
    GPIO_ReadInputDataBit                    0x0800a985   Thumb Code    14  stm32f10x_gpio.o(.text)
    GPIO_ReadInputData                       0x0800a993   Thumb Code     6  stm32f10x_gpio.o(.text)
    GPIO_ReadOutputDataBit                   0x0800a999   Thumb Code    14  stm32f10x_gpio.o(.text)
    GPIO_ReadOutputData                      0x0800a9a7   Thumb Code     6  stm32f10x_gpio.o(.text)
    GPIO_SetBits                             0x0800a9ad   Thumb Code     4  stm32f10x_gpio.o(.text)
    GPIO_ResetBits                           0x0800a9b1   Thumb Code     4  stm32f10x_gpio.o(.text)
    GPIO_WriteBit                            0x0800a9b5   Thumb Code    10  stm32f10x_gpio.o(.text)
    GPIO_Write                               0x0800a9bf   Thumb Code     4  stm32f10x_gpio.o(.text)
    GPIO_PinLockConfig                       0x0800a9c3   Thumb Code    16  stm32f10x_gpio.o(.text)
    GPIO_EventOutputConfig                   0x0800a9d3   Thumb Code    22  stm32f10x_gpio.o(.text)
    GPIO_EventOutputCmd                      0x0800a9e9   Thumb Code     6  stm32f10x_gpio.o(.text)
    GPIO_PinRemapConfig                      0x0800a9ef   Thumb Code    84  stm32f10x_gpio.o(.text)
    GPIO_EXTILineConfig                      0x0800aa43   Thumb Code    40  stm32f10x_gpio.o(.text)
    RCC_DeInit                               0x0800aa79   Thumb Code    52  stm32f10x_rcc.o(.text)
    RCC_HSEConfig                            0x0800aaad   Thumb Code    50  stm32f10x_rcc.o(.text)
    RCC_GetFlagStatus                        0x0800aadf   Thumb Code    42  stm32f10x_rcc.o(.text)
    RCC_WaitForHSEStartUp                    0x0800ab09   Thumb Code    48  stm32f10x_rcc.o(.text)
    RCC_AdjustHSICalibrationValue            0x0800ab39   Thumb Code    16  stm32f10x_rcc.o(.text)
    RCC_HSICmd                               0x0800ab49   Thumb Code     6  stm32f10x_rcc.o(.text)
    RCC_PLLConfig                            0x0800ab4f   Thumb Code    16  stm32f10x_rcc.o(.text)
    RCC_PLLCmd                               0x0800ab5f   Thumb Code     6  stm32f10x_rcc.o(.text)
    RCC_SYSCLKConfig                         0x0800ab65   Thumb Code    14  stm32f10x_rcc.o(.text)
    RCC_GetSYSCLKSource                      0x0800ab73   Thumb Code    10  stm32f10x_rcc.o(.text)
    RCC_HCLKConfig                           0x0800ab7d   Thumb Code    14  stm32f10x_rcc.o(.text)
    RCC_PCLK1Config                          0x0800ab8b   Thumb Code    14  stm32f10x_rcc.o(.text)
    RCC_PCLK2Config                          0x0800ab99   Thumb Code    16  stm32f10x_rcc.o(.text)
    RCC_ITConfig                             0x0800aba9   Thumb Code    18  stm32f10x_rcc.o(.text)
    RCC_USBCLKConfig                         0x0800abbb   Thumb Code     8  stm32f10x_rcc.o(.text)
    RCC_ADCCLKConfig                         0x0800abc3   Thumb Code    14  stm32f10x_rcc.o(.text)
    RCC_LSEConfig                            0x0800abd1   Thumb Code    30  stm32f10x_rcc.o(.text)
    RCC_LSICmd                               0x0800abef   Thumb Code     6  stm32f10x_rcc.o(.text)
    RCC_RTCCLKConfig                         0x0800abf5   Thumb Code    10  stm32f10x_rcc.o(.text)
    RCC_RTCCLKCmd                            0x0800abff   Thumb Code     6  stm32f10x_rcc.o(.text)
    RCC_GetClocksFreq                        0x0800ac05   Thumb Code   148  stm32f10x_rcc.o(.text)
    RCC_AHBPeriphClockCmd                    0x0800ac99   Thumb Code    18  stm32f10x_rcc.o(.text)
    RCC_APB2PeriphClockCmd                   0x0800acab   Thumb Code    18  stm32f10x_rcc.o(.text)
    RCC_APB1PeriphClockCmd                   0x0800acbd   Thumb Code    18  stm32f10x_rcc.o(.text)
    RCC_APB2PeriphResetCmd                   0x0800accf   Thumb Code    18  stm32f10x_rcc.o(.text)
    RCC_APB1PeriphResetCmd                   0x0800ace1   Thumb Code    18  stm32f10x_rcc.o(.text)
    RCC_BackupResetCmd                       0x0800acf3   Thumb Code     6  stm32f10x_rcc.o(.text)
    RCC_ClockSecuritySystemCmd               0x0800acf9   Thumb Code     6  stm32f10x_rcc.o(.text)
    RCC_MCOConfig                            0x0800acff   Thumb Code     6  stm32f10x_rcc.o(.text)
    RCC_ClearFlag                            0x0800ad05   Thumb Code    12  stm32f10x_rcc.o(.text)
    RCC_GetITStatus                          0x0800ad11   Thumb Code    16  stm32f10x_rcc.o(.text)
    RCC_ClearITPendingBit                    0x0800ad21   Thumb Code     6  stm32f10x_rcc.o(.text)
    NVIC_PriorityGroupConfig                 0x0800ad4d   Thumb Code    14  misc.o(.text)
    NVIC_Init                                0x0800ad5b   Thumb Code   114  misc.o(.text)
    NVIC_SetVectorTable                      0x0800adcd   Thumb Code    16  misc.o(.text)
    NVIC_SystemLPConfig                      0x0800addd   Thumb Code    18  misc.o(.text)
    SysTick_CLKSourceConfig                  0x0800adef   Thumb Code    22  misc.o(.text)
    ADC_DeInit                               0x0800ae11   Thumb Code    92  stm32f10x_adc.o(.text)
    ADC_Init                                 0x0800ae6d   Thumb Code    70  stm32f10x_adc.o(.text)
    ADC_StructInit                           0x0800aeb3   Thumb Code    18  stm32f10x_adc.o(.text)
    ADC_Cmd                                  0x0800aec5   Thumb Code    18  stm32f10x_adc.o(.text)
    ADC_DMACmd                               0x0800aed7   Thumb Code    18  stm32f10x_adc.o(.text)
    ADC_ITConfig                             0x0800aee9   Thumb Code    18  stm32f10x_adc.o(.text)
    ADC_ResetCalibration                     0x0800aefb   Thumb Code    10  stm32f10x_adc.o(.text)
    ADC_GetResetCalibrationStatus            0x0800af05   Thumb Code    16  stm32f10x_adc.o(.text)
    ADC_StartCalibration                     0x0800af15   Thumb Code    10  stm32f10x_adc.o(.text)
    ADC_GetCalibrationStatus                 0x0800af1f   Thumb Code    16  stm32f10x_adc.o(.text)
    ADC_SoftwareStartConvCmd                 0x0800af2f   Thumb Code    18  stm32f10x_adc.o(.text)
    ADC_GetSoftwareStartConvStatus           0x0800af41   Thumb Code    16  stm32f10x_adc.o(.text)
    ADC_DiscModeChannelCountConfig           0x0800af51   Thumb Code    16  stm32f10x_adc.o(.text)
    ADC_DiscModeCmd                          0x0800af61   Thumb Code    18  stm32f10x_adc.o(.text)
    ADC_RegularChannelConfig                 0x0800af73   Thumb Code   144  stm32f10x_adc.o(.text)
    ADC_ExternalTrigConvCmd                  0x0800b003   Thumb Code    18  stm32f10x_adc.o(.text)
    ADC_GetConversionValue                   0x0800b015   Thumb Code     6  stm32f10x_adc.o(.text)
    ADC_GetDualModeConversionValue           0x0800b01b   Thumb Code     6  stm32f10x_adc.o(.text)
    ADC_AutoInjectedConvCmd                  0x0800b021   Thumb Code    18  stm32f10x_adc.o(.text)
    ADC_InjectedDiscModeCmd                  0x0800b033   Thumb Code    18  stm32f10x_adc.o(.text)
    ADC_ExternalTrigInjectedConvConfig       0x0800b045   Thumb Code    12  stm32f10x_adc.o(.text)
    ADC_ExternalTrigInjectedConvCmd          0x0800b051   Thumb Code    18  stm32f10x_adc.o(.text)
    ADC_SoftwareStartInjectedConvCmd         0x0800b063   Thumb Code    18  stm32f10x_adc.o(.text)
    ADC_GetSoftwareStartInjectedConvCmdStatus 0x0800b075   Thumb Code    16  stm32f10x_adc.o(.text)
    ADC_InjectedChannelConfig                0x0800b085   Thumb Code    92  stm32f10x_adc.o(.text)
    ADC_InjectedSequencerLengthConfig        0x0800b0e1   Thumb Code    16  stm32f10x_adc.o(.text)
    ADC_SetInjectedOffset                    0x0800b0f1   Thumb Code     4  stm32f10x_adc.o(.text)
    ADC_GetInjectedConversionValue           0x0800b0f5   Thumb Code     8  stm32f10x_adc.o(.text)
    ADC_AnalogWatchdogCmd                    0x0800b0fd   Thumb Code    16  stm32f10x_adc.o(.text)
    ADC_AnalogWatchdogThresholdsConfig       0x0800b10d   Thumb Code     6  stm32f10x_adc.o(.text)
    ADC_AnalogWatchdogSingleChannelConfig    0x0800b113   Thumb Code    12  stm32f10x_adc.o(.text)
    ADC_TempSensorVrefintCmd                 0x0800b11f   Thumb Code    20  stm32f10x_adc.o(.text)
    ADC_GetFlagStatus                        0x0800b133   Thumb Code    14  stm32f10x_adc.o(.text)
    ADC_ClearFlag                            0x0800b141   Thumb Code     6  stm32f10x_adc.o(.text)
    ADC_GetITStatus                          0x0800b147   Thumb Code    28  stm32f10x_adc.o(.text)
    ADC_ClearITPendingBit                    0x0800b163   Thumb Code     8  stm32f10x_adc.o(.text)
    CAN_DeInit                               0x0800b179   Thumb Code    36  stm32f10x_can.o(.text)
    CAN_Init                                 0x0800b19d   Thumb Code   232  stm32f10x_can.o(.text)
    CAN_FilterInit                           0x0800b285   Thumb Code   216  stm32f10x_can.o(.text)
    CAN_StructInit                           0x0800b35d   Thumb Code    32  stm32f10x_can.o(.text)
    CAN_ITConfig                             0x0800b37d   Thumb Code    16  stm32f10x_can.o(.text)
    CAN_Transmit                             0x0800b38d   Thumb Code   192  stm32f10x_can.o(.text)
    CAN_TransmitStatus                       0x0800b44d   Thumb Code   126  stm32f10x_can.o(.text)
    CAN_CancelTransmit                       0x0800b4cb   Thumb Code    40  stm32f10x_can.o(.text)
    CAN_FIFORelease                          0x0800b4f3   Thumb Code    12  stm32f10x_can.o(.text)
    CAN_MessagePending                       0x0800b4ff   Thumb Code    26  stm32f10x_can.o(.text)
    CAN_Receive                              0x0800b519   Thumb Code   170  stm32f10x_can.o(.text)
    CAN_DBGFreeze                            0x0800b5c3   Thumb Code    18  stm32f10x_can.o(.text)
    CAN_Sleep                                0x0800b5d5   Thumb Code    30  stm32f10x_can.o(.text)
    CAN_WakeUp                               0x0800b5f3   Thumb Code    42  stm32f10x_can.o(.text)
    CAN_GetFlagStatus                        0x0800b61d   Thumb Code    14  stm32f10x_can.o(.text)
    CAN_ClearFlag                            0x0800b62b   Thumb Code    10  stm32f10x_can.o(.text)
    CAN_GetITStatus                          0x0800b635   Thumb Code   238  stm32f10x_can.o(.text)
    CAN_ClearITPendingBit                    0x0800b723   Thumb Code   144  stm32f10x_can.o(.text)
    DMA_DeInit                               0x0800b7b5   Thumb Code   210  stm32f10x_dma.o(.text)
    DMA_Init                                 0x0800b887   Thumb Code    82  stm32f10x_dma.o(.text)
    DMA_StructInit                           0x0800b8d9   Thumb Code    26  stm32f10x_dma.o(.text)
    DMA_Cmd                                  0x0800b8f3   Thumb Code    18  stm32f10x_dma.o(.text)
    DMA_ITConfig                             0x0800b905   Thumb Code    16  stm32f10x_dma.o(.text)
    DMA_GetCurrDataCounter                   0x0800b915   Thumb Code     6  stm32f10x_dma.o(.text)
    DMA_GetFlagStatus                        0x0800b91b   Thumb Code    24  stm32f10x_dma.o(.text)
    DMA_ClearFlag                            0x0800b933   Thumb Code    16  stm32f10x_dma.o(.text)
    DMA_GetITStatus                          0x0800b943   Thumb Code    24  stm32f10x_dma.o(.text)
    DMA_ClearITPendingBit                    0x0800b95b   Thumb Code    16  stm32f10x_dma.o(.text)
    EXTI_DeInit                              0x0800b985   Thumb Code    26  stm32f10x_exti.o(.text)
    EXTI_Init                                0x0800b99f   Thumb Code   148  stm32f10x_exti.o(.text)
    EXTI_StructInit                          0x0800ba33   Thumb Code    14  stm32f10x_exti.o(.text)
    EXTI_GenerateSWInterrupt                 0x0800ba41   Thumb Code    10  stm32f10x_exti.o(.text)
    EXTI_GetFlagStatus                       0x0800ba4b   Thumb Code    16  stm32f10x_exti.o(.text)
    EXTI_ClearFlag                           0x0800ba5b   Thumb Code     6  stm32f10x_exti.o(.text)
    EXTI_GetITStatus                         0x0800ba61   Thumb Code    24  stm32f10x_exti.o(.text)
    EXTI_ClearITPendingBit                   0x0800ba79   Thumb Code     6  stm32f10x_exti.o(.text)
    FLASH_SetLatency                         0x0800ba95   Thumb Code    14  stm32f10x_flash.o(.text)
    FLASH_HalfCycleAccessCmd                 0x0800baa3   Thumb Code    18  stm32f10x_flash.o(.text)
    FLASH_PrefetchBufferCmd                  0x0800bab5   Thumb Code    18  stm32f10x_flash.o(.text)
    FLASH_Unlock                             0x0800bac7   Thumb Code    12  stm32f10x_flash.o(.text)
    FLASH_Lock                               0x0800bad3   Thumb Code    12  stm32f10x_flash.o(.text)
    FLASH_GetStatus                          0x0800badf   Thumb Code    40  stm32f10x_flash.o(.text)
    FLASH_WaitForLastOperation               0x0800bb07   Thumb Code   126  stm32f10x_flash.o(.text)
    FLASH_ErasePage                          0x0800bb85   Thumb Code    64  stm32f10x_flash.o(.text)
    FLASH_EraseAllPages                      0x0800bbc5   Thumb Code    60  stm32f10x_flash.o(.text)
    FLASH_EraseOptionBytes                   0x0800bc01   Thumb Code   110  stm32f10x_flash.o(.text)
    FLASH_ProgramWord                        0x0800bc6f   Thumb Code    76  stm32f10x_flash.o(.text)
    FLASH_ProgramHalfWord                    0x0800bcbb   Thumb Code    54  stm32f10x_flash.o(.text)
    FLASH_ProgramOptionByteData              0x0800bcf1   Thumb Code    62  stm32f10x_flash.o(.text)
    FLASH_EnableWriteProtection              0x0800bd2f   Thumb Code   154  stm32f10x_flash.o(.text)
    FLASH_ReadOutProtection                  0x0800bdc9   Thumb Code   124  stm32f10x_flash.o(.text)
    FLASH_UserOptionByteConfig               0x0800be45   Thumb Code   112  stm32f10x_flash.o(.text)
    FLASH_GetUserOptionByte                  0x0800beb5   Thumb Code     8  stm32f10x_flash.o(.text)
    FLASH_GetWriteProtectionOptionByte       0x0800bebd   Thumb Code     6  stm32f10x_flash.o(.text)
    FLASH_GetReadOutProtectionStatus         0x0800bec3   Thumb Code    16  stm32f10x_flash.o(.text)
    FLASH_GetPrefetchBufferStatus            0x0800bed3   Thumb Code    16  stm32f10x_flash.o(.text)
    FLASH_ITConfig                           0x0800bee3   Thumb Code    18  stm32f10x_flash.o(.text)
    FLASH_GetFlagStatus                      0x0800bef5   Thumb Code    34  stm32f10x_flash.o(.text)
    FLASH_ClearFlag                          0x0800bf17   Thumb Code     6  stm32f10x_flash.o(.text)
    IWDG_WriteAccessCmd                      0x0800bf21   Thumb Code     6  stm32f10x_iwdg.o(.text)
    IWDG_SetPrescaler                        0x0800bf27   Thumb Code     6  stm32f10x_iwdg.o(.text)
    IWDG_SetReload                           0x0800bf2d   Thumb Code     6  stm32f10x_iwdg.o(.text)
    IWDG_ReloadCounter                       0x0800bf33   Thumb Code    10  stm32f10x_iwdg.o(.text)
    IWDG_Enable                              0x0800bf3d   Thumb Code    10  stm32f10x_iwdg.o(.text)
    IWDG_GetFlagStatus                       0x0800bf47   Thumb Code    16  stm32f10x_iwdg.o(.text)
    TIM_DeInit                               0x0800bf5d   Thumb Code   222  stm32f10x_tim.o(.text)
    TIM_TimeBaseInit                         0x0800c03b   Thumb Code    56  stm32f10x_tim.o(.text)
    TIM_OC1Init                              0x0800c073   Thumb Code   104  stm32f10x_tim.o(.text)
    TIM_OC2Init                              0x0800c0db   Thumb Code   132  stm32f10x_tim.o(.text)
    TIM_OC3Init                              0x0800c15f   Thumb Code   130  stm32f10x_tim.o(.text)
    TIM_OC4Init                              0x0800c1e1   Thumb Code   106  stm32f10x_tim.o(.text)
    TIM_SetIC4Prescaler                      0x0800c24b   Thumb Code    24  stm32f10x_tim.o(.text)
    TIM_SetIC3Prescaler                      0x0800c263   Thumb Code    16  stm32f10x_tim.o(.text)
    TIM_SetIC2Prescaler                      0x0800c273   Thumb Code    24  stm32f10x_tim.o(.text)
    TIM_SetIC1Prescaler                      0x0800c28b   Thumb Code    16  stm32f10x_tim.o(.text)
    TIM_ICInit                               0x0800c29b   Thumb Code   248  stm32f10x_tim.o(.text)
    TIM_PWMIConfig                           0x0800c393   Thumb Code   216  stm32f10x_tim.o(.text)
    TIM_BDTRConfig                           0x0800c46b   Thumb Code    36  stm32f10x_tim.o(.text)
    TIM_TimeBaseStructInit                   0x0800c48f   Thumb Code    18  stm32f10x_tim.o(.text)
    TIM_OCStructInit                         0x0800c4a1   Thumb Code    20  stm32f10x_tim.o(.text)
    TIM_ICStructInit                         0x0800c4b5   Thumb Code    16  stm32f10x_tim.o(.text)
    TIM_BDTRStructInit                       0x0800c4c5   Thumb Code    18  stm32f10x_tim.o(.text)
    TIM_Cmd                                  0x0800c4d7   Thumb Code    22  stm32f10x_tim.o(.text)
    TIM_CtrlPWMOutputs                       0x0800c4ed   Thumb Code    22  stm32f10x_tim.o(.text)
    TIM_ITConfig                             0x0800c503   Thumb Code    16  stm32f10x_tim.o(.text)
    TIM_GenerateEvent                        0x0800c513   Thumb Code     4  stm32f10x_tim.o(.text)
    TIM_DMAConfig                            0x0800c517   Thumb Code     8  stm32f10x_tim.o(.text)
    TIM_DMACmd                               0x0800c51f   Thumb Code    16  stm32f10x_tim.o(.text)
    TIM_InternalClockConfig                  0x0800c52f   Thumb Code    10  stm32f10x_tim.o(.text)
    TIM_SelectInputTrigger                   0x0800c539   Thumb Code    12  stm32f10x_tim.o(.text)
    TIM_ITRxExternalClockConfig              0x0800c545   Thumb Code    20  stm32f10x_tim.o(.text)
    TIM_TIxExternalClockConfig               0x0800c559   Thumb Code    88  stm32f10x_tim.o(.text)
    TIM_ETRConfig                            0x0800c5b1   Thumb Code    28  stm32f10x_tim.o(.text)
    TIM_ETRClockMode1Config                  0x0800c5cd   Thumb Code    36  stm32f10x_tim.o(.text)
    TIM_ETRClockMode2Config                  0x0800c5f1   Thumb Code    36  stm32f10x_tim.o(.text)
    TIM_PrescalerConfig                      0x0800c615   Thumb Code     6  stm32f10x_tim.o(.text)
    TIM_CounterModeConfig                    0x0800c61b   Thumb Code    16  stm32f10x_tim.o(.text)
    TIM_EncoderInterfaceConfig               0x0800c62b   Thumb Code    60  stm32f10x_tim.o(.text)
    TIM_ForcedOC1Config                      0x0800c667   Thumb Code    12  stm32f10x_tim.o(.text)
    TIM_ForcedOC2Config                      0x0800c673   Thumb Code    20  stm32f10x_tim.o(.text)
    TIM_ForcedOC3Config                      0x0800c687   Thumb Code    12  stm32f10x_tim.o(.text)
    TIM_ForcedOC4Config                      0x0800c693   Thumb Code    20  stm32f10x_tim.o(.text)
    TIM_ARRPreloadConfig                     0x0800c6a7   Thumb Code    22  stm32f10x_tim.o(.text)
    TIM_SelectCOM                            0x0800c6bd   Thumb Code    18  stm32f10x_tim.o(.text)
    TIM_SelectCCDMA                          0x0800c6cf   Thumb Code    18  stm32f10x_tim.o(.text)
    TIM_CCPreloadControl                     0x0800c6e1   Thumb Code    18  stm32f10x_tim.o(.text)
    TIM_OC1PreloadConfig                     0x0800c6f3   Thumb Code    12  stm32f10x_tim.o(.text)
    TIM_OC2PreloadConfig                     0x0800c6ff   Thumb Code    20  stm32f10x_tim.o(.text)
    TIM_OC3PreloadConfig                     0x0800c713   Thumb Code    12  stm32f10x_tim.o(.text)
    TIM_OC4PreloadConfig                     0x0800c71f   Thumb Code    20  stm32f10x_tim.o(.text)
    TIM_OC1FastConfig                        0x0800c733   Thumb Code    12  stm32f10x_tim.o(.text)
    TIM_OC2FastConfig                        0x0800c73f   Thumb Code    20  stm32f10x_tim.o(.text)
    TIM_OC3FastConfig                        0x0800c753   Thumb Code    12  stm32f10x_tim.o(.text)
    TIM_OC4FastConfig                        0x0800c75f   Thumb Code    20  stm32f10x_tim.o(.text)
    TIM_ClearOC1Ref                          0x0800c773   Thumb Code    12  stm32f10x_tim.o(.text)
    TIM_ClearOC2Ref                          0x0800c77f   Thumb Code    20  stm32f10x_tim.o(.text)
    TIM_ClearOC3Ref                          0x0800c793   Thumb Code    12  stm32f10x_tim.o(.text)
    TIM_ClearOC4Ref                          0x0800c79f   Thumb Code    20  stm32f10x_tim.o(.text)
    TIM_OC1PolarityConfig                    0x0800c7b3   Thumb Code    12  stm32f10x_tim.o(.text)
    TIM_OC1NPolarityConfig                   0x0800c7bf   Thumb Code    12  stm32f10x_tim.o(.text)
    TIM_OC2PolarityConfig                    0x0800c7cb   Thumb Code    20  stm32f10x_tim.o(.text)
    TIM_OC2NPolarityConfig                   0x0800c7df   Thumb Code    20  stm32f10x_tim.o(.text)
    TIM_OC3PolarityConfig                    0x0800c7f3   Thumb Code    20  stm32f10x_tim.o(.text)
    TIM_OC3NPolarityConfig                   0x0800c807   Thumb Code    20  stm32f10x_tim.o(.text)
    TIM_OC4PolarityConfig                    0x0800c81b   Thumb Code    20  stm32f10x_tim.o(.text)
    TIM_CCxCmd                               0x0800c82f   Thumb Code    28  stm32f10x_tim.o(.text)
    TIM_CCxNCmd                              0x0800c84b   Thumb Code    28  stm32f10x_tim.o(.text)
    TIM_SelectOCxM                           0x0800c867   Thumb Code    80  stm32f10x_tim.o(.text)
    TIM_UpdateDisableConfig                  0x0800c8b7   Thumb Code    22  stm32f10x_tim.o(.text)
    TIM_UpdateRequestConfig                  0x0800c8cd   Thumb Code    22  stm32f10x_tim.o(.text)
    TIM_SelectHallSensor                     0x0800c8e3   Thumb Code    18  stm32f10x_tim.o(.text)
    TIM_SelectOnePulseMode                   0x0800c8f5   Thumb Code    20  stm32f10x_tim.o(.text)
    TIM_SelectOutputTrigger                  0x0800c909   Thumb Code    16  stm32f10x_tim.o(.text)
    TIM_SelectSlaveMode                      0x0800c919   Thumb Code    16  stm32f10x_tim.o(.text)
    TIM_SelectMasterSlaveMode                0x0800c929   Thumb Code    16  stm32f10x_tim.o(.text)
    TIM_SetCounter                           0x0800c939   Thumb Code     4  stm32f10x_tim.o(.text)
    TIM_SetAutoreload                        0x0800c93d   Thumb Code     4  stm32f10x_tim.o(.text)
    TIM_SetCompare1                          0x0800c941   Thumb Code     4  stm32f10x_tim.o(.text)
    TIM_SetCompare2                          0x0800c945   Thumb Code     4  stm32f10x_tim.o(.text)
    TIM_SetCompare3                          0x0800c949   Thumb Code     4  stm32f10x_tim.o(.text)
    TIM_SetCompare4                          0x0800c94d   Thumb Code     6  stm32f10x_tim.o(.text)
    TIM_SetClockDivision                     0x0800c953   Thumb Code    14  stm32f10x_tim.o(.text)
    TIM_GetCapture1                          0x0800c961   Thumb Code     4  stm32f10x_tim.o(.text)
    TIM_GetCapture2                          0x0800c965   Thumb Code     4  stm32f10x_tim.o(.text)
    TIM_GetCapture3                          0x0800c969   Thumb Code     4  stm32f10x_tim.o(.text)
    TIM_GetCapture4                          0x0800c96d   Thumb Code     6  stm32f10x_tim.o(.text)
    TIM_GetCounter                           0x0800c973   Thumb Code     4  stm32f10x_tim.o(.text)
    TIM_GetPrescaler                         0x0800c977   Thumb Code     4  stm32f10x_tim.o(.text)
    TIM_GetFlagStatus                        0x0800c97b   Thumb Code    14  stm32f10x_tim.o(.text)
    TIM_ClearFlag                            0x0800c989   Thumb Code     6  stm32f10x_tim.o(.text)
    TIM_GetITStatus                          0x0800c98f   Thumb Code    22  stm32f10x_tim.o(.text)
    TIM_ClearITPendingBit                    0x0800c9a5   Thumb Code     6  stm32f10x_tim.o(.text)
    SystemInit                               0x0800c9e9   Thumb Code   212  system_stm32f10x.o(.text)
    Get_Week                                 0x0800cac9   Thumb Code    86  bl5372.o(.text)
    I2C_BL5372_WriteByte                     0x0800cbed   Thumb Code   156  bl5372.o(.text)
    I2C_BL5372_ReadByte                      0x0800cc89   Thumb Code   214  bl5372.o(.text)
    Init_BL5372                              0x0800cd5f   Thumb Code   268  bl5372.o(.text)
    BL5372_SetBCD                            0x0800ce6b   Thumb Code   110  bl5372.o(.text)
    BL5372_Read                              0x0800ced9   Thumb Code   458  bl5372.o(.text)
    BL5372_ReadBCD                           0x0800d0a3   Thumb Code    88  bl5372.o(.text)
    Inside_Temp                              0x0800d0fb   Thumb Code   234  bl5372.o(.text)
    F_Difference                             0x0800d1e5   Thumb Code    84  bl5372.o(.text)
    BSP_Init                                 0x0800d305   Thumb Code     4  bsp.o(.text)
    delay_init                               0x0800d309   Thumb Code    52  delay.o(.text)
    Delay_us                                 0x0800d33d   Thumb Code    56  delay.o(.text)
    Delay_ms                                 0x0800d375   Thumb Code    98  delay.o(.text)
    DIR_1WIRE_OUT                            0x0800d3e1   Thumb Code    30  ds18b20.o(.text)
    init_1820                                0x0800d3ff   Thumb Code    86  ds18b20.o(.text)
    write_1820                               0x0800d455   Thumb Code   112  ds18b20.o(.text)
    read_1820                                0x0800d4c5   Thumb Code   136  ds18b20.o(.text)
    DS18B20_Convert                          0x0800d54d   Thumb Code    20  ds18b20.o(.text)
    Get_Temp                                 0x0800d561   Thumb Code   108  ds18b20.o(.text)
    SPI_RW                                   0x0800d5d5   Thumb Code   100  jf24d.o(.text)
    SPI_Write_Reg                            0x0800d639   Thumb Code    26  jf24d.o(.text)
    SPI_Read_Reg                             0x0800d653   Thumb Code    44  jf24d.o(.text)
    SPI_Read_Buf                             0x0800d67f   Thumb Code    48  jf24d.o(.text)
    SPI_Write_Buf                            0x0800d6af   Thumb Code    46  jf24d.o(.text)
    Enter_PRX                                0x0800d6dd   Thumb Code    54  jf24d.o(.text)
    Enter_PTX                                0x0800d713   Thumb Code    58  jf24d.o(.text)
    SwitchCFG                                0x0800d74d   Thumb Code    36  jf24d.o(.text)
    JF24D_Init                               0x0800d771   Thumb Code   438  jf24d.o(.text)
    IsInitWirelessModuleSuccess              0x0800d927   Thumb Code    18  jf24d.o(.text)
    Send_Packet                              0x0800d939   Thumb Code    34  jf24d.o(.text)
    Receive_Packet                           0x0800d95b   Thumb Code   194  jf24d.o(.text)
    ChangeRF24Dchannel                       0x0800da1d   Thumb Code    28  jf24d.o(.text)
    InitWirelessModule                       0x0800da39   Thumb Code   100  jf24d.o(.text)
    CreatCmd                                 0x0800da9d   Thumb Code   334  jf24d.o(.text)
    Target_Init                              0x0800dc05   Thumb Code   212  stm32_init.o(.text)
    Wireless_GPIO                            0x0800dcd9   Thumb Code     2  stm32_init.o(.text)
    Output_P203                              0x0800dcdb   Thumb Code    30  stm32_init.o(.text)
    Output_P204                              0x0800dcf9   Thumb Code    32  stm32_init.o(.text)
    EXTI_Configuration                       0x0800dd19   Thumb Code    52  stm32_init.o(.text)
    USART_Configuration                      0x0800dd4d   Thumb Code   100  stm32_init.o(.text)
    fputc                                    0x0800ddb1   Thumb Code    50  stm32_init.o(.text)
    TIM2_Configuration                       0x0800dde3   Thumb Code    60  stm32_init.o(.text)
    TIM3_Configuration                       0x0800de1f   Thumb Code    60  stm32_init.o(.text)
    TIM4_Configuration                       0x0800de5b   Thumb Code    60  stm32_init.o(.text)
    Can_Config                               0x0800de97   Thumb Code   202  stm32_init.o(.text)
    ADC_Conf                                 0x0800df61   Thumb Code   134  stm32_init.o(.text)
    DMA_Configuration                        0x0800dfe7   Thumb Code   130  stm32_init.o(.text)
    IWDG_Configuration                       0x0800e069   Thumb Code    36  stm32_init.o(.text)
    Application_Init                         0x0800e08d   Thumb Code   570  stm32_init.o(.text)
    USART1_SandData                          0x0800e2f1   Thumb Code   100  stm32_usart.o(.text)
    USART3_SandData                          0x0800e355   Thumb Code    72  stm32_usart.o(.text)
    CRC_16                                   0x0800e39d   Thumb Code    60  stm32_usart.o(.text)
    SetSlaverLed                             0x0800e3e9   Thumb Code     6  display_chip.o(.text)
    InitSTLED316                             0x0800e449   Thumb Code    14  display_chip.o(.text)
    Write_8LED                               0x0800e457   Thumb Code  1026  display_chip.o(.text)
    OS_TaskStatStkChk                        0x0800e879   Thumb Code    56  os_core.o(.text)
    OS_TaskStat                              0x0800e8b1   Thumb Code   134  os_core.o(.text)
    OS_TaskIdle                              0x0800e937   Thumb Code    22  os_core.o(.text)
    OS_MemClr                                0x0800e94d   Thumb Code    22  os_core.o(.text)
    OSInit                                   0x0800e963   Thumb Code   344  os_core.o(.text)
    OSIntEnter                               0x0800eabb   Thumb Code    22  os_core.o(.text)
    OSIntExit                                0x0800ead1   Thumb Code    96  os_core.o(.text)
    OSSchedLock                              0x0800eb31   Thumb Code    38  os_core.o(.text)
    OS_Sched                                 0x0800eb57   Thumb Code    82  os_core.o(.text)
    OSSchedUnlock                            0x0800eba9   Thumb Code    54  os_core.o(.text)
    OSStart                                  0x0800ebdf   Thumb Code    46  os_core.o(.text)
    OSStatInit                               0x0800ec0d   Thumb Code    48  os_core.o(.text)
    OSTimeTick                               0x0800ec3d   Thumb Code   246  os_core.o(.text)
    OSVersion                                0x0800ed33   Thumb Code     6  os_core.o(.text)
    OS_Dummy                                 0x0800ed39   Thumb Code     2  os_core.o(.text)
    OS_EventTaskRemove                       0x0800ed3b   Thumb Code    36  os_core.o(.text)
    OS_EventTaskRdy                          0x0800ed5f   Thumb Code   124  os_core.o(.text)
    OS_EventTaskWait                         0x0800eddb   Thumb Code    88  os_core.o(.text)
    OS_EventWaitListInit                     0x0800ee33   Thumb Code    20  os_core.o(.text)
    OS_MemCopy                               0x0800ee47   Thumb Code    24  os_core.o(.text)
    OS_StrLen                                0x0800ee5f   Thumb Code    22  os_core.o(.text)
    OS_TCBInit                               0x0800ee75   Thumb Code   284  os_core.o(.text)
    OSFlagAccept                             0x0800efa1   Thumb Code   178  os_flag.o(.text)
    OSFlagCreate                             0x0800f053   Thumb Code    74  os_flag.o(.text)
    OS_FlagUnlink                            0x0800f09d   Thumb Code    34  os_flag.o(.text)
    OSFlagDel                                0x0800f12b   Thumb Code   196  os_flag.o(.text)
    OSFlagNameGet                            0x0800f1ef   Thumb Code    78  os_flag.o(.text)
    OSFlagNameSet                            0x0800f23d   Thumb Code    52  os_flag.o(.text)
    OSFlagPend                               0x0800f2db   Thumb Code   446  os_flag.o(.text)
    OSFlagPendGetFlagsRdy                    0x0800f499   Thumb Code    20  os_flag.o(.text)
    OSFlagPost                               0x0800f4ad   Thumb Code   234  os_flag.o(.text)
    OSFlagQuery                              0x0800f597   Thumb Code    38  os_flag.o(.text)
    OS_FlagInit                              0x0800f5bd   Thumb Code    70  os_flag.o(.text)
    OSMemCreate                              0x0800f611   Thumb Code    98  os_mem.o(.text)
    OSMemGet                                 0x0800f673   Thumb Code    54  os_mem.o(.text)
    OSMemNameGet                             0x0800f6a9   Thumb Code    58  os_mem.o(.text)
    OSMemNameSet                             0x0800f6e3   Thumb Code    38  os_mem.o(.text)
    OSMemPut                                 0x0800f709   Thumb Code    46  os_mem.o(.text)
    OSMemQuery                               0x0800f737   Thumb Code    46  os_mem.o(.text)
    OS_MemInit                               0x0800f765   Thumb Code    62  os_mem.o(.text)
    OSMutexAccept                            0x0800f7b5   Thumb Code   120  os_mutex.o(.text)
    OSMutexCreate                            0x0800f82d   Thumb Code   128  os_mutex.o(.text)
    OSMutexDel                               0x0800f8ad   Thumb Code   226  os_mutex.o(.text)
    OSMutexPend                              0x0800f98f   Thumb Code   456  os_mutex.o(.text)
    OSMutexPost                              0x0800fb57   Thumb Code   202  os_mutex.o(.text)
    OSMutexQuery                             0x0800fc21   Thumb Code    90  os_mutex.o(.text)
    OSQAccept                                0x0800fcf5   Thumb Code    78  os_q.o(.text)
    OSQCreate                                0x0800fd43   Thumb Code   128  os_q.o(.text)
    OSQDel                                   0x0800fdc3   Thumb Code   210  os_q.o(.text)
    OSQFlush                                 0x0800fe95   Thumb Code    32  os_q.o(.text)
    OSQPend                                  0x0800feb5   Thumb Code   216  os_q.o(.text)
    OSQPendAbort                             0x0800ff8d   Thumb Code   114  os_q.o(.text)
    OSQPost                                  0x0800ffff   Thumb Code   106  os_q.o(.text)
    OSQPostFront                             0x08010069   Thumb Code   106  os_q.o(.text)
    OSQPostOpt                               0x080100d3   Thumb Code   198  os_q.o(.text)
    OSQQuery                                 0x08010199   Thumb Code    92  os_q.o(.text)
    OS_QInit                                 0x080101f5   Thumb Code    56  os_q.o(.text)
    OSSemAccept                              0x08010235   Thumb Code    34  os_sem.o(.text)
    OSSemCreate                              0x08010257   Thumb Code    60  os_sem.o(.text)
    OSSemDel                                 0x08010293   Thumb Code   182  os_sem.o(.text)
    OSSemPend                                0x08010349   Thumb Code   182  os_sem.o(.text)
    OSSemPendAbort                           0x080103ff   Thumb Code   114  os_sem.o(.text)
    OSSemPost                                0x08010471   Thumb Code    82  os_sem.o(.text)
    OSSemQuery                               0x080104c3   Thumb Code    68  os_sem.o(.text)
    OSSemSet                                 0x08010507   Thumb Code    58  os_sem.o(.text)
    OSTaskChangePrio                         0x08010551   Thumb Code   268  os_task.o(.text)
    OSTaskCreate                             0x0801065d   Thumb Code   136  os_task.o(.text)
    OS_TaskStkClr                            0x080106e5   Thumb Code    30  os_task.o(.text)
    OSTaskCreateExt                          0x08010703   Thumb Code   172  os_task.o(.text)
    OSTaskDel                                0x080107af   Thumb Code   286  os_task.o(.text)
    OSTaskDelReq                             0x080108cd   Thumb Code    90  os_task.o(.text)
    OSTaskNameGet                            0x08010927   Thumb Code   144  os_task.o(.text)
    OSTaskNameSet                            0x080109b7   Thumb Code    80  os_task.o(.text)
    OSTaskResume                             0x08010a07   Thumb Code   144  os_task.o(.text)
    OSTaskStkChk                             0x08010a97   Thumb Code   124  os_task.o(.text)
    OSTaskSuspend                            0x08010b13   Thumb Code   134  os_task.o(.text)
    OSTaskQuery                              0x08010b99   Thumb Code    74  os_task.o(.text)
    OSTaskRegGet                             0x08010be3   Thumb Code    48  os_task.o(.text)
    OSTaskRegSet                             0x08010c13   Thumb Code    52  os_task.o(.text)
    OS_TaskReturn                            0x08010c47   Thumb Code    18  os_task.o(.text)
    OSTimeDly                                0x08010c71   Thumb Code    88  os_time.o(.text)
    OSTimeDlyHMSM                            0x08010cc9   Thumb Code    94  os_time.o(.text)
    OSTimeDlyResume                          0x08010d27   Thumb Code   158  os_time.o(.text)
    OSTimeGet                                0x08010dc5   Thumb Code    18  os_time.o(.text)
    OSTimeSet                                0x08010dd7   Thumb Code    20  os_time.o(.text)
    OSTmrCreate                              0x08010e09   Thumb Code   138  os_tmr.o(.text)
    OSTmrDel                                 0x08010e93   Thumb Code   158  os_tmr.o(.text)
    OSTmrNameGet                             0x08010f31   Thumb Code    96  os_tmr.o(.text)
    OSTmrRemainGet                           0x08010f91   Thumb Code   148  os_tmr.o(.text)
    OSTmrStateGet                            0x08011025   Thumb Code    72  os_tmr.o(.text)
    OSTmrStart                               0x0801106d   Thumb Code   100  os_tmr.o(.text)
    OSTmrStop                                0x080110d1   Thumb Code   160  os_tmr.o(.text)
    OSTmrSignal                              0x08011171   Thumb Code     8  os_tmr.o(.text)
    OSTmr_Init                               0x08011261   Thumb Code   184  os_tmr.o(.text)
    OS_CPU_SR_Save                           0x080113d9   Thumb Code     0  os_cpu_a.o(.text)
    OS_CPU_SR_Restore                        0x080113e1   Thumb Code     0  os_cpu_a.o(.text)
    OSStartHighRdy                           0x080113e7   Thumb Code     0  os_cpu_a.o(.text)
    OSCtxSw                                  0x08011407   Thumb Code     0  os_cpu_a.o(.text)
    OSIntCtxSw                               0x08011411   Thumb Code     0  os_cpu_a.o(.text)
    OS_CPU_PendSVHandler                     0x0801141b   Thumb Code     0  os_cpu_a.o(.text)
    OSInitHookBegin                          0x0801147d   Thumb Code     8  os_cpu_c.o(.text)
    OSTaskReturnHook                         0x08011485   Thumb Code     2  os_cpu_c.o(.text)
    OSInitHookEnd                            0x08011487   Thumb Code     2  os_cpu_c.o(.text)
    OSTaskCreateHook                         0x08011489   Thumb Code     2  os_cpu_c.o(.text)
    OSTaskDelHook                            0x0801148b   Thumb Code     2  os_cpu_c.o(.text)
    OSTaskIdleHook                           0x0801148d   Thumb Code     2  os_cpu_c.o(.text)
    OSTaskStatHook                           0x0801148f   Thumb Code     2  os_cpu_c.o(.text)
    OSTaskStkInit                            0x08011491   Thumb Code   116  os_cpu_c.o(.text)
    OSTaskSwHook                             0x08011505   Thumb Code     2  os_cpu_c.o(.text)
    OSTCBInitHook                            0x08011507   Thumb Code     2  os_cpu_c.o(.text)
    OSTimeTickHook                           0x08011509   Thumb Code    24  os_cpu_c.o(.text)
    __aeabi_fdiv                             0x08011525   Thumb Code   124  fdiv.o(.text)
    __aeabi_dadd                             0x080115a1   Thumb Code   322  dadd.o(.text)
    __aeabi_dsub                             0x080116e3   Thumb Code     6  dadd.o(.text)
    __aeabi_drsub                            0x080116e9   Thumb Code     6  dadd.o(.text)
    __aeabi_dmul                             0x080116ef   Thumb Code   228  dmul.o(.text)
    __aeabi_ddiv                             0x080117d3   Thumb Code   222  ddiv.o(.text)
    __ARM_scalbn                             0x080118b1   Thumb Code    46  dscalb.o(.text)
    scalbn                                   0x080118b1   Thumb Code     0  dscalb.o(.text)
    __aeabi_ui2f                             0x080118df   Thumb Code    10  ffltui.o(.text)
    __aeabi_i2d                              0x080118e9   Thumb Code    34  dflti.o(.text)
    __aeabi_ui2d                             0x0801190b   Thumb Code    26  dfltui.o(.text)
    __aeabi_f2uiz                            0x08011925   Thumb Code    40  ffixui.o(.text)
    __aeabi_d2iz                             0x0801194d   Thumb Code    62  dfixi.o(.text)
    __aeabi_d2uiz                            0x0801198b   Thumb Code    50  dfixui.o(.text)
    __aeabi_f2d                              0x080119bd   Thumb Code    38  f2d.o(.text)
    __aeabi_d2f                              0x080119e3   Thumb Code    56  d2f.o(.text)
    __aeabi_llsl                             0x08011a1b   Thumb Code    30  llshl.o(.text)
    _ll_shift_l                              0x08011a1b   Thumb Code     0  llshl.o(.text)
    __aeabi_llsr                             0x08011a39   Thumb Code    32  llushr.o(.text)
    _ll_ushift_r                             0x08011a39   Thumb Code     0  llushr.o(.text)
    __aeabi_lasr                             0x08011a59   Thumb Code    36  llsshr.o(.text)
    _ll_sshift_r                             0x08011a59   Thumb Code     0  llsshr.o(.text)
    __I$use$fp                               0x08011a7d   Thumb Code     0  iusefp.o(.text)
    _float_round                             0x08011a7d   Thumb Code    18  fepilogue.o(.text)
    _float_epilogue                          0x08011a8f   Thumb Code    92  fepilogue.o(.text)
    _double_round                            0x08011aeb   Thumb Code    26  depilogue.o(.text)
    _double_epilogue                         0x08011b05   Thumb Code   156  depilogue.o(.text)
    __aeabi_cdrcmple                         0x08011ba1   Thumb Code    38  cdrcmple.o(.text)
    __scatterload                            0x08011bc9   Thumb Code    28  init.o(.text)
    __scatterload_rt2                        0x08011bc9   Thumb Code     0  init.o(.text)
    _dsqrt                                   0x08011bed   Thumb Code   162  dsqrt.o(.text)
    __ARM_fpclassify                         0x08011c8f   Thumb Code    40  fpclassify.o(i.__ARM_fpclassify)
    __kernel_poly                            0x08011cb7   Thumb Code   170  poly.o(i.__kernel_poly)
    __mathlib_dbl_underflow                  0x08011d61   Thumb Code    10  dunder.o(i.__mathlib_dbl_underflow)
    __scatterload_copy                       0x08011d71   Thumb Code    14  handlers.o(i.__scatterload_copy)
    __scatterload_null                       0x08011d7f   Thumb Code     2  handlers.o(i.__scatterload_null)
    __scatterload_zeroinit                   0x08011d81   Thumb Code    14  handlers.o(i.__scatterload_zeroinit)
    __set_errno                              0x08011d91   Thumb Code     6  errno.o(i.__set_errno)
    pow                                      0x08011d9d   Thumb Code  2510  pow.o(i.pow)
    sqrt                                     0x0801277d   Thumb Code    76  sqrt.o(i.sqrt)
    table_week                               0x080127c8   Data          12  bl5372.o(.constdata)
    RegArrFSKAnalog                          0x080127d4   Data          56  jf24d.o(.constdata)
    RegArrFSKAnalogReg14                     0x0801280c   Data          11  jf24d.o(.constdata)
    RegArrFSK                                0x08012817   Data          46  jf24d.o(.constdata)
    SegA                                     0x08012845   Data          28  display_chip.o(.constdata)
    OSUnMapTbl                               0x08012861   Data         256  os_core.o(.constdata)
    __mathlib_zero                           0x080129f0   Data           8  qnan.o(.constdata)
    Region$$Table$$Base                      0x080129f8   Number         0  anon$$obj.o(Region$$Table)
    Region$$Table$$Limit                     0x08012a18   Number         0  anon$$obj.o(Region$$Table)
    LuxUporDownKeyPressed                    0x20000008   Data           1  display.o(.data)
    MenuLevel                                0x20000009   Data           1  display.o(.data)
    YKdelay                                  0x2000000a   Data           1  display.o(.data)
    NoKey_Count                              0x2000000b   Data           1  display.o(.data)
    TwinklFlag                               0x2000000c   Data           1  display.o(.data)
    Shine                                    0x2000000d   Data           1  display.o(.data)
    Shine1                                   0x2000000e   Data           1  display.o(.data)
    FanKey1                                  0x2000000f   Data           1  display.o(.data)
    PirDlyAuto1                              0x20000010   Data           1  display.o(.data)
    MenuKey                                  0x20000011   Data           1  display.o(.data)
    errCDKey                                 0x20000012   Data           1  display.o(.data)
    MenuIndex                                0x20000013   Data           1  display.o(.data)
    Position1                                0x20000014   Data           1  display.o(.data)
    CursorNow                                0x20000016   Data           1  display.o(.data)
    AudioSwitch1                             0x20000017   Data           1  display.o(.data)
    Del_Flag                                 0x20000018   Data           1  display.o(.data)
    KQFlag                                   0x20000019   Data           1  display.o(.data)
    Del_Flag1                                0x2000001a   Data           1  display.o(.data)
    ModeKeyFlag                              0x2000001b   Data           1  display.o(.data)
    week_temp                                0x2000001c   Data           1  display.o(.data)
    Time_Del                                 0x2000001d   Data           1  display.o(.data)
    Position                                 0x2000001e   Data           1  display.o(.data)
    PirNum_Temp                              0x2000001f   Data           1  display.o(.data)
    temp_tempdel                             0x20000024   Data           2  display.o(.data)
    Temp_Difference                          0x20000026   Data           1  display.o(.data)
    Jude_count                               0x20000028   Data           2  timer.o(.data)
    tmr1_count                               0x2000002a   Data           2  timer.o(.data)
    AD_Value                                 0x2000002c   Data           4  sensorcollection.o(.data)
    Temp_shi                                 0x20000044   Data           1  bl5372.o(.data)
    Temp_ge                                  0x20000045   Data           1  bl5372.o(.data)
    PPM_temp                                 0x20000046   Data           1  bl5372.o(.data)
    PPM1                                     0x20000047   Data           1  bl5372.o(.data)
    PPM2                                     0x20000048   Data           1  bl5372.o(.data)
    PPM_Difference                           0x20000049   Data           1  bl5372.o(.data)
    Temp_inner                               0x2000004a   Data           2  bl5372.o(.data)
    Temp_ad                                  0x2000004c   Data           2  bl5372.o(.data)
    ADCFault                                 0x2000004e   Data           2  bl5372.o(.data)
    ADC_Count                                0x20000050   Data           2  bl5372.o(.data)
    frequency                                0x20000056   Data           1  jf24d.o(.data)
    OSCPUUsage                               0x20000060   Data           1  os_core.o(.data)
    OSStatRdy                                0x20000061   Data           1  os_core.o(.data)
    OSIntNesting                             0x20000062   Data           1  os_core.o(.data)
    OSLockNesting                            0x20000063   Data           1  os_core.o(.data)
    OSPrioCur                                0x20000064   Data           1  os_core.o(.data)
    OSPrioHighRdy                            0x20000065   Data           1  os_core.o(.data)
    OSRdyGrp                                 0x20000066   Data           1  os_core.o(.data)
    OSRunning                                0x20000067   Data           1  os_core.o(.data)
    OSTaskCtr                                0x20000068   Data           1  os_core.o(.data)
    OSTickStepState                          0x20000069   Data           1  os_core.o(.data)
    OSCtxSwCtr                               0x2000006c   Data           4  os_core.o(.data)
    OSEventFreeList                          0x20000070   Data           4  os_core.o(.data)
    OSIdleCtrMax                             0x20000074   Data           4  os_core.o(.data)
    OSIdleCtrRun                             0x20000078   Data           4  os_core.o(.data)
    OSIdleCtr                                0x2000007c   Data           4  os_core.o(.data)
    OSTCBCur                                 0x20000080   Data           4  os_core.o(.data)
    OSTCBFreeList                            0x20000084   Data           4  os_core.o(.data)
    OSTCBHighRdy                             0x20000088   Data           4  os_core.o(.data)
    OSTCBList                                0x2000008c   Data           4  os_core.o(.data)
    OSTime                                   0x20000090   Data           4  os_core.o(.data)
    OSRdyTbl                                 0x20000094   Data           8  os_core.o(.data)
    OSFlagFreeList                           0x2000009c   Data           4  os_core.o(.data)
    OSMemFreeList                            0x200000a0   Data           4  os_core.o(.data)
    OSQFreeList                              0x200000a4   Data           4  os_core.o(.data)
    OSTmrFree                                0x200000a8   Data           2  os_core.o(.data)
    OSTmrUsed                                0x200000aa   Data           2  os_core.o(.data)
    OSTmrTime                                0x200000ac   Data           4  os_core.o(.data)
    OSTmrSem                                 0x200000b0   Data           4  os_core.o(.data)
    OSTmrSemSignal                           0x200000b4   Data           4  os_core.o(.data)
    OSTmrFreeList                            0x200000b8   Data           4  os_core.o(.data)
    system                                   0x20001350   Data          32  object.o(.bss)
    sl863x                                   0x20001370   Data        3064  object.o(.bss)
    sensors                                  0x20001f68   Data         420  object.o(.bss)
    slavers                                  0x2000210c   Data        1800  object.o(.bss)
    theory                                   0x20002814   Data         708  object.o(.bss)
    OSEventTbl                               0x20002ad8   Data         320  os_core.o(.bss)
    OSTaskStatStk                            0x20002c18   Data         512  os_core.o(.bss)
    OSTaskIdleStk                            0x20002e18   Data         512  os_core.o(.bss)
    OSTCBPrioTbl                             0x20003018   Data         256  os_core.o(.bss)
    OSTCBTbl                                 0x20003118   Data        1848  os_core.o(.bss)
    OSFlagTbl                                0x20003850   Data          80  os_core.o(.bss)
    OSMemTbl                                 0x200038a0   Data         120  os_core.o(.bss)
    OSQTbl                                   0x20003918   Data          96  os_core.o(.bss)
    OSTmrTbl                                 0x20003978   Data         640  os_core.o(.bss)
    OSTmrTaskStk                             0x20003bf8   Data         512  os_core.o(.bss)
    OSTmrWheelTbl                            0x20003df8   Data          64  os_core.o(.bss)
    __initial_sp                             0x20004e38   Data           0  startup_stm32f10x_hd.o(STACK)



==============================================================================

Memory Map of the image

  Image Entry point : 0x08000131

  Load Region LR_IROM1 (Base: 0x08000000, Size: 0x00012adc, Max: 0x00020000, ABSOLUTE)

    Execution Region ER_IROM1 (Base: 0x08000000, Size: 0x00012a18, Max: 0x00020000, ABSOLUTE)

    Base Addr    Size         Type   Attr      Idx    E Section Name        Object

    0x08000000   0x00000130   Data   RO            3    RESET               startup_stm32f10x_hd.o
    0x08000130   0x00000000   Code   RO         1006  * .ARM.Collect$$$$00000000  mc_w.l(entry.o)
    0x08000130   0x00000004   Code   RO         1050    .ARM.Collect$$$$00000001  mc_w.l(entry2.o)
    0x08000134   0x00000004   Code   RO         1053    .ARM.Collect$$$$00000004  mc_w.l(entry5.o)
    0x08000138   0x00000000   Code   RO         1055    .ARM.Collect$$$$00000008  mc_w.l(entry7b.o)
    0x08000138   0x00000000   Code   RO         1057    .ARM.Collect$$$$0000000A  mc_w.l(entry8b.o)
    0x08000138   0x00000008   Code   RO         1058    .ARM.Collect$$$$0000000B  mc_w.l(entry9a.o)
    0x08000140   0x00000000   Code   RO         1060    .ARM.Collect$$$$0000000D  mc_w.l(entry10a.o)
    0x08000140   0x00000000   Code   RO         1062    .ARM.Collect$$$$0000000F  mc_w.l(entry11a.o)
    0x08000140   0x00000004   Code   RO         1051    .ARM.Collect$$$$00002712  mc_w.l(entry2.o)
    0x08000144   0x00000030   Code   RO            4    .text               startup_stm32f10x_hd.o
    0x08000174   0x00000030   Code   RO           10    .text               main.o
    0x080001a4   0x0000007e   Code   RO          148    .text               stm32f10x_it.o
    0x08000222   0x00000002   PAD
    0x08000224   0x000005f0   Code   RO          160    .text               systeminit.o
    0x08000814   0x00000c34   Code   RO          185    .text               canquery.o
    0x08001448   0x00000bb4   Code   RO          204    .text               canset.o
    0x08001ffc   0x000001b8   Code   RO          223    .text               cantask.o
    0x080021b4   0x000000e4   Code   RO          241    .text               createtask.o
    0x08002298   0x000048b8   Code   RO          274    .text               display.o
    0x08006b50   0x00000012   Code   RO          296    .text               dogtask.o
    0x08006b62   0x00000002   PAD
    0x08006b64   0x00000398   Code   RO          308    .text               openclose.o
    0x08006efc   0x00000234   Code   RO          324    .text               energycollection.o
    0x08007130   0x000014cc   Code   RO          337    .text               execute.o
    0x080085fc   0x000000a4   Code   RO          350    .text               flash.o
    0x080086a0   0x00000054   Code   RO          365    .text               list.o
    0x080086f4   0x00000878   Code   RO          377    .text               timer.o
    0x08008f6c   0x000007ec   Code   RO          393    .text               wireless.o
    0x08009758   0x00000234   Code   RO          406    .text               storagemanager.o
    0x0800998c   0x00000598   Code   RO          419    .text               sensorcollection.o
    0x08009f24   0x000005ac   Code   RO          448    .text               lux.o
    0x0800a4d0   0x0000030c   Code   RO          461    .text               stm32f10x_usart.o
    0x0800a7dc   0x0000029c   Code   RO          473    .text               stm32f10x_gpio.o
    0x0800aa78   0x000002d4   Code   RO          485    .text               stm32f10x_rcc.o
    0x0800ad4c   0x000000c4   Code   RO          500    .text               misc.o
    0x0800ae10   0x00000368   Code   RO          512    .text               stm32f10x_adc.o
    0x0800b178   0x0000063a   Code   RO          524    .text               stm32f10x_can.o
    0x0800b7b2   0x00000002   PAD
    0x0800b7b4   0x000001d0   Code   RO          537    .text               stm32f10x_dma.o
    0x0800b984   0x00000110   Code   RO          549    .text               stm32f10x_exti.o
    0x0800ba94   0x0000048c   Code   RO          561    .text               stm32f10x_flash.o
    0x0800bf20   0x0000003c   Code   RO          574    .text               stm32f10x_iwdg.o
    0x0800bf5c   0x00000a8c   Code   RO          601    .text               stm32f10x_tim.o
    0x0800c9e8   0x000000e0   Code   RO          636    .text               system_stm32f10x.o
    0x0800cac8   0x0000083c   Code   RO          658    .text               bl5372.o
    0x0800d304   0x00000004   Code   RO          683    .text               bsp.o
    0x0800d308   0x000000d8   Code   RO          695    .text               delay.o
    0x0800d3e0   0x000001f4   Code   RO          710    .text               ds18b20.o
    0x0800d5d4   0x00000630   Code   RO          723    .text               jf24d.o
    0x0800dc04   0x000006ec   Code   RO          746    .text               stm32_init.o
    0x0800e2f0   0x000000f8   Code   RO          766    .text               stm32_usart.o
    0x0800e3e8   0x00000490   Code   RO          797    .text               display_chip.o
    0x0800e878   0x00000728   Code   RO          816    .text               os_core.o
    0x0800efa0   0x00000670   Code   RO          852    .text               os_flag.o
    0x0800f610   0x000001a4   Code   RO          877    .text               os_mem.o
    0x0800f7b4   0x00000540   Code   RO          889    .text               os_mutex.o
    0x0800fcf4   0x00000540   Code   RO          901    .text               os_q.o
    0x08010234   0x0000031c   Code   RO          913    .text               os_sem.o
    0x08010550   0x00000720   Code   RO          925    .text               os_task.o
    0x08010c70   0x00000198   Code   RO          938    .text               os_time.o
    0x08010e08   0x000005d0   Code   RO          951    .text               os_tmr.o
    0x080113d8   0x000000a4   Code   RO          963    .text               os_cpu_a.o
    0x0801147c   0x000000a8   Code   RO          966    .text               os_cpu_c.o
    0x08011524   0x0000007c   Code   RO         1009    .text               mf_w.l(fdiv.o)
    0x080115a0   0x0000014e   Code   RO         1011    .text               mf_w.l(dadd.o)
    0x080116ee   0x000000e4   Code   RO         1013    .text               mf_w.l(dmul.o)
    0x080117d2   0x000000de   Code   RO         1015    .text               mf_w.l(ddiv.o)
    0x080118b0   0x0000002e   Code   RO         1017    .text               mf_w.l(dscalb.o)
    0x080118de   0x0000000a   Code   RO         1019    .text               mf_w.l(ffltui.o)
    0x080118e8   0x00000022   Code   RO         1021    .text               mf_w.l(dflti.o)
    0x0801190a   0x0000001a   Code   RO         1023    .text               mf_w.l(dfltui.o)
    0x08011924   0x00000028   Code   RO         1025    .text               mf_w.l(ffixui.o)
    0x0801194c   0x0000003e   Code   RO         1027    .text               mf_w.l(dfixi.o)
    0x0801198a   0x00000032   Code   RO         1029    .text               mf_w.l(dfixui.o)
    0x080119bc   0x00000026   Code   RO         1031    .text               mf_w.l(f2d.o)
    0x080119e2   0x00000038   Code   RO         1033    .text               mf_w.l(d2f.o)
    0x08011a1a   0x0000001e   Code   RO         1064    .text               mc_w.l(llshl.o)
    0x08011a38   0x00000020   Code   RO         1066    .text               mc_w.l(llushr.o)
    0x08011a58   0x00000024   Code   RO         1068    .text               mc_w.l(llsshr.o)
    0x08011a7c   0x00000000   Code   RO         1077    .text               mc_w.l(iusefp.o)
    0x08011a7c   0x0000006e   Code   RO         1078    .text               mf_w.l(fepilogue.o)
    0x08011aea   0x000000b6   Code   RO         1080    .text               mf_w.l(depilogue.o)
    0x08011ba0   0x00000028   Code   RO         1082    .text               mf_w.l(cdrcmple.o)
    0x08011bc8   0x00000024   Code   RO         1084    .text               mc_w.l(init.o)
    0x08011bec   0x000000a2   Code   RO         1086    .text               mf_w.l(dsqrt.o)
    0x08011c8e   0x00000028   Code   RO         1037    i.__ARM_fpclassify  m_ws.l(fpclassify.o)
    0x08011cb6   0x000000aa   Code   RO         1039    i.__kernel_poly     m_ws.l(poly.o)
    0x08011d60   0x00000010   Code   RO         1035    i.__mathlib_dbl_underflow  m_ws.l(dunder.o)
    0x08011d70   0x0000000e   Code   RO         1092    i.__scatterload_copy  mc_w.l(handlers.o)
    0x08011d7e   0x00000002   Code   RO         1093    i.__scatterload_null  mc_w.l(handlers.o)
    0x08011d80   0x0000000e   Code   RO         1094    i.__scatterload_zeroinit  mc_w.l(handlers.o)
    0x08011d8e   0x00000002   PAD
    0x08011d90   0x0000000c   Code   RO         1072    i.__set_errno       mc_w.l(errno.o)
    0x08011d9c   0x000009e0   Code   RO          997    i.pow               m_ws.l(pow.o)
    0x0801277c   0x0000004c   Code   RO         1043    i.sqrt              m_ws.l(sqrt.o)
    0x080127c8   0x0000000c   Data   RO          659    .constdata          bl5372.o
    0x080127d4   0x00000071   Data   RO          724    .constdata          jf24d.o
    0x08012845   0x0000001c   Data   RO          798    .constdata          display_chip.o
    0x08012861   0x00000100   Data   RO          824    .constdata          os_core.o
    0x08012961   0x00000007   PAD
    0x08012968   0x00000088   Data   RO          998    .constdata          m_ws.l(pow.o)
    0x080129f0   0x00000008   Data   RO         1041    .constdata          m_ws.l(qnan.o)
    0x080129f8   0x00000020   Data   RO         1090    Region$$Table       anon$$obj.o


    Execution Region RW_IRAM1 (Base: 0x20000000, Size: 0x00004e38, Max: 0x00005000, ABSOLUTE)

    Base Addr    Size         Type   Attr      Idx    E Section Name        Object

    0x20000000   0x00000008   Data   RW          224    .data               cantask.o
    0x20000008   0x0000001e   Data   RW          276    .data               display.o
    0x20000026   0x00000001   Data   RW          278    .data               display.o
    0x20000027   0x00000001   PAD
    0x20000028   0x00000004   Data   RW          378    .data               timer.o
    0x2000002c   0x00000004   Data   RW          420    .data               sensorcollection.o
    0x20000030   0x00000014   Data   RW          486    .data               stm32f10x_rcc.o
    0x20000044   0x0000000a   Data   RW          660    .data               bl5372.o
    0x2000004e   0x00000002   Data   RW          666    .data               bl5372.o
    0x20000050   0x00000002   Data   RW          667    .data               bl5372.o
    0x20000052   0x00000004   Data   RW          696    .data               delay.o
    0x20000056   0x00000006   Data   RW          725    .data               jf24d.o
    0x2000005c   0x00000002   Data   RW          799    .data               display_chip.o
    0x2000005e   0x00000002   PAD
    0x20000060   0x0000003c   Data   RW          825    .data               os_core.o
    0x2000009c   0x00000004   Data   RW          826    .data               os_core.o
    0x200000a0   0x00000004   Data   RW          827    .data               os_core.o
    0x200000a4   0x00000004   Data   RW          828    .data               os_core.o
    0x200000a8   0x00000002   Data   RW          829    .data               os_core.o
    0x200000aa   0x00000002   Data   RW          830    .data               os_core.o
    0x200000ac   0x00000004   Data   RW          831    .data               os_core.o
    0x200000b0   0x00000004   Data   RW          832    .data               os_core.o
    0x200000b4   0x00000004   Data   RW          833    .data               os_core.o
    0x200000b8   0x00000004   Data   RW          834    .data               os_core.o
    0x200000bc   0x00000002   Data   RW          967    .data               os_cpu_c.o
    0x200000be   0x00000002   PAD
    0x200000c0   0x00000004   Data   RW         1073    .data               mc_w.l(errno.o)
    0x200000c4   0x00000140   Zero   RW           11    .bss                main.o
    0x20000204   0x00001140   Zero   RW          242    .bss                createtask.o
    0x20001344   0x0000000c   Zero   RW          275    .bss                display.o
    0x20001350   0x00000020   Zero   RW          435    .bss                object.o
    0x20001370   0x00000bf8   Zero   RW          436    .bss                object.o
    0x20001f68   0x000001a4   Zero   RW          437    .bss                object.o
    0x2000210c   0x00000708   Zero   RW          438    .bss                object.o
    0x20002814   0x000002c4   Zero   RW          439    .bss                object.o
    0x20002ad8   0x00000d78   Zero   RW          817    .bss                os_core.o
    0x20003850   0x00000050   Zero   RW          818    .bss                os_core.o
    0x200038a0   0x00000078   Zero   RW          819    .bss                os_core.o
    0x20003918   0x00000060   Zero   RW          820    .bss                os_core.o
    0x20003978   0x00000280   Zero   RW          821    .bss                os_core.o
    0x20003bf8   0x00000200   Zero   RW          822    .bss                os_core.o
    0x20003df8   0x00000040   Zero   RW          823    .bss                os_core.o
    0x20003e38   0x00001000   Zero   RW            1    STACK               startup_stm32f10x_hd.o


==============================================================================

Image component sizes


      Code (inc. data)   RO Data    RW Data    ZI Data      Debug   Object Name

      2108        126         12         14          0       7416   bl5372.o
         4          0          0          0          0        351   bsp.o
      3124         70          0          0          0       5823   canquery.o
      2996        792          0          0          0       5029   canset.o
       440         30          0          8          0       2008   cantask.o
       228         52          0          0       4416       1416   createtask.o
       216         10          0          4          0       1481   delay.o
     18616        412          0         31         12      23389   display.o
      1168         30         28          2          0       2894   display_chip.o
        18          0          0          0          0        404   dogtask.o
       500          8          0          0          0       2038   ds18b20.o
       564         18          0          0          0       1851   energycollection.o
      5324         68          0          0          0      11224   execute.o
       164          0          0          0          0       1422   flash.o
      1584         54        113          6          0       5757   jf24d.o
        84          0          0          0          0       1681   list.o
      1452         28          0          0          0       3504   lux.o
        48          8          0          0        320     301390   main.o
       196         12          0          0          0       1593   misc.o
         0          0          0          0       6024        563   object.o
       920         40          0          0          0       2856   openclose.o
      1832         88        256         92       4960      15504   os_core.o
       164         32          0          0          0        284   os_cpu_a.o
       168          4          0          2          0      11285   os_cpu_c.o
      1648         42          0          0          0       5970   os_flag.o
       420         18          0          0          0       2380   os_mem.o
      1344         50          0          0          0       3774   os_mutex.o
      1344         28          0          0          0       4465   os_q.o
       796         16          0          0          0       3198   os_sem.o
      1824         68          0          0          0       6299   os_task.o
       408         30          0          0          0       1848   os_time.o
      1488         90          0          0          0       5081   os_tmr.o
      1432         56          0          4          0       4184   sensorcollection.o
        48         12        304          0       4096        852   startup_stm32f10x_hd.o
      1772         98          0          0          0       6639   stm32_init.o
       248         16          0          0          0       1425   stm32_usart.o
       872         14          0          0          0       9129   stm32f10x_adc.o
      1594         20          0          0          0       7246   stm32f10x_can.o
       464         26          0          0          0       3335   stm32f10x_dma.o
       272         22          0          0          0       1975   stm32f10x_exti.o
      1164         40          0          0          0       7488   stm32f10x_flash.o
       668         14          0          0          0       4607   stm32f10x_gpio.o
       126          0          0          0          0       2178   stm32f10x_it.o
        60          6          0          0          0       1129   stm32f10x_iwdg.o
       724         38          0         20          0       8070   stm32f10x_rcc.o
      2700          4          0          0          0      20542   stm32f10x_tim.o
       780          8          0          0          0       6531   stm32f10x_usart.o
       564         42          0          0          0       3173   storagemanager.o
       224         12          0          0          0       1041   system_stm32f10x.o
      1520         74          0          0          0       8100   systeminit.o
      2168         72          0          4          0       4128   timer.o
      2028         38          0          0          0       3445   wireless.o

    ----------------------------------------------------------------------
     70624       2836        752        192      19828     549395   Object Totals
         0          0         32          0          0          0   (incl. Generated)
         6          0          7          5          0          0   (incl. Padding)

    ----------------------------------------------------------------------

      Code (inc. data)   RO Data    RW Data    ZI Data      Debug   Library Member Name

        16          6          0          0          0         68   dunder.o
        40          0          0          0          0         68   fpclassify.o
       170          0          0          0          0         96   poly.o
      2528        190        136          0          0        332   pow.o
         0          0          8          0          0          0   qnan.o
        76          0          0          0          0         84   sqrt.o
         0          0          0          0          0          0   entry.o
         0          0          0          0          0          0   entry10a.o
         0          0          0          0          0          0   entry11a.o
         8          4          0          0          0          0   entry2.o
         4          0          0          0          0          0   entry5.o
         0          0          0          0          0          0   entry7b.o
         0          0          0          0          0          0   entry8b.o
         8          4          0          0          0          0   entry9a.o
        12          6          0          4          0         68   errno.o
        30          0          0          0          0          0   handlers.o
        36          8          0          0          0         68   init.o
         0          0          0          0          0          0   iusefp.o
        30          0          0          0          0         68   llshl.o
        36          0          0          0          0         68   llsshr.o
        32          0          0          0          0         68   llushr.o
        40          2          0          0          0         68   cdrcmple.o
        56          0          0          0          0         88   d2f.o
       334          0          0          0          0        148   dadd.o
       222          0          0          0          0        100   ddiv.o
       182          0          0          0          0        176   depilogue.o
        62          0          0          0          0         80   dfixi.o
        50          0          0          0          0         76   dfixui.o
        34          0          0          0          0         76   dflti.o
        26          0          0          0          0         76   dfltui.o
       228          0          0          0          0         96   dmul.o
        46          0          0          0          0         80   dscalb.o
       162          0          0          0          0        100   dsqrt.o
        38          0          0          0          0         68   f2d.o
       124          0          0          0          0         88   fdiv.o
       110          0          0          0          0        168   fepilogue.o
        40          0          0          0          0         68   ffixui.o
        10          0          0          0          0         68   ffltui.o

    ----------------------------------------------------------------------
      4792        220        144          4          0       2612   Library Totals
         2          0          0          0          0          0   (incl. Padding)

    ----------------------------------------------------------------------

      Code (inc. data)   RO Data    RW Data    ZI Data      Debug   Library Name

      2830        196        144          0          0        648   m_ws.l
       196         22          0          4          0        340   mc_w.l
      1764          2          0          0          0       1624   mf_w.l

    ----------------------------------------------------------------------
      4792        220        144          4          0       2612   Library Totals

    ----------------------------------------------------------------------

==============================================================================


      Code (inc. data)   RO Data    RW Data    ZI Data      Debug   

     75416       3056        896        196      19828     545659   Grand Totals
     75416       3056        896        196      19828     545659   ELF Image Totals
     75416       3056        896        196          0          0   ROM Totals

==============================================================================

    Total RO  Size (Code + RO Data)                76312 (  74.52kB)
    Total RW  Size (RW Data + ZI Data)             20024 (  19.55kB)
    Total ROM Size (Code + RO Data + RW Data)      76508 (  74.71kB)

==============================================================================

