Product: MDK-ARM Professional 5.10
Component: ARM Compiler 5.04 update 1 (build 49)
Tool: armlink [5040049]

==============================================================================

Section Cross References

    startup_stm32f10x_hd.o(RESET) refers to startup_stm32f10x_hd.o(.text) for Reset_Handler
    startup_stm32f10x_hd.o(RESET) refers to stm32f10x_it.o(.text) for NMI_Handler
    startup_stm32f10x_hd.o(RESET) refers to os_cpu_a.o(.text) for OS_CPU_PendSVHandler
    startup_stm32f10x_hd.o(.text) refers to startup_stm32f10x_hd.o(STACK) for __initial_sp
    startup_stm32f10x_hd.o(.text) refers to entry.o(.ARM.Collect$$$$00000000) for __main
    main.o(.text) refers to bsp.o(.text) for BSP_Init
    main.o(.text) refers to stm32_init.o(.text) for Application_Init
    main.o(.text) refers to delay.o(.text) for delay_init
    main.o(.text) refers to os_core.o(.text) for OSInit
    main.o(.text) refers to os_task.o(.text) for OSTaskCreate
    main.o(.text) refers to main.o(.bss) for .bss
    main.o(.text) refers to createtask.o(.text) for Startup_Task
    stm32f10x_it.o(.text) refers to os_core.o(.text) for OSIntEnter
    stm32f10x_it.o(.text) refers to cantask.o(.text) for ReceiveCan
    stm32f10x_it.o(.text) refers to sensorcollection.o(.text) for ReceiveSensor
    stm32f10x_it.o(.text) refers to stm32f10x_tim.o(.text) for TIM_ClearFlag
    stm32f10x_it.o(.text) refers to os_sem.o(.text) for OSSemPost
    stm32f10x_it.o(.text) refers to stm32f10x_exti.o(.text) for EXTI_GetITStatus
    stm32f10x_it.o(.text) refers to wireless.o(.text) for ReceiveWireless
    stm32f10x_it.o(.text) refers to object.o(.bss) for sl863x
    systeminit.o(.text) refers to os_mem.o(.text) for OSMemCreate
    systeminit.o(.text) refers to storagemanager.o(.text) for ReadSystemInfo
    systeminit.o(.text) refers to os_mutex.o(.text) for OSMutexCreate
    systeminit.o(.text) refers to os_sem.o(.text) for OSSemCreate
    systeminit.o(.text) refers to stm32_init.o(.text) for EXTI_Configuration
    systeminit.o(.text) refers to jf24d.o(.text) for InitWirelessModule
    systeminit.o(.text) refers to object.o(.bss) for sl863x
    systeminit.o(.text) refers to object.o(.bss) for system
    systeminit.o(.text) refers to object.o(.bss) for sensors
    systeminit.o(.text) refers to object.o(.bss) for slavers
    systeminit.o(.text) refers to object.o(.bss) for theory
    systeminit.o(.text) refers to os_tmr.o(.text) for OSTmrCreate
    systeminit.o(.text) refers to sd2068.o(.text) for Init_SD2068
    systeminit.o(.text) refers to stm32f10x_gpio.o(.text) for GPIO_ReadInputDataBit
    systeminit.o(.text) refers to timer.o(.text) for tmr1_callback
    canquery.o(.text) refers to sd2068.o(.text) for SD2068_I2CReadBCD
    canquery.o(.text) refers to lux.o(.text) for FindMinOpenLX
    canquery.o(.text) refers to object.o(.bss) for sensors
    canquery.o(.text) refers to object.o(.bss) for slavers
    canquery.o(.text) refers to object.o(.bss) for theory
    canquery.o(.text) refers to object.o(.bss) for sl863x
    canquery.o(.text) refers to object.o(.bss) for system
    canset.o(.text) refers to storagemanager.o(.text) for WriteSystemInfo
    canset.o(.text) refers to stm32_init.o(.text) for Can_Config
    canset.o(.text) refers to os_cpu_a.o(.text) for OS_CPU_SR_Save
    canset.o(.text) refers to sd2068.o(.text) for SD2068_I2CWriteBCDDate
    canset.o(.text) refers to bl5372.o(.text) for BL5372_Read
    canset.o(.text) refers to display.o(.text) for setLuxAutoSettingDisplay
    canset.o(.text) refers to object.o(.bss) for system
    canset.o(.text) refers to object.o(.bss) for theory
    canset.o(.text) refers to object.o(.bss) for sl863x
    canset.o(.text) refers to object.o(.bss) for slavers
    cantask.o(.text) refers to list.o(.text) for InitializeListHead
    cantask.o(.text) refers to stm32_init.o(.text) for Can_Config
    cantask.o(.text) refers to os_cpu_a.o(.text) for OS_CPU_SR_Save
    cantask.o(.text) refers to os_time.o(.text) for OSTimeDlyHMSM
    cantask.o(.text) refers to os_mem.o(.text) for OSMemPut
    cantask.o(.text) refers to stm32f10x_can.o(.text) for CAN_Receive
    cantask.o(.text) refers to delay.o(.text) for Delay_ms
    cantask.o(.text) refers to canquery.o(.text) for QueryOutStatus
    cantask.o(.text) refers to os_mutex.o(.text) for OSMutexPend
    cantask.o(.text) refers to canset.o(.text) for SetOutStatus
    cantask.o(.text) refers to cantask.o(.data) for .data
    cantask.o(.text) refers to object.o(.bss) for sl863x
    createtask.o(.text) refers to os_cpu_a.o(.text) for OS_CPU_SR_Save
    createtask.o(.text) refers to tm1637.o(.text) for TM1637_Init
    createtask.o(.text) refers to stm32f10x_iwdg.o(.text) for IWDG_ReloadCounter
    createtask.o(.text) refers to delay.o(.text) for Delay_us
    createtask.o(.text) refers to systeminit.o(.text) for initSystem
    createtask.o(.text) refers to os_task.o(.text) for OSTaskCreate
    createtask.o(.text) refers to createtask.o(.bss) for .bss
[...]
    Pir_min_count                            0x2000004b   Data           1  inductioncollection.o(.data)
    j                                        0x2000004c   Data           1  inductioncollection.o(.data)
    pir_flag                                 0x2000004d   Data           1  inductioncollection.o(.data)
    glistenTime                              0x2000004e   Data           1  inductioncollection.o(.data)
    pirtimecount                             0x2000004f   Data           1  inductioncollection.o(.data)
    readdata                                 0x20000052   Data           2  inductioncollection.o(.data)
    read_u                                   0x20000054   Data           2  inductioncollection.o(.data)
    mennum                                   0x20000058   Data           4  inductioncollection.o(.data)
    T                                        0x2000005c   Data           4  inductioncollection.o(.data)
    PercentSimilarity                        0x20000060   Data           4  inductioncollection.o(.data)
    ynow                                     0x20000064   Data           4  inductioncollection.o(.data)
    pirtime                                  0x20000068   Data           4  inductioncollection.o(.data)
    pirflag                                  0x2000006c   Data           4  inductioncollection.o(.data)
    Pircount                                 0x20000070   Data           4  inductioncollection.o(.data)
    AutocorrelationVal                       0x20000074   Data           4  inductioncollection.o(.data)
    CorrelationVal                           0x20000078   Data           4  inductioncollection.o(.data)
    NoBigPirDly                              0x2000007c   Data           4  inductioncollection.o(.data)
    .data                                    0x20000080   Section       20  stm32f10x_rcc.o(.data)
    ADCPrescTable                            0x20000080   Data           4  stm32f10x_rcc.o(.data)
    APBAHBPrescTable                         0x20000084   Data          16  stm32f10x_rcc.o(.data)
    .data                                    0x20000094   Section        8  bl5372.o(.data)
    calibration_last                         0x20000094   Data           1  bl5372.o(.data)
    calibration_current                      0x20000095   Data           1  bl5372.o(.data)
    .data                                    0x2000009c   Section        2  bl5372.o(.data)
    .data                                    0x2000009e   Section        4  delay.o(.data)
    fac_us                                   0x2000009e   Data           1  delay.o(.data)
    fac_ms                                   0x200000a0   Data           2  delay.o(.data)
    .data                                    0x200000a2   Section        6  jf24d.o(.data)
    RX0_Address                              0x200000a3   Data           5  jf24d.o(.data)
    .data                                    0x200000a8   Section        2  sd2068.o(.data)
    calibration_last                         0x200000a8   Data           1  sd2068.o(.data)
    calibration_current                      0x200000a9   Data           1  sd2068.o(.data)
    .data                                    0x200000ac   Section       60  os_core.o(.data)
    .data                                    0x200000e8   Section        4  os_core.o(.data)
    .data                                    0x200000ec   Section        4  os_core.o(.data)
    .data                                    0x200000f0   Section        4  os_core.o(.data)
    .data                                    0x200000f4   Section        2  os_core.o(.data)
    .data                                    0x200000f6   Section        2  os_core.o(.data)
    .data                                    0x200000f8   Section        4  os_core.o(.data)
    .data                                    0x200000fc   Section        4  os_core.o(.data)
    .data                                    0x20000100   Section        4  os_core.o(.data)
    .data                                    0x20000104   Section        4  os_core.o(.data)
    .data                                    0x20000108   Section        2  os_cpu_c.o(.data)
    OSTmrCtr                                 0x20000108   Data           2  os_cpu_c.o(.data)
    .data                                    0x2000010c   Section        4  errno.o(.data)
    _errno                                   0x2000010c   Data           4  errno.o(.data)
    .bss                                     0x20000110   Section      320  main.o(.bss)
    startup_task_stk                         0x20000110   Data         320  main.o(.bss)
    .bss                                     0x20000250   Section     4816  createtask.o(.bss)
    task_DataCollection_stk                  0x20000250   Data         512  createtask.o(.bss)
    task_CAN_stk                             0x20000450   Data         512  createtask.o(.bss)
    task_DOG_stk                             0x20000650   Data         320  createtask.o(.bss)
    task_Execute_stk                         0x20000790   Data         512  createtask.o(.bss)
    task_Display_stk                         0x20000990   Data        1024  createtask.o(.bss)
    task_AutoSetting_stk                     0x20000d90   Data        1024  createtask.o(.bss)
    task_InductionCollection_stk             0x20001190   Data         400  createtask.o(.bss)
    task_Wireless_stk                        0x20001320   Data         512  createtask.o(.bss)
    .bss                                     0x20001520   Section       12  display.o(.bss)
    ShowArr                                  0x20001520   Data          12  display.o(.bss)
    .bss                                     0x2000152c   Section       20  sensorcollection.o(.bss)
    LuxBuffPer_1S                            0x2000152c   Data          20  sensorcollection.o(.bss)
    .bss                                     0x20001540   Section       32  object.o(.bss)
    .bss                                     0x20001560   Section     3084  object.o(.bss)
    .bss                                     0x2000216c   Section       28  object.o(.bss)
    .bss                                     0x20002188   Section      480  object.o(.bss)
    .bss                                     0x20002368   Section      708  object.o(.bss)
    .bss                                     0x2000262c   Section      216  inductioncollection.o(.bss)
    PirSignalArry                            0x2000262c   Data         160  inductioncollection.o(.bss)
    xarr                                     0x200026cc   Data          12  inductioncollection.o(.bss)
    getxarr                                  0x200026d8   Data          12  inductioncollection.o(.bss)
    getyarrA                                 0x200026e4   Data          16  inductioncollection.o(.bss)
    getyarrB                                 0x200026f4   Data          16  inductioncollection.o(.bss)
    .bss                                     0x20002704   Section     3448  os_core.o(.bss)
    .bss                                     0x2000347c   Section       80  os_core.o(.bss)
    .bss                                     0x200034cc   Section      120  os_core.o(.bss)
    .bss                                     0x20003544   Section       96  os_core.o(.bss)
    .bss                                     0x200035a4   Section      640  os_core.o(.bss)
    .bss                                     0x20003824   Section     1024  os_core.o(.bss)
    .bss                                     0x20003c24   Section       64  os_core.o(.bss)
    STACK                                    0x20003c68   Section     3072  startup_stm32f10x_hd.o(STACK)

    Global Symbols

    Symbol Name                              Value     Ov Type        Size  Object(Section)

    BuildAttributes$$THM_ISAv4$P$D$K$B$S$PE$A:L22UL41UL21$X:L11$S22US41US21$IEEE1$IW$USESV6$~STKCKD$USESV7$~SHL$OTIME$ROPI$IEEEX$EBA8$MICROLIB$REQ8$PRES8$EABIv2 0x00000000   Number         0  anon$$obj.o ABSOLUTE
    __ARM_use_no_argv                        0x00000000   Number         0  main.o ABSOLUTE
    __cpp_initialize__aeabi_                  - Undefined Weak Reference
    __cxa_finalize                            - Undefined Weak Reference
    __decompress                              - Undefined Weak Reference
    _clock_init                               - Undefined Weak Reference
    _microlib_exit                            - Undefined Weak Reference
    __Vectors_Size                           0x00000130   Number         0  startup_stm32f10x_hd.o ABSOLUTE
    __Vectors                                0x08000000   Data           4  startup_stm32f10x_hd.o(RESET)
    __Vectors_End                            0x08000130   Data           0  startup_stm32f10x_hd.o(RESET)
    __main                                   0x08000131   Thumb Code     0  entry.o(.ARM.Collect$$$$00000000)
    _main_stk                                0x08000131   Thumb Code     0  entry2.o(.ARM.Collect$$$$00000001)
    _main_scatterload                        0x08000135   Thumb Code     0  entry5.o(.ARM.Collect$$$$00000004)
    __main_after_scatterload                 0x08000139   Thumb Code     0  entry5.o(.ARM.Collect$$$$00000004)
    _main_clock                              0x08000139   Thumb Code     0  entry7b.o(.ARM.Collect$$$$00000008)
    _main_cpp_init                           0x08000139   Thumb Code     0  entry8b.o(.ARM.Collect$$$$0000000A)
    _main_init                               0x08000139   Thumb Code     0  entry9a.o(.ARM.Collect$$$$0000000B)
    __rt_final_cpp                           0x08000141   Thumb Code     0  entry10a.o(.ARM.Collect$$$$0000000D)
    __rt_final_exit                          0x08000141   Thumb Code     0  entry11a.o(.ARM.Collect$$$$0000000F)
    SystemInit_ExtMemCtl                     0x08000145   Thumb Code     2  startup_stm32f10x_hd.o(.text)
    Reset_Handler                            0x08000147   Thumb Code    14  startup_stm32f10x_hd.o(.text)
    ADC1_2_IRQHandler                        0x08000167   Thumb Code     0  startup_stm32f10x_hd.o(.text)
    ADC3_IRQHandler                          0x08000167   Thumb Code     0  startup_stm32f10x_hd.o(.text)
    CAN1_RX1_IRQHandler                      0x08000167   Thumb Code     0  startup_stm32f10x_hd.o(.text)
    CAN1_SCE_IRQHandler                      0x08000167   Thumb Code     0  startup_stm32f10x_hd.o(.text)
    DMA1_Channel1_IRQHandler                 0x08000167   Thumb Code     0  startup_stm32f10x_hd.o(.text)
    DMA1_Channel2_IRQHandler                 0x08000167   Thumb Code     0  startup_stm32f10x_hd.o(.text)
    DMA1_Channel3_IRQHandler                 0x08000167   Thumb Code     0  startup_stm32f10x_hd.o(.text)
    DMA1_Channel4_IRQHandler                 0x08000167   Thumb Code     0  startup_stm32f10x_hd.o(.text)
    DMA1_Channel5_IRQHandler                 0x08000167   Thumb Code     0  startup_stm32f10x_hd.o(.text)
    DMA1_Channel6_IRQHandler                 0x08000167   Thumb Code     0  startup_stm32f10x_hd.o(.text)
    DMA1_Channel7_IRQHandler                 0x08000167   Thumb Code     0  startup_stm32f10x_hd.o(.text)
    DMA2_Channel1_IRQHandler                 0x08000167   Thumb Code     0  startup_stm32f10x_hd.o(.text)
    DMA2_Channel2_IRQHandler                 0x08000167   Thumb Code     0  startup_stm32f10x_hd.o(.text)
    DMA2_Channel3_IRQHandler                 0x08000167   Thumb Code     0  startup_stm32f10x_hd.o(.text)
    DMA2_Channel4_5_IRQHandler               0x08000167   Thumb Code     0  startup_stm32f10x_hd.o(.text)
    EXTI0_IRQHandler                         0x08000167   Thumb Code     0  startup_stm32f10x_hd.o(.text)
    EXTI15_10_IRQHandler                     0x08000167   Thumb Code     0  startup_stm32f10x_hd.o(.text)
    EXTI1_IRQHandler                         0x08000167   Thumb Code     0  startup_stm32f10x_hd.o(.text)
    EXTI2_IRQHandler                         0x08000167   Thumb Code     0  startup_stm32f10x_hd.o(.text)
    EXTI3_IRQHandler                         0x08000167   Thumb Code     0  startup_stm32f10x_hd.o(.text)
    EXTI9_5_IRQHandler                       0x08000167   Thumb Code     0  startup_stm32f10x_hd.o(.text)
    FLASH_IRQHandler                         0x08000167   Thumb Code     0  startup_stm32f10x_hd.o(.text)
    FSMC_IRQHandler                          0x08000167   Thumb Code     0  startup_stm32f10x_hd.o(.text)
    I2C1_ER_IRQHandler                       0x08000167   Thumb Code     0  startup_stm32f10x_hd.o(.text)
    I2C1_EV_IRQHandler                       0x08000167   Thumb Code     0  startup_stm32f10x_hd.o(.text)
    I2C2_ER_IRQHandler                       0x08000167   Thumb Code     0  startup_stm32f10x_hd.o(.text)
    I2C2_EV_IRQHandler                       0x08000167   Thumb Code     0  startup_stm32f10x_hd.o(.text)
    PVD_IRQHandler                           0x08000167   Thumb Code     0  startup_stm32f10x_hd.o(.text)
    RCC_IRQHandler                           0x08000167   Thumb Code     0  startup_stm32f10x_hd.o(.text)
    RTCAlarm_IRQHandler                      0x08000167   Thumb Code     0  startup_stm32f10x_hd.o(.text)
    RTC_IRQHandler                           0x08000167   Thumb Code     0  startup_stm32f10x_hd.o(.text)
    SDIO_IRQHandler                          0x08000167   Thumb Code     0  startup_stm32f10x_hd.o(.text)
    SPI1_IRQHandler                          0x08000167   Thumb Code     0  startup_stm32f10x_hd.o(.text)
    SPI2_IRQHandler                          0x08000167   Thumb Code     0  startup_stm32f10x_hd.o(.text)
    SPI3_IRQHandler                          0x08000167   Thumb Code     0  startup_stm32f10x_hd.o(.text)
    TAMPER_IRQHandler                        0x08000167   Thumb Code     0  startup_stm32f10x_hd.o(.text)
    TIM1_BRK_IRQHandler                      0x08000167   Thumb Code     0  startup_stm32f10x_hd.o(.text)
    TIM1_CC_IRQHandler                       0x08000167   Thumb Code     0  startup_stm32f10x_hd.o(.text)
    TIM1_TRG_COM_IRQHandler                  0x08000167   Thumb Code     0  startup_stm32f10x_hd.o(.text)
    TIM1_UP_IRQHandler                       0x08000167   Thumb Code     0  startup_stm32f10x_hd.o(.text)
    TIM5_IRQHandler                          0x08000167   Thumb Code     0  startup_stm32f10x_hd.o(.text)
    TIM6_IRQHandler                          0x08000167   Thumb Code     0  startup_stm32f10x_hd.o(.text)
    TIM7_IRQHandler                          0x08000167   Thumb Code     0  startup_stm32f10x_hd.o(.text)
    TIM8_BRK_IRQHandler                      0x08000167   Thumb Code     0  startup_stm32f10x_hd.o(.text)
    TIM8_CC_IRQHandler                       0x08000167   Thumb Code     0  startup_stm32f10x_hd.o(.text)
    TIM8_TRG_COM_IRQHandler                  0x08000167   Thumb Code     0  startup_stm32f10x_hd.o(.text)
    TIM8_UP_IRQHandler                       0x08000167   Thumb Code     0  startup_stm32f10x_hd.o(.text)
    UART4_IRQHandler                         0x08000167   Thumb Code     0  startup_stm32f10x_hd.o(.text)
    UART5_IRQHandler                         0x08000167   Thumb Code     0  startup_stm32f10x_hd.o(.text)
    USART2_IRQHandler                        0x08000167   Thumb Code     0  startup_stm32f10x_hd.o(.text)
    USBWakeUp_IRQHandler                     0x08000167   Thumb Code     0  startup_stm32f10x_hd.o(.text)
    USB_HP_CAN1_TX_IRQHandler                0x08000167   Thumb Code     0  startup_stm32f10x_hd.o(.text)
    WWDG_IRQHandler                          0x08000167   Thumb Code     0  startup_stm32f10x_hd.o(.text)
    main                                     0x08000175   Thumb Code    40  main.o(.text)
    NMI_Handler                              0x080001a5   Thumb Code     2  stm32f10x_it.o(.text)
    HardFault_Handler                        0x080001a7   Thumb Code     2  stm32f10x_it.o(.text)
    MemManage_Handler                        0x080001a9   Thumb Code     2  stm32f10x_it.o(.text)
    BusFault_Handler                         0x080001ab   Thumb Code     2  stm32f10x_it.o(.text)
    UsageFault_Handler                       0x080001ad   Thumb Code     2  stm32f10x_it.o(.text)
    SVC_Handler                              0x080001af   Thumb Code     2  stm32f10x_it.o(.text)
    DebugMon_Handler                         0x080001b1   Thumb Code     2  stm32f10x_it.o(.text)
    PendSV_Handler                           0x080001b3   Thumb Code     2  stm32f10x_it.o(.text)
    USB_LP_CAN1_RX0_IRQHandler               0x080001b5   Thumb Code    18  stm32f10x_it.o(.text)
    USART1_IRQHandler                        0x080001c7   Thumb Code    18  stm32f10x_it.o(.text)
    USART3_IRQHandler                        0x080001d9   Thumb Code    14  stm32f10x_it.o(.text)
    TIM2_IRQHandler                          0x080001e7   Thumb Code     2  stm32f10x_it.o(.text)
    TIM3_IRQHandler                          0x080001e9   Thumb Code    32  stm32f10x_it.o(.text)
    TIM4_IRQHandler                          0x08000209   Thumb Code     2  stm32f10x_it.o(.text)
    SysTick_Handler                          0x0800020b   Thumb Code    18  stm32f10x_it.o(.text)
    EXTI4_IRQHandler                         0x0800021d   Thumb Code    32  stm32f10x_it.o(.text)
    initMemoryManager                        0x08000245   Thumb Code    40  systeminit.o(.text)
    initSystemObject                         0x0800026d   Thumb Code    68  systeminit.o(.text)
    initControllerObject                     0x080002b1   Thumb Code   348  systeminit.o(.text)
    initSensorSlaverObject                   0x0800040d   Thumb Code   114  systeminit.o(.text)
    initTheoryObject                         0x0800047f   Thumb Code   352  systeminit.o(.text)
    InitWirelessSlavesExecute                0x080005df   Thumb Code   156  systeminit.o(.text)
    initTimer1                               0x0800067b   Thumb Code    38  systeminit.o(.text)
    initTimer2                               0x080006a1   Thumb Code    38  systeminit.o(.text)
    initRuningValue                          0x080006c7   Thumb Code    92  systeminit.o(.text)
    initSystem                               0x08000723   Thumb Code    90  systeminit.o(.text)
    QuerySensorPara                          0x080007c5   Thumb Code    60  canquery.o(.text)
    QuerySlaverPara                          0x08000801   Thumb Code    60  canquery.o(.text)
    QueryControlPara                         0x0800083d   Thumb Code  1492  canquery.o(.text)
    GetControlerWorkMode                     0x08000e11   Thumb Code    92  canquery.o(.text)
    QueryOutStatus                           0x08000e6d   Thumb Code   382  canquery.o(.text)
    QueryRealtimeData                        0x08000feb   Thumb Code   186  canquery.o(.text)
    SetOutStatus                             0x080010b9   Thumb Code   180  canset.o(.text)
    SetControlPara                           0x0800116d   Thumb Code  1536  canset.o(.text)
    Task_CanCommunication                    0x08001771   Thumb Code    88  cantask.o(.text)
    ReceiveCan                               0x080017c9   Thumb Code    64  cantask.o(.text)
    Startup_Task                             0x0800190d   Thumb Code   204  createtask.o(.text)
    GetFocusVal1                             0x08001a01   Thumb Code    12  display.o(.text)
    GetFocusVal                              0x08001a0d   Thumb Code    24  display.o(.text)
    MenuInit                                 0x08002737   Thumb Code    64  display.o(.text)
    getmodulus3                              0x08003d71   Thumb Code    28  display.o(.text)
    getmodulus2                              0x08003d8d   Thumb Code    26  display.o(.text)
    getmodulus                               0x08003da7   Thumb Code    28  display.o(.text)
    Remote_KeyProcess                        0x08004fe1   Thumb Code   926  display.o(.text)
    Remotescaning                            0x0800537f   Thumb Code   194  display.o(.text)
    Task_Display                             0x08005441   Thumb Code    60  display.o(.text)
    LxInitShowArr                            0x0800547d   Thumb Code   182  display.o(.text)
    setLuxAutoSettingDisplay                 0x08005533   Thumb Code    48  display.o(.text)
    Task_WatchDog                            0x08005579   Thumb Code    18  dogtask.o(.text)
    ExecuteSlaverOpen                        0x080055b7   Thumb Code   164  openclose.o(.text)
    ExecuteSlaverClose                       0x0800565b   Thumb Code   170  openclose.o(.text)
    ALLNodeP203_ON_OFF                       0x08005705   Thumb Code    28  openclose.o(.text)
    FindSlaverAreaLuxClose                   0x0800581d   Thumb Code   136  execute.o(.text)
    FindSlaverAreaLux                        0x0800596b   Thumb Code   136  execute.o(.text)
    TheoryExecute                            0x08006463   Thumb Code   410  execute.o(.text)
    Task_Execute                             0x080065fd   Thumb Code    62  execute.o(.text)
    inCleanEndTime                           0x0800663b   Thumb Code   314  execute.o(.text)
    inCleanTime                              0x08006775   Thumb Code   408  execute.o(.text)
    EraseFlash                               0x080069c9   Thumb Code    62  flash.o(.text)
    WriteFlash                               0x08006a07   Thumb Code    70  flash.o(.text)
    ReadFlash                                0x08006a4d   Thumb Code    22  flash.o(.text)
    InitializeListHead                       0x08006a63   Thumb Code     6  list.o(.text)
    IsListEmpty                              0x08006a69   Thumb Code    14  list.o(.text)
    RemoveEntryList                          0x08006a77   Thumb Code    20  list.o(.text)
    RemoveHeadList                           0x08006a8b   Thumb Code    12  list.o(.text)
    RemoveTailList                           0x08006a97   Thumb Code    12  list.o(.text)
    InsertTailList                           0x08006aa3   Thumb Code    12  list.o(.text)
    InsertHeadList                           0x08006aaf   Thumb Code    12  list.o(.text)
    tmr1_callback                            0x08006abd   Thumb Code   216  timer.o(.text)
    tmr2_callback                            0x08006b95   Thumb Code   372  timer.o(.text)
    Task_Wireless                            0x08007101   Thumb Code   112  wireless.o(.text)
    ReceiveWireless                          0x08007171   Thumb Code   140  wireless.o(.text)
    ReadSystemInfo                           0x080071fd   Thumb Code    24  storagemanager.o(.text)
    WriteSystemInfo                          0x08007215   Thumb Code    38  storagemanager.o(.text)
    ReadControllerInfo                       0x0800723b   Thumb Code    24  storagemanager.o(.text)
    WriteControllerInfo                      0x08007253   Thumb Code    38  storagemanager.o(.text)
    ReadSlaverInfo                           0x08007279   Thumb Code    56  storagemanager.o(.text)
    WriteSlaverInfo                          0x080072b1   Thumb Code    72  storagemanager.o(.text)
    ReadSensorInfo                           0x080072f9   Thumb Code    56  storagemanager.o(.text)
    WriteSensorInfo                          0x08007331   Thumb Code    74  storagemanager.o(.text)
    ReadTheoryInfo                           0x0800737b   Thumb Code    28  storagemanager.o(.text)
    WriteTheoryInfo                          0x08007397   Thumb Code    42  storagemanager.o(.text)
    ResetDefaultSetting                      0x080073c1   Thumb Code    80  storagemanager.o(.text)
    Task_Sensor                              0x08007539   Thumb Code    74  sensorcollection.o(.text)
    ReceiveSensor                            0x08007583   Thumb Code    94  sensorcollection.o(.text)
    SetLuxClose                              0x08007659   Thumb Code   148  lux.o(.text)
    FindMaxLX                                0x080076ed   Thumb Code    60  lux.o(.text)
    FindMaxCloseLX                           0x08007729   Thumb Code    62  lux.o(.text)
    FindMinOpenLX                            0x08007767   Thumb Code     6  lux.o(.text)
    RestoreDefaultLuxClose                   0x0800776d   Thumb Code   144  lux.o(.text)
    Task_AutoSetting                         0x08007a05   Thumb Code    56  lux.o(.text)
    Task_InductionColltet                    0x08007ec9   Thumb Code    74  inductioncollection.o(.text)
    USART_DeInit                             0x08007f1d   Thumb Code    98  stm32f10x_usart.o(.text)
    USART_Init                               0x08007f7f   Thumb Code   134  stm32f10x_usart.o(.text)
    USART_StructInit                         0x08008005   Thumb Code    22  stm32f10x_usart.o(.text)
    USART_ClockInit                          0x0800801b   Thumb Code    30  stm32f10x_usart.o(.text)
    USART_ClockStructInit                    0x08008039   Thumb Code    12  stm32f10x_usart.o(.text)
    USART_Cmd                                0x08008045   Thumb Code    20  stm32f10x_usart.o(.text)
    USART_ITConfig                           0x08008059   Thumb Code    48  stm32f10x_usart.o(.text)
    USART_DMACmd                             0x08008089   Thumb Code    16  stm32f10x_usart.o(.text)
    USART_SetAddress                         0x08008099   Thumb Code    16  stm32f10x_usart.o(.text)
    USART_WakeUpConfig                       0x080080a9   Thumb Code    16  stm32f10x_usart.o(.text)
    USART_ReceiverWakeUpCmd                  0x080080b9   Thumb Code    20  stm32f10x_usart.o(.text)
    USART_LINBreakDetectLengthConfig         0x080080cd   Thumb Code    16  stm32f10x_usart.o(.text)
    USART_LINCmd                             0x080080dd   Thumb Code    20  stm32f10x_usart.o(.text)
    USART_SendData                           0x080080f1   Thumb Code     8  stm32f10x_usart.o(.text)
    USART_ReceiveData                        0x080080f9   Thumb Code     8  stm32f10x_usart.o(.text)
    USART_SendBreak                          0x08008101   Thumb Code    10  stm32f10x_usart.o(.text)
    USART_SetGuardTime                       0x0800810b   Thumb Code    16  stm32f10x_usart.o(.text)
    USART_SetPrescaler                       0x0800811b   Thumb Code    16  stm32f10x_usart.o(.text)
    USART_SmartCardCmd                       0x0800812b   Thumb Code    20  stm32f10x_usart.o(.text)
    USART_SmartCardNACKCmd                   0x0800813f   Thumb Code    20  stm32f10x_usart.o(.text)
    USART_HalfDuplexCmd                      0x08008153   Thumb Code    20  stm32f10x_usart.o(.text)
    USART_IrDAConfig                         0x08008167   Thumb Code    16  stm32f10x_usart.o(.text)
    USART_IrDACmd                            0x08008177   Thumb Code    20  stm32f10x_usart.o(.text)
    USART_GetFlagStatus                      0x0800818b   Thumb Code    14  stm32f10x_usart.o(.text)
    USART_ClearFlag                          0x08008199   Thumb Code     6  stm32f10x_usart.o(.text)
    USART_GetITStatus                        0x0800819f   Thumb Code    62  stm32f10x_usart.o(.text)
    USART_ClearITPendingBit                  0x080081dd   Thumb Code    12  stm32f10x_usart.o(.text)
    GPIO_DeInit                              0x080081f5   Thumb Code   152  stm32f10x_gpio.o(.text)
    GPIO_AFIODeInit                          0x0800828d   Thumb Code    22  stm32f10x_gpio.o(.text)
    GPIO_Init                                0x080082a3   Thumb Code   156  stm32f10x_gpio.o(.text)
    GPIO_StructInit                          0x0800833f   Thumb Code    16  stm32f10x_gpio.o(.text)
    GPIO_ReadInputDataBit                    0x0800834f   Thumb Code    14  stm32f10x_gpio.o(.text)
    GPIO_ReadInputData                       0x0800835d   Thumb Code     6  stm32f10x_gpio.o(.text)
    GPIO_ReadOutputDataBit                   0x08008363   Thumb Code    14  stm32f10x_gpio.o(.text)
    GPIO_ReadOutputData                      0x08008371   Thumb Code     6  stm32f10x_gpio.o(.text)
    GPIO_SetBits                             0x08008377   Thumb Code     4  stm32f10x_gpio.o(.text)
    GPIO_ResetBits                           0x0800837b   Thumb Code     4  stm32f10x_gpio.o(.text)
    GPIO_WriteBit                            0x0800837f   Thumb Code    10  stm32f10x_gpio.o(.text)
    GPIO_Write                               0x08008389   Thumb Code     4  stm32f10x_gpio.o(.text)
    GPIO_PinLockConfig                       0x0800838d   Thumb Code    16  stm32f10x_gpio.o(.text)
    GPIO_EventOutputConfig                   0x0800839d   Thumb Code    22  stm32f10x_gpio.o(.text)
    GPIO_EventOutputCmd                      0x080083b3   Thumb Code     6  stm32f10x_gpio.o(.text)
    GPIO_PinRemapConfig                      0x080083b9   Thumb Code    66  stm32f10x_gpio.o(.text)
    GPIO_EXTILineConfig                      0x080083fb   Thumb Code    34  stm32f10x_gpio.o(.text)
    RCC_DeInit                               0x0800842d   Thumb Code    48  stm32f10x_rcc.o(.text)
    RCC_HSEConfig                            0x0800845d   Thumb Code    48  stm32f10x_rcc.o(.text)
    RCC_GetFlagStatus                        0x0800848d   Thumb Code    42  stm32f10x_rcc.o(.text)
    RCC_WaitForHSEStartUp                    0x080084b7   Thumb Code    42  stm32f10x_rcc.o(.text)
    RCC_AdjustHSICalibrationValue            0x080084e1   Thumb Code    16  stm32f10x_rcc.o(.text)
    RCC_HSICmd                               0x080084f1   Thumb Code     6  stm32f10x_rcc.o(.text)
    RCC_PLLConfig                            0x080084f7   Thumb Code    16  stm32f10x_rcc.o(.text)
    RCC_PLLCmd                               0x08008507   Thumb Code     6  stm32f10x_rcc.o(.text)
    RCC_SYSCLKConfig                         0x0800850d   Thumb Code    14  stm32f10x_rcc.o(.text)
    RCC_GetSYSCLKSource                      0x0800851b   Thumb Code    10  stm32f10x_rcc.o(.text)
    RCC_HCLKConfig                           0x08008525   Thumb Code    14  stm32f10x_rcc.o(.text)
    RCC_PCLK1Config                          0x08008533   Thumb Code    14  stm32f10x_rcc.o(.text)
    RCC_PCLK2Config                          0x08008541   Thumb Code    16  stm32f10x_rcc.o(.text)
    RCC_ITConfig                             0x08008551   Thumb Code    18  stm32f10x_rcc.o(.text)
    RCC_USBCLKConfig                         0x08008563   Thumb Code     8  stm32f10x_rcc.o(.text)
    RCC_ADCCLKConfig                         0x0800856b   Thumb Code    14  stm32f10x_rcc.o(.text)
    RCC_LSEConfig                            0x08008579   Thumb Code    28  stm32f10x_rcc.o(.text)
    RCC_LSICmd                               0x08008595   Thumb Code     6  stm32f10x_rcc.o(.text)
    RCC_RTCCLKConfig                         0x0800859b   Thumb Code    10  stm32f10x_rcc.o(.text)
    RCC_RTCCLKCmd                            0x080085a5   Thumb Code     8  stm32f10x_rcc.o(.text)
    RCC_GetClocksFreq                        0x080085ad   Thumb Code   130  stm32f10x_rcc.o(.text)
    RCC_AHBPeriphClockCmd                    0x0800862f   Thumb Code    18  stm32f10x_rcc.o(.text)
    RCC_APB2PeriphClockCmd                   0x08008641   Thumb Code    18  stm32f10x_rcc.o(.text)
    RCC_APB1PeriphClockCmd                   0x08008653   Thumb Code    18  stm32f10x_rcc.o(.text)
    RCC_APB2PeriphResetCmd                   0x08008665   Thumb Code    18  stm32f10x_rcc.o(.text)
    RCC_APB1PeriphResetCmd                   0x08008677   Thumb Code    18  stm32f10x_rcc.o(.text)
    RCC_BackupResetCmd                       0x08008689   Thumb Code     8  stm32f10x_rcc.o(.text)
    RCC_ClockSecuritySystemCmd               0x08008691   Thumb Code     6  stm32f10x_rcc.o(.text)
    RCC_MCOConfig                            0x08008697   Thumb Code     6  stm32f10x_rcc.o(.text)
    RCC_ClearFlag                            0x0800869d   Thumb Code    12  stm32f10x_rcc.o(.text)
    RCC_GetITStatus                          0x080086a9   Thumb Code    16  stm32f10x_rcc.o(.text)
    RCC_ClearITPendingBit                    0x080086b9   Thumb Code     6  stm32f10x_rcc.o(.text)
    NVIC_PriorityGroupConfig                 0x080086e1   Thumb Code    10  misc.o(.text)
    NVIC_Init                                0x080086eb   Thumb Code    94  misc.o(.text)
    NVIC_SetVectorTable                      0x08008749   Thumb Code    14  misc.o(.text)
    NVIC_SystemLPConfig                      0x08008757   Thumb Code    20  misc.o(.text)
    SysTick_CLKSourceConfig                  0x0800876b   Thumb Code    24  misc.o(.text)
    ADC_DeInit                               0x08008791   Thumb Code    56  stm32f10x_adc.o(.text)
    ADC_Init                                 0x080087c9   Thumb Code    62  stm32f10x_adc.o(.text)
    ADC_StructInit                           0x08008807   Thumb Code    18  stm32f10x_adc.o(.text)
    ADC_Cmd                                  0x08008819   Thumb Code    20  stm32f10x_adc.o(.text)
    ADC_DMACmd                               0x0800882d   Thumb Code    20  stm32f10x_adc.o(.text)
    ADC_ITConfig                             0x08008841   Thumb Code    18  stm32f10x_adc.o(.text)
    ADC_ResetCalibration                     0x08008853   Thumb Code    10  stm32f10x_adc.o(.text)
    ADC_GetResetCalibrationStatus            0x0800885d   Thumb Code    14  stm32f10x_adc.o(.text)
    ADC_StartCalibration                     0x0800886b   Thumb Code    10  stm32f10x_adc.o(.text)
    ADC_GetCalibrationStatus                 0x08008875   Thumb Code    14  stm32f10x_adc.o(.text)
    ADC_SoftwareStartConvCmd                 0x08008883   Thumb Code    20  stm32f10x_adc.o(.text)
    ADC_GetSoftwareStartConvStatus           0x08008897   Thumb Code    14  stm32f10x_adc.o(.text)
    ADC_DiscModeChannelCountConfig           0x080088a5   Thumb Code    16  stm32f10x_adc.o(.text)
    ADC_DiscModeCmd                          0x080088b5   Thumb Code    20  stm32f10x_adc.o(.text)
    ADC_RegularChannelConfig                 0x080088c9   Thumb Code   116  stm32f10x_adc.o(.text)
    ADC_ExternalTrigConvCmd                  0x0800893d   Thumb Code    20  stm32f10x_adc.o(.text)
    ADC_GetConversionValue                   0x08008951   Thumb Code     6  stm32f10x_adc.o(.text)
    ADC_GetDualModeConversionValue           0x08008957   Thumb Code     6  stm32f10x_adc.o(.text)
    ADC_AutoInjectedConvCmd                  0x0800895d   Thumb Code    20  stm32f10x_adc.o(.text)
    ADC_InjectedDiscModeCmd                  0x08008971   Thumb Code    20  stm32f10x_adc.o(.text)
    ADC_ExternalTrigInjectedConvConfig       0x08008985   Thumb Code    12  stm32f10x_adc.o(.text)
    ADC_ExternalTrigInjectedConvCmd          0x08008991   Thumb Code    20  stm32f10x_adc.o(.text)
    ADC_SoftwareStartInjectedConvCmd         0x080089a5   Thumb Code    20  stm32f10x_adc.o(.text)
    ADC_GetSoftwareStartInjectedConvCmdStatus 0x080089b9   Thumb Code    14  stm32f10x_adc.o(.text)
    ADC_InjectedChannelConfig                0x080089c7   Thumb Code    74  stm32f10x_adc.o(.text)
    ADC_InjectedSequencerLengthConfig        0x08008a11   Thumb Code    16  stm32f10x_adc.o(.text)
    ADC_SetInjectedOffset                    0x08008a21   Thumb Code     4  stm32f10x_adc.o(.text)
    ADC_GetInjectedConversionValue           0x08008a25   Thumb Code     8  stm32f10x_adc.o(.text)
    ADC_AnalogWatchdogCmd                    0x08008a2d   Thumb Code    12  stm32f10x_adc.o(.text)
    ADC_AnalogWatchdogThresholdsConfig       0x08008a39   Thumb Code     6  stm32f10x_adc.o(.text)
    ADC_AnalogWatchdogSingleChannelConfig    0x08008a3f   Thumb Code    12  stm32f10x_adc.o(.text)
    ADC_TempSensorVrefintCmd                 0x08008a4b   Thumb Code    24  stm32f10x_adc.o(.text)
    ADC_GetFlagStatus                        0x08008a63   Thumb Code    14  stm32f10x_adc.o(.text)
    ADC_ClearFlag                            0x08008a71   Thumb Code     6  stm32f10x_adc.o(.text)
    ADC_GetITStatus                          0x08008a77   Thumb Code    28  stm32f10x_adc.o(.text)
    ADC_ClearITPendingBit                    0x08008a93   Thumb Code     8  stm32f10x_adc.o(.text)
    CAN_DeInit                               0x08008ab1   Thumb Code    32  stm32f10x_can.o(.text)
    CAN_Init                                 0x08008ad1   Thumb Code   232  stm32f10x_can.o(.text)
    CAN_FilterInit                           0x08008bb9   Thumb Code   194  stm32f10x_can.o(.text)
    CAN_StructInit                           0x08008c7b   Thumb Code    32  stm32f10x_can.o(.text)
    CAN_ITConfig                             0x08008c9b   Thumb Code    16  stm32f10x_can.o(.text)
    CAN_Transmit                             0x08008cab   Thumb Code   166  stm32f10x_can.o(.text)
    CAN_TransmitStatus                       0x08008d51   Thumb Code   118  stm32f10x_can.o(.text)
    CAN_CancelTransmit                       0x08008dc7   Thumb Code    36  stm32f10x_can.o(.text)
    CAN_FIFORelease                          0x08008deb   Thumb Code    12  stm32f10x_can.o(.text)
    CAN_MessagePending                       0x08008df7   Thumb Code    22  stm32f10x_can.o(.text)
    CAN_Receive                              0x08008e0d   Thumb Code   124  stm32f10x_can.o(.text)
    CAN_DBGFreeze                            0x08008e89   Thumb Code    32  stm32f10x_can.o(.text)
    CAN_Sleep                                0x08008ea9   Thumb Code    30  stm32f10x_can.o(.text)
    CAN_WakeUp                               0x08008ec7   Thumb Code    40  stm32f10x_can.o(.text)
    CAN_GetFlagStatus                        0x08008eef   Thumb Code    14  stm32f10x_can.o(.text)
    CAN_ClearFlag                            0x08008efd   Thumb Code     8  stm32f10x_can.o(.text)
    CAN_GetITStatus                          0x08008f05   Thumb Code   142  stm32f10x_can.o(.text)
    CAN_ClearITPendingBit                    0x08008f93   Thumb Code   136  stm32f10x_can.o(.text)
    DMA_DeInit                               0x08009029   Thumb Code   200  stm32f10x_dma.o(.text)
    DMA_Init                                 0x080090f1   Thumb Code    58  stm32f10x_dma.o(.text)
    DMA_StructInit                           0x0800912b   Thumb Code    26  stm32f10x_dma.o(.text)
    DMA_Cmd                                  0x08009145   Thumb Code    20  stm32f10x_dma.o(.text)
    DMA_ITConfig                             0x08009159   Thumb Code    16  stm32f10x_dma.o(.text)
    DMA_GetCurrDataCounter                   0x08009169   Thumb Code     6  stm32f10x_dma.o(.text)
    DMA_GetFlagStatus                        0x0800916f   Thumb Code    28  stm32f10x_dma.o(.text)
    DMA_ClearFlag                            0x0800918b   Thumb Code    18  stm32f10x_dma.o(.text)
    DMA_GetITStatus                          0x0800919d   Thumb Code    28  stm32f10x_dma.o(.text)
    DMA_ClearITPendingBit                    0x080091b9   Thumb Code    18  stm32f10x_dma.o(.text)
    EXTI_DeInit                              0x080091dd   Thumb Code    28  stm32f10x_exti.o(.text)
    EXTI_Init                                0x080091f9   Thumb Code   124  stm32f10x_exti.o(.text)
    EXTI_StructInit                          0x08009275   Thumb Code    14  stm32f10x_exti.o(.text)
    EXTI_GenerateSWInterrupt                 0x08009283   Thumb Code    12  stm32f10x_exti.o(.text)
    EXTI_GetFlagStatus                       0x0800928f   Thumb Code    18  stm32f10x_exti.o(.text)
    EXTI_ClearFlag                           0x080092a1   Thumb Code     8  stm32f10x_exti.o(.text)
    EXTI_GetITStatus                         0x080092a9   Thumb Code    28  stm32f10x_exti.o(.text)
    EXTI_ClearITPendingBit                   0x080092c5   Thumb Code     8  stm32f10x_exti.o(.text)
    FLASH_SetLatency                         0x080092d9   Thumb Code    14  stm32f10x_flash.o(.text)
    FLASH_HalfCycleAccessCmd                 0x080092e7   Thumb Code    18  stm32f10x_flash.o(.text)
    FLASH_PrefetchBufferCmd                  0x080092f9   Thumb Code    18  stm32f10x_flash.o(.text)
    FLASH_Unlock                             0x0800930b   Thumb Code    12  stm32f10x_flash.o(.text)
    FLASH_Lock                               0x08009317   Thumb Code    12  stm32f10x_flash.o(.text)
    FLASH_GetStatus                          0x08009323   Thumb Code    34  stm32f10x_flash.o(.text)
    FLASH_WaitForLastOperation               0x08009345   Thumb Code    46  stm32f10x_flash.o(.text)
    FLASH_ErasePage                          0x08009373   Thumb Code    60  stm32f10x_flash.o(.text)
    FLASH_EraseAllPages                      0x080093af   Thumb Code    56  stm32f10x_flash.o(.text)
    FLASH_EraseOptionBytes                   0x080093e7   Thumb Code    98  stm32f10x_flash.o(.text)
    FLASH_ProgramWord                        0x08009449   Thumb Code    64  stm32f10x_flash.o(.text)
    FLASH_ProgramHalfWord                    0x08009489   Thumb Code    50  stm32f10x_flash.o(.text)
    FLASH_ProgramOptionByteData              0x080094bb   Thumb Code    58  stm32f10x_flash.o(.text)
    FLASH_EnableWriteProtection              0x080094f5   Thumb Code   150  stm32f10x_flash.o(.text)
    FLASH_ReadOutProtection                  0x0800958b   Thumb Code   118  stm32f10x_flash.o(.text)
    FLASH_UserOptionByteConfig               0x08009601   Thumb Code    72  stm32f10x_flash.o(.text)
    FLASH_GetUserOptionByte                  0x08009649   Thumb Code     8  stm32f10x_flash.o(.text)
    FLASH_GetWriteProtectionOptionByte       0x08009651   Thumb Code     6  stm32f10x_flash.o(.text)
    FLASH_GetReadOutProtectionStatus         0x08009657   Thumb Code    14  stm32f10x_flash.o(.text)
    FLASH_GetPrefetchBufferStatus            0x08009665   Thumb Code    14  stm32f10x_flash.o(.text)
    FLASH_ITConfig                           0x08009673   Thumb Code    18  stm32f10x_flash.o(.text)
    FLASH_GetFlagStatus                      0x08009685   Thumb Code    28  stm32f10x_flash.o(.text)
    FLASH_ClearFlag                          0x080096a1   Thumb Code     6  stm32f10x_flash.o(.text)
    IWDG_WriteAccessCmd                      0x080096b9   Thumb Code     6  stm32f10x_iwdg.o(.text)
    IWDG_SetPrescaler                        0x080096bf   Thumb Code     6  stm32f10x_iwdg.o(.text)
    IWDG_SetReload                           0x080096c5   Thumb Code     6  stm32f10x_iwdg.o(.text)
    IWDG_ReloadCounter                       0x080096cb   Thumb Code    10  stm32f10x_iwdg.o(.text)
    IWDG_Enable                              0x080096d5   Thumb Code    10  stm32f10x_iwdg.o(.text)
    IWDG_GetFlagStatus                       0x080096df   Thumb Code    16  stm32f10x_iwdg.o(.text)
    TIM_DeInit                               0x080096f5   Thumb Code   170  stm32f10x_tim.o(.text)
    TIM_TimeBaseInit                         0x0800979f   Thumb Code    50  stm32f10x_tim.o(.text)
    TIM_OC1Init                              0x080097d1   Thumb Code    88  stm32f10x_tim.o(.text)
    TIM_OC2Init                              0x08009829   Thumb Code   120  stm32f10x_tim.o(.text)
    TIM_OC3Init                              0x080098a1   Thumb Code   116  stm32f10x_tim.o(.text)
    TIM_OC4Init                              0x08009915   Thumb Code    90  stm32f10x_tim.o(.text)
    TIM_SetIC4Prescaler                      0x0800996f   Thumb Code    24  stm32f10x_tim.o(.text)
    TIM_SetIC3Prescaler                      0x08009987   Thumb Code    16  stm32f10x_tim.o(.text)
    TIM_SetIC2Prescaler                      0x08009997   Thumb Code    24  stm32f10x_tim.o(.text)
    TIM_SetIC1Prescaler                      0x080099e5   Thumb Code    16  stm32f10x_tim.o(.text)
    TIM_ICInit                               0x080099f5   Thumb Code   164  stm32f10x_tim.o(.text)
    TIM_PWMIConfig                           0x08009a99   Thumb Code   122  stm32f10x_tim.o(.text)
    TIM_BDTRConfig                           0x08009b13   Thumb Code    34  stm32f10x_tim.o(.text)
    TIM_TimeBaseStructInit                   0x08009b35   Thumb Code    18  stm32f10x_tim.o(.text)
    TIM_OCStructInit                         0x08009b47   Thumb Code    20  stm32f10x_tim.o(.text)
    TIM_ICStructInit                         0x08009b5b   Thumb Code    16  stm32f10x_tim.o(.text)
    TIM_BDTRStructInit                       0x08009b6b   Thumb Code    18  stm32f10x_tim.o(.text)
    TIM_Cmd                                  0x08009b7d   Thumb Code    22  stm32f10x_tim.o(.text)
    TIM_CtrlPWMOutputs                       0x08009b93   Thumb Code    22  stm32f10x_tim.o(.text)
    TIM_ITConfig                             0x08009ba9   Thumb Code    16  stm32f10x_tim.o(.text)
    TIM_GenerateEvent                        0x08009bb9   Thumb Code     4  stm32f10x_tim.o(.text)
    TIM_DMAConfig                            0x08009bbd   Thumb Code     8  stm32f10x_tim.o(.text)
    TIM_DMACmd                               0x08009bc5   Thumb Code    16  stm32f10x_tim.o(.text)
    TIM_InternalClockConfig                  0x08009bd5   Thumb Code    10  stm32f10x_tim.o(.text)
    TIM_SelectInputTrigger                   0x08009bdf   Thumb Code    12  stm32f10x_tim.o(.text)
    TIM_ITRxExternalClockConfig              0x08009beb   Thumb Code    18  stm32f10x_tim.o(.text)
    TIM_TIxExternalClockConfig               0x08009bfd   Thumb Code    46  stm32f10x_tim.o(.text)
    TIM_ETRConfig                            0x08009c2b   Thumb Code    24  stm32f10x_tim.o(.text)
    TIM_ETRClockMode1Config                  0x08009c43   Thumb Code    18  stm32f10x_tim.o(.text)
    TIM_ETRClockMode2Config                  0x08009c55   Thumb Code    18  stm32f10x_tim.o(.text)
    TIM_PrescalerConfig                      0x08009c67   Thumb Code     6  stm32f10x_tim.o(.text)
    TIM_CounterModeConfig                    0x08009c6d   Thumb Code    14  stm32f10x_tim.o(.text)
    TIM_EncoderInterfaceConfig               0x08009c7b   Thumb Code    50  stm32f10x_tim.o(.text)
    TIM_ForcedOC1Config                      0x08009cad   Thumb Code    12  stm32f10x_tim.o(.text)
    TIM_ForcedOC2Config                      0x08009cb9   Thumb Code    20  stm32f10x_tim.o(.text)
    TIM_ForcedOC3Config                      0x08009ccd   Thumb Code    12  stm32f10x_tim.o(.text)
    TIM_ForcedOC4Config                      0x08009cd9   Thumb Code    20  stm32f10x_tim.o(.text)
    TIM_ARRPreloadConfig                     0x08009ced   Thumb Code    22  stm32f10x_tim.o(.text)
    TIM_SelectCOM                            0x08009d03   Thumb Code    20  stm32f10x_tim.o(.text)
    TIM_SelectCCDMA                          0x08009d17   Thumb Code    20  stm32f10x_tim.o(.text)
    TIM_CCPreloadControl                     0x08009d2b   Thumb Code    20  stm32f10x_tim.o(.text)
    TIM_OC1PreloadConfig                     0x08009d3f   Thumb Code    12  stm32f10x_tim.o(.text)
    TIM_OC2PreloadConfig                     0x08009d4b   Thumb Code    20  stm32f10x_tim.o(.text)
    TIM_OC3PreloadConfig                     0x08009d5f   Thumb Code    12  stm32f10x_tim.o(.text)
    TIM_OC4PreloadConfig                     0x08009d6b   Thumb Code    20  stm32f10x_tim.o(.text)
    TIM_OC1FastConfig                        0x08009d7f   Thumb Code    12  stm32f10x_tim.o(.text)
    TIM_OC2FastConfig                        0x08009d8b   Thumb Code    20  stm32f10x_tim.o(.text)
    TIM_OC3FastConfig                        0x08009d9f   Thumb Code    12  stm32f10x_tim.o(.text)
    TIM_OC4FastConfig                        0x08009dab   Thumb Code    20  stm32f10x_tim.o(.text)
    TIM_ClearOC1Ref                          0x08009dbf   Thumb Code    12  stm32f10x_tim.o(.text)
    TIM_ClearOC2Ref                          0x08009dcb   Thumb Code    20  stm32f10x_tim.o(.text)
    TIM_ClearOC3Ref                          0x08009ddf   Thumb Code    12  stm32f10x_tim.o(.text)
    TIM_ClearOC4Ref                          0x08009deb   Thumb Code    20  stm32f10x_tim.o(.text)
    TIM_OC1PolarityConfig                    0x08009dff   Thumb Code    12  stm32f10x_tim.o(.text)
    TIM_OC1NPolarityConfig                   0x08009e0b   Thumb Code    12  stm32f10x_tim.o(.text)
    TIM_OC2PolarityConfig                    0x08009e17   Thumb Code    20  stm32f10x_tim.o(.text)
    TIM_OC2NPolarityConfig                   0x08009e2b   Thumb Code    20  stm32f10x_tim.o(.text)
    TIM_OC3PolarityConfig                    0x08009e3f   Thumb Code    20  stm32f10x_tim.o(.text)
    TIM_OC3NPolarityConfig                   0x08009e53   Thumb Code    20  stm32f10x_tim.o(.text)
    TIM_OC4PolarityConfig                    0x08009e67   Thumb Code    20  stm32f10x_tim.o(.text)
    TIM_CCxCmd                               0x08009e7b   Thumb Code    22  stm32f10x_tim.o(.text)
    TIM_CCxNCmd                              0x08009e91   Thumb Code    22  stm32f10x_tim.o(.text)
    TIM_SelectOCxM                           0x08009ea7   Thumb Code    70  stm32f10x_tim.o(.text)
    TIM_UpdateDisableConfig                  0x08009eed   Thumb Code    22  stm32f10x_tim.o(.text)
    TIM_UpdateRequestConfig                  0x08009f03   Thumb Code    22  stm32f10x_tim.o(.text)
    TIM_SelectHallSensor                     0x08009f19   Thumb Code    20  stm32f10x_tim.o(.text)
    TIM_SelectOnePulseMode                   0x08009f2d   Thumb Code    18  stm32f10x_tim.o(.text)
    TIM_SelectOutputTrigger                  0x08009f3f   Thumb Code    16  stm32f10x_tim.o(.text)
    TIM_SelectSlaveMode                      0x08009f4f   Thumb Code    16  stm32f10x_tim.o(.text)
    TIM_SelectMasterSlaveMode                0x08009f5f   Thumb Code    16  stm32f10x_tim.o(.text)
    TIM_SetCounter                           0x08009f6f   Thumb Code     4  stm32f10x_tim.o(.text)
    TIM_SetAutoreload                        0x08009f73   Thumb Code     4  stm32f10x_tim.o(.text)
    TIM_SetCompare1                          0x08009f77   Thumb Code     4  stm32f10x_tim.o(.text)
    TIM_SetCompare2                          0x08009f7b   Thumb Code     4  stm32f10x_tim.o(.text)
    TIM_SetCompare3                          0x08009f7f   Thumb Code     4  stm32f10x_tim.o(.text)
    TIM_SetCompare4                          0x08009f83   Thumb Code     6  stm32f10x_tim.o(.text)
    TIM_SetClockDivision                     0x08009f89   Thumb Code    14  stm32f10x_tim.o(.text)
    TIM_GetCapture1                          0x08009f97   Thumb Code     4  stm32f10x_tim.o(.text)
    TIM_GetCapture2                          0x08009f9b   Thumb Code     4  stm32f10x_tim.o(.text)
    TIM_GetCapture3                          0x08009f9f   Thumb Code     4  stm32f10x_tim.o(.text)
    TIM_GetCapture4                          0x08009fa3   Thumb Code     6  stm32f10x_tim.o(.text)
    TIM_GetCounter                           0x08009fa9   Thumb Code     4  stm32f10x_tim.o(.text)
    TIM_GetPrescaler                         0x08009fad   Thumb Code     4  stm32f10x_tim.o(.text)
    TIM_GetFlagStatus                        0x08009fb1   Thumb Code    14  stm32f10x_tim.o(.text)
    TIM_ClearFlag                            0x08009fbf   Thumb Code     6  stm32f10x_tim.o(.text)
    TIM_GetITStatus                          0x08009fc5   Thumb Code    24  stm32f10x_tim.o(.text)
    TIM_ClearITPendingBit                    0x08009fdd   Thumb Code     6  stm32f10x_tim.o(.text)
    SystemInit                               0x0800a0b5   Thumb Code    48  system_stm32f10x.o(.text)
    Get_Week                                 0x0800a0f5   Thumb Code    58  bl5372.o(.text)
    I2C_BL5372_WriteByte                     0x0800a207   Thumb Code    80  bl5372.o(.text)
    I2C_BL5372_ReadByte                      0x0800a257   Thumb Code   170  bl5372.o(.text)
    F_Difference                             0x0800a301   Thumb Code    82  bl5372.o(.text)
    Init_BL5372                              0x0800a353   Thumb Code   246  bl5372.o(.text)
    BL5372_SetBCD                            0x0800a449   Thumb Code    80  bl5372.o(.text)
    BL5372_Read                              0x0800a545   Thumb Code   286  bl5372.o(.text)
    BL5372_ReadBCD                           0x0800a663   Thumb Code    78  bl5372.o(.text)
    BSP_Init                                 0x0800a6e9   Thumb Code     4  bsp.o(.text)
    delay_init                               0x0800a6ed   Thumb Code    52  delay.o(.text)
    Delay_us                                 0x0800a721   Thumb Code    62  delay.o(.text)
    Delay_ms                                 0x0800a75f   Thumb Code    50  delay.o(.text)
    Delayus                                  0x0800a799   Thumb Code    16  jf24d.o(.text)
    SPI_RW                                   0x0800a7a9   Thumb Code    94  jf24d.o(.text)
    SPI_Write_Reg                            0x0800a807   Thumb Code    28  jf24d.o(.text)
    SPI_Read_Reg                             0x0800a823   Thumb Code    46  jf24d.o(.text)
    SPI_Read_Buf                             0x0800a851   Thumb Code    44  jf24d.o(.text)
    SPI_Write_Buf                            0x0800a87d   Thumb Code    42  jf24d.o(.text)
    Enter_PRX                                0x0800a8a7   Thumb Code    54  jf24d.o(.text)
    Enter_PTX                                0x0800a8dd   Thumb Code    58  jf24d.o(.text)
    SwitchCFG                                0x0800a917   Thumb Code    34  jf24d.o(.text)
    JF24D_Init                               0x0800a939   Thumb Code   318  jf24d.o(.text)
    IsInitWirelessModuleSuccess              0x0800aa77   Thumb Code    20  jf24d.o(.text)
    Send_Packet                              0x0800aa8b   Thumb Code    32  jf24d.o(.text)
    Receive_Packet                           0x0800aaab   Thumb Code    50  jf24d.o(.text)
    ChangeRF24Dchannel                       0x0800aadd   Thumb Code    18  jf24d.o(.text)
    InitWirelessModule                       0x0800aaef   Thumb Code    50  jf24d.o(.text)
    CreatCmd                                 0x0800ab21   Thumb Code   190  jf24d.o(.text)
    Target_Init                              0x0800abfd   Thumb Code   130  stm32_init.o(.text)
    Output_P203                              0x0800ac7f   Thumb Code    54  stm32_init.o(.text)
    Wireless_GPIO                            0x0800adc9   Thumb Code    90  stm32_init.o(.text)
    EXTI_Configuration                       0x0800ae23   Thumb Code    50  stm32_init.o(.text)
    USART_Configuration                      0x0800ae55   Thumb Code    96  stm32_init.o(.text)
    TIM2_Configuration                       0x0800aeb5   Thumb Code    58  stm32_init.o(.text)
    TIM3_Configuration                       0x0800aeef   Thumb Code    50  stm32_init.o(.text)
    TIM4_Configuration                       0x0800af21   Thumb Code    56  stm32_init.o(.text)
    Can_Config                               0x0800af59   Thumb Code   236  stm32_init.o(.text)
    ADC_Conf                                 0x0800b045   Thumb Code   152  stm32_init.o(.text)
    DMA_Configuration                        0x0800b0dd   Thumb Code    74  stm32_init.o(.text)
    IWDG_Configuration                       0x0800b127   Thumb Code    36  stm32_init.o(.text)
    Application_Init                         0x0800b14b   Thumb Code    30  stm32_init.o(.text)
    USART1_SandData                          0x0800b175   Thumb Code   100  stm32_usart.o(.text)
    USART3_SandData                          0x0800b1d9   Thumb Code    70  stm32_usart.o(.text)
    CRC_16                                   0x0800b21f   Thumb Code    52  stm32_usart.o(.text)
    I2CStart                                 0x0800b261   Thumb Code    24  tm1637.o(.text)
    I2CStop                                  0x0800b279   Thumb Code    38  tm1637.o(.text)
    I2CWrByte                                0x0800b29f   Thumb Code    60  tm1637.o(.text)
    TM1637_Init                              0x0800b2db   Thumb Code    26  tm1637.o(.text)
    I2Cask                                   0x0800b2f5   Thumb Code    64  tm1637.o(.text)
    Write_8LED                               0x0800b335   Thumb Code   154  tm1637.o(.text)
    Write_LED                                0x0800b3cf   Thumb Code    52  tm1637.o(.text)
    I2CWait                                  0x0800b421   Thumb Code    10  sd2068.o(.text)
    I2CWriteOneByte                          0x0800b4fd   Thumb Code    54  sd2068.o(.text)
    I2CReadOneByte                           0x0800b533   Thumb Code    78  sd2068.o(.text)
    WriteTimeOn                              0x0800b581   Thumb Code    30  sd2068.o(.text)
    WriteTimeOff                             0x0800b59f   Thumb Code    30  sd2068.o(.text)
    SD2068_I2CWriteSingleReg                 0x0800b5bd   Thumb Code    38  sd2068.o(.text)
    SD2068_I2CReadDate                       0x0800b701   Thumb Code   252  sd2068.o(.text)
    Init_SD2068                              0x0800b7fd   Thumb Code   104  sd2068.o(.text)
    SD2068_I2CWriteBCDDate                   0x0800b865   Thumb Code   166  sd2068.o(.text)
    SD2068_I2CReadBCD                        0x0800b90b   Thumb Code   114  sd2068.o(.text)
    F0_calculate                             0x0800ba05   Thumb Code    94  rtccalibration.o(.text)
    RTCcalibration                           0x0800ba63   Thumb Code   102  rtccalibration.o(.text)
    OS_TaskStatStkChk                        0x0800bae1   Thumb Code    50  os_core.o(.text)
    OS_TaskStat                              0x0800bb13   Thumb Code    82  os_core.o(.text)
    OS_TaskIdle                              0x0800bb65   Thumb Code    22  os_core.o(.text)
    OS_MemClr                                0x0800bb7b   Thumb Code    18  os_core.o(.text)
    OSInit                                   0x0800bb8d   Thumb Code   236  os_core.o(.text)
    OSIntEnter                               0x0800bc79   Thumb Code    20  os_core.o(.text)
    OSIntExit                                0x0800bc8d   Thumb Code    82  os_core.o(.text)
    OSSchedLock                              0x0800bcdf   Thumb Code    38  os_core.o(.text)
    OS_Sched                                 0x0800bd05   Thumb Code    64  os_core.o(.text)
    OSSchedUnlock                            0x0800bd45   Thumb Code    52  os_core.o(.text)
    OSStart                                  0x0800bd79   Thumb Code    38  os_core.o(.text)
    OSStatInit                               0x0800bd9f   Thumb Code    48  os_core.o(.text)
    OSTimeTick                               0x0800bdcf   Thumb Code   154  os_core.o(.text)
    OSVersion                                0x0800be69   Thumb Code     6  os_core.o(.text)
    OS_Dummy                                 0x0800be6f   Thumb Code     2  os_core.o(.text)
    OS_EventTaskRemove                       0x0800be71   Thumb Code    32  os_core.o(.text)
    OS_EventTaskRdy                          0x0800be91   Thumb Code   144  os_core.o(.text)
    OS_EventTaskWait                         0x0800bf21   Thumb Code    68  os_core.o(.text)
    OS_EventWaitListInit                     0x0800bf65   Thumb Code    20  os_core.o(.text)
    OS_MemCopy                               0x0800bf79   Thumb Code    20  os_core.o(.text)
    OS_StrLen                                0x0800bf8d   Thumb Code    20  os_core.o(.text)
    OS_TCBInit                               0x0800bfa1   Thumb Code   220  os_core.o(.text)
    OSFlagAccept                             0x0800c10d   Thumb Code   154  os_flag.o(.text)
    OSFlagCreate                             0x0800c1a7   Thumb Code    68  os_flag.o(.text)
    OS_FlagUnlink                            0x0800c1eb   Thumb Code    32  os_flag.o(.text)
    OSFlagDel                                0x0800c253   Thumb Code   180  os_flag.o(.text)
    OSFlagNameGet                            0x0800c307   Thumb Code    72  os_flag.o(.text)
    OSFlagNameSet                            0x0800c34f   Thumb Code    50  os_flag.o(.text)
    OSFlagPend                               0x0800c3d7   Thumb Code   370  os_flag.o(.text)
    OSFlagPendGetFlagsRdy                    0x0800c549   Thumb Code    20  os_flag.o(.text)
    OSFlagPost                               0x0800c55d   Thumb Code   210  os_flag.o(.text)
    OSFlagQuery                              0x0800c62f   Thumb Code    38  os_flag.o(.text)
    OS_FlagInit                              0x0800c655   Thumb Code    64  os_flag.o(.text)
    OSMemCreate                              0x0800c69d   Thumb Code    86  os_mem.o(.text)
    OSMemGet                                 0x0800c6f3   Thumb Code    48  os_mem.o(.text)
    OSMemNameGet                             0x0800c723   Thumb Code    54  os_mem.o(.text)
    OSMemNameSet                             0x0800c759   Thumb Code    36  os_mem.o(.text)
    OSMemPut                                 0x0800c77d   Thumb Code    46  os_mem.o(.text)
    OSMemQuery                               0x0800c7ab   Thumb Code    46  os_mem.o(.text)
    OS_MemInit                               0x0800c7d9   Thumb Code    62  os_mem.o(.text)
    OSMutexAccept                            0x0800c829   Thumb Code   110  os_mutex.o(.text)
    OSMutexCreate                            0x0800c897   Thumb Code   112  os_mutex.o(.text)
    OSMutexDel                               0x0800c977   Thumb Code   224  os_mutex.o(.text)
    OSMutexPend                              0x0800ca57   Thumb Code   432  os_mutex.o(.text)
    OSMutexPost                              0x0800cc07   Thumb Code   194  os_mutex.o(.text)
    OSMutexQuery                             0x0800ccc9   Thumb Code    88  os_mutex.o(.text)
    OSQAccept                                0x0800cd2d   Thumb Code    78  os_q.o(.text)
    OSQCreate                                0x0800cd7b   Thumb Code   110  os_q.o(.text)
    OSQDel                                   0x0800cde9   Thumb Code   210  os_q.o(.text)
    OSQFlush                                 0x0800cebb   Thumb Code    28  os_q.o(.text)
    OSQPend                                  0x0800ced7   Thumb Code   206  os_q.o(.text)
    OSQPendAbort                             0x0800cfa5   Thumb Code   108  os_q.o(.text)
    OSQPost                                  0x0800d011   Thumb Code   106  os_q.o(.text)
    OSQPostFront                             0x0800d07b   Thumb Code   104  os_q.o(.text)
    OSQPostOpt                               0x0800d0e3   Thumb Code   184  os_q.o(.text)
    OSQQuery                                 0x0800d19b   Thumb Code    84  os_q.o(.text)
    OS_QInit                                 0x0800d1ef   Thumb Code    58  os_q.o(.text)
    OSSemAccept                              0x0800d231   Thumb Code    34  os_sem.o(.text)
    OSSemCreate                              0x0800d253   Thumb Code    54  os_sem.o(.text)
    OSSemDel                                 0x0800d289   Thumb Code   180  os_sem.o(.text)
    OSSemPend                                0x0800d33d   Thumb Code   170  os_sem.o(.text)
    OSSemPendAbort                           0x0800d3e7   Thumb Code   110  os_sem.o(.text)
    OSSemPost                                0x0800d455   Thumb Code    82  os_sem.o(.text)
    OSSemQuery                               0x0800d4a7   Thumb Code    66  os_sem.o(.text)
    OSSemSet                                 0x0800d4e9   Thumb Code    52  os_sem.o(.text)
    OSTaskChangePrio                         0x0800d52d   Thumb Code   260  os_task.o(.text)
    OSTaskCreate                             0x0800d631   Thumb Code   124  os_task.o(.text)
    OS_TaskStkClr                            0x0800d6ad   Thumb Code    22  os_task.o(.text)
    OSTaskCreateExt                          0x0800d6c3   Thumb Code   144  os_task.o(.text)
    OSTaskDel                                0x0800d753   Thumb Code   264  os_task.o(.text)
    OSTaskDelReq                             0x0800d85b   Thumb Code    82  os_task.o(.text)
    OSTaskNameGet                            0x0800d8ad   Thumb Code    92  os_task.o(.text)
    OSTaskNameSet                            0x0800d909   Thumb Code   116  os_task.o(.text)
    OSTaskResume                             0x0800d97d   Thumb Code   120  os_task.o(.text)
    OSTaskStkChk                             0x0800d9f5   Thumb Code    98  os_task.o(.text)
    OSTaskSuspend                            0x0800da57   Thumb Code   128  os_task.o(.text)
    OSTaskQuery                              0x0800dad7   Thumb Code    74  os_task.o(.text)
    OSTaskRegGet                             0x0800db21   Thumb Code    50  os_task.o(.text)
    OSTaskRegSet                             0x0800db53   Thumb Code    52  os_task.o(.text)
    OS_TaskReturn                            0x0800db87   Thumb Code    18  os_task.o(.text)
    OSTimeDly                                0x0800dbad   Thumb Code    82  os_time.o(.text)
    OSTimeDlyHMSM                            0x0800dbff   Thumb Code    72  os_time.o(.text)
    OSTimeDlyResume                          0x0800dc47   Thumb Code   134  os_time.o(.text)
    OSTimeGet                                0x0800dccd   Thumb Code    18  os_time.o(.text)
    OSTimeSet                                0x0800dcdf   Thumb Code    20  os_time.o(.text)
    OSTmrCreate                              0x0800dd11   Thumb Code   116  os_tmr.o(.text)
    OSTmrDel                                 0x0800ddf1   Thumb Code    94  os_tmr.o(.text)
    OSTmrNameGet                             0x0800de4f   Thumb Code    94  os_tmr.o(.text)
    OSTmrRemainGet                           0x0800dead   Thumb Code   126  os_tmr.o(.text)
    OSTmrStateGet                            0x0800df2b   Thumb Code    68  os_tmr.o(.text)
    OSTmrStart                               0x0800dfb1   Thumb Code    96  os_tmr.o(.text)
    OSTmrStop                                0x0800e011   Thumb Code   142  os_tmr.o(.text)
    OSTmrSignal                              0x0800e09f   Thumb Code     8  os_tmr.o(.text)
    OSTmr_Init                               0x0800e133   Thumb Code   182  os_tmr.o(.text)
    OS_CPU_SR_Save                           0x0800e221   Thumb Code     0  os_cpu_a.o(.text)
    OS_CPU_SR_Restore                        0x0800e229   Thumb Code     0  os_cpu_a.o(.text)
    OSStartHighRdy                           0x0800e22f   Thumb Code     0  os_cpu_a.o(.text)
    OSCtxSw                                  0x0800e24f   Thumb Code     0  os_cpu_a.o(.text)
    OSIntCtxSw                               0x0800e259   Thumb Code     0  os_cpu_a.o(.text)
    OS_CPU_PendSVHandler                     0x0800e263   Thumb Code     0  os_cpu_a.o(.text)
    OSInitHookBegin                          0x0800e2c5   Thumb Code     8  os_cpu_c.o(.text)
    OSTaskReturnHook                         0x0800e2cd   Thumb Code     2  os_cpu_c.o(.text)
    OSInitHookEnd                            0x0800e2cf   Thumb Code     2  os_cpu_c.o(.text)
    OSTaskCreateHook                         0x0800e2d1   Thumb Code     2  os_cpu_c.o(.text)
    OSTaskDelHook                            0x0800e2d3   Thumb Code     2  os_cpu_c.o(.text)
    OSTaskIdleHook                           0x0800e2d5   Thumb Code     2  os_cpu_c.o(.text)
    OSTaskStatHook                           0x0800e2d7   Thumb Code     2  os_cpu_c.o(.text)
    OSTaskStkInit                            0x0800e2d9   Thumb Code   114  os_cpu_c.o(.text)
    OSTaskSwHook                             0x0800e34b   Thumb Code     2  os_cpu_c.o(.text)
    OSTCBInitHook                            0x0800e34d   Thumb Code     2  os_cpu_c.o(.text)
    OSTimeTickHook                           0x0800e34f   Thumb Code    24  os_cpu_c.o(.text)
    __aeabi_memset                           0x0800e36d   Thumb Code    14  memseta.o(.text)
    __aeabi_memset4                          0x0800e36d   Thumb Code     0  memseta.o(.text)
    __aeabi_memset8                          0x0800e36d   Thumb Code     0  memseta.o(.text)
    __aeabi_memclr                           0x0800e37b   Thumb Code     4  memseta.o(.text)
    __aeabi_memclr4                          0x0800e37b   Thumb Code     0  memseta.o(.text)
    __aeabi_memclr8                          0x0800e37b   Thumb Code     0  memseta.o(.text)
    _memset$wrapper                          0x0800e37f   Thumb Code    18  memseta.o(.text)
    __aeabi_fadd                             0x0800e391   Thumb Code   164  fadd.o(.text)
    __aeabi_fsub                             0x0800e435   Thumb Code     6  fadd.o(.text)
    __aeabi_frsub                            0x0800e43b   Thumb Code     6  fadd.o(.text)
    __aeabi_fmul                             0x0800e441   Thumb Code   100  fmul.o(.text)
    __ARM_scalbnf                            0x0800e4a5   Thumb Code    24  fscalb.o(.text)
    scalbnf                                  0x0800e4a5   Thumb Code     0  fscalb.o(.text)
    __aeabi_dadd                             0x0800e4bd   Thumb Code   322  dadd.o(.text)
    __aeabi_dsub                             0x0800e5ff   Thumb Code     6  dadd.o(.text)
    __aeabi_drsub                            0x0800e605   Thumb Code     6  dadd.o(.text)
    __aeabi_dmul                             0x0800e60b   Thumb Code   228  dmul.o(.text)
    __aeabi_ddiv                             0x0800e6ef   Thumb Code   222  ddiv.o(.text)
    __ARM_scalbn                             0x0800e7cd   Thumb Code    46  dscalb.o(.text)
    scalbn                                   0x0800e7cd   Thumb Code     0  dscalb.o(.text)
    __aeabi_ui2f                             0x0800e7fb   Thumb Code    10  ffltui.o(.text)
    __aeabi_i2d                              0x0800e805   Thumb Code    34  dflti.o(.text)
    __aeabi_ui2d                             0x0800e827   Thumb Code    26  dfltui.o(.text)
    __aeabi_f2iz                             0x0800e841   Thumb Code    50  ffixi.o(.text)
    __aeabi_f2uiz                            0x0800e873   Thumb Code    40  ffixui.o(.text)
    __aeabi_d2iz                             0x0800e89b   Thumb Code    62  dfixi.o(.text)
    __aeabi_d2uiz                            0x0800e8d9   Thumb Code    50  dfixui.o(.text)
    __aeabi_f2d                              0x0800e90b   Thumb Code    38  f2d.o(.text)
    __aeabi_d2f                              0x0800e931   Thumb Code    56  d2f.o(.text)
    __aeabi_llsl                             0x0800e969   Thumb Code    30  llshl.o(.text)
    _ll_shift_l                              0x0800e969   Thumb Code     0  llshl.o(.text)
    __aeabi_llsr                             0x0800e987   Thumb Code    32  llushr.o(.text)
    _ll_ushift_r                             0x0800e987   Thumb Code     0  llushr.o(.text)
    __aeabi_lasr                             0x0800e9a7   Thumb Code    36  llsshr.o(.text)
    _ll_sshift_r                             0x0800e9a7   Thumb Code     0  llsshr.o(.text)
    __I$use$fp                               0x0800e9cb   Thumb Code     0  iusefp.o(.text)
    _float_round                             0x0800e9cb   Thumb Code    18  fepilogue.o(.text)
    _float_epilogue                          0x0800e9dd   Thumb Code    92  fepilogue.o(.text)
    _double_round                            0x0800ea39   Thumb Code    26  depilogue.o(.text)
    _double_epilogue                         0x0800ea53   Thumb Code   156  depilogue.o(.text)
    __aeabi_cdrcmple                         0x0800eaf1   Thumb Code    38  cdrcmple.o(.text)
    __scatterload                            0x0800eb19   Thumb Code    28  init.o(.text)
    __scatterload_rt2                        0x0800eb19   Thumb Code     0  init.o(.text)
    _dsqrt                                   0x0800eb3d   Thumb Code   162  dsqrt.o(.text)
    __ARM_fpclassify                         0x0800ebdf   Thumb Code    40  fpclassify.o(i.__ARM_fpclassify)
    __kernel_poly                            0x0800ec07   Thumb Code   170  poly.o(i.__kernel_poly)
    __mathlib_dbl_underflow                  0x0800ecb1   Thumb Code    10  dunder.o(i.__mathlib_dbl_underflow)
    __scatterload_copy                       0x0800ecc1   Thumb Code    14  handlers.o(i.__scatterload_copy)
    __scatterload_null                       0x0800eccf   Thumb Code     2  handlers.o(i.__scatterload_null)
    __scatterload_zeroinit                   0x0800ecd1   Thumb Code    14  handlers.o(i.__scatterload_zeroinit)
    __set_errno                              0x0800ece1   Thumb Code     6  errno.o(i.__set_errno)
    pow                                      0x0800eced   Thumb Code  2510  pow.o(i.pow)
    sqrt                                     0x0800f6cd   Thumb Code    76  sqrt.o(i.sqrt)
    table_week                               0x0800f718   Data          12  bl5372.o(.constdata)
    RegArrFSKAnalog                          0x0800f724   Data          56  jf24d.o(.constdata)
    RegArrFSKAnalogReg14                     0x0800f75c   Data          11  jf24d.o(.constdata)
    RegArrFSK                                0x0800f767   Data          46  jf24d.o(.constdata)
    SegA                                     0x0800f795   Data          28  tm1637.o(.constdata)
    OSUnMapTbl                               0x0800f7b1   Data         256  os_core.o(.constdata)
    __mathlib_zero                           0x0800f940   Data           8  qnan.o(.constdata)
    Region$$Table$$Base                      0x0800f948   Number         0  anon$$obj.o(Region$$Table)
    Region$$Table$$Limit                     0x0800f968   Number         0  anon$$obj.o(Region$$Table)
    LuxUporDownKeyPressed                    0x20000008   Data           1  display.o(.data)
    MenuLevel                                0x20000009   Data           1  display.o(.data)
    YKdelay                                  0x2000000a   Data           1  display.o(.data)
    NoKey_Count                              0x2000000b   Data           1  display.o(.data)
    TwinklFlag                               0x2000000c   Data           1  display.o(.data)
    Shine                                    0x2000000d   Data           1  display.o(.data)
    Shine1                                   0x2000000e   Data           1  display.o(.data)
    FanKey1                                  0x2000000f   Data           1  display.o(.data)
    PirDlyAuto1                              0x20000010   Data           1  display.o(.data)
    MenuKey                                  0x20000011   Data           1  display.o(.data)
    errCDKey                                 0x20000012   Data           1  display.o(.data)
    MenuIndex                                0x20000013   Data           1  display.o(.data)
    Position1                                0x20000014   Data           1  display.o(.data)
    CursorNow                                0x20000016   Data           1  display.o(.data)
    AudioSwitch1                             0x20000017   Data           1  display.o(.data)
    Del_Flag1                                0x20000018   Data           1  display.o(.data)
    ModeKeyFlag                              0x20000019   Data           1  display.o(.data)
    week_temp                                0x2000001a   Data           1  display.o(.data)
    Time_Del                                 0x2000001b   Data           1  display.o(.data)
    Position                                 0x2000001c   Data           1  display.o(.data)
    PirNum_Temp                              0x2000001d   Data           1  display.o(.data)
    temp_tempdel                             0x20000024   Data           2  display.o(.data)
    Jude_count                               0x20000026   Data           2  timer.o(.data)
    tmr1_count                               0x20000028   Data           2  timer.o(.data)
    AD_Value                                 0x2000003c   Data           6  sensorcollection.o(.data)
    DPIR                                     0x20000048   Data           1  inductioncollection.o(.data)
    PIR                                      0x20000049   Data           1  inductioncollection.o(.data)
    hasBeingReaded                           0x2000004a   Data           1  inductioncollection.o(.data)
    no                                       0x20000050   Data           1  inductioncollection.o(.data)
    PPM1                                     0x20000096   Data           1  bl5372.o(.data)
    PPM2                                     0x20000097   Data           1  bl5372.o(.data)
    PPM_Difference                           0x20000098   Data           1  bl5372.o(.data)
    Temp_inner                               0x2000009a   Data           2  bl5372.o(.data)
    ADCFault                                 0x2000009c   Data           2  bl5372.o(.data)
    frequency                                0x200000a2   Data           1  jf24d.o(.data)
    OSCPUUsage                               0x200000ac   Data           1  os_core.o(.data)
    OSStatRdy                                0x200000ad   Data           1  os_core.o(.data)
    OSIntNesting                             0x200000ae   Data           1  os_core.o(.data)
    OSLockNesting                            0x200000af   Data           1  os_core.o(.data)
    OSPrioCur                                0x200000b0   Data           1  os_core.o(.data)
    OSPrioHighRdy                            0x200000b1   Data           1  os_core.o(.data)
    OSRdyGrp                                 0x200000b2   Data           1  os_core.o(.data)
    OSRunning                                0x200000b3   Data           1  os_core.o(.data)
    OSTaskCtr                                0x200000b4   Data           1  os_core.o(.data)
    OSTickStepState                          0x200000b5   Data           1  os_core.o(.data)
    OSCtxSwCtr                               0x200000b8   Data           4  os_core.o(.data)
    OSEventFreeList                          0x200000bc   Data           4  os_core.o(.data)
    OSIdleCtrMax                             0x200000c0   Data           4  os_core.o(.data)
    OSIdleCtrRun                             0x200000c4   Data           4  os_core.o(.data)
    OSIdleCtr                                0x200000c8   Data           4  os_core.o(.data)
    OSTCBCur                                 0x200000cc   Data           4  os_core.o(.data)
    OSTCBFreeList                            0x200000d0   Data           4  os_core.o(.data)
    OSTCBHighRdy                             0x200000d4   Data           4  os_core.o(.data)
    OSTCBList                                0x200000d8   Data           4  os_core.o(.data)
    OSTime                                   0x200000dc   Data           4  os_core.o(.data)
    OSRdyTbl                                 0x200000e0   Data           8  os_core.o(.data)
    OSFlagFreeList                           0x200000e8   Data           4  os_core.o(.data)
    OSMemFreeList                            0x200000ec   Data           4  os_core.o(.data)
    OSQFreeList                              0x200000f0   Data           4  os_core.o(.data)
    OSTmrFree                                0x200000f4   Data           2  os_core.o(.data)
    OSTmrUsed                                0x200000f6   Data           2  os_core.o(.data)
    OSTmrTime                                0x200000f8   Data           4  os_core.o(.data)
    OSTmrSem                                 0x200000fc   Data           4  os_core.o(.data)
    OSTmrSemSignal                           0x20000100   Data           4  os_core.o(.data)
    OSTmrFreeList                            0x20000104   Data           4  os_core.o(.data)
    system                                   0x20001540   Data          32  object.o(.bss)
    sl863x                                   0x20001560   Data        3084  object.o(.bss)
    sensors                                  0x2000216c   Data          28  object.o(.bss)
    slavers                                  0x20002188   Data         480  object.o(.bss)
    theory                                   0x20002368   Data         708  object.o(.bss)
    OSEventTbl                               0x20002704   Data         320  os_core.o(.bss)
    OSTaskStatStk                            0x20002844   Data         512  os_core.o(.bss)
    OSTaskIdleStk                            0x20002a44   Data         512  os_core.o(.bss)
    OSTCBPrioTbl                             0x20002c44   Data         256  os_core.o(.bss)
    OSTCBTbl                                 0x20002d44   Data        1848  os_core.o(.bss)
    OSFlagTbl                                0x2000347c   Data          80  os_core.o(.bss)
    OSMemTbl                                 0x200034cc   Data         120  os_core.o(.bss)
    OSQTbl                                   0x20003544   Data          96  os_core.o(.bss)
    OSTmrTbl                                 0x200035a4   Data         640  os_core.o(.bss)
    OSTmrTaskStk                             0x20003824   Data        1024  os_core.o(.bss)
    OSTmrWheelTbl                            0x20003c24   Data          64  os_core.o(.bss)
    __initial_sp                             0x20004868   Data           0  startup_stm32f10x_hd.o(STACK)



==============================================================================

Memory Map of the image

  Image Entry point : 0x08000131

  Load Region LR_IROM1 (Base: 0x08000000, Size: 0x0000fa78, Max: 0x00020000, ABSOLUTE)

    Execution Region ER_IROM1 (Base: 0x08000000, Size: 0x0000f968, Max: 0x00020000, ABSOLUTE)

    Base Addr    Size         Type   Attr      Idx    E Section Name        Object

    0x08000000   0x00000130   Data   RO            3    RESET               startup_stm32f10x_hd.o
    0x08000130   0x00000000   Code   RO         1050  * .ARM.Collect$$$$00000000  mc_w.l(entry.o)
    0x08000130   0x00000004   Code   RO         1102    .ARM.Collect$$$$00000001  mc_w.l(entry2.o)
    0x08000134   0x00000004   Code   RO         1105    .ARM.Collect$$$$00000004  mc_w.l(entry5.o)
    0x08000138   0x00000000   Code   RO         1107    .ARM.Collect$$$$00000008  mc_w.l(entry7b.o)
    0x08000138   0x00000000   Code   RO         1109    .ARM.Collect$$$$0000000A  mc_w.l(entry8b.o)
    0x08000138   0x00000008   Code   RO         1110    .ARM.Collect$$$$0000000B  mc_w.l(entry9a.o)
    0x08000140   0x00000000   Code   RO         1112    .ARM.Collect$$$$0000000D  mc_w.l(entry10a.o)
    0x08000140   0x00000000   Code   RO         1114    .ARM.Collect$$$$0000000F  mc_w.l(entry11a.o)
    0x08000140   0x00000004   Code   RO         1103    .ARM.Collect$$$$00002712  mc_w.l(entry2.o)
    0x08000144   0x00000030   Code   RO            4    .text               startup_stm32f10x_hd.o
    0x08000174   0x00000030   Code   RO           10    .text               main.o
    0x080001a4   0x000000a0   Code   RO          148    .text               stm32f10x_it.o
    0x08000244   0x00000580   Code   RO          161    .text               systeminit.o
    0x080007c4   0x000008f4   Code   RO          192    .text               canquery.o
    0x080010b8   0x000006b8   Code   RO          208    .text               canset.o
    0x08001770   0x0000019c   Code   RO          224    .text               cantask.o
    0x0800190c   0x000000f4   Code   RO          242    .text               createtask.o
    0x08001a00   0x00003b78   Code   RO          281    .text               display.o
    0x08005578   0x00000012   Code   RO          306    .text               dogtask.o
    0x0800558a   0x00000002   PAD
    0x0800558c   0x000001a4   Code   RO          318    .text               openclose.o
    0x08005730   0x00001298   Code   RO          350    .text               execute.o
    0x080069c8   0x0000009a   Code   RO          363    .text               flash.o
    0x08006a62   0x00000058   Code   RO          378    .text               list.o
    0x08006aba   0x00000002   PAD
    0x08006abc   0x0000030c   Code   RO          390    .text               timer.o
    0x08006dc8   0x00000434   Code   RO          406    .text               wireless.o
    0x080071fc   0x00000244   Code   RO          419    .text               storagemanager.o
    0x08007440   0x00000218   Code   RO          432    .text               sensorcollection.o
    0x08007658   0x000003f4   Code   RO          462    .text               lux.o
    0x08007a4c   0x000004d0   Code   RO          475    .text               inductioncollection.o
    0x08007f1c   0x000002d8   Code   RO          492    .text               stm32f10x_usart.o
    0x080081f4   0x00000238   Code   RO          504    .text               stm32f10x_gpio.o
    0x0800842c   0x000002b4   Code   RO          516    .text               stm32f10x_rcc.o
    0x080086e0   0x000000b0   Code   RO          530    .text               misc.o
    0x08008790   0x00000320   Code   RO          542    .text               stm32f10x_adc.o
    0x08008ab0   0x00000576   Code   RO          554    .text               stm32f10x_can.o
    0x08009026   0x00000002   PAD
    0x08009028   0x000001b4   Code   RO          567    .text               stm32f10x_dma.o
    0x080091dc   0x000000fc   Code   RO          579    .text               stm32f10x_exti.o
    0x080092d8   0x000003e0   Code   RO          591    .text               stm32f10x_flash.o
    0x080096b8   0x0000003c   Code   RO          603    .text               stm32f10x_iwdg.o
    0x080096f4   0x0000091c   Code   RO          630    .text               stm32f10x_tim.o
    0x0800a010   0x000000e4   Code   RO          665    .text               system_stm32f10x.o
    0x0800a0f4   0x000005f4   Code   RO          687    .text               bl5372.o
    0x0800a6e8   0x00000004   Code   RO          715    .text               bsp.o
    0x0800a6ec   0x000000ac   Code   RO          727    .text               delay.o
    0x0800a798   0x00000464   Code   RO          741    .text               jf24d.o
    0x0800abfc   0x00000578   Code   RO          767    .text               stm32_init.o
    0x0800b174   0x000000ec   Code   RO          787    .text               stm32_usart.o
    0x0800b260   0x000001c0   Code   RO          816    .text               tm1637.o
    0x0800b420   0x000005e4   Code   RO          835    .text               sd2068.o
    0x0800ba04   0x000000dc   Code   RO          849    .text               rtccalibration.o
    0x0800bae0   0x0000062c   Code   RO          861    .text               os_core.o
    0x0800c10c   0x00000590   Code   RO          897    .text               os_flag.o
    0x0800c69c   0x0000018c   Code   RO          922    .text               os_mem.o
    0x0800c828   0x00000504   Code   RO          934    .text               os_mutex.o
    0x0800cd2c   0x00000504   Code   RO          946    .text               os_q.o
    0x0800d230   0x000002fc   Code   RO          958    .text               os_sem.o
    0x0800d52c   0x00000680   Code   RO          970    .text               os_task.o
    0x0800dbac   0x00000164   Code   RO          983    .text               os_time.o
    0x0800dd10   0x00000510   Code   RO          995    .text               os_tmr.o
    0x0800e220   0x000000a4   Code   RO         1007    .text               os_cpu_a.o
    0x0800e2c4   0x000000a8   Code   RO         1010    .text               os_cpu_c.o
    0x0800e36c   0x00000024   Code   RO         1053    .text               mc_w.l(memseta.o)
    0x0800e390   0x000000b0   Code   RO         1055    .text               mf_w.l(fadd.o)
    0x0800e440   0x00000064   Code   RO         1057    .text               mf_w.l(fmul.o)
    0x0800e4a4   0x00000018   Code   RO         1059    .text               mf_w.l(fscalb.o)
    0x0800e4bc   0x0000014e   Code   RO         1061    .text               mf_w.l(dadd.o)
    0x0800e60a   0x000000e4   Code   RO         1063    .text               mf_w.l(dmul.o)
    0x0800e6ee   0x000000de   Code   RO         1065    .text               mf_w.l(ddiv.o)
    0x0800e7cc   0x0000002e   Code   RO         1067    .text               mf_w.l(dscalb.o)
    0x0800e7fa   0x0000000a   Code   RO         1069    .text               mf_w.l(ffltui.o)
    0x0800e804   0x00000022   Code   RO         1071    .text               mf_w.l(dflti.o)
    0x0800e826   0x0000001a   Code   RO         1073    .text               mf_w.l(dfltui.o)
    0x0800e840   0x00000032   Code   RO         1075    .text               mf_w.l(ffixi.o)
    0x0800e872   0x00000028   Code   RO         1077    .text               mf_w.l(ffixui.o)
    0x0800e89a   0x0000003e   Code   RO         1079    .text               mf_w.l(dfixi.o)
    0x0800e8d8   0x00000032   Code   RO         1081    .text               mf_w.l(dfixui.o)
    0x0800e90a   0x00000026   Code   RO         1083    .text               mf_w.l(f2d.o)
    0x0800e930   0x00000038   Code   RO         1085    .text               mf_w.l(d2f.o)
    0x0800e968   0x0000001e   Code   RO         1116    .text               mc_w.l(llshl.o)
    0x0800e986   0x00000020   Code   RO         1118    .text               mc_w.l(llushr.o)
    0x0800e9a6   0x00000024   Code   RO         1120    .text               mc_w.l(llsshr.o)
    0x0800e9ca   0x00000000   Code   RO         1129    .text               mc_w.l(iusefp.o)
    0x0800e9ca   0x0000006e   Code   RO         1130    .text               mf_w.l(fepilogue.o)
    0x0800ea38   0x000000b6   Code   RO         1132    .text               mf_w.l(depilogue.o)
    0x0800eaee   0x00000002   PAD
    0x0800eaf0   0x00000028   Code   RO         1134    .text               mf_w.l(cdrcmple.o)
    0x0800eb18   0x00000024   Code   RO         1136    .text               mc_w.l(init.o)
    0x0800eb3c   0x000000a2   Code   RO         1138    .text               mf_w.l(dsqrt.o)
    0x0800ebde   0x00000028   Code   RO         1089    i.__ARM_fpclassify  m_ws.l(fpclassify.o)
    0x0800ec06   0x000000aa   Code   RO         1091    i.__kernel_poly     m_ws.l(poly.o)
    0x0800ecb0   0x00000010   Code   RO         1087    i.__mathlib_dbl_underflow  m_ws.l(dunder.o)
    0x0800ecc0   0x0000000e   Code   RO         1144    i.__scatterload_copy  mc_w.l(handlers.o)
    0x0800ecce   0x00000002   Code   RO         1145    i.__scatterload_null  mc_w.l(handlers.o)
    0x0800ecd0   0x0000000e   Code   RO         1146    i.__scatterload_zeroinit  mc_w.l(handlers.o)
    0x0800ecde   0x00000002   PAD
    0x0800ece0   0x0000000c   Code   RO         1124    i.__set_errno       mc_w.l(errno.o)
    0x0800ecec   0x000009e0   Code   RO         1041    i.pow               m_ws.l(pow.o)
    0x0800f6cc   0x0000004c   Code   RO         1095    i.sqrt              m_ws.l(sqrt.o)
    0x0800f718   0x0000000c   Data   RO          688    .constdata          bl5372.o
    0x0800f724   0x00000071   Data   RO          742    .constdata          jf24d.o
    0x0800f795   0x0000001c   Data   RO          817    .constdata          tm1637.o
    0x0800f7b1   0x00000100   Data   RO          869    .constdata          os_core.o
    0x0800f8b1   0x00000007   PAD
    0x0800f8b8   0x00000088   Data   RO         1042    .constdata          m_ws.l(pow.o)
    0x0800f940   0x00000008   Data   RO         1093    .constdata          m_ws.l(qnan.o)
    0x0800f948   0x00000020   Data   RO         1142    Region$$Table       anon$$obj.o


    Execution Region RW_IRAM1 (Base: 0x20000000, Size: 0x00004868, Max: 0x00005000, ABSOLUTE)

    Base Addr    Size         Type   Attr      Idx    E Section Name        Object

    0x20000000   0x00000008   Data   RW          225    .data               cantask.o
    0x20000008   0x0000001e   Data   RW          283    .data               display.o
    0x20000026   0x00000004   Data   RW          391    .data               timer.o
    0x2000002a   0x00000002   PAD
    0x2000002c   0x0000001c   Data   RW          434    .data               sensorcollection.o
    0x20000048   0x00000038   Data   RW          477    .data               inductioncollection.o
    0x20000080   0x00000014   Data   RW          517    .data               stm32f10x_rcc.o
    0x20000094   0x00000008   Data   RW          689    .data               bl5372.o
    0x2000009c   0x00000002   Data   RW          698    .data               bl5372.o
    0x2000009e   0x00000004   Data   RW          728    .data               delay.o
    0x200000a2   0x00000006   Data   RW          743    .data               jf24d.o
    0x200000a8   0x00000002   Data   RW          836    .data               sd2068.o
    0x200000aa   0x00000002   PAD
    0x200000ac   0x0000003c   Data   RW          870    .data               os_core.o
    0x200000e8   0x00000004   Data   RW          871    .data               os_core.o
    0x200000ec   0x00000004   Data   RW          872    .data               os_core.o
    0x200000f0   0x00000004   Data   RW          873    .data               os_core.o
    0x200000f4   0x00000002   Data   RW          874    .data               os_core.o
    0x200000f6   0x00000002   Data   RW          875    .data               os_core.o
    0x200000f8   0x00000004   Data   RW          876    .data               os_core.o
    0x200000fc   0x00000004   Data   RW          877    .data               os_core.o
    0x20000100   0x00000004   Data   RW          878    .data               os_core.o
    0x20000104   0x00000004   Data   RW          879    .data               os_core.o
    0x20000108   0x00000002   Data   RW         1011    .data               os_cpu_c.o
    0x2000010a   0x00000002   PAD
    0x2000010c   0x00000004   Data   RW         1125    .data               mc_w.l(errno.o)
    0x20000110   0x00000140   Zero   RW           11    .bss                main.o
    0x20000250   0x000012d0   Zero   RW          243    .bss                createtask.o
    0x20001520   0x0000000c   Zero   RW          282    .bss                display.o
    0x2000152c   0x00000014   Zero   RW          433    .bss                sensorcollection.o
    0x20001540   0x00000020   Zero   RW          449    .bss                object.o
    0x20001560   0x00000c0c   Zero   RW          450    .bss                object.o
    0x2000216c   0x0000001c   Zero   RW          451    .bss                object.o
    0x20002188   0x000001e0   Zero   RW          452    .bss                object.o
    0x20002368   0x000002c4   Zero   RW          453    .bss                object.o
    0x2000262c   0x000000d8   Zero   RW          476    .bss                inductioncollection.o
    0x20002704   0x00000d78   Zero   RW          862    .bss                os_core.o
    0x2000347c   0x00000050   Zero   RW          863    .bss                os_core.o
    0x200034cc   0x00000078   Zero   RW          864    .bss                os_core.o
    0x20003544   0x00000060   Zero   RW          865    .bss                os_core.o
    0x200035a4   0x00000280   Zero   RW          866    .bss                os_core.o
    0x20003824   0x00000400   Zero   RW          867    .bss                os_core.o
    0x20003c24   0x00000040   Zero   RW          868    .bss                os_core.o
    0x20003c64   0x00000004   PAD
    0x20003c68   0x00000c00   Zero   RW            1    STACK               startup_stm32f10x_hd.o

