Product: MDK-ARM Basic 5.10
Component: ARM Compiler 5.04 update 1 (build 49)
Tool: armlink [5040049]

==============================================================================

Section Cross References

    startup_stm32f10x_hd.o(RESET) refers to startup_stm32f10x_hd.o(.text) for Reset_Handler
    startup_stm32f10x_hd.o(RESET) refers to stm32f10x_it.o(.text) for NMI_Handler
    startup_stm32f10x_hd.o(RESET) refers to os_cpu_a.o(.text) for OS_CPU_PendSVHandler
    startup_stm32f10x_hd.o(.text) refers to startup_stm32f10x_hd.o(STACK) for __initial_sp
    startup_stm32f10x_hd.o(.text) refers to entry.o(.ARM.Collect$$$$00000000) for __main
    main.o(.text) refers to bsp.o(.text) for BSP_Init
    main.o(.text) refers to stm32_init.o(.text) for Application_Init
    main.o(.text) refers to delay.o(.text) for delay_init
    main.o(.text) refers to os_core.o(.text) for OSInit
    main.o(.text) refers to os_task.o(.text) for OSTaskCreate
    main.o(.text) refers to main.o(.bss) for .bss
    main.o(.text) refers to createtask.o(.text) for Startup_Task
    stm32f10x_it.o(.text) refers to os_core.o(.text) for OSIntEnter
    stm32f10x_it.o(.text) refers to cantask.o(.text) for ReceiveCan
    stm32f10x_it.o(.text) refers to sensorcollection.o(.text) for ReceiveSensor
    stm32f10x_it.o(.text) refers to energycollection.o(.text) for ReceiveEnergy
    stm32f10x_it.o(.text) refers to stm32f10x_exti.o(.text) for EXTI_GetITStatus
    stm32f10x_it.o(.text) refers to wireless.o(.text) for ReceiveWireless
    systeminit.o(.text) refers to os_mem.o(.text) for OSMemCreate
    systeminit.o(.text) refers to storagemanager.o(.text) for ReadSystemInfo
    systeminit.o(.text) refers to os_mutex.o(.text) for OSMutexCreate
    systeminit.o(.text) refers to os_sem.o(.text) for OSSemCreate
    systeminit.o(.text) refers to stm32_init.o(.text) for EXTI_Configuration
    systeminit.o(.text) refers to object.o(.bss) for sl863x
    systeminit.o(.text) refers to object.o(.bss) for system
    systeminit.o(.text) refers to object.o(.bss) for sensors
    systeminit.o(.text) refers to object.o(.bss) for slavers
    systeminit.o(.text) refers to object.o(.bss) for theory
    systeminit.o(.text) refers to jf24d.o(.text) for InitWirelessModule
    systeminit.o(.text) refers to os_tmr.o(.text) for OSTmrCreate
    systeminit.o(.text) refers to sl1302.o(.text) for Init_SL1302
    systeminit.o(.text) refers to timer.o(.text) for tmr1_callback
    canquery.o(.text) refers to sl1302.o(.text) for SL1302_ReadBCD
    canquery.o(.text) refers to object.o(.bss) for sensors
    canquery.o(.text) refers to object.o(.bss) for slavers
    canquery.o(.text) refers to object.o(.bss) for theory
    canquery.o(.text) refers to object.o(.bss) for sl863x
    canquery.o(.text) refers to lux.o(.text) for FindMinOpenLX
    canquery.o(.text) refers to object.o(.bss) for system
    canset.o(.text) refers to storagemanager.o(.text) for WriteSystemInfo
    canset.o(.text) refers to object.o(.bss) for system
    canset.o(.text) refers to stm32_init.o(.text) for Can_Config
    canset.o(.text) refers to os_cpu_a.o(.text) for OS_CPU_SR_Save
    canset.o(.text) refers to sl1302.o(.text) for SL1302_SetBCD
    canset.o(.text) refers to display.o(.text) for setLuxAutoSettingDisplay
    canset.o(.text) refers to object.o(.bss) for sl863x
    canset.o(.text) refers to object.o(.bss) for sensors
    canset.o(.text) refers to object.o(.bss) for slavers
    canset.o(.text) refers to object.o(.bss) for theory
    cantask.o(.text) refers to list.o(.text) for InitializeListHead
    cantask.o(.text) refers to stm32_init.o(.text) for Can_Config
    cantask.o(.text) refers to os_cpu_a.o(.text) for OS_CPU_SR_Save
    cantask.o(.text) refers to os_time.o(.text) for OSTimeDlyHMSM
    cantask.o(.text) refers to delay.o(.text) for Delay_ms
    cantask.o(.text) refers to stm32f10x_can.o(.text) for CAN_Transmit
    cantask.o(.text) refers to canquery.o(.text) for QueryOutStatus
    cantask.o(.text) refers to os_mutex.o(.text) for OSMutexPend
    cantask.o(.text) refers to canset.o(.text) for SetOutStatus
    cantask.o(.text) refers to os_mem.o(.text) for OSMemPut
    cantask.o(.text) refers to cantask.o(.data) for .data
    cantask.o(.text) refers to object.o(.bss) for sl863x
    createtask.o(.text) refers to os_cpu_a.o(.text) for OS_CPU_SR_Save
    createtask.o(.text) refers to display_chip.o(.text) for InitSTLED316
    createtask.o(.text) refers to stm32f10x_iwdg.o(.text) for IWDG_ReloadCounter
    createtask.o(.text) refers to delay.o(.text) for Delay_us
    createtask.o(.text) refers to systeminit.o(.text) for initSystem
    createtask.o(.text) refers to os_task.o(.text) for OSTaskCreate
    createtask.o(.text) refers to createtask.o(.bss) for .bss
    createtask.o(.text) refers to dogtask.o(.text) for Task_WatchDog
    createtask.o(.text) refers to sensorcollection.o(.text) for Task_Sensor
    createtask.o(.text) refers to cantask.o(.text) for Task_CanCommunication
[...]
    _microlib_exit                            - Undefined Weak Reference
    __Vectors_Size                           0x00000130   Number         0  startup_stm32f10x_hd.o ABSOLUTE
    __Vectors                                0x08000000   Data           4  startup_stm32f10x_hd.o(RESET)
    __Vectors_End                            0x08000130   Data           0  startup_stm32f10x_hd.o(RESET)
    __main                                   0x08000131   Thumb Code     0  entry.o(.ARM.Collect$$$$00000000)
    _main_stk                                0x08000131   Thumb Code     0  entry2.o(.ARM.Collect$$$$00000001)
    _main_scatterload                        0x08000135   Thumb Code     0  entry5.o(.ARM.Collect$$$$00000004)
    __main_after_scatterload                 0x08000139   Thumb Code     0  entry5.o(.ARM.Collect$$$$00000004)
    _main_clock                              0x08000139   Thumb Code     0  entry7b.o(.ARM.Collect$$$$00000008)
    _main_cpp_init                           0x08000139   Thumb Code     0  entry8b.o(.ARM.Collect$$$$0000000A)
    _main_init                               0x08000139   Thumb Code     0  entry9a.o(.ARM.Collect$$$$0000000B)
    __rt_final_cpp                           0x08000141   Thumb Code     0  entry10a.o(.ARM.Collect$$$$0000000D)
    __rt_final_exit                          0x08000141   Thumb Code     0  entry11a.o(.ARM.Collect$$$$0000000F)
    SystemInit_ExtMemCtl                     0x08000145   Thumb Code     2  startup_stm32f10x_hd.o(.text)
    Reset_Handler                            0x08000147   Thumb Code    14  startup_stm32f10x_hd.o(.text)
    ADC1_2_IRQHandler                        0x08000167   Thumb Code     0  startup_stm32f10x_hd.o(.text)
    ADC3_IRQHandler                          0x08000167   Thumb Code     0  startup_stm32f10x_hd.o(.text)
    CAN1_RX1_IRQHandler                      0x08000167   Thumb Code     0  startup_stm32f10x_hd.o(.text)
    CAN1_SCE_IRQHandler                      0x08000167   Thumb Code     0  startup_stm32f10x_hd.o(.text)
    DMA1_Channel1_IRQHandler                 0x08000167   Thumb Code     0  startup_stm32f10x_hd.o(.text)
    DMA1_Channel2_IRQHandler                 0x08000167   Thumb Code     0  startup_stm32f10x_hd.o(.text)
    DMA1_Channel3_IRQHandler                 0x08000167   Thumb Code     0  startup_stm32f10x_hd.o(.text)
    DMA1_Channel4_IRQHandler                 0x08000167   Thumb Code     0  startup_stm32f10x_hd.o(.text)
    DMA1_Channel5_IRQHandler                 0x08000167   Thumb Code     0  startup_stm32f10x_hd.o(.text)
    DMA1_Channel6_IRQHandler                 0x08000167   Thumb Code     0  startup_stm32f10x_hd.o(.text)
    DMA1_Channel7_IRQHandler                 0x08000167   Thumb Code     0  startup_stm32f10x_hd.o(.text)
    DMA2_Channel1_IRQHandler                 0x08000167   Thumb Code     0  startup_stm32f10x_hd.o(.text)
    DMA2_Channel2_IRQHandler                 0x08000167   Thumb Code     0  startup_stm32f10x_hd.o(.text)
    DMA2_Channel3_IRQHandler                 0x08000167   Thumb Code     0  startup_stm32f10x_hd.o(.text)
    DMA2_Channel4_5_IRQHandler               0x08000167   Thumb Code     0  startup_stm32f10x_hd.o(.text)
    EXTI0_IRQHandler                         0x08000167   Thumb Code     0  startup_stm32f10x_hd.o(.text)
    EXTI15_10_IRQHandler                     0x08000167   Thumb Code     0  startup_stm32f10x_hd.o(.text)
    EXTI1_IRQHandler                         0x08000167   Thumb Code     0  startup_stm32f10x_hd.o(.text)
    EXTI3_IRQHandler                         0x08000167   Thumb Code     0  startup_stm32f10x_hd.o(.text)
    EXTI4_IRQHandler                         0x08000167   Thumb Code     0  startup_stm32f10x_hd.o(.text)
    EXTI9_5_IRQHandler                       0x08000167   Thumb Code     0  startup_stm32f10x_hd.o(.text)
    FLASH_IRQHandler                         0x08000167   Thumb Code     0  startup_stm32f10x_hd.o(.text)
    FSMC_IRQHandler                          0x08000167   Thumb Code     0  startup_stm32f10x_hd.o(.text)
    I2C1_ER_IRQHandler                       0x08000167   Thumb Code     0  startup_stm32f10x_hd.o(.text)
    I2C1_EV_IRQHandler                       0x08000167   Thumb Code     0  startup_stm32f10x_hd.o(.text)
    I2C2_ER_IRQHandler                       0x08000167   Thumb Code     0  startup_stm32f10x_hd.o(.text)
    I2C2_EV_IRQHandler                       0x08000167   Thumb Code     0  startup_stm32f10x_hd.o(.text)
    PVD_IRQHandler                           0x08000167   Thumb Code     0  startup_stm32f10x_hd.o(.text)
    RCC_IRQHandler                           0x08000167   Thumb Code     0  startup_stm32f10x_hd.o(.text)
    RTCAlarm_IRQHandler                      0x08000167   Thumb Code     0  startup_stm32f10x_hd.o(.text)
    RTC_IRQHandler                           0x08000167   Thumb Code     0  startup_stm32f10x_hd.o(.text)
    SDIO_IRQHandler                          0x08000167   Thumb Code     0  startup_stm32f10x_hd.o(.text)
    SPI1_IRQHandler                          0x08000167   Thumb Code     0  startup_stm32f10x_hd.o(.text)
    SPI2_IRQHandler                          0x08000167   Thumb Code     0  startup_stm32f10x_hd.o(.text)
    SPI3_IRQHandler                          0x08000167   Thumb Code     0  startup_stm32f10x_hd.o(.text)
    TAMPER_IRQHandler                        0x08000167   Thumb Code     0  startup_stm32f10x_hd.o(.text)
    TIM1_BRK_IRQHandler                      0x08000167   Thumb Code     0  startup_stm32f10x_hd.o(.text)
    TIM1_CC_IRQHandler                       0x08000167   Thumb Code     0  startup_stm32f10x_hd.o(.text)
    TIM1_TRG_COM_IRQHandler                  0x08000167   Thumb Code     0  startup_stm32f10x_hd.o(.text)
    TIM1_UP_IRQHandler                       0x08000167   Thumb Code     0  startup_stm32f10x_hd.o(.text)
    TIM5_IRQHandler                          0x08000167   Thumb Code     0  startup_stm32f10x_hd.o(.text)
    TIM6_IRQHandler                          0x08000167   Thumb Code     0  startup_stm32f10x_hd.o(.text)
    TIM7_IRQHandler                          0x08000167   Thumb Code     0  startup_stm32f10x_hd.o(.text)
    TIM8_BRK_IRQHandler                      0x08000167   Thumb Code     0  startup_stm32f10x_hd.o(.text)
    TIM8_CC_IRQHandler                       0x08000167   Thumb Code     0  startup_stm32f10x_hd.o(.text)
    TIM8_TRG_COM_IRQHandler                  0x08000167   Thumb Code     0  startup_stm32f10x_hd.o(.text)
    TIM8_UP_IRQHandler                       0x08000167   Thumb Code     0  startup_stm32f10x_hd.o(.text)
    UART4_IRQHandler                         0x08000167   Thumb Code     0  startup_stm32f10x_hd.o(.text)
    UART5_IRQHandler                         0x08000167   Thumb Code     0  startup_stm32f10x_hd.o(.text)
    USART2_IRQHandler                        0x08000167   Thumb Code     0  startup_stm32f10x_hd.o(.text)
    USBWakeUp_IRQHandler                     0x08000167   Thumb Code     0  startup_stm32f10x_hd.o(.text)
    USB_HP_CAN1_TX_IRQHandler                0x08000167   Thumb Code     0  startup_stm32f10x_hd.o(.text)
    WWDG_IRQHandler                          0x08000167   Thumb Code     0  startup_stm32f10x_hd.o(.text)
    main                                     0x08000175   Thumb Code    40  main.o(.text)
    NMI_Handler                              0x080001a5   Thumb Code     2  stm32f10x_it.o(.text)
    HardFault_Handler                        0x080001a7   Thumb Code     2  stm32f10x_it.o(.text)
    MemManage_Handler                        0x080001a9   Thumb Code     2  stm32f10x_it.o(.text)
    BusFault_Handler                         0x080001ab   Thumb Code     2  stm32f10x_it.o(.text)
    UsageFault_Handler                       0x080001ad   Thumb Code     2  stm32f10x_it.o(.text)
    SVC_Handler                              0x080001af   Thumb Code     2  stm32f10x_it.o(.text)
    DebugMon_Handler                         0x080001b1   Thumb Code     2  stm32f10x_it.o(.text)
    PendSV_Handler                           0x080001b3   Thumb Code     2  stm32f10x_it.o(.text)
    USB_LP_CAN1_RX0_IRQHandler               0x080001b5   Thumb Code    18  stm32f10x_it.o(.text)
    USART1_IRQHandler                        0x080001c7   Thumb Code    18  stm32f10x_it.o(.text)
    USART3_IRQHandler                        0x080001d9   Thumb Code    18  stm32f10x_it.o(.text)
    TIM2_IRQHandler                          0x080001eb   Thumb Code     2  stm32f10x_it.o(.text)
    TIM3_IRQHandler                          0x080001ed   Thumb Code     2  stm32f10x_it.o(.text)
    TIM4_IRQHandler                          0x080001ef   Thumb Code     2  stm32f10x_it.o(.text)
    SysTick_Handler                          0x080001f1   Thumb Code    18  stm32f10x_it.o(.text)
    EXTI2_IRQHandler                         0x08000203   Thumb Code    32  stm32f10x_it.o(.text)
    initMemoryManager                        0x08000225   Thumb Code    52  systeminit.o(.text)
    initSystemObject                         0x08000259   Thumb Code    78  systeminit.o(.text)
    initControllerObject                     0x080002a7   Thumb Code   230  systeminit.o(.text)
    initSensorSlaverObject                   0x0800038d   Thumb Code   144  systeminit.o(.text)
    initTheoryObject                         0x0800041d   Thumb Code   442  systeminit.o(.text)
    InitWirelessSlavesExecute                0x080005d7   Thumb Code   180  systeminit.o(.text)
    initTimer1                               0x0800068b   Thumb Code    44  systeminit.o(.text)
    initTimer2                               0x080006b7   Thumb Code    44  systeminit.o(.text)
    initRuningValue                          0x080006e3   Thumb Code   104  systeminit.o(.text)
    initSystem                               0x0800074b   Thumb Code   154  systeminit.o(.text)
    QuerySensorPara                          0x08000811   Thumb Code    66  canquery.o(.text)
    QuerySlaverPara                          0x08000853   Thumb Code    66  canquery.o(.text)
    QueryControlPara                         0x08000895   Thumb Code  2126  canquery.o(.text)
    QueryOutStatus                           0x080010e3   Thumb Code   650  canquery.o(.text)
    QueryRealtimeData                        0x0800136d   Thumb Code   196  canquery.o(.text)
    SetOutStatus                             0x08001445   Thumb Code   194  canset.o(.text)
    SetControlPara                           0x08001507   Thumb Code  2798  canset.o(.text)
    Task_CanCommunication                    0x08001ff9   Thumb Code   344  cantask.o(.text)
    ReceiveCan                               0x08002151   Thumb Code    74  cantask.o(.text)
    Startup_Task                             0x080021b1   Thumb Code   174  createtask.o(.text)
    GetFocusVal1                             0x08002291   Thumb Code    12  display.o(.text)
    GetFocusVal                              0x0800229d   Thumb Code    24  display.o(.text)
    MenuInit                                 0x080032a3   Thumb Code    88  display.o(.text)
    getmodulus3                              0x08004ef7   Thumb Code    26  display.o(.text)
    getmodulus2                              0x08004f11   Thumb Code    44  display.o(.text)
    getmodulus                               0x08004f3d   Thumb Code    22  display.o(.text)
    Remote_KeyProcess                        0x08006309   Thumb Code  1616  display.o(.text)
    Remotescaning                            0x08006959   Thumb Code   186  display.o(.text)
    Task_Display                             0x08006a13   Thumb Code   172  display.o(.text)
    LxInitShowArr                            0x08006abf   Thumb Code   286  display.o(.text)
    setLuxAutoSettingDisplay                 0x08006bdd   Thumb Code    48  display.o(.text)
    Task_WatchDog                            0x08006c15   Thumb Code    18  dogtask.o(.text)
    ExecuteSlaverOpen                        0x08006ce7   Thumb Code   350  openclose.o(.text)
    ExecuteSlaverClose                       0x08006e45   Thumb Code   220  openclose.o(.text)
    ALLNodeP203_ON_OFF                       0x08006f21   Thumb Code    70  openclose.o(.text)
    ALLNodeP204_ON_OFF                       0x08006f67   Thumb Code    80  openclose.o(.text)
    SendUSART                                0x08006fd1   Thumb Code    48  energycollection.o(.text)
    Task_Energy                              0x08007001   Thumb Code   402  energycollection.o(.text)
    ReceiveEnergy                            0x08007193   Thumb Code    96  energycollection.o(.text)
    FindSlaverAreaLuxClose                   0x08007205   Thumb Code   174  execute.o(.text)
    FindSlaverAreaLux                        0x080072b3   Thumb Code   168  execute.o(.text)
    TheoryExecute                            0x080081c3   Thumb Code   446  execute.o(.text)
    Task_Execute                             0x08008381   Thumb Code    62  execute.o(.text)
    inCleanEndTime                           0x080083bf   Thumb Code   316  execute.o(.text)
    inCleanTime                              0x080084fb   Thumb Code   432  execute.o(.text)
    EraseFlash                               0x080086d1   Thumb Code    64  flash.o(.text)
    WriteFlash                               0x08008711   Thumb Code    74  flash.o(.text)
    ReadFlash                                0x0800875b   Thumb Code    26  flash.o(.text)
    InitializeListHead                       0x08008775   Thumb Code     6  list.o(.text)
    IsListEmpty                              0x0800877b   Thumb Code    12  list.o(.text)
    RemoveEntryList                          0x08008787   Thumb Code    18  list.o(.text)
    RemoveHeadList                           0x08008799   Thumb Code    12  list.o(.text)
    RemoveTailList                           0x080087a5   Thumb Code    12  list.o(.text)
    InsertTailList                           0x080087b1   Thumb Code    12  list.o(.text)
    InsertHeadList                           0x080087bd   Thumb Code    12  list.o(.text)
    tmr1_callback                            0x080087c9   Thumb Code   194  timer.o(.text)
    tmr2_callback                            0x080088cf   Thumb Code  1394  timer.o(.text)
    Task_Wireless                            0x080091cf   Thumb Code  1520  wireless.o(.text)
    ReceiveWireless                          0x080097bf   Thumb Code    98  wireless.o(.text)
    ReadSystemInfo                           0x0800982d   Thumb Code    22  storagemanager.o(.text)
    WriteSystemInfo                          0x08009843   Thumb Code    38  storagemanager.o(.text)
    ReadControllerInfo                       0x08009869   Thumb Code    22  storagemanager.o(.text)
    WriteControllerInfo                      0x0800987f   Thumb Code    38  storagemanager.o(.text)
    ReadSlaverInfo                           0x080098a5   Thumb Code    60  storagemanager.o(.text)
    WriteSlaverInfo                          0x080098e1   Thumb Code    82  storagemanager.o(.text)
    ReadSensorInfo                           0x08009933   Thumb Code    62  storagemanager.o(.text)
    WriteSensorInfo                          0x08009971   Thumb Code    84  storagemanager.o(.text)
    ReadTheoryInfo                           0x080099c5   Thumb Code    26  storagemanager.o(.text)
    WriteTheoryInfo                          0x080099df   Thumb Code    42  storagemanager.o(.text)
    ResetDefaultSetting                      0x08009a09   Thumb Code    46  storagemanager.o(.text)
    QueryManNumber                           0x08009a61   Thumb Code   246  sensorcollection.o(.text)
    CleanManNumber                           0x08009b57   Thumb Code   226  sensorcollection.o(.text)
    QueryInteractionLux                      0x08009c39   Thumb Code   314  sensorcollection.o(.text)
    Task_Sensor                              0x08009d73   Thumb Code   326  sensorcollection.o(.text)
    ReceiveSensor                            0x08009eb9   Thumb Code    96  sensorcollection.o(.text)
    SLEEP_State                              0x08009f19   Thumb Code   106  sensorcollection.o(.text)
    SetLuxClose                              0x08009ffd   Thumb Code   170  lux.o(.text)
    FindMaxLX                                0x0800a0a7   Thumb Code    70  lux.o(.text)
    FindMaxCloseLX                           0x0800a0ed   Thumb Code    76  lux.o(.text)
    FindMinOpenLX                            0x0800a139   Thumb Code     6  lux.o(.text)
    RestoreDefaultLuxClose                   0x0800a13f   Thumb Code   168  lux.o(.text)
    Task_AutoSetting                         0x0800a569   Thumb Code    56  lux.o(.text)
    USART_DeInit                             0x0800a5a9   Thumb Code   150  stm32f10x_usart.o(.text)
    USART_Init                               0x0800a63f   Thumb Code   140  stm32f10x_usart.o(.text)
    USART_StructInit                         0x0800a6cb   Thumb Code    22  stm32f10x_usart.o(.text)
    USART_ClockInit                          0x0800a6e1   Thumb Code    36  stm32f10x_usart.o(.text)
    USART_ClockStructInit                    0x0800a705   Thumb Code    12  stm32f10x_usart.o(.text)
    USART_Cmd                                0x0800a711   Thumb Code    18  stm32f10x_usart.o(.text)
    USART_ITConfig                           0x0800a723   Thumb Code    48  stm32f10x_usart.o(.text)
    USART_DMACmd                             0x0800a753   Thumb Code    16  stm32f10x_usart.o(.text)
    USART_SetAddress                         0x0800a763   Thumb Code    16  stm32f10x_usart.o(.text)
    USART_WakeUpConfig                       0x0800a773   Thumb Code    16  stm32f10x_usart.o(.text)
    USART_ReceiverWakeUpCmd                  0x0800a783   Thumb Code    18  stm32f10x_usart.o(.text)
    USART_LINBreakDetectLengthConfig         0x0800a795   Thumb Code    16  stm32f10x_usart.o(.text)
    USART_LINCmd                             0x0800a7a5   Thumb Code    18  stm32f10x_usart.o(.text)
    USART_SendData                           0x0800a7b7   Thumb Code     8  stm32f10x_usart.o(.text)
    USART_ReceiveData                        0x0800a7bf   Thumb Code     8  stm32f10x_usart.o(.text)
    USART_SendBreak                          0x0800a7c7   Thumb Code    10  stm32f10x_usart.o(.text)
    USART_SetGuardTime                       0x0800a7d1   Thumb Code    16  stm32f10x_usart.o(.text)
    USART_SetPrescaler                       0x0800a7e1   Thumb Code    16  stm32f10x_usart.o(.text)
    USART_SmartCardCmd                       0x0800a7f1   Thumb Code    18  stm32f10x_usart.o(.text)
    USART_SmartCardNACKCmd                   0x0800a803   Thumb Code    18  stm32f10x_usart.o(.text)
    USART_HalfDuplexCmd                      0x0800a815   Thumb Code    18  stm32f10x_usart.o(.text)
    USART_IrDAConfig                         0x0800a827   Thumb Code    16  stm32f10x_usart.o(.text)
    USART_IrDACmd                            0x0800a837   Thumb Code    18  stm32f10x_usart.o(.text)
    USART_GetFlagStatus                      0x0800a849   Thumb Code    14  stm32f10x_usart.o(.text)
    USART_ClearFlag                          0x0800a857   Thumb Code     6  stm32f10x_usart.o(.text)
    USART_GetITStatus                        0x0800a85d   Thumb Code    66  stm32f10x_usart.o(.text)
    USART_ClearITPendingBit                  0x0800a89f   Thumb Code    14  stm32f10x_usart.o(.text)
    GPIO_DeInit                              0x0800a8b5   Thumb Code   194  stm32f10x_gpio.o(.text)
    GPIO_AFIODeInit                          0x0800a977   Thumb Code    22  stm32f10x_gpio.o(.text)
    GPIO_Init                                0x0800a98d   Thumb Code   192  stm32f10x_gpio.o(.text)
    GPIO_StructInit                          0x0800aa4d   Thumb Code    16  stm32f10x_gpio.o(.text)
    GPIO_ReadInputDataBit                    0x0800aa5d   Thumb Code    14  stm32f10x_gpio.o(.text)
    GPIO_ReadInputData                       0x0800aa6b   Thumb Code     6  stm32f10x_gpio.o(.text)
    GPIO_ReadOutputDataBit                   0x0800aa71   Thumb Code    14  stm32f10x_gpio.o(.text)
    GPIO_ReadOutputData                      0x0800aa7f   Thumb Code     6  stm32f10x_gpio.o(.text)
    GPIO_SetBits                             0x0800aa85   Thumb Code     4  stm32f10x_gpio.o(.text)
    GPIO_ResetBits                           0x0800aa89   Thumb Code     4  stm32f10x_gpio.o(.text)
    GPIO_WriteBit                            0x0800aa8d   Thumb Code    10  stm32f10x_gpio.o(.text)
    GPIO_Write                               0x0800aa97   Thumb Code     4  stm32f10x_gpio.o(.text)
    GPIO_PinLockConfig                       0x0800aa9b   Thumb Code    16  stm32f10x_gpio.o(.text)
    GPIO_EventOutputConfig                   0x0800aaab   Thumb Code    22  stm32f10x_gpio.o(.text)
    GPIO_EventOutputCmd                      0x0800aac1   Thumb Code     6  stm32f10x_gpio.o(.text)
    GPIO_PinRemapConfig                      0x0800aac7   Thumb Code    84  stm32f10x_gpio.o(.text)
    GPIO_EXTILineConfig                      0x0800ab1b   Thumb Code    40  stm32f10x_gpio.o(.text)
    RCC_DeInit                               0x0800ab51   Thumb Code    52  stm32f10x_rcc.o(.text)
    RCC_HSEConfig                            0x0800ab85   Thumb Code    50  stm32f10x_rcc.o(.text)
    RCC_GetFlagStatus                        0x0800abb7   Thumb Code    42  stm32f10x_rcc.o(.text)
    RCC_WaitForHSEStartUp                    0x0800abe1   Thumb Code    48  stm32f10x_rcc.o(.text)
    RCC_AdjustHSICalibrationValue            0x0800ac11   Thumb Code    16  stm32f10x_rcc.o(.text)
    RCC_HSICmd                               0x0800ac21   Thumb Code     6  stm32f10x_rcc.o(.text)
    RCC_PLLConfig                            0x0800ac27   Thumb Code    16  stm32f10x_rcc.o(.text)
    RCC_PLLCmd                               0x0800ac37   Thumb Code     6  stm32f10x_rcc.o(.text)
    RCC_SYSCLKConfig                         0x0800ac3d   Thumb Code    14  stm32f10x_rcc.o(.text)
    RCC_GetSYSCLKSource                      0x0800ac4b   Thumb Code    10  stm32f10x_rcc.o(.text)
    RCC_HCLKConfig                           0x0800ac55   Thumb Code    14  stm32f10x_rcc.o(.text)
    RCC_PCLK1Config                          0x0800ac63   Thumb Code    14  stm32f10x_rcc.o(.text)
    RCC_PCLK2Config                          0x0800ac71   Thumb Code    16  stm32f10x_rcc.o(.text)
    RCC_ITConfig                             0x0800ac81   Thumb Code    18  stm32f10x_rcc.o(.text)
    RCC_USBCLKConfig                         0x0800ac93   Thumb Code     8  stm32f10x_rcc.o(.text)
    RCC_ADCCLKConfig                         0x0800ac9b   Thumb Code    14  stm32f10x_rcc.o(.text)
    RCC_LSEConfig                            0x0800aca9   Thumb Code    30  stm32f10x_rcc.o(.text)
    RCC_LSICmd                               0x0800acc7   Thumb Code     6  stm32f10x_rcc.o(.text)
    RCC_RTCCLKConfig                         0x0800accd   Thumb Code    10  stm32f10x_rcc.o(.text)
    RCC_RTCCLKCmd                            0x0800acd7   Thumb Code     6  stm32f10x_rcc.o(.text)
    RCC_GetClocksFreq                        0x0800acdd   Thumb Code   148  stm32f10x_rcc.o(.text)
    RCC_AHBPeriphClockCmd                    0x0800ad71   Thumb Code    18  stm32f10x_rcc.o(.text)
    RCC_APB2PeriphClockCmd                   0x0800ad83   Thumb Code    18  stm32f10x_rcc.o(.text)
    RCC_APB1PeriphClockCmd                   0x0800ad95   Thumb Code    18  stm32f10x_rcc.o(.text)
    RCC_APB2PeriphResetCmd                   0x0800ada7   Thumb Code    18  stm32f10x_rcc.o(.text)
    RCC_APB1PeriphResetCmd                   0x0800adb9   Thumb Code    18  stm32f10x_rcc.o(.text)
    RCC_BackupResetCmd                       0x0800adcb   Thumb Code     6  stm32f10x_rcc.o(.text)
    RCC_ClockSecuritySystemCmd               0x0800add1   Thumb Code     6  stm32f10x_rcc.o(.text)
    RCC_MCOConfig                            0x0800add7   Thumb Code     6  stm32f10x_rcc.o(.text)
    RCC_ClearFlag                            0x0800addd   Thumb Code    12  stm32f10x_rcc.o(.text)
    RCC_GetITStatus                          0x0800ade9   Thumb Code    16  stm32f10x_rcc.o(.text)
    RCC_ClearITPendingBit                    0x0800adf9   Thumb Code     6  stm32f10x_rcc.o(.text)
    NVIC_PriorityGroupConfig                 0x0800ae25   Thumb Code    14  misc.o(.text)
    NVIC_Init                                0x0800ae33   Thumb Code   114  misc.o(.text)
    NVIC_SetVectorTable                      0x0800aea5   Thumb Code    16  misc.o(.text)
    NVIC_SystemLPConfig                      0x0800aeb5   Thumb Code    18  misc.o(.text)
    SysTick_CLKSourceConfig                  0x0800aec7   Thumb Code    22  misc.o(.text)
    ADC_DeInit                               0x0800aee9   Thumb Code    92  stm32f10x_adc.o(.text)
    ADC_Init                                 0x0800af45   Thumb Code    70  stm32f10x_adc.o(.text)
    ADC_StructInit                           0x0800af8b   Thumb Code    18  stm32f10x_adc.o(.text)
    ADC_Cmd                                  0x0800af9d   Thumb Code    18  stm32f10x_adc.o(.text)
    ADC_DMACmd                               0x0800afaf   Thumb Code    18  stm32f10x_adc.o(.text)
    ADC_ITConfig                             0x0800afc1   Thumb Code    18  stm32f10x_adc.o(.text)
    ADC_ResetCalibration                     0x0800afd3   Thumb Code    10  stm32f10x_adc.o(.text)
    ADC_GetResetCalibrationStatus            0x0800afdd   Thumb Code    16  stm32f10x_adc.o(.text)
    ADC_StartCalibration                     0x0800afed   Thumb Code    10  stm32f10x_adc.o(.text)
    ADC_GetCalibrationStatus                 0x0800aff7   Thumb Code    16  stm32f10x_adc.o(.text)
    ADC_SoftwareStartConvCmd                 0x0800b007   Thumb Code    18  stm32f10x_adc.o(.text)
    ADC_GetSoftwareStartConvStatus           0x0800b019   Thumb Code    16  stm32f10x_adc.o(.text)
    ADC_DiscModeChannelCountConfig           0x0800b029   Thumb Code    16  stm32f10x_adc.o(.text)
    ADC_DiscModeCmd                          0x0800b039   Thumb Code    18  stm32f10x_adc.o(.text)
    ADC_RegularChannelConfig                 0x0800b04b   Thumb Code   144  stm32f10x_adc.o(.text)
    ADC_ExternalTrigConvCmd                  0x0800b0db   Thumb Code    18  stm32f10x_adc.o(.text)
    ADC_GetConversionValue                   0x0800b0ed   Thumb Code     6  stm32f10x_adc.o(.text)
    ADC_GetDualModeConversionValue           0x0800b0f3   Thumb Code     6  stm32f10x_adc.o(.text)
    ADC_AutoInjectedConvCmd                  0x0800b0f9   Thumb Code    18  stm32f10x_adc.o(.text)
    ADC_InjectedDiscModeCmd                  0x0800b10b   Thumb Code    18  stm32f10x_adc.o(.text)
    ADC_ExternalTrigInjectedConvConfig       0x0800b11d   Thumb Code    12  stm32f10x_adc.o(.text)
    ADC_ExternalTrigInjectedConvCmd          0x0800b129   Thumb Code    18  stm32f10x_adc.o(.text)
    ADC_SoftwareStartInjectedConvCmd         0x0800b13b   Thumb Code    18  stm32f10x_adc.o(.text)
    ADC_GetSoftwareStartInjectedConvCmdStatus 0x0800b14d   Thumb Code    16  stm32f10x_adc.o(.text)
    ADC_InjectedChannelConfig                0x0800b15d   Thumb Code    92  stm32f10x_adc.o(.text)
    ADC_InjectedSequencerLengthConfig        0x0800b1b9   Thumb Code    16  stm32f10x_adc.o(.text)
    ADC_SetInjectedOffset                    0x0800b1c9   Thumb Code     4  stm32f10x_adc.o(.text)
    ADC_GetInjectedConversionValue           0x0800b1cd   Thumb Code     8  stm32f10x_adc.o(.text)
    ADC_AnalogWatchdogCmd                    0x0800b1d5   Thumb Code    16  stm32f10x_adc.o(.text)
    ADC_AnalogWatchdogThresholdsConfig       0x0800b1e5   Thumb Code     6  stm32f10x_adc.o(.text)
    ADC_AnalogWatchdogSingleChannelConfig    0x0800b1eb   Thumb Code    12  stm32f10x_adc.o(.text)
    ADC_TempSensorVrefintCmd                 0x0800b1f7   Thumb Code    20  stm32f10x_adc.o(.text)
    ADC_GetFlagStatus                        0x0800b20b   Thumb Code    14  stm32f10x_adc.o(.text)
    ADC_ClearFlag                            0x0800b219   Thumb Code     6  stm32f10x_adc.o(.text)
    ADC_GetITStatus                          0x0800b21f   Thumb Code    28  stm32f10x_adc.o(.text)
    ADC_ClearITPendingBit                    0x0800b23b   Thumb Code     8  stm32f10x_adc.o(.text)
    CAN_DeInit                               0x0800b251   Thumb Code    36  stm32f10x_can.o(.text)
    CAN_Init                                 0x0800b275   Thumb Code   232  stm32f10x_can.o(.text)
    CAN_FilterInit                           0x0800b35d   Thumb Code   216  stm32f10x_can.o(.text)
    CAN_StructInit                           0x0800b435   Thumb Code    32  stm32f10x_can.o(.text)
    CAN_ITConfig                             0x0800b455   Thumb Code    16  stm32f10x_can.o(.text)
    CAN_Transmit                             0x0800b465   Thumb Code   192  stm32f10x_can.o(.text)
    CAN_TransmitStatus                       0x0800b525   Thumb Code   126  stm32f10x_can.o(.text)
    CAN_CancelTransmit                       0x0800b5a3   Thumb Code    40  stm32f10x_can.o(.text)
    CAN_FIFORelease                          0x0800b5cb   Thumb Code    12  stm32f10x_can.o(.text)
    CAN_MessagePending                       0x0800b5d7   Thumb Code    26  stm32f10x_can.o(.text)
    CAN_Receive                              0x0800b5f1   Thumb Code   170  stm32f10x_can.o(.text)
    CAN_DBGFreeze                            0x0800b69b   Thumb Code    18  stm32f10x_can.o(.text)
    CAN_Sleep                                0x0800b6ad   Thumb Code    30  stm32f10x_can.o(.text)
    CAN_WakeUp                               0x0800b6cb   Thumb Code    42  stm32f10x_can.o(.text)
    CAN_GetFlagStatus                        0x0800b6f5   Thumb Code    14  stm32f10x_can.o(.text)
    CAN_ClearFlag                            0x0800b703   Thumb Code    10  stm32f10x_can.o(.text)
    CAN_GetITStatus                          0x0800b70d   Thumb Code   238  stm32f10x_can.o(.text)
    CAN_ClearITPendingBit                    0x0800b7fb   Thumb Code   144  stm32f10x_can.o(.text)
    DMA_DeInit                               0x0800b88d   Thumb Code   210  stm32f10x_dma.o(.text)
    DMA_Init                                 0x0800b95f   Thumb Code    82  stm32f10x_dma.o(.text)
    DMA_StructInit                           0x0800b9b1   Thumb Code    26  stm32f10x_dma.o(.text)
    DMA_Cmd                                  0x0800b9cb   Thumb Code    18  stm32f10x_dma.o(.text)
    DMA_ITConfig                             0x0800b9dd   Thumb Code    16  stm32f10x_dma.o(.text)
    DMA_GetCurrDataCounter                   0x0800b9ed   Thumb Code     6  stm32f10x_dma.o(.text)
    DMA_GetFlagStatus                        0x0800b9f3   Thumb Code    24  stm32f10x_dma.o(.text)
    DMA_ClearFlag                            0x0800ba0b   Thumb Code    16  stm32f10x_dma.o(.text)
    DMA_GetITStatus                          0x0800ba1b   Thumb Code    24  stm32f10x_dma.o(.text)
    DMA_ClearITPendingBit                    0x0800ba33   Thumb Code    16  stm32f10x_dma.o(.text)
    EXTI_DeInit                              0x0800ba5d   Thumb Code    26  stm32f10x_exti.o(.text)
    EXTI_Init                                0x0800ba77   Thumb Code   148  stm32f10x_exti.o(.text)
    EXTI_StructInit                          0x0800bb0b   Thumb Code    14  stm32f10x_exti.o(.text)
    EXTI_GenerateSWInterrupt                 0x0800bb19   Thumb Code    10  stm32f10x_exti.o(.text)
    EXTI_GetFlagStatus                       0x0800bb23   Thumb Code    16  stm32f10x_exti.o(.text)
    EXTI_ClearFlag                           0x0800bb33   Thumb Code     6  stm32f10x_exti.o(.text)
    EXTI_GetITStatus                         0x0800bb39   Thumb Code    24  stm32f10x_exti.o(.text)
    EXTI_ClearITPendingBit                   0x0800bb51   Thumb Code     6  stm32f10x_exti.o(.text)
    FLASH_SetLatency                         0x0800bb6d   Thumb Code    14  stm32f10x_flash.o(.text)
    FLASH_HalfCycleAccessCmd                 0x0800bb7b   Thumb Code    18  stm32f10x_flash.o(.text)
    FLASH_PrefetchBufferCmd                  0x0800bb8d   Thumb Code    18  stm32f10x_flash.o(.text)
    FLASH_Unlock                             0x0800bb9f   Thumb Code    12  stm32f10x_flash.o(.text)
    FLASH_Lock                               0x0800bbab   Thumb Code    12  stm32f10x_flash.o(.text)
    FLASH_GetStatus                          0x0800bbb7   Thumb Code    40  stm32f10x_flash.o(.text)
    FLASH_WaitForLastOperation               0x0800bbdf   Thumb Code   126  stm32f10x_flash.o(.text)
    FLASH_ErasePage                          0x0800bc5d   Thumb Code    64  stm32f10x_flash.o(.text)
    FLASH_EraseAllPages                      0x0800bc9d   Thumb Code    60  stm32f10x_flash.o(.text)
    FLASH_EraseOptionBytes                   0x0800bcd9   Thumb Code   110  stm32f10x_flash.o(.text)
    FLASH_ProgramWord                        0x0800bd47   Thumb Code    76  stm32f10x_flash.o(.text)
    FLASH_ProgramHalfWord                    0x0800bd93   Thumb Code    54  stm32f10x_flash.o(.text)
    FLASH_ProgramOptionByteData              0x0800bdc9   Thumb Code    62  stm32f10x_flash.o(.text)
    FLASH_EnableWriteProtection              0x0800be07   Thumb Code   154  stm32f10x_flash.o(.text)
    FLASH_ReadOutProtection                  0x0800bea1   Thumb Code   124  stm32f10x_flash.o(.text)
    FLASH_UserOptionByteConfig               0x0800bf1d   Thumb Code   112  stm32f10x_flash.o(.text)
    FLASH_GetUserOptionByte                  0x0800bf8d   Thumb Code     8  stm32f10x_flash.o(.text)
    FLASH_GetWriteProtectionOptionByte       0x0800bf95   Thumb Code     6  stm32f10x_flash.o(.text)
    FLASH_GetReadOutProtectionStatus         0x0800bf9b   Thumb Code    16  stm32f10x_flash.o(.text)
    FLASH_GetPrefetchBufferStatus            0x0800bfab   Thumb Code    16  stm32f10x_flash.o(.text)
    FLASH_ITConfig                           0x0800bfbb   Thumb Code    18  stm32f10x_flash.o(.text)
    FLASH_GetFlagStatus                      0x0800bfcd   Thumb Code    34  stm32f10x_flash.o(.text)
    FLASH_ClearFlag                          0x0800bfef   Thumb Code     6  stm32f10x_flash.o(.text)
    IWDG_WriteAccessCmd                      0x0800bff9   Thumb Code     6  stm32f10x_iwdg.o(.text)
    IWDG_SetPrescaler                        0x0800bfff   Thumb Code     6  stm32f10x_iwdg.o(.text)
    IWDG_SetReload                           0x0800c005   Thumb Code     6  stm32f10x_iwdg.o(.text)
    IWDG_ReloadCounter                       0x0800c00b   Thumb Code    10  stm32f10x_iwdg.o(.text)
    IWDG_Enable                              0x0800c015   Thumb Code    10  stm32f10x_iwdg.o(.text)
    IWDG_GetFlagStatus                       0x0800c01f   Thumb Code    16  stm32f10x_iwdg.o(.text)
    TIM_DeInit                               0x0800c035   Thumb Code   222  stm32f10x_tim.o(.text)
    TIM_TimeBaseInit                         0x0800c113   Thumb Code    56  stm32f10x_tim.o(.text)
    TIM_OC1Init                              0x0800c14b   Thumb Code   104  stm32f10x_tim.o(.text)
    TIM_OC2Init                              0x0800c1b3   Thumb Code   132  stm32f10x_tim.o(.text)
    TIM_OC3Init                              0x0800c237   Thumb Code   130  stm32f10x_tim.o(.text)
    TIM_OC4Init                              0x0800c2b9   Thumb Code   106  stm32f10x_tim.o(.text)
    TIM_SetIC4Prescaler                      0x0800c323   Thumb Code    24  stm32f10x_tim.o(.text)
    TIM_SetIC3Prescaler                      0x0800c33b   Thumb Code    16  stm32f10x_tim.o(.text)
    TIM_SetIC2Prescaler                      0x0800c34b   Thumb Code    24  stm32f10x_tim.o(.text)
    TIM_SetIC1Prescaler                      0x0800c363   Thumb Code    16  stm32f10x_tim.o(.text)
    TIM_ICInit                               0x0800c373   Thumb Code   248  stm32f10x_tim.o(.text)
    TIM_PWMIConfig                           0x0800c46b   Thumb Code   216  stm32f10x_tim.o(.text)
    TIM_BDTRConfig                           0x0800c543   Thumb Code    36  stm32f10x_tim.o(.text)
    TIM_TimeBaseStructInit                   0x0800c567   Thumb Code    18  stm32f10x_tim.o(.text)
    TIM_OCStructInit                         0x0800c579   Thumb Code    20  stm32f10x_tim.o(.text)
    TIM_ICStructInit                         0x0800c58d   Thumb Code    16  stm32f10x_tim.o(.text)
    TIM_BDTRStructInit                       0x0800c59d   Thumb Code    18  stm32f10x_tim.o(.text)
    TIM_Cmd                                  0x0800c5af   Thumb Code    22  stm32f10x_tim.o(.text)
    TIM_CtrlPWMOutputs                       0x0800c5c5   Thumb Code    22  stm32f10x_tim.o(.text)
    TIM_ITConfig                             0x0800c5db   Thumb Code    16  stm32f10x_tim.o(.text)
    TIM_GenerateEvent                        0x0800c5eb   Thumb Code     4  stm32f10x_tim.o(.text)
    TIM_DMAConfig                            0x0800c5ef   Thumb Code     8  stm32f10x_tim.o(.text)
    TIM_DMACmd                               0x0800c5f7   Thumb Code    16  stm32f10x_tim.o(.text)
    TIM_InternalClockConfig                  0x0800c607   Thumb Code    10  stm32f10x_tim.o(.text)
    TIM_SelectInputTrigger                   0x0800c611   Thumb Code    12  stm32f10x_tim.o(.text)
    TIM_ITRxExternalClockConfig              0x0800c61d   Thumb Code    20  stm32f10x_tim.o(.text)
    TIM_TIxExternalClockConfig               0x0800c631   Thumb Code    88  stm32f10x_tim.o(.text)
    TIM_ETRConfig                            0x0800c689   Thumb Code    28  stm32f10x_tim.o(.text)
    TIM_ETRClockMode1Config                  0x0800c6a5   Thumb Code    36  stm32f10x_tim.o(.text)
    TIM_ETRClockMode2Config                  0x0800c6c9   Thumb Code    36  stm32f10x_tim.o(.text)
    TIM_PrescalerConfig                      0x0800c6ed   Thumb Code     6  stm32f10x_tim.o(.text)
    TIM_CounterModeConfig                    0x0800c6f3   Thumb Code    16  stm32f10x_tim.o(.text)
    TIM_EncoderInterfaceConfig               0x0800c703   Thumb Code    60  stm32f10x_tim.o(.text)
    TIM_ForcedOC1Config                      0x0800c73f   Thumb Code    12  stm32f10x_tim.o(.text)
    TIM_ForcedOC2Config                      0x0800c74b   Thumb Code    20  stm32f10x_tim.o(.text)
    TIM_ForcedOC3Config                      0x0800c75f   Thumb Code    12  stm32f10x_tim.o(.text)
    TIM_ForcedOC4Config                      0x0800c76b   Thumb Code    20  stm32f10x_tim.o(.text)
    TIM_ARRPreloadConfig                     0x0800c77f   Thumb Code    22  stm32f10x_tim.o(.text)
    TIM_SelectCOM                            0x0800c795   Thumb Code    18  stm32f10x_tim.o(.text)
    TIM_SelectCCDMA                          0x0800c7a7   Thumb Code    18  stm32f10x_tim.o(.text)
    TIM_CCPreloadControl                     0x0800c7b9   Thumb Code    18  stm32f10x_tim.o(.text)
    TIM_OC1PreloadConfig                     0x0800c7cb   Thumb Code    12  stm32f10x_tim.o(.text)
    TIM_OC2PreloadConfig                     0x0800c7d7   Thumb Code    20  stm32f10x_tim.o(.text)
    TIM_OC3PreloadConfig                     0x0800c7eb   Thumb Code    12  stm32f10x_tim.o(.text)
    TIM_OC4PreloadConfig                     0x0800c7f7   Thumb Code    20  stm32f10x_tim.o(.text)
    TIM_OC1FastConfig                        0x0800c80b   Thumb Code    12  stm32f10x_tim.o(.text)
    TIM_OC2FastConfig                        0x0800c817   Thumb Code    20  stm32f10x_tim.o(.text)
    TIM_OC3FastConfig                        0x0800c82b   Thumb Code    12  stm32f10x_tim.o(.text)
    TIM_OC4FastConfig                        0x0800c837   Thumb Code    20  stm32f10x_tim.o(.text)
    TIM_ClearOC1Ref                          0x0800c84b   Thumb Code    12  stm32f10x_tim.o(.text)
    TIM_ClearOC2Ref                          0x0800c857   Thumb Code    20  stm32f10x_tim.o(.text)
    TIM_ClearOC3Ref                          0x0800c86b   Thumb Code    12  stm32f10x_tim.o(.text)
    TIM_ClearOC4Ref                          0x0800c877   Thumb Code    20  stm32f10x_tim.o(.text)
    TIM_OC1PolarityConfig                    0x0800c88b   Thumb Code    12  stm32f10x_tim.o(.text)
    TIM_OC1NPolarityConfig                   0x0800c897   Thumb Code    12  stm32f10x_tim.o(.text)
    TIM_OC2PolarityConfig                    0x0800c8a3   Thumb Code    20  stm32f10x_tim.o(.text)
    TIM_OC2NPolarityConfig                   0x0800c8b7   Thumb Code    20  stm32f10x_tim.o(.text)
    TIM_OC3PolarityConfig                    0x0800c8cb   Thumb Code    20  stm32f10x_tim.o(.text)
    TIM_OC3NPolarityConfig                   0x0800c8df   Thumb Code    20  stm32f10x_tim.o(.text)
    TIM_OC4PolarityConfig                    0x0800c8f3   Thumb Code    20  stm32f10x_tim.o(.text)
    TIM_CCxCmd                               0x0800c907   Thumb Code    28  stm32f10x_tim.o(.text)
    TIM_CCxNCmd                              0x0800c923   Thumb Code    28  stm32f10x_tim.o(.text)
    TIM_SelectOCxM                           0x0800c93f   Thumb Code    80  stm32f10x_tim.o(.text)
    TIM_UpdateDisableConfig                  0x0800c98f   Thumb Code    22  stm32f10x_tim.o(.text)
    TIM_UpdateRequestConfig                  0x0800c9a5   Thumb Code    22  stm32f10x_tim.o(.text)
    TIM_SelectHallSensor                     0x0800c9bb   Thumb Code    18  stm32f10x_tim.o(.text)
    TIM_SelectOnePulseMode                   0x0800c9cd   Thumb Code    20  stm32f10x_tim.o(.text)
    TIM_SelectOutputTrigger                  0x0800c9e1   Thumb Code    16  stm32f10x_tim.o(.text)
    TIM_SelectSlaveMode                      0x0800c9f1   Thumb Code    16  stm32f10x_tim.o(.text)
    TIM_SelectMasterSlaveMode                0x0800ca01   Thumb Code    16  stm32f10x_tim.o(.text)
    TIM_SetCounter                           0x0800ca11   Thumb Code     4  stm32f10x_tim.o(.text)
    TIM_SetAutoreload                        0x0800ca15   Thumb Code     4  stm32f10x_tim.o(.text)
    TIM_SetCompare1                          0x0800ca19   Thumb Code     4  stm32f10x_tim.o(.text)
    TIM_SetCompare2                          0x0800ca1d   Thumb Code     4  stm32f10x_tim.o(.text)
    TIM_SetCompare3                          0x0800ca21   Thumb Code     4  stm32f10x_tim.o(.text)
    TIM_SetCompare4                          0x0800ca25   Thumb Code     6  stm32f10x_tim.o(.text)
    TIM_SetClockDivision                     0x0800ca2b   Thumb Code    14  stm32f10x_tim.o(.text)
    TIM_GetCapture1                          0x0800ca39   Thumb Code     4  stm32f10x_tim.o(.text)
    TIM_GetCapture2                          0x0800ca3d   Thumb Code     4  stm32f10x_tim.o(.text)
    TIM_GetCapture3                          0x0800ca41   Thumb Code     4  stm32f10x_tim.o(.text)
    TIM_GetCapture4                          0x0800ca45   Thumb Code     6  stm32f10x_tim.o(.text)
    TIM_GetCounter                           0x0800ca4b   Thumb Code     4  stm32f10x_tim.o(.text)
    TIM_GetPrescaler                         0x0800ca4f   Thumb Code     4  stm32f10x_tim.o(.text)
    TIM_GetFlagStatus                        0x0800ca53   Thumb Code    14  stm32f10x_tim.o(.text)
    TIM_ClearFlag                            0x0800ca61   Thumb Code     6  stm32f10x_tim.o(.text)
    TIM_GetITStatus                          0x0800ca67   Thumb Code    22  stm32f10x_tim.o(.text)
    TIM_ClearITPendingBit                    0x0800ca7d   Thumb Code     6  stm32f10x_tim.o(.text)
    SystemInit                               0x0800cac1   Thumb Code   212  system_stm32f10x.o(.text)
    Get_Week                                 0x0800cba1   Thumb Code    86  bl5372.o(.text)
    I2C_BL5372_WriteByte                     0x0800ccc5   Thumb Code   156  bl5372.o(.text)
    I2C_BL5372_ReadByte                      0x0800cd61   Thumb Code   214  bl5372.o(.text)
    Init_BL5372                              0x0800ce37   Thumb Code   268  bl5372.o(.text)
    BL5372_SetBCD                            0x0800cf43   Thumb Code   110  bl5372.o(.text)
    BL5372_Read                              0x0800cfb1   Thumb Code   458  bl5372.o(.text)
    BL5372_ReadBCD                           0x0800d17b   Thumb Code    88  bl5372.o(.text)
    Inside_Temp                              0x0800d1d3   Thumb Code   234  bl5372.o(.text)
    F_Difference                             0x0800d2bd   Thumb Code    84  bl5372.o(.text)
    BSP_Init                                 0x0800d3dd   Thumb Code     4  bsp.o(.text)
    delay_init                               0x0800d3e1   Thumb Code    52  delay.o(.text)
    Delay_us                                 0x0800d415   Thumb Code    56  delay.o(.text)
    Delay_ms                                 0x0800d44d   Thumb Code    98  delay.o(.text)
    DIR_1WIRE_OUT                            0x0800d4b9   Thumb Code    30  ds18b20.o(.text)
    init_1820                                0x0800d4d7   Thumb Code    86  ds18b20.o(.text)
    write_1820                               0x0800d52d   Thumb Code   112  ds18b20.o(.text)
    read_1820                                0x0800d59d   Thumb Code   136  ds18b20.o(.text)
    DS18B20_Convert                          0x0800d625   Thumb Code    20  ds18b20.o(.text)
    Get_Temp                                 0x0800d639   Thumb Code   108  ds18b20.o(.text)
    SPI_RW                                   0x0800d6ad   Thumb Code   100  jf24d.o(.text)
    SPI_Write_Reg                            0x0800d711   Thumb Code    26  jf24d.o(.text)
    SPI_Read_Reg                             0x0800d72b   Thumb Code    44  jf24d.o(.text)
    SPI_Read_Buf                             0x0800d757   Thumb Code    48  jf24d.o(.text)
    SPI_Write_Buf                            0x0800d787   Thumb Code    46  jf24d.o(.text)
    Enter_PRX                                0x0800d7b5   Thumb Code    54  jf24d.o(.text)
    Enter_PTX                                0x0800d7eb   Thumb Code    58  jf24d.o(.text)
    SwitchCFG                                0x0800d825   Thumb Code    36  jf24d.o(.text)
    JF24D_Init                               0x0800d849   Thumb Code   438  jf24d.o(.text)
    IsInitWirelessModuleSuccess              0x0800d9ff   Thumb Code    18  jf24d.o(.text)
    Send_Packet                              0x0800da11   Thumb Code    34  jf24d.o(.text)
    Receive_Packet                           0x0800da33   Thumb Code   194  jf24d.o(.text)
    ChangeRF24Dchannel                       0x0800daf5   Thumb Code    28  jf24d.o(.text)
    InitWirelessModule                       0x0800db11   Thumb Code   100  jf24d.o(.text)
    CreatCmd                                 0x0800db75   Thumb Code   334  jf24d.o(.text)
    Target_Init                              0x0800dcdd   Thumb Code   212  stm32_init.o(.text)
    Wireless_GPIO                            0x0800ddb1   Thumb Code     2  stm32_init.o(.text)
    Output_P203                              0x0800ddb3   Thumb Code    30  stm32_init.o(.text)
    Output_P204                              0x0800ddd1   Thumb Code    32  stm32_init.o(.text)
    EXTI_Configuration                       0x0800ddf1   Thumb Code    52  stm32_init.o(.text)
    USART_Configuration                      0x0800de25   Thumb Code   100  stm32_init.o(.text)
    fputc                                    0x0800de89   Thumb Code    50  stm32_init.o(.text)
    TIM2_Configuration                       0x0800debb   Thumb Code    60  stm32_init.o(.text)
    TIM3_Configuration                       0x0800def7   Thumb Code    60  stm32_init.o(.text)
    TIM4_Configuration                       0x0800df33   Thumb Code    60  stm32_init.o(.text)
    Can_Config                               0x0800df6f   Thumb Code   202  stm32_init.o(.text)
    ADC_Conf                                 0x0800e039   Thumb Code   140  stm32_init.o(.text)
    DMA_Configuration                        0x0800e0c5   Thumb Code   132  stm32_init.o(.text)
    IWDG_Configuration                       0x0800e149   Thumb Code    36  stm32_init.o(.text)
    Application_Init                         0x0800e16d   Thumb Code   552  stm32_init.o(.text)
    USART1_SandData                          0x0800e3b9   Thumb Code   100  stm32_usart.o(.text)
    USART3_SandData                          0x0800e41d   Thumb Code    72  stm32_usart.o(.text)
    CRC_16                                   0x0800e465   Thumb Code    60  stm32_usart.o(.text)
    SL1302_Modify                            0x0800e58d   Thumb Code   106  sl1302.o(.text)
    SL1302_SetBCD                            0x0800e5f7   Thumb Code    78  sl1302.o(.text)
    Init_SL1302                              0x0800e645   Thumb Code   164  sl1302.o(.text)
    SL1302_RUN                               0x0800e6e9   Thumb Code   342  sl1302.o(.text)
    SL1302_ReadBCD                           0x0800e83f   Thumb Code   100  sl1302.o(.text)
    SetSlaverLed                             0x0800e941   Thumb Code     6  display_chip.o(.text)
    InitSTLED316                             0x0800e9a1   Thumb Code   192  display_chip.o(.text)
    Write_8LED                               0x0800ea61   Thumb Code   582  display_chip.o(.text)
    OS_TaskStatStkChk                        0x0800ecd1   Thumb Code    56  os_core.o(.text)
    OS_TaskStat                              0x0800ed09   Thumb Code   134  os_core.o(.text)
    OS_TaskIdle                              0x0800ed8f   Thumb Code    22  os_core.o(.text)
    OS_MemClr                                0x0800eda5   Thumb Code    22  os_core.o(.text)
    OSInit                                   0x0800edbb   Thumb Code   344  os_core.o(.text)
    OSIntEnter                               0x0800ef13   Thumb Code    22  os_core.o(.text)
    OSIntExit                                0x0800ef29   Thumb Code    96  os_core.o(.text)
    OSSchedLock                              0x0800ef89   Thumb Code    38  os_core.o(.text)
    OS_Sched                                 0x0800efaf   Thumb Code    82  os_core.o(.text)
    OSSchedUnlock                            0x0800f001   Thumb Code    54  os_core.o(.text)
    OSStart                                  0x0800f037   Thumb Code    46  os_core.o(.text)
    OSStatInit                               0x0800f065   Thumb Code    48  os_core.o(.text)
    OSTimeTick                               0x0800f095   Thumb Code   246  os_core.o(.text)
    OSVersion                                0x0800f18b   Thumb Code     6  os_core.o(.text)
    OS_Dummy                                 0x0800f191   Thumb Code     2  os_core.o(.text)
    OS_EventTaskRemove                       0x0800f193   Thumb Code    36  os_core.o(.text)
    OS_EventTaskRdy                          0x0800f1b7   Thumb Code   124  os_core.o(.text)
    OS_EventTaskWait                         0x0800f233   Thumb Code    88  os_core.o(.text)
    OS_EventWaitListInit                     0x0800f28b   Thumb Code    20  os_core.o(.text)
    OS_MemCopy                               0x0800f29f   Thumb Code    24  os_core.o(.text)
    OS_StrLen                                0x0800f2b7   Thumb Code    22  os_core.o(.text)
    OS_TCBInit                               0x0800f2cd   Thumb Code   284  os_core.o(.text)
    OSFlagAccept                             0x0800f3f9   Thumb Code   178  os_flag.o(.text)
    OSFlagCreate                             0x0800f4ab   Thumb Code    74  os_flag.o(.text)
    OS_FlagUnlink                            0x0800f4f5   Thumb Code    34  os_flag.o(.text)
    OSFlagDel                                0x0800f583   Thumb Code   196  os_flag.o(.text)
    OSFlagNameGet                            0x0800f647   Thumb Code    78  os_flag.o(.text)
    OSFlagNameSet                            0x0800f695   Thumb Code    52  os_flag.o(.text)
    OSFlagPend                               0x0800f733   Thumb Code   446  os_flag.o(.text)
    OSFlagPendGetFlagsRdy                    0x0800f8f1   Thumb Code    20  os_flag.o(.text)
    OSFlagPost                               0x0800f905   Thumb Code   234  os_flag.o(.text)
    OSFlagQuery                              0x0800f9ef   Thumb Code    38  os_flag.o(.text)
    OS_FlagInit                              0x0800fa15   Thumb Code    70  os_flag.o(.text)
    OSMemCreate                              0x0800fa69   Thumb Code    98  os_mem.o(.text)
    OSMemGet                                 0x0800facb   Thumb Code    54  os_mem.o(.text)
    OSMemNameGet                             0x0800fb01   Thumb Code    58  os_mem.o(.text)
    OSMemNameSet                             0x0800fb3b   Thumb Code    38  os_mem.o(.text)
    OSMemPut                                 0x0800fb61   Thumb Code    46  os_mem.o(.text)
    OSMemQuery                               0x0800fb8f   Thumb Code    46  os_mem.o(.text)
    OS_MemInit                               0x0800fbbd   Thumb Code    62  os_mem.o(.text)
    OSMutexAccept                            0x0800fc0d   Thumb Code   120  os_mutex.o(.text)
    OSMutexCreate                            0x0800fc85   Thumb Code   128  os_mutex.o(.text)
    OSMutexDel                               0x0800fd05   Thumb Code   226  os_mutex.o(.text)
    OSMutexPend                              0x0800fde7   Thumb Code   456  os_mutex.o(.text)
    OSMutexPost                              0x0800ffaf   Thumb Code   202  os_mutex.o(.text)
    OSMutexQuery                             0x08010079   Thumb Code    90  os_mutex.o(.text)
    OSQAccept                                0x0801014d   Thumb Code    78  os_q.o(.text)
    OSQCreate                                0x0801019b   Thumb Code   128  os_q.o(.text)
    OSQDel                                   0x0801021b   Thumb Code   210  os_q.o(.text)
    OSQFlush                                 0x080102ed   Thumb Code    32  os_q.o(.text)
    OSQPend                                  0x0801030d   Thumb Code   216  os_q.o(.text)
    OSQPendAbort                             0x080103e5   Thumb Code   114  os_q.o(.text)
    OSQPost                                  0x08010457   Thumb Code   106  os_q.o(.text)
    OSQPostFront                             0x080104c1   Thumb Code   106  os_q.o(.text)
    OSQPostOpt                               0x0801052b   Thumb Code   198  os_q.o(.text)
    OSQQuery                                 0x080105f1   Thumb Code    92  os_q.o(.text)
    OS_QInit                                 0x0801064d   Thumb Code    56  os_q.o(.text)
    OSSemAccept                              0x0801068d   Thumb Code    34  os_sem.o(.text)
    OSSemCreate                              0x080106af   Thumb Code    60  os_sem.o(.text)
    OSSemDel                                 0x080106eb   Thumb Code   182  os_sem.o(.text)
    OSSemPend                                0x080107a1   Thumb Code   182  os_sem.o(.text)
    OSSemPendAbort                           0x08010857   Thumb Code   114  os_sem.o(.text)
    OSSemPost                                0x080108c9   Thumb Code    82  os_sem.o(.text)
    OSSemQuery                               0x0801091b   Thumb Code    68  os_sem.o(.text)
    OSSemSet                                 0x0801095f   Thumb Code    58  os_sem.o(.text)
    OSTaskChangePrio                         0x080109a9   Thumb Code   268  os_task.o(.text)
    OSTaskCreate                             0x08010ab5   Thumb Code   136  os_task.o(.text)
    OS_TaskStkClr                            0x08010b3d   Thumb Code    30  os_task.o(.text)
    OSTaskCreateExt                          0x08010b5b   Thumb Code   172  os_task.o(.text)
    OSTaskDel                                0x08010c07   Thumb Code   286  os_task.o(.text)
    OSTaskDelReq                             0x08010d25   Thumb Code    90  os_task.o(.text)
    OSTaskNameGet                            0x08010d7f   Thumb Code   144  os_task.o(.text)
    OSTaskNameSet                            0x08010e0f   Thumb Code    80  os_task.o(.text)
    OSTaskResume                             0x08010e5f   Thumb Code   144  os_task.o(.text)
    OSTaskStkChk                             0x08010eef   Thumb Code   124  os_task.o(.text)
    OSTaskSuspend                            0x08010f6b   Thumb Code   134  os_task.o(.text)
    OSTaskQuery                              0x08010ff1   Thumb Code    74  os_task.o(.text)
    OSTaskRegGet                             0x0801103b   Thumb Code    48  os_task.o(.text)
    OSTaskRegSet                             0x0801106b   Thumb Code    52  os_task.o(.text)
    OS_TaskReturn                            0x0801109f   Thumb Code    18  os_task.o(.text)
    OSTimeDly                                0x080110c9   Thumb Code    88  os_time.o(.text)
    OSTimeDlyHMSM                            0x08011121   Thumb Code    94  os_time.o(.text)
    OSTimeDlyResume                          0x0801117f   Thumb Code   158  os_time.o(.text)
    OSTimeGet                                0x0801121d   Thumb Code    18  os_time.o(.text)
    OSTimeSet                                0x0801122f   Thumb Code    20  os_time.o(.text)
    OSTmrCreate                              0x08011261   Thumb Code   138  os_tmr.o(.text)
    OSTmrDel                                 0x080112eb   Thumb Code   158  os_tmr.o(.text)
    OSTmrNameGet                             0x08011389   Thumb Code    96  os_tmr.o(.text)
    OSTmrRemainGet                           0x080113e9   Thumb Code   148  os_tmr.o(.text)
    OSTmrStateGet                            0x0801147d   Thumb Code    72  os_tmr.o(.text)
    OSTmrStart                               0x080114c5   Thumb Code   100  os_tmr.o(.text)
    OSTmrStop                                0x08011529   Thumb Code   160  os_tmr.o(.text)
    OSTmrSignal                              0x080115c9   Thumb Code     8  os_tmr.o(.text)
    OSTmr_Init                               0x080116b9   Thumb Code   184  os_tmr.o(.text)
    OS_CPU_SR_Save                           0x08011831   Thumb Code     0  os_cpu_a.o(.text)
    OS_CPU_SR_Restore                        0x08011839   Thumb Code     0  os_cpu_a.o(.text)
    OSStartHighRdy                           0x0801183f   Thumb Code     0  os_cpu_a.o(.text)
    OSCtxSw                                  0x0801185f   Thumb Code     0  os_cpu_a.o(.text)
    OSIntCtxSw                               0x08011869   Thumb Code     0  os_cpu_a.o(.text)
    OS_CPU_PendSVHandler                     0x08011873   Thumb Code     0  os_cpu_a.o(.text)
    OSInitHookBegin                          0x080118d5   Thumb Code     8  os_cpu_c.o(.text)
    OSTaskReturnHook                         0x080118dd   Thumb Code     2  os_cpu_c.o(.text)
    OSInitHookEnd                            0x080118df   Thumb Code     2  os_cpu_c.o(.text)
    OSTaskCreateHook                         0x080118e1   Thumb Code     2  os_cpu_c.o(.text)
    OSTaskDelHook                            0x080118e3   Thumb Code     2  os_cpu_c.o(.text)
    OSTaskIdleHook                           0x080118e5   Thumb Code     2  os_cpu_c.o(.text)
    OSTaskStatHook                           0x080118e7   Thumb Code     2  os_cpu_c.o(.text)
    OSTaskStkInit                            0x080118e9   Thumb Code   116  os_cpu_c.o(.text)
    OSTaskSwHook                             0x0801195d   Thumb Code     2  os_cpu_c.o(.text)
    OSTCBInitHook                            0x0801195f   Thumb Code     2  os_cpu_c.o(.text)
    OSTimeTickHook                           0x08011961   Thumb Code    24  os_cpu_c.o(.text)
    __aeabi_fdiv                             0x0801197d   Thumb Code   124  fdiv.o(.text)
    __aeabi_dadd                             0x080119f9   Thumb Code   322  dadd.o(.text)
    __aeabi_dsub                             0x08011b3b   Thumb Code     6  dadd.o(.text)
    __aeabi_drsub                            0x08011b41   Thumb Code     6  dadd.o(.text)
    __aeabi_dmul                             0x08011b47   Thumb Code   228  dmul.o(.text)
    __aeabi_ddiv                             0x08011c2b   Thumb Code   222  ddiv.o(.text)
    __ARM_scalbn                             0x08011d09   Thumb Code    46  dscalb.o(.text)
    scalbn                                   0x08011d09   Thumb Code     0  dscalb.o(.text)
    __aeabi_ui2f                             0x08011d37   Thumb Code    10  ffltui.o(.text)
    __aeabi_i2d                              0x08011d41   Thumb Code    34  dflti.o(.text)
    __aeabi_ui2d                             0x08011d63   Thumb Code    26  dfltui.o(.text)
    __aeabi_f2uiz                            0x08011d7d   Thumb Code    40  ffixui.o(.text)
    __aeabi_d2iz                             0x08011da5   Thumb Code    62  dfixi.o(.text)
    __aeabi_d2uiz                            0x08011de3   Thumb Code    50  dfixui.o(.text)
    __aeabi_f2d                              0x08011e15   Thumb Code    38  f2d.o(.text)
    __aeabi_d2f                              0x08011e3b   Thumb Code    56  d2f.o(.text)
    __aeabi_llsl                             0x08011e73   Thumb Code    30  llshl.o(.text)
    _ll_shift_l                              0x08011e73   Thumb Code     0  llshl.o(.text)
    __aeabi_llsr                             0x08011e91   Thumb Code    32  llushr.o(.text)
    _ll_ushift_r                             0x08011e91   Thumb Code     0  llushr.o(.text)
    __aeabi_lasr                             0x08011eb1   Thumb Code    36  llsshr.o(.text)
    _ll_sshift_r                             0x08011eb1   Thumb Code     0  llsshr.o(.text)
    __I$use$fp                               0x08011ed5   Thumb Code     0  iusefp.o(.text)
    _float_round                             0x08011ed5   Thumb Code    18  fepilogue.o(.text)
    _float_epilogue                          0x08011ee7   Thumb Code    92  fepilogue.o(.text)
    _double_round                            0x08011f43   Thumb Code    26  depilogue.o(.text)
    _double_epilogue                         0x08011f5d   Thumb Code   156  depilogue.o(.text)
    __aeabi_cdrcmple                         0x08011ff9   Thumb Code    38  cdrcmple.o(.text)
    __scatterload                            0x08012021   Thumb Code    28  init.o(.text)
    __scatterload_rt2                        0x08012021   Thumb Code     0  init.o(.text)
    _dsqrt                                   0x08012045   Thumb Code   162  dsqrt.o(.text)
    __ARM_fpclassify                         0x080120e7   Thumb Code    40  fpclassify.o(i.__ARM_fpclassify)
    __kernel_poly                            0x0801210f   Thumb Code   170  poly.o(i.__kernel_poly)
    __mathlib_dbl_underflow                  0x080121b9   Thumb Code    10  dunder.o(i.__mathlib_dbl_underflow)
    __scatterload_copy                       0x080121c9   Thumb Code    14  handlers.o(i.__scatterload_copy)
    __scatterload_null                       0x080121d7   Thumb Code     2  handlers.o(i.__scatterload_null)
    __scatterload_zeroinit                   0x080121d9   Thumb Code    14  handlers.o(i.__scatterload_zeroinit)
    __set_errno                              0x080121e9   Thumb Code     6  errno.o(i.__set_errno)
    pow                                      0x080121f5   Thumb Code  2510  pow.o(i.pow)
    sqrt                                     0x08012bd5   Thumb Code    76  sqrt.o(i.sqrt)
    table_week                               0x08012c20   Data          12  bl5372.o(.constdata)
    RegArrFSKAnalog                          0x08012c2c   Data          56  jf24d.o(.constdata)
    RegArrFSKAnalogReg14                     0x08012c64   Data          11  jf24d.o(.constdata)
    RegArrFSK                                0x08012c6f   Data          46  jf24d.o(.constdata)
    SegA                                     0x08012ca9   Data          28  display_chip.o(.constdata)
    OSUnMapTbl                               0x08012cc5   Data         256  os_core.o(.constdata)
    __mathlib_zero                           0x08012e50   Data           8  qnan.o(.constdata)
    Region$$Table$$Base                      0x08012e58   Number         0  anon$$obj.o(Region$$Table)
    Region$$Table$$Limit                     0x08012e78   Number         0  anon$$obj.o(Region$$Table)
    LuxUporDownKeyPressed                    0x20000008   Data           1  display.o(.data)
    MenuLevel                                0x20000009   Data           1  display.o(.data)
    YKdelay                                  0x2000000a   Data           1  display.o(.data)
    NoKey_Count                              0x2000000b   Data           1  display.o(.data)
    TwinklFlag                               0x2000000c   Data           1  display.o(.data)
    Shine                                    0x2000000d   Data           1  display.o(.data)
    Shine1                                   0x2000000e   Data           1  display.o(.data)
    FanKey1                                  0x2000000f   Data           1  display.o(.data)
    PirDlyAuto1                              0x20000010   Data           1  display.o(.data)
    MenuKey                                  0x20000011   Data           1  display.o(.data)
    errCDKey                                 0x20000012   Data           1  display.o(.data)
    MenuIndex                                0x20000013   Data           1  display.o(.data)
    Position1                                0x20000014   Data           1  display.o(.data)
    CursorNow                                0x20000016   Data           1  display.o(.data)
    AudioSwitch1                             0x20000017   Data           1  display.o(.data)
    Del_Flag                                 0x20000018   Data           1  display.o(.data)
    KQFlag                                   0x20000019   Data           1  display.o(.data)
    Del_Flag1                                0x2000001a   Data           1  display.o(.data)
    ModeKeyFlag                              0x2000001b   Data           1  display.o(.data)
    week_temp                                0x2000001c   Data           1  display.o(.data)
    Time_Del                                 0x2000001d   Data           1  display.o(.data)
    Position                                 0x2000001e   Data           1  display.o(.data)
    PirNum_Temp                              0x2000001f   Data           1  display.o(.data)
    temp_tempdel                             0x20000024   Data           2  display.o(.data)
    Temp_Difference                          0x20000026   Data           1  display.o(.data)
    Jude_count                               0x20000028   Data           2  timer.o(.data)
    tmr1_count                               0x2000002a   Data           2  timer.o(.data)
    AD_Value                                 0x2000002c   Data           4  sensorcollection.o(.data)
    Temp_shi                                 0x20000044   Data           1  bl5372.o(.data)
    Temp_ge                                  0x20000045   Data           1  bl5372.o(.data)
    PPM_temp                                 0x20000046   Data           1  bl5372.o(.data)
    PPM1                                     0x20000047   Data           1  bl5372.o(.data)
    PPM2                                     0x20000048   Data           1  bl5372.o(.data)
    PPM_Difference                           0x20000049   Data           1  bl5372.o(.data)
    Temp_inner                               0x2000004a   Data           2  bl5372.o(.data)
    Temp_ad                                  0x2000004c   Data           2  bl5372.o(.data)
    ADCFault                                 0x2000004e   Data           2  bl5372.o(.data)
    ADC_Count                                0x20000050   Data           2  bl5372.o(.data)
    frequency                                0x20000056   Data           1  jf24d.o(.data)
    OSCPUUsage                               0x20000060   Data           1  os_core.o(.data)
    OSStatRdy                                0x20000061   Data           1  os_core.o(.data)
    OSIntNesting                             0x20000062   Data           1  os_core.o(.data)
    OSLockNesting                            0x20000063   Data           1  os_core.o(.data)
    OSPrioCur                                0x20000064   Data           1  os_core.o(.data)
    OSPrioHighRdy                            0x20000065   Data           1  os_core.o(.data)
    OSRdyGrp                                 0x20000066   Data           1  os_core.o(.data)
    OSRunning                                0x20000067   Data           1  os_core.o(.data)
    OSTaskCtr                                0x20000068   Data           1  os_core.o(.data)
    OSTickStepState                          0x20000069   Data           1  os_core.o(.data)
    OSCtxSwCtr                               0x2000006c   Data           4  os_core.o(.data)
    OSEventFreeList                          0x20000070   Data           4  os_core.o(.data)
    OSIdleCtrMax                             0x20000074   Data           4  os_core.o(.data)
    OSIdleCtrRun                             0x20000078   Data           4  os_core.o(.data)
    OSIdleCtr                                0x2000007c   Data           4  os_core.o(.data)
    OSTCBCur                                 0x20000080   Data           4  os_core.o(.data)
    OSTCBFreeList                            0x20000084   Data           4  os_core.o(.data)
    OSTCBHighRdy                             0x20000088   Data           4  os_core.o(.data)
    OSTCBList                                0x2000008c   Data           4  os_core.o(.data)
    OSTime                                   0x20000090   Data           4  os_core.o(.data)
    OSRdyTbl                                 0x20000094   Data           8  os_core.o(.data)
    OSFlagFreeList                           0x2000009c   Data           4  os_core.o(.data)
    OSMemFreeList                            0x200000a0   Data           4  os_core.o(.data)
    OSQFreeList                              0x200000a4   Data           4  os_core.o(.data)
    OSTmrFree                                0x200000a8   Data           2  os_core.o(.data)
    OSTmrUsed                                0x200000aa   Data           2  os_core.o(.data)
    OSTmrTime                                0x200000ac   Data           4  os_core.o(.data)
    OSTmrSem                                 0x200000b0   Data           4  os_core.o(.data)
    OSTmrSemSignal                           0x200000b4   Data           4  os_core.o(.data)
    OSTmrFreeList                            0x200000b8   Data           4  os_core.o(.data)
    system                                   0x20001350   Data          32  object.o(.bss)
    sl863x                                   0x20001370   Data        3064  object.o(.bss)
    sensors                                  0x20001f68   Data         420  object.o(.bss)
    slavers                                  0x2000210c   Data        1800  object.o(.bss)
    theory                                   0x20002814   Data         708  object.o(.bss)
    OSEventTbl                               0x20002ad8   Data         320  os_core.o(.bss)
    OSTaskStatStk                            0x20002c18   Data         512  os_core.o(.bss)
    OSTaskIdleStk                            0x20002e18   Data         512  os_core.o(.bss)
    OSTCBPrioTbl                             0x20003018   Data         256  os_core.o(.bss)
    OSTCBTbl                                 0x20003118   Data        1848  os_core.o(.bss)
    OSFlagTbl                                0x20003850   Data          80  os_core.o(.bss)
    OSMemTbl                                 0x200038a0   Data         120  os_core.o(.bss)
    OSQTbl                                   0x20003918   Data          96  os_core.o(.bss)
    OSTmrTbl                                 0x20003978   Data         640  os_core.o(.bss)
    OSTmrTaskStk                             0x20003bf8   Data         512  os_core.o(.bss)
    OSTmrWheelTbl                            0x20003df8   Data          64  os_core.o(.bss)
    __initial_sp                             0x20004e38   Data           0  startup_stm32f10x_hd.o(STACK)



==============================================================================

Memory Map of the image

  Image Entry point : 0x08000131

  Load Region LR_IROM1 (Base: 0x08000000, Size: 0x00012f3c, Max: 0x00020000, ABSOLUTE)

    Execution Region ER_IROM1 (Base: 0x08000000, Size: 0x00012e78, Max: 0x00020000, ABSOLUTE)

    Base Addr    Size         Type   Attr      Idx    E Section Name        Object

    0x08000000   0x00000130   Data   RO            3    RESET               startup_stm32f10x_hd.o
    0x08000130   0x00000000   Code   RO         1006  * .ARM.Collect$$$$00000000  mc_w.l(entry.o)
    0x08000130   0x00000004   Code   RO         1050    .ARM.Collect$$$$00000001  mc_w.l(entry2.o)
    0x08000134   0x00000004   Code   RO         1053    .ARM.Collect$$$$00000004  mc_w.l(entry5.o)
    0x08000138   0x00000000   Code   RO         1055    .ARM.Collect$$$$00000008  mc_w.l(entry7b.o)
    0x08000138   0x00000000   Code   RO         1057    .ARM.Collect$$$$0000000A  mc_w.l(entry8b.o)
    0x08000138   0x00000008   Code   RO         1058    .ARM.Collect$$$$0000000B  mc_w.l(entry9a.o)
    0x08000140   0x00000000   Code   RO         1060    .ARM.Collect$$$$0000000D  mc_w.l(entry10a.o)
    0x08000140   0x00000000   Code   RO         1062    .ARM.Collect$$$$0000000F  mc_w.l(entry11a.o)
    0x08000140   0x00000004   Code   RO         1051    .ARM.Collect$$$$00002712  mc_w.l(entry2.o)
    0x08000144   0x00000030   Code   RO            4    .text               startup_stm32f10x_hd.o
    0x08000174   0x00000030   Code   RO           10    .text               main.o
    0x080001a4   0x0000007e   Code   RO          148    .text               stm32f10x_it.o
    0x08000222   0x00000002   PAD
    0x08000224   0x000005ec   Code   RO          160    .text               systeminit.o
    0x08000810   0x00000c34   Code   RO          188    .text               canquery.o
    0x08001444   0x00000bb4   Code   RO          207    .text               canset.o
    0x08001ff8   0x000001b8   Code   RO          223    .text               cantask.o
    0x080021b0   0x000000e0   Code   RO          241    .text               createtask.o
    0x08002290   0x00004984   Code   RO          274    .text               display.o
    0x08006c14   0x00000012   Code   RO          296    .text               dogtask.o
    0x08006c26   0x00000002   PAD
    0x08006c28   0x000003a8   Code   RO          308    .text               openclose.o
    0x08006fd0   0x00000234   Code   RO          324    .text               energycollection.o
    0x08007204   0x000014cc   Code   RO          337    .text               execute.o
    0x080086d0   0x000000a4   Code   RO          350    .text               flash.o
    0x08008774   0x00000054   Code   RO          365    .text               list.o
    0x080087c8   0x00000878   Code   RO          377    .text               timer.o
    0x08009040   0x000007ec   Code   RO          393    .text               wireless.o
    0x0800982c   0x00000234   Code   RO          406    .text               storagemanager.o
    0x08009a60   0x0000059c   Code   RO          419    .text               sensorcollection.o
    0x08009ffc   0x000005ac   Code   RO          448    .text               lux.o
    0x0800a5a8   0x0000030c   Code   RO          461    .text               stm32f10x_usart.o
    0x0800a8b4   0x0000029c   Code   RO          473    .text               stm32f10x_gpio.o
    0x0800ab50   0x000002d4   Code   RO          485    .text               stm32f10x_rcc.o
    0x0800ae24   0x000000c4   Code   RO          500    .text               misc.o
    0x0800aee8   0x00000368   Code   RO          512    .text               stm32f10x_adc.o
    0x0800b250   0x0000063a   Code   RO          524    .text               stm32f10x_can.o
    0x0800b88a   0x00000002   PAD
    0x0800b88c   0x000001d0   Code   RO          537    .text               stm32f10x_dma.o
    0x0800ba5c   0x00000110   Code   RO          549    .text               stm32f10x_exti.o
    0x0800bb6c   0x0000048c   Code   RO          561    .text               stm32f10x_flash.o
    0x0800bff8   0x0000003c   Code   RO          574    .text               stm32f10x_iwdg.o
    0x0800c034   0x00000a8c   Code   RO          601    .text               stm32f10x_tim.o
    0x0800cac0   0x000000e0   Code   RO          636    .text               system_stm32f10x.o
    0x0800cba0   0x0000083c   Code   RO          658    .text               bl5372.o
    0x0800d3dc   0x00000004   Code   RO          683    .text               bsp.o
    0x0800d3e0   0x000000d8   Code   RO          695    .text               delay.o
    0x0800d4b8   0x000001f4   Code   RO          710    .text               ds18b20.o
    0x0800d6ac   0x00000630   Code   RO          723    .text               jf24d.o
    0x0800dcdc   0x000006dc   Code   RO          746    .text               stm32_init.o
    0x0800e3b8   0x000000f8   Code   RO          766    .text               stm32_usart.o
    0x0800e4b0   0x00000490   Code   RO          782    .text               sl1302.o
    0x0800e940   0x00000390   Code   RO          797    .text               display_chip.o
    0x0800ecd0   0x00000728   Code   RO          816    .text               os_core.o
    0x0800f3f8   0x00000670   Code   RO          852    .text               os_flag.o
    0x0800fa68   0x000001a4   Code   RO          877    .text               os_mem.o
    0x0800fc0c   0x00000540   Code   RO          889    .text               os_mutex.o
    0x0801014c   0x00000540   Code   RO          901    .text               os_q.o
    0x0801068c   0x0000031c   Code   RO          913    .text               os_sem.o
    0x080109a8   0x00000720   Code   RO          925    .text               os_task.o
    0x080110c8   0x00000198   Code   RO          938    .text               os_time.o
    0x08011260   0x000005d0   Code   RO          951    .text               os_tmr.o
    0x08011830   0x000000a4   Code   RO          963    .text               os_cpu_a.o
    0x080118d4   0x000000a8   Code   RO          966    .text               os_cpu_c.o
    0x0801197c   0x0000007c   Code   RO         1009    .text               mf_w.l(fdiv.o)
    0x080119f8   0x0000014e   Code   RO         1011    .text               mf_w.l(dadd.o)
    0x08011b46   0x000000e4   Code   RO         1013    .text               mf_w.l(dmul.o)
    0x08011c2a   0x000000de   Code   RO         1015    .text               mf_w.l(ddiv.o)
    0x08011d08   0x0000002e   Code   RO         1017    .text               mf_w.l(dscalb.o)
    0x08011d36   0x0000000a   Code   RO         1019    .text               mf_w.l(ffltui.o)
    0x08011d40   0x00000022   Code   RO         1021    .text               mf_w.l(dflti.o)
    0x08011d62   0x0000001a   Code   RO         1023    .text               mf_w.l(dfltui.o)
    0x08011d7c   0x00000028   Code   RO         1025    .text               mf_w.l(ffixui.o)
    0x08011da4   0x0000003e   Code   RO         1027    .text               mf_w.l(dfixi.o)
    0x08011de2   0x00000032   Code   RO         1029    .text               mf_w.l(dfixui.o)
    0x08011e14   0x00000026   Code   RO         1031    .text               mf_w.l(f2d.o)
    0x08011e3a   0x00000038   Code   RO         1033    .text               mf_w.l(d2f.o)
    0x08011e72   0x0000001e   Code   RO         1064    .text               mc_w.l(llshl.o)
    0x08011e90   0x00000020   Code   RO         1066    .text               mc_w.l(llushr.o)
    0x08011eb0   0x00000024   Code   RO         1068    .text               mc_w.l(llsshr.o)
    0x08011ed4   0x00000000   Code   RO         1077    .text               mc_w.l(iusefp.o)
    0x08011ed4   0x0000006e   Code   RO         1078    .text               mf_w.l(fepilogue.o)
    0x08011f42   0x000000b6   Code   RO         1080    .text               mf_w.l(depilogue.o)
    0x08011ff8   0x00000028   Code   RO         1082    .text               mf_w.l(cdrcmple.o)
    0x08012020   0x00000024   Code   RO         1084    .text               mc_w.l(init.o)
    0x08012044   0x000000a2   Code   RO         1086    .text               mf_w.l(dsqrt.o)
    0x080120e6   0x00000028   Code   RO         1037    i.__ARM_fpclassify  m_ws.l(fpclassify.o)
    0x0801210e   0x000000aa   Code   RO         1039    i.__kernel_poly     m_ws.l(poly.o)
    0x080121b8   0x00000010   Code   RO         1035    i.__mathlib_dbl_underflow  m_ws.l(dunder.o)
    0x080121c8   0x0000000e   Code   RO         1092    i.__scatterload_copy  mc_w.l(handlers.o)
    0x080121d6   0x00000002   Code   RO         1093    i.__scatterload_null  mc_w.l(handlers.o)
    0x080121d8   0x0000000e   Code   RO         1094    i.__scatterload_zeroinit  mc_w.l(handlers.o)
    0x080121e6   0x00000002   PAD
    0x080121e8   0x0000000c   Code   RO         1072    i.__set_errno       mc_w.l(errno.o)
    0x080121f4   0x000009e0   Code   RO          997    i.pow               m_ws.l(pow.o)
    0x08012bd4   0x0000004c   Code   RO         1043    i.sqrt              m_ws.l(sqrt.o)
    0x08012c20   0x0000000c   Data   RO          659    .constdata          bl5372.o
    0x08012c2c   0x00000071   Data   RO          724    .constdata          jf24d.o
    0x08012c9d   0x0000000c   Data   RO          783    .constdata          sl1302.o
    0x08012ca9   0x0000001c   Data   RO          798    .constdata          display_chip.o
    0x08012cc5   0x00000100   Data   RO          824    .constdata          os_core.o
    0x08012dc5   0x00000003   PAD
    0x08012dc8   0x00000088   Data   RO          998    .constdata          m_ws.l(pow.o)
    0x08012e50   0x00000008   Data   RO         1041    .constdata          m_ws.l(qnan.o)
    0x08012e58   0x00000020   Data   RO         1090    Region$$Table       anon$$obj.o


    Execution Region RW_IRAM1 (Base: 0x20000000, Size: 0x00004e38, Max: 0x00005000, ABSOLUTE)

    Base Addr    Size         Type   Attr      Idx    E Section Name        Object

    0x20000000   0x00000008   Data   RW          224    .data               cantask.o
    0x20000008   0x0000001e   Data   RW          276    .data               display.o
    0x20000026   0x00000001   Data   RW          278    .data               display.o
    0x20000027   0x00000001   PAD
    0x20000028   0x00000004   Data   RW          378    .data               timer.o
    0x2000002c   0x00000004   Data   RW          420    .data               sensorcollection.o
    0x20000030   0x00000014   Data   RW          486    .data               stm32f10x_rcc.o
    0x20000044   0x0000000a   Data   RW          660    .data               bl5372.o
    0x2000004e   0x00000002   Data   RW          666    .data               bl5372.o
    0x20000050   0x00000002   Data   RW          667    .data               bl5372.o
    0x20000052   0x00000004   Data   RW          696    .data               delay.o
    0x20000056   0x00000006   Data   RW          725    .data               jf24d.o
    0x2000005c   0x00000001   Data   RW          799    .data               display_chip.o
    0x2000005d   0x00000003   PAD
    0x20000060   0x0000003c   Data   RW          825    .data               os_core.o
    0x2000009c   0x00000004   Data   RW          826    .data               os_core.o
    0x200000a0   0x00000004   Data   RW          827    .data               os_core.o
    0x200000a4   0x00000004   Data   RW          828    .data               os_core.o
    0x200000a8   0x00000002   Data   RW          829    .data               os_core.o
    0x200000aa   0x00000002   Data   RW          830    .data               os_core.o
    0x200000ac   0x00000004   Data   RW          831    .data               os_core.o
    0x200000b0   0x00000004   Data   RW          832    .data               os_core.o
    0x200000b4   0x00000004   Data   RW          833    .data               os_core.o
    0x200000b8   0x00000004   Data   RW          834    .data               os_core.o
    0x200000bc   0x00000002   Data   RW          967    .data               os_cpu_c.o
    0x200000be   0x00000002   PAD
    0x200000c0   0x00000004   Data   RW         1073    .data               mc_w.l(errno.o)
    0x200000c4   0x00000140   Zero   RW           11    .bss                main.o
    0x20000204   0x00001140   Zero   RW          242    .bss                createtask.o
    0x20001344   0x0000000c   Zero   RW          275    .bss                display.o
    0x20001350   0x00000020   Zero   RW          435    .bss                object.o
    0x20001370   0x00000bf8   Zero   RW          436    .bss                object.o
    0x20001f68   0x000001a4   Zero   RW          437    .bss                object.o
    0x2000210c   0x00000708   Zero   RW          438    .bss                object.o
    0x20002814   0x000002c4   Zero   RW          439    .bss                object.o
    0x20002ad8   0x00000d78   Zero   RW          817    .bss                os_core.o
    0x20003850   0x00000050   Zero   RW          818    .bss                os_core.o
    0x200038a0   0x00000078   Zero   RW          819    .bss                os_core.o
    0x20003918   0x00000060   Zero   RW          820    .bss                os_core.o
    0x20003978   0x00000280   Zero   RW          821    .bss                os_core.o
    0x20003bf8   0x00000200   Zero   RW          822    .bss                os_core.o
    0x20003df8   0x00000040   Zero   RW          823    .bss                os_core.o
    0x20003e38   0x00001000   Zero   RW            1    STACK               startup_stm32f10x_hd.o


==============================================================================

Image component sizes


      Code (inc. data)   RO Data    RW Data    ZI Data      Debug   Object Name

      2108        126         12         14          0       7416   bl5372.o
         4          0          0          0          0        351   bsp.o
      3124         70          0          0          0       5819   canquery.o
      2996        792          0          0          0       5029   canset.o
       440         30          0          8          0       2008   cantask.o
       224         50          0          0       4416       1412   createtask.o
       216         10          0          4          0       1481   delay.o
     18820        424          0         31         12      23537   display.o
       912         24         28          1          0       2786   display_chip.o
        18          0          0          0          0        404   dogtask.o
       500          8          0          0          0       2038   ds18b20.o
       564         18          0          0          0       1851   energycollection.o
      5324         68          0          0          0      11224   execute.o
       164          0          0          0          0       1422   flash.o
      1584         54        113          6          0       5757   jf24d.o
        84          0          0          0          0       1681   list.o
      1452         28          0          0          0       3504   lux.o
        48          8          0          0        320     301390   main.o
       196         12          0          0          0       1593   misc.o
         0          0          0          0       6024        563   object.o
       936         42          0          0          0       2876   openclose.o
      1832         88        256         92       4960      15504   os_core.o
       164         32          0          0          0        284   os_cpu_a.o
       168          4          0          2          0      11285   os_cpu_c.o
      1648         42          0          0          0       5970   os_flag.o
       420         18          0          0          0       2380   os_mem.o
      1344         50          0          0          0       3774   os_mutex.o
      1344         28          0          0          0       4465   os_q.o
       796         16          0          0          0       3198   os_sem.o
      1824         68          0          0          0       6299   os_task.o
       408         30          0          0          0       1848   os_time.o
      1488         90          0          0          0       5081   os_tmr.o
      1436         58          0          4          0       4180   sensorcollection.o
      1168         68         12          0          0       3094   sl1302.o
        48         12        304          0       4096        852   startup_stm32f10x_hd.o
      1756         94          0          0          0       6635   stm32_init.o
       248         16          0          0          0       1425   stm32_usart.o
       872         14          0          0          0       9129   stm32f10x_adc.o
      1594         20          0          0          0       7246   stm32f10x_can.o
       464         26          0          0          0       3335   stm32f10x_dma.o
       272         22          0          0          0       1975   stm32f10x_exti.o
      1164         40          0          0          0       7488   stm32f10x_flash.o
       668         14          0          0          0       4607   stm32f10x_gpio.o
       126          0          0          0          0       2178   stm32f10x_it.o
        60          6          0          0          0       1129   stm32f10x_iwdg.o
       724         38          0         20          0       8070   stm32f10x_rcc.o
      2700          4          0          0          0      20542   stm32f10x_tim.o
       780          8          0          0          0       6531   stm32f10x_usart.o
       564         42          0          0          0       3173   storagemanager.o
       224         12          0          0          0       1041   system_stm32f10x.o
      1516         74          0          0          0       8124   systeminit.o
      2168         72          0          4          0       4128   timer.o
      2028         38          0          0          0       3445   wireless.o

    ----------------------------------------------------------------------
     71736       2908        760        192      19828     552557   Object Totals
         0          0         32          0          0          0   (incl. Generated)
         6          0          3          6          0          0   (incl. Padding)

    ----------------------------------------------------------------------

      Code (inc. data)   RO Data    RW Data    ZI Data      Debug   Library Member Name

        16          6          0          0          0         68   dunder.o
        40          0          0          0          0         68   fpclassify.o
       170          0          0          0          0         96   poly.o
      2528        190        136          0          0        332   pow.o
         0          0          8          0          0          0   qnan.o
        76          0          0          0          0         84   sqrt.o
         0          0          0          0          0          0   entry.o
         0          0          0          0          0          0   entry10a.o
         0          0          0          0          0          0   entry11a.o
         8          4          0          0          0          0   entry2.o
         4          0          0          0          0          0   entry5.o
         0          0          0          0          0          0   entry7b.o
         0          0          0          0          0          0   entry8b.o
         8          4          0          0          0          0   entry9a.o
        12          6          0          4          0         68   errno.o
        30          0          0          0          0          0   handlers.o
        36          8          0          0          0         68   init.o
         0          0          0          0          0          0   iusefp.o
        30          0          0          0          0         68   llshl.o
        36          0          0          0          0         68   llsshr.o
        32          0          0          0          0         68   llushr.o
        40          2          0          0          0         68   cdrcmple.o
        56          0          0          0          0         88   d2f.o
       334          0          0          0          0        148   dadd.o
       222          0          0          0          0        100   ddiv.o
       182          0          0          0          0        176   depilogue.o
        62          0          0          0          0         80   dfixi.o
        50          0          0          0          0         76   dfixui.o
        34          0          0          0          0         76   dflti.o
        26          0          0          0          0         76   dfltui.o
       228          0          0          0          0         96   dmul.o
        46          0          0          0          0         80   dscalb.o
       162          0          0          0          0        100   dsqrt.o
        38          0          0          0          0         68   f2d.o
       124          0          0          0          0         88   fdiv.o
       110          0          0          0          0        168   fepilogue.o
        40          0          0          0          0         68   ffixui.o
        10          0          0          0          0         68   ffltui.o

    ----------------------------------------------------------------------
      4792        220        144          4          0       2612   Library Totals
         2          0          0          0          0          0   (incl. Padding)

    ----------------------------------------------------------------------

      Code (inc. data)   RO Data    RW Data    ZI Data      Debug   Library Name

      2830        196        144          0          0        648   m_ws.l
       196         22          0          4          0        340   mc_w.l
      1764          2          0          0          0       1624   mf_w.l

    ----------------------------------------------------------------------
      4792        220        144          4          0       2612   Library Totals

    ----------------------------------------------------------------------

==============================================================================


      Code (inc. data)   RO Data    RW Data    ZI Data      Debug   

     76528       3128        904        196      19828     548769   Grand Totals
     76528       3128        904        196      19828     548769   ELF Image Totals
     76528       3128        904        196          0          0   ROM Totals

==============================================================================

    Total RO  Size (Code + RO Data)                77432 (  75.62kB)
    Total RW  Size (RW Data + ZI Data)             20024 (  19.55kB)
    Total ROM Size (Code + RO Data + RW Data)      77628 (  75.81kB)

==============================================================================

