Product: MDK-ARM Basic 5.10
Component: ARM Compiler 5.04 update 1 (build 49)
Tool: armlink [5040049]

==============================================================================

Section Cross References

    startup_stm32f10x_hd.o(RESET) refers to startup_stm32f10x_hd.o(.text) for Reset_Handler
    startup_stm32f10x_hd.o(RESET) refers to stm32f10x_it.o(.text) for NMI_Handler
    startup_stm32f10x_hd.o(RESET) refers to os_cpu_a.o(.text) for OS_CPU_PendSVHandler
    startup_stm32f10x_hd.o(.text) refers to startup_stm32f10x_hd.o(STACK) for __initial_sp
    startup_stm32f10x_hd.o(.text) refers to entry.o(.ARM.Collect$$$$00000000) for __main
    main.o(.text) refers to bsp.o(.text) for BSP_Init
    main.o(.text) refers to stm32_init.o(.text) for Application_Init
    main.o(.text) refers to delay.o(.text) for delay_init
    main.o(.text) refers to os_core.o(.text) for OSInit
    main.o(.text) refers to os_task.o(.text) for OSTaskCreate
    main.o(.text) refers to main.o(.bss) for .bss
    main.o(.text) refers to createtask.o(.text) for Startup_Task
    stm32f10x_it.o(.text) refers to os_core.o(.text) for OSIntEnter
    stm32f10x_it.o(.text) refers to cantask.o(.text) for ReceiveCan
    stm32f10x_it.o(.text) refers to sensorcollection.o(.text) for ReceiveSensor
    stm32f10x_it.o(.text) refers to energycollection.o(.text) for ReceiveEnergy
    stm32f10x_it.o(.text) refers to stm32f10x_exti.o(.text) for EXTI_GetITStatus
    stm32f10x_it.o(.text) refers to wireless.o(.text) for ReceiveWireless
    systeminit.o(.text) refers to os_mem.o(.text) for OSMemCreate
    systeminit.o(.text) refers to storagemanager.o(.text) for ReadSystemInfo
    systeminit.o(.text) refers to os_mutex.o(.text) for OSMutexCreate
    systeminit.o(.text) refers to os_sem.o(.text) for OSSemCreate
    systeminit.o(.text) refers to stm32_init.o(.text) for EXTI_Configuration
    systeminit.o(.text) refers to object.o(.bss) for sl863x
    systeminit.o(.text) refers to object.o(.bss) for system
    systeminit.o(.text) refers to object.o(.bss) for sensors
    systeminit.o(.text) refers to object.o(.bss) for slavers
    systeminit.o(.text) refers to object.o(.bss) for theory
    systeminit.o(.text) refers to jf24d.o(.text) for InitWirelessModule
    systeminit.o(.text) refers to os_tmr.o(.text) for OSTmrCreate
    systeminit.o(.text) refers to bl5372.o(.text) for Init_BL5372
    systeminit.o(.text) refers to timer.o(.text) for tmr1_callback
    canquery.o(.text) refers to bl5372.o(.text) for BL5372_ReadBCD
    canquery.o(.text) refers to object.o(.bss) for sensors
    canquery.o(.text) refers to object.o(.bss) for slavers
    canquery.o(.text) refers to object.o(.bss) for theory
    canquery.o(.text) refers to object.o(.bss) for sl863x
    canquery.o(.text) refers to lux.o(.text) for FindMinOpenLX
    canquery.o(.text) refers to object.o(.bss) for system
    canset.o(.text) refers to storagemanager.o(.text) for WriteSystemInfo
    canset.o(.text) refers to object.o(.bss) for system
    canset.o(.text) refers to object.o(.bss) for sl863x
    canset.o(.text) refers to object.o(.bss) for slavers
    canset.o(.text) refers to stm32_init.o(.text) for Can_Config
    canset.o(.text) refers to os_cpu_a.o(.text) for OS_CPU_SR_Save
    canset.o(.text) refers to bl5372.o(.text) for BL5372_SetBCD
    canset.o(.text) refers to display.o(.text) for setLuxAutoSettingDisplay
    canset.o(.text) refers to object.o(.bss) for sensors
    canset.o(.text) refers to object.o(.bss) for theory
    cantask.o(.text) refers to list.o(.text) for InitializeListHead
    cantask.o(.text) refers to stm32_init.o(.text) for Can_Config
    cantask.o(.text) refers to os_cpu_a.o(.text) for OS_CPU_SR_Save
    cantask.o(.text) refers to os_time.o(.text) for OSTimeDlyHMSM
    cantask.o(.text) refers to delay.o(.text) for Delay_ms
    cantask.o(.text) refers to stm32f10x_can.o(.text) for CAN_Transmit
    cantask.o(.text) refers to canquery.o(.text) for QueryOutStatus
    cantask.o(.text) refers to os_mutex.o(.text) for OSMutexPend
    cantask.o(.text) refers to canset.o(.text) for SetOutStatus
    cantask.o(.text) refers to os_mem.o(.text) for OSMemPut
    cantask.o(.text) refers to cantask.o(.data) for .data
    cantask.o(.text) refers to object.o(.bss) for sl863x
    createtask.o(.text) refers to os_cpu_a.o(.text) for OS_CPU_SR_Save
    createtask.o(.text) refers to display_chip.o(.text) for InitSTLED316
    createtask.o(.text) refers to stm32f10x_iwdg.o(.text) for IWDG_ReloadCounter
    createtask.o(.text) refers to delay.o(.text) for Delay_us
    createtask.o(.text) refers to systeminit.o(.text) for initSystem
    createtask.o(.text) refers to os_task.o(.text) for OSTaskCreate
    createtask.o(.text) refers to createtask.o(.bss) for .bss
    createtask.o(.text) refers to dogtask.o(.text) for Task_WatchDog
    createtask.o(.text) refers to sensorcollection.o(.text) for Task_Sensor
    createtask.o(.text) refers to cantask.o(.text) for Task_CanCommunication
[...]
    .bss                                     0x20004000   Section       64  os_core.o(.bss)
    STACK                                    0x20004040   Section     3072  startup_stm32f10x_hd.o(STACK)

    Global Symbols

    Symbol Name                              Value     Ov Type        Size  Object(Section)

    BuildAttributes$$THM_ISAv4$P$D$K$B$S$PE$A:L22UL41UL21$X:L11$S22US41US21$IEEE1$IW$USESV6$~STKCKD$USESV7$~SHL$OTIME$ROPI$IEEEX$EBA8$MICROLIB$REQ8$PRES8$EABIv2 0x00000000   Number         0  anon$$obj.o ABSOLUTE
    __ARM_use_no_argv                        0x00000000   Number         0  main.o ABSOLUTE
    __cpp_initialize__aeabi_                  - Undefined Weak Reference
    __cxa_finalize                            - Undefined Weak Reference
    __decompress                              - Undefined Weak Reference
    _clock_init                               - Undefined Weak Reference
    _microlib_exit                            - Undefined Weak Reference
    __Vectors_Size                           0x00000130   Number         0  startup_stm32f10x_hd.o ABSOLUTE
    __Vectors                                0x08000000   Data           4  startup_stm32f10x_hd.o(RESET)
    __Vectors_End                            0x08000130   Data           0  startup_stm32f10x_hd.o(RESET)
    __main                                   0x08000131   Thumb Code     0  entry.o(.ARM.Collect$$$$00000000)
    _main_stk                                0x08000131   Thumb Code     0  entry2.o(.ARM.Collect$$$$00000001)
    _main_scatterload                        0x08000135   Thumb Code     0  entry5.o(.ARM.Collect$$$$00000004)
    __main_after_scatterload                 0x08000139   Thumb Code     0  entry5.o(.ARM.Collect$$$$00000004)
    _main_clock                              0x08000139   Thumb Code     0  entry7b.o(.ARM.Collect$$$$00000008)
    _main_cpp_init                           0x08000139   Thumb Code     0  entry8b.o(.ARM.Collect$$$$0000000A)
    _main_init                               0x08000139   Thumb Code     0  entry9a.o(.ARM.Collect$$$$0000000B)
    __rt_final_cpp                           0x08000141   Thumb Code     0  entry10a.o(.ARM.Collect$$$$0000000D)
    __rt_final_exit                          0x08000141   Thumb Code     0  entry11a.o(.ARM.Collect$$$$0000000F)
    SystemInit_ExtMemCtl                     0x08000145   Thumb Code     2  startup_stm32f10x_hd.o(.text)
    Reset_Handler                            0x08000147   Thumb Code    14  startup_stm32f10x_hd.o(.text)
    ADC1_2_IRQHandler                        0x08000167   Thumb Code     0  startup_stm32f10x_hd.o(.text)
    ADC3_IRQHandler                          0x08000167   Thumb Code     0  startup_stm32f10x_hd.o(.text)
    CAN1_RX1_IRQHandler                      0x08000167   Thumb Code     0  startup_stm32f10x_hd.o(.text)
    CAN1_SCE_IRQHandler                      0x08000167   Thumb Code     0  startup_stm32f10x_hd.o(.text)
    DMA1_Channel1_IRQHandler                 0x08000167   Thumb Code     0  startup_stm32f10x_hd.o(.text)
    DMA1_Channel2_IRQHandler                 0x08000167   Thumb Code     0  startup_stm32f10x_hd.o(.text)
    DMA1_Channel3_IRQHandler                 0x08000167   Thumb Code     0  startup_stm32f10x_hd.o(.text)
    DMA1_Channel4_IRQHandler                 0x08000167   Thumb Code     0  startup_stm32f10x_hd.o(.text)
    DMA1_Channel5_IRQHandler                 0x08000167   Thumb Code     0  startup_stm32f10x_hd.o(.text)
    DMA1_Channel6_IRQHandler                 0x08000167   Thumb Code     0  startup_stm32f10x_hd.o(.text)
    DMA1_Channel7_IRQHandler                 0x08000167   Thumb Code     0  startup_stm32f10x_hd.o(.text)
    DMA2_Channel1_IRQHandler                 0x08000167   Thumb Code     0  startup_stm32f10x_hd.o(.text)
    DMA2_Channel2_IRQHandler                 0x08000167   Thumb Code     0  startup_stm32f10x_hd.o(.text)
    DMA2_Channel3_IRQHandler                 0x08000167   Thumb Code     0  startup_stm32f10x_hd.o(.text)
    DMA2_Channel4_5_IRQHandler               0x08000167   Thumb Code     0  startup_stm32f10x_hd.o(.text)
    EXTI0_IRQHandler                         0x08000167   Thumb Code     0  startup_stm32f10x_hd.o(.text)
    EXTI15_10_IRQHandler                     0x08000167   Thumb Code     0  startup_stm32f10x_hd.o(.text)
    EXTI2_IRQHandler                         0x08000167   Thumb Code     0  startup_stm32f10x_hd.o(.text)
    EXTI3_IRQHandler                         0x08000167   Thumb Code     0  startup_stm32f10x_hd.o(.text)
    EXTI4_IRQHandler                         0x08000167   Thumb Code     0  startup_stm32f10x_hd.o(.text)
    EXTI9_5_IRQHandler                       0x08000167   Thumb Code     0  startup_stm32f10x_hd.o(.text)
    FLASH_IRQHandler                         0x08000167   Thumb Code     0  startup_stm32f10x_hd.o(.text)
    FSMC_IRQHandler                          0x08000167   Thumb Code     0  startup_stm32f10x_hd.o(.text)
    I2C1_ER_IRQHandler                       0x08000167   Thumb Code     0  startup_stm32f10x_hd.o(.text)
    I2C1_EV_IRQHandler                       0x08000167   Thumb Code     0  startup_stm32f10x_hd.o(.text)
    I2C2_ER_IRQHandler                       0x08000167   Thumb Code     0  startup_stm32f10x_hd.o(.text)
    I2C2_EV_IRQHandler                       0x08000167   Thumb Code     0  startup_stm32f10x_hd.o(.text)
    PVD_IRQHandler                           0x08000167   Thumb Code     0  startup_stm32f10x_hd.o(.text)
    RCC_IRQHandler                           0x08000167   Thumb Code     0  startup_stm32f10x_hd.o(.text)
    RTCAlarm_IRQHandler                      0x08000167   Thumb Code     0  startup_stm32f10x_hd.o(.text)
    RTC_IRQHandler                           0x08000167   Thumb Code     0  startup_stm32f10x_hd.o(.text)
    SDIO_IRQHandler                          0x08000167   Thumb Code     0  startup_stm32f10x_hd.o(.text)
    SPI1_IRQHandler                          0x08000167   Thumb Code     0  startup_stm32f10x_hd.o(.text)
    SPI2_IRQHandler                          0x08000167   Thumb Code     0  startup_stm32f10x_hd.o(.text)
    SPI3_IRQHandler                          0x08000167   Thumb Code     0  startup_stm32f10x_hd.o(.text)
    TAMPER_IRQHandler                        0x08000167   Thumb Code     0  startup_stm32f10x_hd.o(.text)
    TIM1_BRK_IRQHandler                      0x08000167   Thumb Code     0  startup_stm32f10x_hd.o(.text)
    TIM1_CC_IRQHandler                       0x08000167   Thumb Code     0  startup_stm32f10x_hd.o(.text)
    TIM1_TRG_COM_IRQHandler                  0x08000167   Thumb Code     0  startup_stm32f10x_hd.o(.text)
    TIM1_UP_IRQHandler                       0x08000167   Thumb Code     0  startup_stm32f10x_hd.o(.text)
    TIM5_IRQHandler                          0x08000167   Thumb Code     0  startup_stm32f10x_hd.o(.text)
    TIM6_IRQHandler                          0x08000167   Thumb Code     0  startup_stm32f10x_hd.o(.text)
    TIM7_IRQHandler                          0x08000167   Thumb Code     0  startup_stm32f10x_hd.o(.text)
    TIM8_BRK_IRQHandler                      0x08000167   Thumb Code     0  startup_stm32f10x_hd.o(.text)
    TIM8_CC_IRQHandler                       0x08000167   Thumb Code     0  startup_stm32f10x_hd.o(.text)
    TIM8_TRG_COM_IRQHandler                  0x08000167   Thumb Code     0  startup_stm32f10x_hd.o(.text)
    TIM8_UP_IRQHandler                       0x08000167   Thumb Code     0  startup_stm32f10x_hd.o(.text)
    UART4_IRQHandler                         0x08000167   Thumb Code     0  startup_stm32f10x_hd.o(.text)
    UART5_IRQHandler                         0x08000167   Thumb Code     0  startup_stm32f10x_hd.o(.text)
    USART2_IRQHandler                        0x08000167   Thumb Code     0  startup_stm32f10x_hd.o(.text)
    USBWakeUp_IRQHandler                     0x08000167   Thumb Code     0  startup_stm32f10x_hd.o(.text)
    USB_HP_CAN1_TX_IRQHandler                0x08000167   Thumb Code     0  startup_stm32f10x_hd.o(.text)
    WWDG_IRQHandler                          0x08000167   Thumb Code     0  startup_stm32f10x_hd.o(.text)
    main                                     0x08000175   Thumb Code    40  main.o(.text)
    NMI_Handler                              0x080001a5   Thumb Code     2  stm32f10x_it.o(.text)
    HardFault_Handler                        0x080001a7   Thumb Code     2  stm32f10x_it.o(.text)
    MemManage_Handler                        0x080001a9   Thumb Code     2  stm32f10x_it.o(.text)
    BusFault_Handler                         0x080001ab   Thumb Code     2  stm32f10x_it.o(.text)
    UsageFault_Handler                       0x080001ad   Thumb Code     2  stm32f10x_it.o(.text)
    SVC_Handler                              0x080001af   Thumb Code     2  stm32f10x_it.o(.text)
    DebugMon_Handler                         0x080001b1   Thumb Code     2  stm32f10x_it.o(.text)
    PendSV_Handler                           0x080001b3   Thumb Code     2  stm32f10x_it.o(.text)
    USB_LP_CAN1_RX0_IRQHandler               0x080001b5   Thumb Code    18  stm32f10x_it.o(.text)
    USART1_IRQHandler                        0x080001c7   Thumb Code    18  stm32f10x_it.o(.text)
    USART3_IRQHandler                        0x080001d9   Thumb Code    18  stm32f10x_it.o(.text)
    TIM2_IRQHandler                          0x080001eb   Thumb Code     2  stm32f10x_it.o(.text)
    TIM3_IRQHandler                          0x080001ed   Thumb Code     2  stm32f10x_it.o(.text)
    TIM4_IRQHandler                          0x080001ef   Thumb Code     2  stm32f10x_it.o(.text)
    SysTick_Handler                          0x080001f1   Thumb Code    18  stm32f10x_it.o(.text)
    EXTI1_IRQHandler                         0x08000203   Thumb Code    32  stm32f10x_it.o(.text)
    initMemoryManager                        0x08000225   Thumb Code    52  systeminit.o(.text)
    initSystemObject                         0x08000259   Thumb Code    78  systeminit.o(.text)
    initControllerObject                     0x080002a7   Thumb Code   240  systeminit.o(.text)
    initSensorSlaverObject                   0x08000397   Thumb Code   144  systeminit.o(.text)
    initTheoryObject                         0x08000427   Thumb Code   442  systeminit.o(.text)
    InitWirelessSlavesExecute                0x080005e1   Thumb Code   178  systeminit.o(.text)
    initTimer1                               0x08000693   Thumb Code    44  systeminit.o(.text)
    initTimer2                               0x080006bf   Thumb Code    44  systeminit.o(.text)
    initRuningValue                          0x080006eb   Thumb Code   104  systeminit.o(.text)
    initSystem                               0x08000753   Thumb Code   162  systeminit.o(.text)
    QuerySensorPara                          0x08000821   Thumb Code    66  canquery.o(.text)
    QuerySlaverPara                          0x08000863   Thumb Code    66  canquery.o(.text)
    QueryControlPara                         0x080008a5   Thumb Code  2862  canquery.o(.text)
    QueryOutStatus                           0x080013d3   Thumb Code   754  canquery.o(.text)
    QueryRealtimeData                        0x080016c5   Thumb Code   464  canquery.o(.text)
    SetOutStatus                             0x08001899   Thumb Code   284  canset.o(.text)
    SetControlPara                           0x080019b5   Thumb Code  3598  canset.o(.text)
    Task_CanCommunication                    0x080027c9   Thumb Code   344  cantask.o(.text)
    ReceiveCan                               0x08002921   Thumb Code    76  cantask.o(.text)
    Startup_Task                             0x08002981   Thumb Code   194  createtask.o(.text)
    GetFocusVal1                             0x08002a89   Thumb Code    12  display.o(.text)
    GetFocusVal                              0x08002a95   Thumb Code    24  display.o(.text)
    MenuInit                                 0x08003c3b   Thumb Code    88  display.o(.text)
    getmodulus3                              0x08005f49   Thumb Code    26  display.o(.text)
    getmodulus2                              0x08005f63   Thumb Code    22  display.o(.text)
    getmodulus                               0x08005f79   Thumb Code    22  display.o(.text)
    Remote_KeyProcess                        0x08007355   Thumb Code  1706  display.o(.text)
    Remotescaning                            0x080079ff   Thumb Code   216  display.o(.text)
    Task_Display                             0x08007ad7   Thumb Code   128  display.o(.text)
    LxInitShowArr                            0x08007b57   Thumb Code   240  display.o(.text)
    setLuxAutoSettingDisplay                 0x08007c47   Thumb Code    48  display.o(.text)
    Task_WatchDog                            0x08007c99   Thumb Code    18  dogtask.o(.text)
    ExecuteSlaverOpen                        0x08007d69   Thumb Code   350  openclose.o(.text)
    ExecuteSlaverClose                       0x08007ec7   Thumb Code   220  openclose.o(.text)
    ALLNodeP203_ON_OFF                       0x08007fa3   Thumb Code    70  openclose.o(.text)
    ALLNodeP204_ON_OFF                       0x08007fe9   Thumb Code    68  openclose.o(.text)
    SendUSART                                0x08008045   Thumb Code    48  energycollection.o(.text)
    Task_Energy                              0x08008075   Thumb Code   392  energycollection.o(.text)
    ReceiveEnergy                            0x080081fd   Thumb Code   122  energycollection.o(.text)
    FindSlaverAreaLuxClose                   0x08008289   Thumb Code   174  execute.o(.text)
    FindSlaverAreaLux                        0x08008337   Thumb Code   168  execute.o(.text)
    TheoryExecute                            0x08009259   Thumb Code   464  execute.o(.text)
    Task_Execute                             0x08009429   Thumb Code    62  execute.o(.text)
    inCleanEndTime                           0x08009467   Thumb Code   316  execute.o(.text)
    inCleanTime                              0x080095a3   Thumb Code   432  execute.o(.text)
    EraseFlash                               0x08009779   Thumb Code    64  flash.o(.text)
    WriteFlash                               0x080097b9   Thumb Code    74  flash.o(.text)
    ReadFlash                                0x08009803   Thumb Code    26  flash.o(.text)
    InitializeListHead                       0x0800981d   Thumb Code     6  list.o(.text)
    IsListEmpty                              0x08009823   Thumb Code    12  list.o(.text)
    RemoveEntryList                          0x0800982f   Thumb Code    18  list.o(.text)
    RemoveHeadList                           0x08009841   Thumb Code    12  list.o(.text)
    RemoveTailList                           0x0800984d   Thumb Code    12  list.o(.text)
    InsertTailList                           0x08009859   Thumb Code    12  list.o(.text)
    InsertHeadList                           0x08009865   Thumb Code    12  list.o(.text)
    tmr1_callback                            0x08009871   Thumb Code   194  timer.o(.text)
    tmr2_callback                            0x08009977   Thumb Code  1388  timer.o(.text)
    Task_Wireless                            0x0800a273   Thumb Code  1508  wireless.o(.text)
    ReceiveWireless                          0x0800a857   Thumb Code   132  wireless.o(.text)
    ReadSystemInfo                           0x0800a8e5   Thumb Code    22  storagemanager.o(.text)
    WriteSystemInfo                          0x0800a8fb   Thumb Code    38  storagemanager.o(.text)
    ReadControllerInfo                       0x0800a921   Thumb Code    22  storagemanager.o(.text)
    WriteControllerInfo                      0x0800a937   Thumb Code    38  storagemanager.o(.text)
    ReadSlaverInfo                           0x0800a95d   Thumb Code    60  storagemanager.o(.text)
    WriteSlaverInfo                          0x0800a999   Thumb Code    82  storagemanager.o(.text)
    ReadSensorInfo                           0x0800a9eb   Thumb Code    62  storagemanager.o(.text)
    WriteSensorInfo                          0x0800aa29   Thumb Code    84  storagemanager.o(.text)
    ReadTheoryInfo                           0x0800aa7d   Thumb Code    26  storagemanager.o(.text)
    WriteTheoryInfo                          0x0800aa97   Thumb Code    42  storagemanager.o(.text)
    ResetDefaultSetting                      0x0800aac1   Thumb Code    46  storagemanager.o(.text)
    QueryManNumber                           0x0800ab19   Thumb Code   246  sensorcollection.o(.text)
    CleanManNumber                           0x0800ac0f   Thumb Code   226  sensorcollection.o(.text)
    QueryInteractionLux                      0x0800acf1   Thumb Code   314  sensorcollection.o(.text)
    Task_Sensor                              0x0800ae2b   Thumb Code   326  sensorcollection.o(.text)
    ReceiveSensor                            0x0800af71   Thumb Code    96  sensorcollection.o(.text)
    SLEEP_State                              0x0800afd1   Thumb Code    94  sensorcollection.o(.text)
    SetLuxClose                              0x0800b0a9   Thumb Code   170  lux.o(.text)
    FindMaxLX                                0x0800b153   Thumb Code    70  lux.o(.text)
    FindMaxCloseLX                           0x0800b199   Thumb Code    76  lux.o(.text)
    FindMinOpenLX                            0x0800b1e5   Thumb Code     6  lux.o(.text)
    RestoreDefaultLuxClose                   0x0800b1eb   Thumb Code   168  lux.o(.text)
    Task_AutoSetting                         0x0800b615   Thumb Code    56  lux.o(.text)
    USART_DeInit                             0x0800b655   Thumb Code   150  stm32f10x_usart.o(.text)
    USART_Init                               0x0800b6eb   Thumb Code   140  stm32f10x_usart.o(.text)
    USART_StructInit                         0x0800b777   Thumb Code    22  stm32f10x_usart.o(.text)
    USART_ClockInit                          0x0800b78d   Thumb Code    36  stm32f10x_usart.o(.text)
    USART_ClockStructInit                    0x0800b7b1   Thumb Code    12  stm32f10x_usart.o(.text)
    USART_Cmd                                0x0800b7bd   Thumb Code    18  stm32f10x_usart.o(.text)
    USART_ITConfig                           0x0800b7cf   Thumb Code    48  stm32f10x_usart.o(.text)
    USART_DMACmd                             0x0800b7ff   Thumb Code    16  stm32f10x_usart.o(.text)
    USART_SetAddress                         0x0800b80f   Thumb Code    16  stm32f10x_usart.o(.text)
    USART_WakeUpConfig                       0x0800b81f   Thumb Code    16  stm32f10x_usart.o(.text)
    USART_ReceiverWakeUpCmd                  0x0800b82f   Thumb Code    18  stm32f10x_usart.o(.text)
    USART_LINBreakDetectLengthConfig         0x0800b841   Thumb Code    16  stm32f10x_usart.o(.text)
    USART_LINCmd                             0x0800b851   Thumb Code    18  stm32f10x_usart.o(.text)
    USART_SendData                           0x0800b863   Thumb Code     8  stm32f10x_usart.o(.text)
    USART_ReceiveData                        0x0800b86b   Thumb Code     8  stm32f10x_usart.o(.text)
    USART_SendBreak                          0x0800b873   Thumb Code    10  stm32f10x_usart.o(.text)
    USART_SetGuardTime                       0x0800b87d   Thumb Code    16  stm32f10x_usart.o(.text)
    USART_SetPrescaler                       0x0800b88d   Thumb Code    16  stm32f10x_usart.o(.text)
    USART_SmartCardCmd                       0x0800b89d   Thumb Code    18  stm32f10x_usart.o(.text)
    USART_SmartCardNACKCmd                   0x0800b8af   Thumb Code    18  stm32f10x_usart.o(.text)
    USART_HalfDuplexCmd                      0x0800b8c1   Thumb Code    18  stm32f10x_usart.o(.text)
    USART_IrDAConfig                         0x0800b8d3   Thumb Code    16  stm32f10x_usart.o(.text)
    USART_IrDACmd                            0x0800b8e3   Thumb Code    18  stm32f10x_usart.o(.text)
    USART_GetFlagStatus                      0x0800b8f5   Thumb Code    14  stm32f10x_usart.o(.text)
    USART_ClearFlag                          0x0800b903   Thumb Code     6  stm32f10x_usart.o(.text)
    USART_GetITStatus                        0x0800b909   Thumb Code    66  stm32f10x_usart.o(.text)
    USART_ClearITPendingBit                  0x0800b94b   Thumb Code    14  stm32f10x_usart.o(.text)
    GPIO_DeInit                              0x0800b961   Thumb Code   194  stm32f10x_gpio.o(.text)
    GPIO_AFIODeInit                          0x0800ba23   Thumb Code    22  stm32f10x_gpio.o(.text)
    GPIO_Init                                0x0800ba39   Thumb Code   192  stm32f10x_gpio.o(.text)
    GPIO_StructInit                          0x0800baf9   Thumb Code    16  stm32f10x_gpio.o(.text)
    GPIO_ReadInputDataBit                    0x0800bb09   Thumb Code    14  stm32f10x_gpio.o(.text)
    GPIO_ReadInputData                       0x0800bb17   Thumb Code     6  stm32f10x_gpio.o(.text)
    GPIO_ReadOutputDataBit                   0x0800bb1d   Thumb Code    14  stm32f10x_gpio.o(.text)
    GPIO_ReadOutputData                      0x0800bb2b   Thumb Code     6  stm32f10x_gpio.o(.text)
    GPIO_SetBits                             0x0800bb31   Thumb Code     4  stm32f10x_gpio.o(.text)
    GPIO_ResetBits                           0x0800bb35   Thumb Code     4  stm32f10x_gpio.o(.text)
    GPIO_WriteBit                            0x0800bb39   Thumb Code    10  stm32f10x_gpio.o(.text)
    GPIO_Write                               0x0800bb43   Thumb Code     4  stm32f10x_gpio.o(.text)
    GPIO_PinLockConfig                       0x0800bb47   Thumb Code    16  stm32f10x_gpio.o(.text)
    GPIO_EventOutputConfig                   0x0800bb57   Thumb Code    22  stm32f10x_gpio.o(.text)
    GPIO_EventOutputCmd                      0x0800bb6d   Thumb Code     6  stm32f10x_gpio.o(.text)
    GPIO_PinRemapConfig                      0x0800bb73   Thumb Code    84  stm32f10x_gpio.o(.text)
    GPIO_EXTILineConfig                      0x0800bbc7   Thumb Code    40  stm32f10x_gpio.o(.text)
    RCC_DeInit                               0x0800bbfd   Thumb Code    52  stm32f10x_rcc.o(.text)
    RCC_HSEConfig                            0x0800bc31   Thumb Code    50  stm32f10x_rcc.o(.text)
    RCC_GetFlagStatus                        0x0800bc63   Thumb Code    42  stm32f10x_rcc.o(.text)
    RCC_WaitForHSEStartUp                    0x0800bc8d   Thumb Code    48  stm32f10x_rcc.o(.text)
    RCC_AdjustHSICalibrationValue            0x0800bcbd   Thumb Code    16  stm32f10x_rcc.o(.text)
    RCC_HSICmd                               0x0800bccd   Thumb Code     6  stm32f10x_rcc.o(.text)
    RCC_PLLConfig                            0x0800bcd3   Thumb Code    16  stm32f10x_rcc.o(.text)
    RCC_PLLCmd                               0x0800bce3   Thumb Code     6  stm32f10x_rcc.o(.text)
    RCC_SYSCLKConfig                         0x0800bce9   Thumb Code    14  stm32f10x_rcc.o(.text)
    RCC_GetSYSCLKSource                      0x0800bcf7   Thumb Code    10  stm32f10x_rcc.o(.text)
    RCC_HCLKConfig                           0x0800bd01   Thumb Code    14  stm32f10x_rcc.o(.text)
    RCC_PCLK1Config                          0x0800bd0f   Thumb Code    14  stm32f10x_rcc.o(.text)
    RCC_PCLK2Config                          0x0800bd1d   Thumb Code    16  stm32f10x_rcc.o(.text)
    RCC_ITConfig                             0x0800bd2d   Thumb Code    18  stm32f10x_rcc.o(.text)
    RCC_USBCLKConfig                         0x0800bd3f   Thumb Code     8  stm32f10x_rcc.o(.text)
    RCC_ADCCLKConfig                         0x0800bd47   Thumb Code    14  stm32f10x_rcc.o(.text)
    RCC_LSEConfig                            0x0800bd55   Thumb Code    30  stm32f10x_rcc.o(.text)
    RCC_LSICmd                               0x0800bd73   Thumb Code     6  stm32f10x_rcc.o(.text)
    RCC_RTCCLKConfig                         0x0800bd79   Thumb Code    10  stm32f10x_rcc.o(.text)
    RCC_RTCCLKCmd                            0x0800bd83   Thumb Code     6  stm32f10x_rcc.o(.text)
    RCC_GetClocksFreq                        0x0800bd89   Thumb Code   148  stm32f10x_rcc.o(.text)
    RCC_AHBPeriphClockCmd                    0x0800be1d   Thumb Code    18  stm32f10x_rcc.o(.text)
    RCC_APB2PeriphClockCmd                   0x0800be2f   Thumb Code    18  stm32f10x_rcc.o(.text)
    RCC_APB1PeriphClockCmd                   0x0800be41   Thumb Code    18  stm32f10x_rcc.o(.text)
    RCC_APB2PeriphResetCmd                   0x0800be53   Thumb Code    18  stm32f10x_rcc.o(.text)
    RCC_APB1PeriphResetCmd                   0x0800be65   Thumb Code    18  stm32f10x_rcc.o(.text)
    RCC_BackupResetCmd                       0x0800be77   Thumb Code     6  stm32f10x_rcc.o(.text)
    RCC_ClockSecuritySystemCmd               0x0800be7d   Thumb Code     6  stm32f10x_rcc.o(.text)
    RCC_MCOConfig                            0x0800be83   Thumb Code     6  stm32f10x_rcc.o(.text)
    RCC_ClearFlag                            0x0800be89   Thumb Code    12  stm32f10x_rcc.o(.text)
    RCC_GetITStatus                          0x0800be95   Thumb Code    16  stm32f10x_rcc.o(.text)
    RCC_ClearITPendingBit                    0x0800bea5   Thumb Code     6  stm32f10x_rcc.o(.text)
    NVIC_PriorityGroupConfig                 0x0800bed1   Thumb Code    14  misc.o(.text)
    NVIC_Init                                0x0800bedf   Thumb Code   114  misc.o(.text)
    NVIC_SetVectorTable                      0x0800bf51   Thumb Code    16  misc.o(.text)
    NVIC_SystemLPConfig                      0x0800bf61   Thumb Code    18  misc.o(.text)
    SysTick_CLKSourceConfig                  0x0800bf73   Thumb Code    22  misc.o(.text)
    ADC_DeInit                               0x0800bf95   Thumb Code    92  stm32f10x_adc.o(.text)
    ADC_Init                                 0x0800bff1   Thumb Code    70  stm32f10x_adc.o(.text)
    ADC_StructInit                           0x0800c037   Thumb Code    18  stm32f10x_adc.o(.text)
    ADC_Cmd                                  0x0800c049   Thumb Code    18  stm32f10x_adc.o(.text)
    ADC_DMACmd                               0x0800c05b   Thumb Code    18  stm32f10x_adc.o(.text)
    ADC_ITConfig                             0x0800c06d   Thumb Code    18  stm32f10x_adc.o(.text)
    ADC_ResetCalibration                     0x0800c07f   Thumb Code    10  stm32f10x_adc.o(.text)
    ADC_GetResetCalibrationStatus            0x0800c089   Thumb Code    16  stm32f10x_adc.o(.text)
    ADC_StartCalibration                     0x0800c099   Thumb Code    10  stm32f10x_adc.o(.text)
    ADC_GetCalibrationStatus                 0x0800c0a3   Thumb Code    16  stm32f10x_adc.o(.text)
    ADC_SoftwareStartConvCmd                 0x0800c0b3   Thumb Code    18  stm32f10x_adc.o(.text)
    ADC_GetSoftwareStartConvStatus           0x0800c0c5   Thumb Code    16  stm32f10x_adc.o(.text)
    ADC_DiscModeChannelCountConfig           0x0800c0d5   Thumb Code    16  stm32f10x_adc.o(.text)
    ADC_DiscModeCmd                          0x0800c0e5   Thumb Code    18  stm32f10x_adc.o(.text)
    ADC_RegularChannelConfig                 0x0800c0f7   Thumb Code   144  stm32f10x_adc.o(.text)
    ADC_ExternalTrigConvCmd                  0x0800c187   Thumb Code    18  stm32f10x_adc.o(.text)
    ADC_GetConversionValue                   0x0800c199   Thumb Code     6  stm32f10x_adc.o(.text)
    ADC_GetDualModeConversionValue           0x0800c19f   Thumb Code     6  stm32f10x_adc.o(.text)
    ADC_AutoInjectedConvCmd                  0x0800c1a5   Thumb Code    18  stm32f10x_adc.o(.text)
    ADC_InjectedDiscModeCmd                  0x0800c1b7   Thumb Code    18  stm32f10x_adc.o(.text)
    ADC_ExternalTrigInjectedConvConfig       0x0800c1c9   Thumb Code    12  stm32f10x_adc.o(.text)
    ADC_ExternalTrigInjectedConvCmd          0x0800c1d5   Thumb Code    18  stm32f10x_adc.o(.text)
    ADC_SoftwareStartInjectedConvCmd         0x0800c1e7   Thumb Code    18  stm32f10x_adc.o(.text)
    ADC_GetSoftwareStartInjectedConvCmdStatus 0x0800c1f9   Thumb Code    16  stm32f10x_adc.o(.text)
    ADC_InjectedChannelConfig                0x0800c209   Thumb Code    92  stm32f10x_adc.o(.text)
    ADC_InjectedSequencerLengthConfig        0x0800c265   Thumb Code    16  stm32f10x_adc.o(.text)
    ADC_SetInjectedOffset                    0x0800c275   Thumb Code     4  stm32f10x_adc.o(.text)
    ADC_GetInjectedConversionValue           0x0800c279   Thumb Code     8  stm32f10x_adc.o(.text)
    ADC_AnalogWatchdogCmd                    0x0800c281   Thumb Code    16  stm32f10x_adc.o(.text)
    ADC_AnalogWatchdogThresholdsConfig       0x0800c291   Thumb Code     6  stm32f10x_adc.o(.text)
    ADC_AnalogWatchdogSingleChannelConfig    0x0800c297   Thumb Code    12  stm32f10x_adc.o(.text)
    ADC_TempSensorVrefintCmd                 0x0800c2a3   Thumb Code    20  stm32f10x_adc.o(.text)
    ADC_GetFlagStatus                        0x0800c2b7   Thumb Code    14  stm32f10x_adc.o(.text)
    ADC_ClearFlag                            0x0800c2c5   Thumb Code     6  stm32f10x_adc.o(.text)
    ADC_GetITStatus                          0x0800c2cb   Thumb Code    28  stm32f10x_adc.o(.text)
    ADC_ClearITPendingBit                    0x0800c2e7   Thumb Code     8  stm32f10x_adc.o(.text)
    CAN_DeInit                               0x0800c2fd   Thumb Code    36  stm32f10x_can.o(.text)
    CAN_Init                                 0x0800c321   Thumb Code   232  stm32f10x_can.o(.text)
    CAN_FilterInit                           0x0800c409   Thumb Code   216  stm32f10x_can.o(.text)
    CAN_StructInit                           0x0800c4e1   Thumb Code    32  stm32f10x_can.o(.text)
    CAN_ITConfig                             0x0800c501   Thumb Code    16  stm32f10x_can.o(.text)
    CAN_Transmit                             0x0800c511   Thumb Code   192  stm32f10x_can.o(.text)
    CAN_TransmitStatus                       0x0800c5d1   Thumb Code   126  stm32f10x_can.o(.text)
    CAN_CancelTransmit                       0x0800c64f   Thumb Code    40  stm32f10x_can.o(.text)
    CAN_FIFORelease                          0x0800c677   Thumb Code    12  stm32f10x_can.o(.text)
    CAN_MessagePending                       0x0800c683   Thumb Code    26  stm32f10x_can.o(.text)
    CAN_Receive                              0x0800c69d   Thumb Code   170  stm32f10x_can.o(.text)
    CAN_DBGFreeze                            0x0800c747   Thumb Code    18  stm32f10x_can.o(.text)
    CAN_Sleep                                0x0800c759   Thumb Code    30  stm32f10x_can.o(.text)
    CAN_WakeUp                               0x0800c777   Thumb Code    42  stm32f10x_can.o(.text)
    CAN_GetFlagStatus                        0x0800c7a1   Thumb Code    14  stm32f10x_can.o(.text)
    CAN_ClearFlag                            0x0800c7af   Thumb Code    10  stm32f10x_can.o(.text)
    CAN_GetITStatus                          0x0800c7b9   Thumb Code   238  stm32f10x_can.o(.text)
    CAN_ClearITPendingBit                    0x0800c8a7   Thumb Code   144  stm32f10x_can.o(.text)
    DMA_DeInit                               0x0800c939   Thumb Code   210  stm32f10x_dma.o(.text)
    DMA_Init                                 0x0800ca0b   Thumb Code    82  stm32f10x_dma.o(.text)
    DMA_StructInit                           0x0800ca5d   Thumb Code    26  stm32f10x_dma.o(.text)
    DMA_Cmd                                  0x0800ca77   Thumb Code    18  stm32f10x_dma.o(.text)
    DMA_ITConfig                             0x0800ca89   Thumb Code    16  stm32f10x_dma.o(.text)
    DMA_GetCurrDataCounter                   0x0800ca99   Thumb Code     6  stm32f10x_dma.o(.text)
    DMA_GetFlagStatus                        0x0800ca9f   Thumb Code    24  stm32f10x_dma.o(.text)
    DMA_ClearFlag                            0x0800cab7   Thumb Code    16  stm32f10x_dma.o(.text)
    DMA_GetITStatus                          0x0800cac7   Thumb Code    24  stm32f10x_dma.o(.text)
    DMA_ClearITPendingBit                    0x0800cadf   Thumb Code    16  stm32f10x_dma.o(.text)
    EXTI_DeInit                              0x0800cb09   Thumb Code    26  stm32f10x_exti.o(.text)
    EXTI_Init                                0x0800cb23   Thumb Code   148  stm32f10x_exti.o(.text)
    EXTI_StructInit                          0x0800cbb7   Thumb Code    14  stm32f10x_exti.o(.text)
    EXTI_GenerateSWInterrupt                 0x0800cbc5   Thumb Code    10  stm32f10x_exti.o(.text)
    EXTI_GetFlagStatus                       0x0800cbcf   Thumb Code    16  stm32f10x_exti.o(.text)
    EXTI_ClearFlag                           0x0800cbdf   Thumb Code     6  stm32f10x_exti.o(.text)
    EXTI_GetITStatus                         0x0800cbe5   Thumb Code    24  stm32f10x_exti.o(.text)
    EXTI_ClearITPendingBit                   0x0800cbfd   Thumb Code     6  stm32f10x_exti.o(.text)
    FLASH_SetLatency                         0x0800cc19   Thumb Code    14  stm32f10x_flash.o(.text)
    FLASH_HalfCycleAccessCmd                 0x0800cc27   Thumb Code    18  stm32f10x_flash.o(.text)
    FLASH_PrefetchBufferCmd                  0x0800cc39   Thumb Code    18  stm32f10x_flash.o(.text)
    FLASH_Unlock                             0x0800cc4b   Thumb Code    12  stm32f10x_flash.o(.text)
    FLASH_Lock                               0x0800cc57   Thumb Code    12  stm32f10x_flash.o(.text)
    FLASH_GetStatus                          0x0800cc63   Thumb Code    40  stm32f10x_flash.o(.text)
    FLASH_WaitForLastOperation               0x0800cc8b   Thumb Code   126  stm32f10x_flash.o(.text)
    FLASH_ErasePage                          0x0800cd09   Thumb Code    64  stm32f10x_flash.o(.text)
    FLASH_EraseAllPages                      0x0800cd49   Thumb Code    60  stm32f10x_flash.o(.text)
    FLASH_EraseOptionBytes                   0x0800cd85   Thumb Code   110  stm32f10x_flash.o(.text)
    FLASH_ProgramWord                        0x0800cdf3   Thumb Code    76  stm32f10x_flash.o(.text)
    FLASH_ProgramHalfWord                    0x0800ce3f   Thumb Code    54  stm32f10x_flash.o(.text)
    FLASH_ProgramOptionByteData              0x0800ce75   Thumb Code    62  stm32f10x_flash.o(.text)
    FLASH_EnableWriteProtection              0x0800ceb3   Thumb Code   154  stm32f10x_flash.o(.text)
    FLASH_ReadOutProtection                  0x0800cf4d   Thumb Code   124  stm32f10x_flash.o(.text)
    FLASH_UserOptionByteConfig               0x0800cfc9   Thumb Code   112  stm32f10x_flash.o(.text)
    FLASH_GetUserOptionByte                  0x0800d039   Thumb Code     8  stm32f10x_flash.o(.text)
    FLASH_GetWriteProtectionOptionByte       0x0800d041   Thumb Code     6  stm32f10x_flash.o(.text)
    FLASH_GetReadOutProtectionStatus         0x0800d047   Thumb Code    16  stm32f10x_flash.o(.text)
    FLASH_GetPrefetchBufferStatus            0x0800d057   Thumb Code    16  stm32f10x_flash.o(.text)
    FLASH_ITConfig                           0x0800d067   Thumb Code    18  stm32f10x_flash.o(.text)
    FLASH_GetFlagStatus                      0x0800d079   Thumb Code    34  stm32f10x_flash.o(.text)
    FLASH_ClearFlag                          0x0800d09b   Thumb Code     6  stm32f10x_flash.o(.text)
    IWDG_WriteAccessCmd                      0x0800d0a5   Thumb Code     6  stm32f10x_iwdg.o(.text)
    IWDG_SetPrescaler                        0x0800d0ab   Thumb Code     6  stm32f10x_iwdg.o(.text)
    IWDG_SetReload                           0x0800d0b1   Thumb Code     6  stm32f10x_iwdg.o(.text)
    IWDG_ReloadCounter                       0x0800d0b7   Thumb Code    10  stm32f10x_iwdg.o(.text)
    IWDG_Enable                              0x0800d0c1   Thumb Code    10  stm32f10x_iwdg.o(.text)
    IWDG_GetFlagStatus                       0x0800d0cb   Thumb Code    16  stm32f10x_iwdg.o(.text)
    TIM_DeInit                               0x0800d0e1   Thumb Code   222  stm32f10x_tim.o(.text)
    TIM_TimeBaseInit                         0x0800d1bf   Thumb Code    56  stm32f10x_tim.o(.text)
    TIM_OC1Init                              0x0800d1f7   Thumb Code   104  stm32f10x_tim.o(.text)
    TIM_OC2Init                              0x0800d25f   Thumb Code   132  stm32f10x_tim.o(.text)
    TIM_OC3Init                              0x0800d2e3   Thumb Code   130  stm32f10x_tim.o(.text)
    TIM_OC4Init                              0x0800d365   Thumb Code   106  stm32f10x_tim.o(.text)
    TIM_SetIC4Prescaler                      0x0800d3cf   Thumb Code    24  stm32f10x_tim.o(.text)
    TIM_SetIC3Prescaler                      0x0800d3e7   Thumb Code    16  stm32f10x_tim.o(.text)
    TIM_SetIC2Prescaler                      0x0800d3f7   Thumb Code    24  stm32f10x_tim.o(.text)
    TIM_SetIC1Prescaler                      0x0800d40f   Thumb Code    16  stm32f10x_tim.o(.text)
    TIM_ICInit                               0x0800d41f   Thumb Code   248  stm32f10x_tim.o(.text)
    TIM_PWMIConfig                           0x0800d517   Thumb Code   216  stm32f10x_tim.o(.text)
    TIM_BDTRConfig                           0x0800d5ef   Thumb Code    36  stm32f10x_tim.o(.text)
    TIM_TimeBaseStructInit                   0x0800d613   Thumb Code    18  stm32f10x_tim.o(.text)
    TIM_OCStructInit                         0x0800d625   Thumb Code    20  stm32f10x_tim.o(.text)
    TIM_ICStructInit                         0x0800d639   Thumb Code    16  stm32f10x_tim.o(.text)
    TIM_BDTRStructInit                       0x0800d649   Thumb Code    18  stm32f10x_tim.o(.text)
    TIM_Cmd                                  0x0800d65b   Thumb Code    22  stm32f10x_tim.o(.text)
    TIM_CtrlPWMOutputs                       0x0800d671   Thumb Code    22  stm32f10x_tim.o(.text)
    TIM_ITConfig                             0x0800d687   Thumb Code    16  stm32f10x_tim.o(.text)
    TIM_GenerateEvent                        0x0800d697   Thumb Code     4  stm32f10x_tim.o(.text)
    TIM_DMAConfig                            0x0800d69b   Thumb Code     8  stm32f10x_tim.o(.text)
    TIM_DMACmd                               0x0800d6a3   Thumb Code    16  stm32f10x_tim.o(.text)
    TIM_InternalClockConfig                  0x0800d6b3   Thumb Code    10  stm32f10x_tim.o(.text)
    TIM_SelectInputTrigger                   0x0800d6bd   Thumb Code    12  stm32f10x_tim.o(.text)
    TIM_ITRxExternalClockConfig              0x0800d6c9   Thumb Code    20  stm32f10x_tim.o(.text)
    TIM_TIxExternalClockConfig               0x0800d6dd   Thumb Code    88  stm32f10x_tim.o(.text)
    TIM_ETRConfig                            0x0800d735   Thumb Code    28  stm32f10x_tim.o(.text)
    TIM_ETRClockMode1Config                  0x0800d751   Thumb Code    36  stm32f10x_tim.o(.text)
    TIM_ETRClockMode2Config                  0x0800d775   Thumb Code    36  stm32f10x_tim.o(.text)
    TIM_PrescalerConfig                      0x0800d799   Thumb Code     6  stm32f10x_tim.o(.text)
    TIM_CounterModeConfig                    0x0800d79f   Thumb Code    16  stm32f10x_tim.o(.text)
    TIM_EncoderInterfaceConfig               0x0800d7af   Thumb Code    60  stm32f10x_tim.o(.text)
    TIM_ForcedOC1Config                      0x0800d7eb   Thumb Code    12  stm32f10x_tim.o(.text)
    TIM_ForcedOC2Config                      0x0800d7f7   Thumb Code    20  stm32f10x_tim.o(.text)
    TIM_ForcedOC3Config                      0x0800d80b   Thumb Code    12  stm32f10x_tim.o(.text)
    TIM_ForcedOC4Config                      0x0800d817   Thumb Code    20  stm32f10x_tim.o(.text)
    TIM_ARRPreloadConfig                     0x0800d82b   Thumb Code    22  stm32f10x_tim.o(.text)
    TIM_SelectCOM                            0x0800d841   Thumb Code    18  stm32f10x_tim.o(.text)
    TIM_SelectCCDMA                          0x0800d853   Thumb Code    18  stm32f10x_tim.o(.text)
    TIM_CCPreloadControl                     0x0800d865   Thumb Code    18  stm32f10x_tim.o(.text)
    TIM_OC1PreloadConfig                     0x0800d877   Thumb Code    12  stm32f10x_tim.o(.text)
    TIM_OC2PreloadConfig                     0x0800d883   Thumb Code    20  stm32f10x_tim.o(.text)
    TIM_OC3PreloadConfig                     0x0800d897   Thumb Code    12  stm32f10x_tim.o(.text)
    TIM_OC4PreloadConfig                     0x0800d8a3   Thumb Code    20  stm32f10x_tim.o(.text)
    TIM_OC1FastConfig                        0x0800d8b7   Thumb Code    12  stm32f10x_tim.o(.text)
    TIM_OC2FastConfig                        0x0800d8c3   Thumb Code    20  stm32f10x_tim.o(.text)
    TIM_OC3FastConfig                        0x0800d8d7   Thumb Code    12  stm32f10x_tim.o(.text)
    TIM_OC4FastConfig                        0x0800d8e3   Thumb Code    20  stm32f10x_tim.o(.text)
    TIM_ClearOC1Ref                          0x0800d8f7   Thumb Code    12  stm32f10x_tim.o(.text)
    TIM_ClearOC2Ref                          0x0800d903   Thumb Code    20  stm32f10x_tim.o(.text)
    TIM_ClearOC3Ref                          0x0800d917   Thumb Code    12  stm32f10x_tim.o(.text)
    TIM_ClearOC4Ref                          0x0800d923   Thumb Code    20  stm32f10x_tim.o(.text)
    TIM_OC1PolarityConfig                    0x0800d937   Thumb Code    12  stm32f10x_tim.o(.text)
    TIM_OC1NPolarityConfig                   0x0800d943   Thumb Code    12  stm32f10x_tim.o(.text)
    TIM_OC2PolarityConfig                    0x0800d94f   Thumb Code    20  stm32f10x_tim.o(.text)
    TIM_OC2NPolarityConfig                   0x0800d963   Thumb Code    20  stm32f10x_tim.o(.text)
    TIM_OC3PolarityConfig                    0x0800d977   Thumb Code    20  stm32f10x_tim.o(.text)
    TIM_OC3NPolarityConfig                   0x0800d98b   Thumb Code    20  stm32f10x_tim.o(.text)
    TIM_OC4PolarityConfig                    0x0800d99f   Thumb Code    20  stm32f10x_tim.o(.text)
    TIM_CCxCmd                               0x0800d9b3   Thumb Code    28  stm32f10x_tim.o(.text)
    TIM_CCxNCmd                              0x0800d9cf   Thumb Code    28  stm32f10x_tim.o(.text)
    TIM_SelectOCxM                           0x0800d9eb   Thumb Code    80  stm32f10x_tim.o(.text)
    TIM_UpdateDisableConfig                  0x0800da3b   Thumb Code    22  stm32f10x_tim.o(.text)
    TIM_UpdateRequestConfig                  0x0800da51   Thumb Code    22  stm32f10x_tim.o(.text)
    TIM_SelectHallSensor                     0x0800da67   Thumb Code    18  stm32f10x_tim.o(.text)
    TIM_SelectOnePulseMode                   0x0800da79   Thumb Code    20  stm32f10x_tim.o(.text)
    TIM_SelectOutputTrigger                  0x0800da8d   Thumb Code    16  stm32f10x_tim.o(.text)
    TIM_SelectSlaveMode                      0x0800da9d   Thumb Code    16  stm32f10x_tim.o(.text)
    TIM_SelectMasterSlaveMode                0x0800daad   Thumb Code    16  stm32f10x_tim.o(.text)
    TIM_SetCounter                           0x0800dabd   Thumb Code     4  stm32f10x_tim.o(.text)
    TIM_SetAutoreload                        0x0800dac1   Thumb Code     4  stm32f10x_tim.o(.text)
    TIM_SetCompare1                          0x0800dac5   Thumb Code     4  stm32f10x_tim.o(.text)
    TIM_SetCompare2                          0x0800dac9   Thumb Code     4  stm32f10x_tim.o(.text)
    TIM_SetCompare3                          0x0800dacd   Thumb Code     4  stm32f10x_tim.o(.text)
    TIM_SetCompare4                          0x0800dad1   Thumb Code     6  stm32f10x_tim.o(.text)
    TIM_SetClockDivision                     0x0800dad7   Thumb Code    14  stm32f10x_tim.o(.text)
    TIM_GetCapture1                          0x0800dae5   Thumb Code     4  stm32f10x_tim.o(.text)
    TIM_GetCapture2                          0x0800dae9   Thumb Code     4  stm32f10x_tim.o(.text)
    TIM_GetCapture3                          0x0800daed   Thumb Code     4  stm32f10x_tim.o(.text)
    TIM_GetCapture4                          0x0800daf1   Thumb Code     6  stm32f10x_tim.o(.text)
    TIM_GetCounter                           0x0800daf7   Thumb Code     4  stm32f10x_tim.o(.text)
    TIM_GetPrescaler                         0x0800dafb   Thumb Code     4  stm32f10x_tim.o(.text)
    TIM_GetFlagStatus                        0x0800daff   Thumb Code    14  stm32f10x_tim.o(.text)
    TIM_ClearFlag                            0x0800db0d   Thumb Code     6  stm32f10x_tim.o(.text)
    TIM_GetITStatus                          0x0800db13   Thumb Code    22  stm32f10x_tim.o(.text)
    TIM_ClearITPendingBit                    0x0800db29   Thumb Code     6  stm32f10x_tim.o(.text)
    SystemInit                               0x0800db6d   Thumb Code   212  system_stm32f10x.o(.text)
    Get_Week                                 0x0800dc4d   Thumb Code    86  bl5372.o(.text)
    I2C_BL5372_WriteByte                     0x0800dd71   Thumb Code   156  bl5372.o(.text)
    I2C_BL5372_ReadByte                      0x0800de0d   Thumb Code   214  bl5372.o(.text)
    Init_BL5372                              0x0800dee3   Thumb Code   268  bl5372.o(.text)
    BL5372_SetBCD                            0x0800dfef   Thumb Code   110  bl5372.o(.text)
    BL5372_Read                              0x0800e05d   Thumb Code   458  bl5372.o(.text)
    BL5372_ReadBCD                           0x0800e227   Thumb Code    88  bl5372.o(.text)
    Inside_Temp                              0x0800e27f   Thumb Code   234  bl5372.o(.text)
    F_Difference                             0x0800e369   Thumb Code    84  bl5372.o(.text)
    BSP_Init                                 0x0800e489   Thumb Code     4  bsp.o(.text)
    delay_init                               0x0800e48d   Thumb Code    52  delay.o(.text)
    Delay_us                                 0x0800e4c1   Thumb Code    56  delay.o(.text)
    Delay_ms                                 0x0800e4f9   Thumb Code    98  delay.o(.text)
    DIR_1WIRE_OUT                            0x0800e565   Thumb Code    30  ds18b20.o(.text)
    init_1820                                0x0800e583   Thumb Code    86  ds18b20.o(.text)
    write_1820                               0x0800e5d9   Thumb Code   112  ds18b20.o(.text)
    read_1820                                0x0800e649   Thumb Code   136  ds18b20.o(.text)
    DS18B20_Convert                          0x0800e6d1   Thumb Code    20  ds18b20.o(.text)
    Get_Temp                                 0x0800e6e5   Thumb Code   108  ds18b20.o(.text)
    Delayus                                  0x0800e759   Thumb Code    16  jf24d.o(.text)
    SPI_RW                                   0x0800e769   Thumb Code   156  jf24d.o(.text)
    SPI_Write_Reg                            0x0800e805   Thumb Code    26  jf24d.o(.text)
    SPI_Read_Reg                             0x0800e81f   Thumb Code    56  jf24d.o(.text)
    SPI_Read_Buf                             0x0800e857   Thumb Code    44  jf24d.o(.text)
    SPI_Write_Buf                            0x0800e883   Thumb Code    42  jf24d.o(.text)
    Enter_PRX                                0x0800e8ad   Thumb Code    54  jf24d.o(.text)
    Enter_PTX                                0x0800e8e3   Thumb Code    58  jf24d.o(.text)
    SwitchCFG                                0x0800e91d   Thumb Code    36  jf24d.o(.text)
    JF24D_Init                               0x0800e941   Thumb Code   438  jf24d.o(.text)
    IsInitWirelessModuleSuccess              0x0800eaf7   Thumb Code    18  jf24d.o(.text)
    Send_Packet                              0x0800eb09   Thumb Code    34  jf24d.o(.text)
    Receive_Packet                           0x0800eb2b   Thumb Code   134  jf24d.o(.text)
    ChangeRF24Dchannel                       0x0800ebb1   Thumb Code    28  jf24d.o(.text)
    InitWirelessModule                       0x0800ebcd   Thumb Code   100  jf24d.o(.text)
    CreatCmd                                 0x0800ec31   Thumb Code   324  jf24d.o(.text)
    Target_Init                              0x0800ed8d   Thumb Code   212  stm32_init.o(.text)
    Wireless_GPIO                            0x0800ee61   Thumb Code    74  stm32_init.o(.text)
    Output_P203                              0x0800eeab   Thumb Code    30  stm32_init.o(.text)
    Output_P204                              0x0800eec9   Thumb Code    32  stm32_init.o(.text)
    EXTI_Configuration                       0x0800eee9   Thumb Code    52  stm32_init.o(.text)
    USART_Configuration                      0x0800ef1d   Thumb Code   100  stm32_init.o(.text)
    fputc                                    0x0800ef81   Thumb Code    50  stm32_init.o(.text)
    TIM2_Configuration                       0x0800efb3   Thumb Code    60  stm32_init.o(.text)
    TIM3_Configuration                       0x0800efef   Thumb Code    60  stm32_init.o(.text)
    TIM4_Configuration                       0x0800f02b   Thumb Code    60  stm32_init.o(.text)
    Can_Config                               0x0800f067   Thumb Code   202  stm32_init.o(.text)
    ADC_Conf                                 0x0800f131   Thumb Code   180  stm32_init.o(.text)
    DMA_Configuration                        0x0800f1e5   Thumb Code    72  stm32_init.o(.text)
    IWDG_Configuration                       0x0800f22d   Thumb Code    36  stm32_init.o(.text)
    Application_Init                         0x0800f251   Thumb Code   602  stm32_init.o(.text)
    USART1_SandData                          0x0800f4d5   Thumb Code   100  stm32_usart.o(.text)
    USART3_SandData                          0x0800f539   Thumb Code    72  stm32_usart.o(.text)
    CRC_16                                   0x0800f581   Thumb Code    60  stm32_usart.o(.text)
    SetSlaverLed                             0x0800f5cd   Thumb Code     6  display_chip.o(.text)
    InitSTLED316                             0x0800f62d   Thumb Code    14  display_chip.o(.text)
    Write_8LED                               0x0800f63b   Thumb Code   906  display_chip.o(.text)
    OS_TaskStatStkChk                        0x0800f9dd   Thumb Code    56  os_core.o(.text)
    OS_TaskStat                              0x0800fa15   Thumb Code   134  os_core.o(.text)
    OS_TaskIdle                              0x0800fa9b   Thumb Code    22  os_core.o(.text)
    OS_MemClr                                0x0800fab1   Thumb Code    22  os_core.o(.text)
    OSInit                                   0x0800fac7   Thumb Code   344  os_core.o(.text)
    OSIntEnter                               0x0800fc1f   Thumb Code    22  os_core.o(.text)
    OSIntExit                                0x0800fc35   Thumb Code    96  os_core.o(.text)
    OSSchedLock                              0x0800fc95   Thumb Code    38  os_core.o(.text)
    OS_Sched                                 0x0800fcbb   Thumb Code    82  os_core.o(.text)
    OSSchedUnlock                            0x0800fd0d   Thumb Code    54  os_core.o(.text)
    OSStart                                  0x0800fd43   Thumb Code    46  os_core.o(.text)
    OSStatInit                               0x0800fd71   Thumb Code    48  os_core.o(.text)
    OSTimeTick                               0x0800fda1   Thumb Code   246  os_core.o(.text)
    OSVersion                                0x0800fe97   Thumb Code     6  os_core.o(.text)
    OS_Dummy                                 0x0800fe9d   Thumb Code     2  os_core.o(.text)
    OS_EventTaskRemove                       0x0800fe9f   Thumb Code    36  os_core.o(.text)
    OS_EventTaskRdy                          0x0800fec3   Thumb Code   124  os_core.o(.text)
    OS_EventTaskWait                         0x0800ff3f   Thumb Code    88  os_core.o(.text)
    OS_EventWaitListInit                     0x0800ff97   Thumb Code    20  os_core.o(.text)
    OS_MemCopy                               0x0800ffab   Thumb Code    24  os_core.o(.text)
    OS_StrLen                                0x0800ffc3   Thumb Code    22  os_core.o(.text)
    OS_TCBInit                               0x0800ffd9   Thumb Code   284  os_core.o(.text)
    OSFlagAccept                             0x08010105   Thumb Code   178  os_flag.o(.text)
    OSFlagCreate                             0x080101b7   Thumb Code    74  os_flag.o(.text)
    OS_FlagUnlink                            0x08010201   Thumb Code    34  os_flag.o(.text)
    OSFlagDel                                0x0801028f   Thumb Code   196  os_flag.o(.text)
    OSFlagNameGet                            0x08010353   Thumb Code    78  os_flag.o(.text)
    OSFlagNameSet                            0x080103a1   Thumb Code    52  os_flag.o(.text)
    OSFlagPend                               0x0801043f   Thumb Code   446  os_flag.o(.text)
    OSFlagPendGetFlagsRdy                    0x080105fd   Thumb Code    20  os_flag.o(.text)
    OSFlagPost                               0x08010611   Thumb Code   234  os_flag.o(.text)
    OSFlagQuery                              0x080106fb   Thumb Code    38  os_flag.o(.text)
    OS_FlagInit                              0x08010721   Thumb Code    70  os_flag.o(.text)
    OSMemCreate                              0x08010775   Thumb Code    98  os_mem.o(.text)
    OSMemGet                                 0x080107d7   Thumb Code    54  os_mem.o(.text)
    OSMemNameGet                             0x0801080d   Thumb Code    58  os_mem.o(.text)
    OSMemNameSet                             0x08010847   Thumb Code    38  os_mem.o(.text)
    OSMemPut                                 0x0801086d   Thumb Code    46  os_mem.o(.text)
    OSMemQuery                               0x0801089b   Thumb Code    46  os_mem.o(.text)
    OS_MemInit                               0x080108c9   Thumb Code    62  os_mem.o(.text)
    OSMutexAccept                            0x08010919   Thumb Code   120  os_mutex.o(.text)
    OSMutexCreate                            0x08010991   Thumb Code   128  os_mutex.o(.text)
    OSMutexDel                               0x08010a11   Thumb Code   226  os_mutex.o(.text)
    OSMutexPend                              0x08010af3   Thumb Code   456  os_mutex.o(.text)
    OSMutexPost                              0x08010cbb   Thumb Code   202  os_mutex.o(.text)
    OSMutexQuery                             0x08010d85   Thumb Code    90  os_mutex.o(.text)
    OSQAccept                                0x08010e59   Thumb Code    78  os_q.o(.text)
    OSQCreate                                0x08010ea7   Thumb Code   128  os_q.o(.text)
    OSQDel                                   0x08010f27   Thumb Code   210  os_q.o(.text)
    OSQFlush                                 0x08010ff9   Thumb Code    32  os_q.o(.text)
    OSQPend                                  0x08011019   Thumb Code   216  os_q.o(.text)
    OSQPendAbort                             0x080110f1   Thumb Code   114  os_q.o(.text)
    OSQPost                                  0x08011163   Thumb Code   106  os_q.o(.text)
    OSQPostFront                             0x080111cd   Thumb Code   106  os_q.o(.text)
    OSQPostOpt                               0x08011237   Thumb Code   198  os_q.o(.text)
    OSQQuery                                 0x080112fd   Thumb Code    92  os_q.o(.text)
    OS_QInit                                 0x08011359   Thumb Code    56  os_q.o(.text)
    OSSemAccept                              0x08011399   Thumb Code    34  os_sem.o(.text)
    OSSemCreate                              0x080113bb   Thumb Code    60  os_sem.o(.text)
    OSSemDel                                 0x080113f7   Thumb Code   182  os_sem.o(.text)
    OSSemPend                                0x080114ad   Thumb Code   182  os_sem.o(.text)
    OSSemPendAbort                           0x08011563   Thumb Code   114  os_sem.o(.text)
    OSSemPost                                0x080115d5   Thumb Code    82  os_sem.o(.text)
    OSSemQuery                               0x08011627   Thumb Code    68  os_sem.o(.text)
    OSSemSet                                 0x0801166b   Thumb Code    58  os_sem.o(.text)
    OSTaskChangePrio                         0x080116b5   Thumb Code   268  os_task.o(.text)
    OSTaskCreate                             0x080117c1   Thumb Code   136  os_task.o(.text)
    OS_TaskStkClr                            0x08011849   Thumb Code    30  os_task.o(.text)
    OSTaskCreateExt                          0x08011867   Thumb Code   172  os_task.o(.text)
    OSTaskDel                                0x08011913   Thumb Code   286  os_task.o(.text)
    OSTaskDelReq                             0x08011a31   Thumb Code    90  os_task.o(.text)
    OSTaskNameGet                            0x08011a8b   Thumb Code   144  os_task.o(.text)
    OSTaskNameSet                            0x08011b1b   Thumb Code    80  os_task.o(.text)
    OSTaskResume                             0x08011b6b   Thumb Code   144  os_task.o(.text)
    OSTaskStkChk                             0x08011bfb   Thumb Code   124  os_task.o(.text)
    OSTaskSuspend                            0x08011c77   Thumb Code   134  os_task.o(.text)
    OSTaskQuery                              0x08011cfd   Thumb Code    74  os_task.o(.text)
    OSTaskRegGet                             0x08011d47   Thumb Code    48  os_task.o(.text)
    OSTaskRegSet                             0x08011d77   Thumb Code    52  os_task.o(.text)
    OS_TaskReturn                            0x08011dab   Thumb Code    18  os_task.o(.text)
    OSTimeDly                                0x08011dd5   Thumb Code    88  os_time.o(.text)
    OSTimeDlyHMSM                            0x08011e2d   Thumb Code    94  os_time.o(.text)
    OSTimeDlyResume                          0x08011e8b   Thumb Code   158  os_time.o(.text)
    OSTimeGet                                0x08011f29   Thumb Code    18  os_time.o(.text)
    OSTimeSet                                0x08011f3b   Thumb Code    20  os_time.o(.text)
    OSTmrCreate                              0x08011f6d   Thumb Code   138  os_tmr.o(.text)
    OSTmrDel                                 0x08011ff7   Thumb Code   158  os_tmr.o(.text)
    OSTmrNameGet                             0x08012095   Thumb Code    96  os_tmr.o(.text)
    OSTmrRemainGet                           0x080120f5   Thumb Code   148  os_tmr.o(.text)
    OSTmrStateGet                            0x08012189   Thumb Code    72  os_tmr.o(.text)
    OSTmrStart                               0x080121d1   Thumb Code   100  os_tmr.o(.text)
    OSTmrStop                                0x08012235   Thumb Code   160  os_tmr.o(.text)
    OSTmrSignal                              0x080122d5   Thumb Code     8  os_tmr.o(.text)
    OSTmr_Init                               0x080123c5   Thumb Code   184  os_tmr.o(.text)
    OS_CPU_SR_Save                           0x0801253d   Thumb Code     0  os_cpu_a.o(.text)
    OS_CPU_SR_Restore                        0x08012545   Thumb Code     0  os_cpu_a.o(.text)
    OSStartHighRdy                           0x0801254b   Thumb Code     0  os_cpu_a.o(.text)
    OSCtxSw                                  0x0801256b   Thumb Code     0  os_cpu_a.o(.text)
    OSIntCtxSw                               0x08012575   Thumb Code     0  os_cpu_a.o(.text)
    OS_CPU_PendSVHandler                     0x0801257f   Thumb Code     0  os_cpu_a.o(.text)
    OSInitHookBegin                          0x080125e1   Thumb Code     8  os_cpu_c.o(.text)
    OSTaskReturnHook                         0x080125e9   Thumb Code     2  os_cpu_c.o(.text)
    OSInitHookEnd                            0x080125eb   Thumb Code     2  os_cpu_c.o(.text)
    OSTaskCreateHook                         0x080125ed   Thumb Code     2  os_cpu_c.o(.text)
    OSTaskDelHook                            0x080125ef   Thumb Code     2  os_cpu_c.o(.text)
    OSTaskIdleHook                           0x080125f1   Thumb Code     2  os_cpu_c.o(.text)
    OSTaskStatHook                           0x080125f3   Thumb Code     2  os_cpu_c.o(.text)
    OSTaskStkInit                            0x080125f5   Thumb Code   116  os_cpu_c.o(.text)
    OSTaskSwHook                             0x08012669   Thumb Code     2  os_cpu_c.o(.text)
    OSTCBInitHook                            0x0801266b   Thumb Code     2  os_cpu_c.o(.text)
    OSTimeTickHook                           0x0801266d   Thumb Code    24  os_cpu_c.o(.text)
    __aeabi_dadd                             0x08012689   Thumb Code   322  dadd.o(.text)
    __aeabi_dsub                             0x080127cb   Thumb Code     6  dadd.o(.text)
    __aeabi_drsub                            0x080127d1   Thumb Code     6  dadd.o(.text)
    __aeabi_dmul                             0x080127d7   Thumb Code   228  dmul.o(.text)
    __aeabi_ddiv                             0x080128bb   Thumb Code   222  ddiv.o(.text)
    __ARM_scalbn                             0x08012999   Thumb Code    46  dscalb.o(.text)
    scalbn                                   0x08012999   Thumb Code     0  dscalb.o(.text)
    __aeabi_i2d                              0x080129c7   Thumb Code    34  dflti.o(.text)
    __aeabi_ui2d                             0x080129e9   Thumb Code    26  dfltui.o(.text)
    __aeabi_f2uiz                            0x08012a03   Thumb Code    40  ffixui.o(.text)
    __aeabi_d2iz                             0x08012a2b   Thumb Code    62  dfixi.o(.text)
    __aeabi_d2uiz                            0x08012a69   Thumb Code    50  dfixui.o(.text)
    __aeabi_f2d                              0x08012a9b   Thumb Code    38  f2d.o(.text)
    __aeabi_d2f                              0x08012ac1   Thumb Code    56  d2f.o(.text)
    __aeabi_llsl                             0x08012af9   Thumb Code    30  llshl.o(.text)
    _ll_shift_l                              0x08012af9   Thumb Code     0  llshl.o(.text)
    __aeabi_llsr                             0x08012b17   Thumb Code    32  llushr.o(.text)
    _ll_ushift_r                             0x08012b17   Thumb Code     0  llushr.o(.text)
    __aeabi_lasr                             0x08012b37   Thumb Code    36  llsshr.o(.text)
    _ll_sshift_r                             0x08012b37   Thumb Code     0  llsshr.o(.text)
    __I$use$fp                               0x08012b5b   Thumb Code     0  iusefp.o(.text)
    _float_round                             0x08012b5b   Thumb Code    18  fepilogue.o(.text)
    _float_epilogue                          0x08012b6d   Thumb Code    92  fepilogue.o(.text)
    _double_round                            0x08012bc9   Thumb Code    26  depilogue.o(.text)
    _double_epilogue                         0x08012be3   Thumb Code   156  depilogue.o(.text)
    __aeabi_cdrcmple                         0x08012c81   Thumb Code    38  cdrcmple.o(.text)
    __scatterload                            0x08012ca9   Thumb Code    28  init.o(.text)
    __scatterload_rt2                        0x08012ca9   Thumb Code     0  init.o(.text)
    _dsqrt                                   0x08012ccd   Thumb Code   162  dsqrt.o(.text)
    __ARM_fpclassify                         0x08012d6f   Thumb Code    40  fpclassify.o(i.__ARM_fpclassify)
    __kernel_poly                            0x08012d97   Thumb Code   170  poly.o(i.__kernel_poly)
    __mathlib_dbl_underflow                  0x08012e41   Thumb Code    10  dunder.o(i.__mathlib_dbl_underflow)
    __scatterload_copy                       0x08012e51   Thumb Code    14  handlers.o(i.__scatterload_copy)
    __scatterload_null                       0x08012e5f   Thumb Code     2  handlers.o(i.__scatterload_null)
    __scatterload_zeroinit                   0x08012e61   Thumb Code    14  handlers.o(i.__scatterload_zeroinit)
    __set_errno                              0x08012e71   Thumb Code     6  errno.o(i.__set_errno)
    pow                                      0x08012e7d   Thumb Code  2510  pow.o(i.pow)
    sqrt                                     0x0801385d   Thumb Code    76  sqrt.o(i.sqrt)
    table_week                               0x080138a8   Data          12  bl5372.o(.constdata)
    RegArrFSKAnalog                          0x080138b4   Data          56  jf24d.o(.constdata)
    RegArrFSKAnalogReg14                     0x080138ec   Data          11  jf24d.o(.constdata)
    RegArrFSK                                0x080138f7   Data          46  jf24d.o(.constdata)
    SegA                                     0x08013925   Data          28  display_chip.o(.constdata)
    OSUnMapTbl                               0x08013941   Data         256  os_core.o(.constdata)
    __mathlib_zero                           0x08013ad0   Data           8  qnan.o(.constdata)
    Region$$Table$$Base                      0x08013ad8   Number         0  anon$$obj.o(Region$$Table)
    Region$$Table$$Limit                     0x08013af8   Number         0  anon$$obj.o(Region$$Table)
    LuxUporDownKeyPressed                    0x20000008   Data           1  display.o(.data)
    MenuLevel                                0x20000009   Data           1  display.o(.data)
    YKdelay                                  0x2000000a   Data           1  display.o(.data)
    NoKey_Count                              0x2000000b   Data           1  display.o(.data)
    TwinklFlag                               0x2000000c   Data           1  display.o(.data)
    Shine                                    0x2000000d   Data           1  display.o(.data)
    Shine1                                   0x2000000e   Data           1  display.o(.data)
    FanKey1                                  0x2000000f   Data           1  display.o(.data)
    PirDlyAuto1                              0x20000010   Data           1  display.o(.data)
    MenuKey                                  0x20000011   Data           1  display.o(.data)
    errCDKey                                 0x20000012   Data           1  display.o(.data)
    MenuIndex                                0x20000013   Data           1  display.o(.data)
    Position1                                0x20000014   Data           1  display.o(.data)
    CursorNow                                0x20000016   Data           1  display.o(.data)
    AudioSwitch1                             0x20000017   Data           1  display.o(.data)
    Del_Flag                                 0x20000018   Data           1  display.o(.data)
    KQFlag                                   0x20000019   Data           1  display.o(.data)
    Del_Flag1                                0x2000001a   Data           1  display.o(.data)
    ModeKeyFlag                              0x2000001b   Data           1  display.o(.data)
    week_temp                                0x2000001c   Data           1  display.o(.data)
    Time_Del                                 0x2000001d   Data           1  display.o(.data)
    Position                                 0x2000001e   Data           1  display.o(.data)
    PirNum_Temp                              0x2000001f   Data           1  display.o(.data)
    temp_tempdel                             0x20000024   Data           2  display.o(.data)
    Temp_Difference                          0x20000026   Data           1  display.o(.data)
    UART3_TxAddress                          0x20000028   Data           4  energycollection.o(.data)
    Jude_count                               0x2000002c   Data           2  timer.o(.data)
    tmr1_count                               0x2000002e   Data           2  timer.o(.data)
    AD_Value                                 0x20000030   Data           4  sensorcollection.o(.data)
    Temp_shi                                 0x20000048   Data           1  bl5372.o(.data)
    Temp_ge                                  0x20000049   Data           1  bl5372.o(.data)
    PPM_temp                                 0x2000004a   Data           1  bl5372.o(.data)
    PPM1                                     0x2000004b   Data           1  bl5372.o(.data)
    PPM2                                     0x2000004c   Data           1  bl5372.o(.data)
    PPM_Difference                           0x2000004d   Data           1  bl5372.o(.data)
    Temp_inner                               0x2000004e   Data           2  bl5372.o(.data)
    Temp_ad                                  0x20000050   Data           2  bl5372.o(.data)
    ADCFault                                 0x20000052   Data           2  bl5372.o(.data)
    ADC_Count                                0x20000054   Data           2  bl5372.o(.data)
    frequency                                0x2000005a   Data           1  jf24d.o(.data)
    OSCPUUsage                               0x20000064   Data           1  os_core.o(.data)
    OSStatRdy                                0x20000065   Data           1  os_core.o(.data)
    OSIntNesting                             0x20000066   Data           1  os_core.o(.data)
    OSLockNesting                            0x20000067   Data           1  os_core.o(.data)
    OSPrioCur                                0x20000068   Data           1  os_core.o(.data)
    OSPrioHighRdy                            0x20000069   Data           1  os_core.o(.data)
    OSRdyGrp                                 0x2000006a   Data           1  os_core.o(.data)
    OSRunning                                0x2000006b   Data           1  os_core.o(.data)
    OSTaskCtr                                0x2000006c   Data           1  os_core.o(.data)
    OSTickStepState                          0x2000006d   Data           1  os_core.o(.data)
    OSCtxSwCtr                               0x20000070   Data           4  os_core.o(.data)
    OSEventFreeList                          0x20000074   Data           4  os_core.o(.data)
    OSIdleCtrMax                             0x20000078   Data           4  os_core.o(.data)
    OSIdleCtrRun                             0x2000007c   Data           4  os_core.o(.data)
    OSIdleCtr                                0x20000080   Data           4  os_core.o(.data)
    OSTCBCur                                 0x20000084   Data           4  os_core.o(.data)
    OSTCBFreeList                            0x20000088   Data           4  os_core.o(.data)
    OSTCBHighRdy                             0x2000008c   Data           4  os_core.o(.data)
    OSTCBList                                0x20000090   Data           4  os_core.o(.data)
    OSTime                                   0x20000094   Data           4  os_core.o(.data)
    OSRdyTbl                                 0x20000098   Data           8  os_core.o(.data)
    OSFlagFreeList                           0x200000a0   Data           4  os_core.o(.data)
    OSMemFreeList                            0x200000a4   Data           4  os_core.o(.data)
    OSQFreeList                              0x200000a8   Data           4  os_core.o(.data)
    OSTmrFree                                0x200000ac   Data           2  os_core.o(.data)
    OSTmrUsed                                0x200000ae   Data           2  os_core.o(.data)
    OSTmrTime                                0x200000b0   Data           4  os_core.o(.data)
    OSTmrSem                                 0x200000b4   Data           4  os_core.o(.data)
    OSTmrSemSignal                           0x200000b8   Data           4  os_core.o(.data)
    OSTmrFreeList                            0x200000bc   Data           4  os_core.o(.data)
    system                                   0x20001554   Data          32  object.o(.bss)
    sl863x                                   0x20001574   Data        3068  object.o(.bss)
    sensors                                  0x20002170   Data         420  object.o(.bss)
    slavers                                  0x20002314   Data        1800  object.o(.bss)
    theory                                   0x20002a1c   Data         708  object.o(.bss)
    OSEventTbl                               0x20002ce0   Data         320  os_core.o(.bss)
    OSTaskStatStk                            0x20002e20   Data         512  os_core.o(.bss)
    OSTaskIdleStk                            0x20003020   Data         512  os_core.o(.bss)
    OSTCBPrioTbl                             0x20003220   Data         256  os_core.o(.bss)
    OSTCBTbl                                 0x20003320   Data        1848  os_core.o(.bss)
    OSFlagTbl                                0x20003a58   Data          80  os_core.o(.bss)
    OSMemTbl                                 0x20003aa8   Data         120  os_core.o(.bss)
    OSQTbl                                   0x20003b20   Data          96  os_core.o(.bss)
    OSTmrTbl                                 0x20003b80   Data         640  os_core.o(.bss)
    OSTmrTaskStk                             0x20003e00   Data         512  os_core.o(.bss)
    OSTmrWheelTbl                            0x20004000   Data          64  os_core.o(.bss)
    __initial_sp                             0x20004c40   Data           0  startup_stm32f10x_hd.o(STACK)



==============================================================================

Memory Map of the image

  Image Entry point : 0x08000131

  Load Region LR_IROM1 (Base: 0x08000000, Size: 0x00013bc0, Max: 0x00040000, ABSOLUTE)

    Execution Region ER_IROM1 (Base: 0x08000000, Size: 0x00013af8, Max: 0x00040000, ABSOLUTE)

    Base Addr    Size         Type   Attr      Idx    E Section Name        Object

    0x08000000   0x00000130   Data   RO            3    RESET               startup_stm32f10x_hd.o
    0x08000130   0x00000000   Code   RO         1012  * .ARM.Collect$$$$00000000  mc_w.l(entry.o)
    0x08000130   0x00000004   Code   RO         1052    .ARM.Collect$$$$00000001  mc_w.l(entry2.o)
    0x08000134   0x00000004   Code   RO         1055    .ARM.Collect$$$$00000004  mc_w.l(entry5.o)
    0x08000138   0x00000000   Code   RO         1057    .ARM.Collect$$$$00000008  mc_w.l(entry7b.o)
    0x08000138   0x00000000   Code   RO         1059    .ARM.Collect$$$$0000000A  mc_w.l(entry8b.o)
    0x08000138   0x00000008   Code   RO         1060    .ARM.Collect$$$$0000000B  mc_w.l(entry9a.o)
    0x08000140   0x00000000   Code   RO         1062    .ARM.Collect$$$$0000000D  mc_w.l(entry10a.o)
    0x08000140   0x00000000   Code   RO         1064    .ARM.Collect$$$$0000000F  mc_w.l(entry11a.o)
    0x08000140   0x00000004   Code   RO         1053    .ARM.Collect$$$$00002712  mc_w.l(entry2.o)
    0x08000144   0x00000030   Code   RO            4    .text               startup_stm32f10x_hd.o
    0x08000174   0x00000030   Code   RO           10    .text               main.o
    0x080001a4   0x0000007e   Code   RO          148    .text               stm32f10x_it.o
    0x08000222   0x00000002   PAD
    0x08000224   0x000005fc   Code   RO          160    .text               systeminit.o
    0x08000820   0x00001078   Code   RO          185    .text               canquery.o
    0x08001898   0x00000f30   Code   RO          204    .text               canset.o
    0x080027c8   0x000001b8   Code   RO          223    .text               cantask.o
    0x08002980   0x00000108   Code   RO          241    .text               createtask.o
    0x08002a88   0x00005210   Code   RO          274    .text               display.o
    0x08007c98   0x00000012   Code   RO          296    .text               dogtask.o
    0x08007caa   0x00000002   PAD
    0x08007cac   0x00000398   Code   RO          308    .text               openclose.o
    0x08008044   0x00000244   Code   RO          324    .text               energycollection.o
    0x08008288   0x000014f0   Code   RO          340    .text               execute.o
    0x08009778   0x000000a4   Code   RO          353    .text               flash.o
    0x0800981c   0x00000054   Code   RO          368    .text               list.o
    0x08009870   0x00000874   Code   RO          380    .text               timer.o
    0x0800a0e4   0x00000800   Code   RO          396    .text               wireless.o
    0x0800a8e4   0x00000234   Code   RO          409    .text               storagemanager.o
    0x0800ab18   0x00000590   Code   RO          422    .text               sensorcollection.o
    0x0800b0a8   0x000005ac   Code   RO          451    .text               lux.o
    0x0800b654   0x0000030c   Code   RO          464    .text               stm32f10x_usart.o
    0x0800b960   0x0000029c   Code   RO          476    .text               stm32f10x_gpio.o
    0x0800bbfc   0x000002d4   Code   RO          488    .text               stm32f10x_rcc.o
    0x0800bed0   0x000000c4   Code   RO          503    .text               misc.o
    0x0800bf94   0x00000368   Code   RO          515    .text               stm32f10x_adc.o
    0x0800c2fc   0x0000063a   Code   RO          527    .text               stm32f10x_can.o
    0x0800c936   0x00000002   PAD
    0x0800c938   0x000001d0   Code   RO          540    .text               stm32f10x_dma.o
    0x0800cb08   0x00000110   Code   RO          552    .text               stm32f10x_exti.o
    0x0800cc18   0x0000048c   Code   RO          564    .text               stm32f10x_flash.o
    0x0800d0a4   0x0000003c   Code   RO          577    .text               stm32f10x_iwdg.o
    0x0800d0e0   0x00000a8c   Code   RO          604    .text               stm32f10x_tim.o
    0x0800db6c   0x000000e0   Code   RO          639    .text               system_stm32f10x.o
    0x0800dc4c   0x0000083c   Code   RO          661    .text               bl5372.o
    0x0800e488   0x00000004   Code   RO          686    .text               bsp.o
    0x0800e48c   0x000000d8   Code   RO          698    .text               delay.o
    0x0800e564   0x000001f4   Code   RO          713    .text               ds18b20.o
    0x0800e758   0x00000634   Code   RO          726    .text               jf24d.o
    0x0800ed8c   0x00000748   Code   RO          752    .text               stm32_init.o
    0x0800f4d4   0x000000f8   Code   RO          772    .text               stm32_usart.o
    0x0800f5cc   0x00000410   Code   RO          803    .text               display_chip.o
    0x0800f9dc   0x00000728   Code   RO          822    .text               os_core.o
    0x08010104   0x00000670   Code   RO          858    .text               os_flag.o
    0x08010774   0x000001a4   Code   RO          883    .text               os_mem.o
    0x08010918   0x00000540   Code   RO          895    .text               os_mutex.o
    0x08010e58   0x00000540   Code   RO          907    .text               os_q.o
    0x08011398   0x0000031c   Code   RO          919    .text               os_sem.o
    0x080116b4   0x00000720   Code   RO          931    .text               os_task.o
    0x08011dd4   0x00000198   Code   RO          944    .text               os_time.o
    0x08011f6c   0x000005d0   Code   RO          957    .text               os_tmr.o
    0x0801253c   0x000000a4   Code   RO          969    .text               os_cpu_a.o
    0x080125e0   0x000000a8   Code   RO          972    .text               os_cpu_c.o
    0x08012688   0x0000014e   Code   RO         1015    .text               mf_w.l(dadd.o)
    0x080127d6   0x000000e4   Code   RO         1017    .text               mf_w.l(dmul.o)
    0x080128ba   0x000000de   Code   RO         1019    .text               mf_w.l(ddiv.o)
    0x08012998   0x0000002e   Code   RO         1021    .text               mf_w.l(dscalb.o)
    0x080129c6   0x00000022   Code   RO         1023    .text               mf_w.l(dflti.o)
    0x080129e8   0x0000001a   Code   RO         1025    .text               mf_w.l(dfltui.o)
    0x08012a02   0x00000028   Code   RO         1027    .text               mf_w.l(ffixui.o)
    0x08012a2a   0x0000003e   Code   RO         1029    .text               mf_w.l(dfixi.o)
    0x08012a68   0x00000032   Code   RO         1031    .text               mf_w.l(dfixui.o)
    0x08012a9a   0x00000026   Code   RO         1033    .text               mf_w.l(f2d.o)
    0x08012ac0   0x00000038   Code   RO         1035    .text               mf_w.l(d2f.o)
    0x08012af8   0x0000001e   Code   RO         1066    .text               mc_w.l(llshl.o)
    0x08012b16   0x00000020   Code   RO         1068    .text               mc_w.l(llushr.o)
    0x08012b36   0x00000024   Code   RO         1070    .text               mc_w.l(llsshr.o)
    0x08012b5a   0x00000000   Code   RO         1079    .text               mc_w.l(iusefp.o)
    0x08012b5a   0x0000006e   Code   RO         1080    .text               mf_w.l(fepilogue.o)
    0x08012bc8   0x000000b6   Code   RO         1082    .text               mf_w.l(depilogue.o)
    0x08012c7e   0x00000002   PAD
    0x08012c80   0x00000028   Code   RO         1084    .text               mf_w.l(cdrcmple.o)
    0x08012ca8   0x00000024   Code   RO         1086    .text               mc_w.l(init.o)
    0x08012ccc   0x000000a2   Code   RO         1088    .text               mf_w.l(dsqrt.o)
    0x08012d6e   0x00000028   Code   RO         1039    i.__ARM_fpclassify  m_ws.l(fpclassify.o)
    0x08012d96   0x000000aa   Code   RO         1041    i.__kernel_poly     m_ws.l(poly.o)
    0x08012e40   0x00000010   Code   RO         1037    i.__mathlib_dbl_underflow  m_ws.l(dunder.o)
    0x08012e50   0x0000000e   Code   RO         1094    i.__scatterload_copy  mc_w.l(handlers.o)
    0x08012e5e   0x00000002   Code   RO         1095    i.__scatterload_null  mc_w.l(handlers.o)
    0x08012e60   0x0000000e   Code   RO         1096    i.__scatterload_zeroinit  mc_w.l(handlers.o)
    0x08012e6e   0x00000002   PAD
    0x08012e70   0x0000000c   Code   RO         1074    i.__set_errno       mc_w.l(errno.o)
    0x08012e7c   0x000009e0   Code   RO         1003    i.pow               m_ws.l(pow.o)
    0x0801385c   0x0000004c   Code   RO         1045    i.sqrt              m_ws.l(sqrt.o)
    0x080138a8   0x0000000c   Data   RO          662    .constdata          bl5372.o
    0x080138b4   0x00000071   Data   RO          727    .constdata          jf24d.o
    0x08013925   0x0000001c   Data   RO          804    .constdata          display_chip.o
    0x08013941   0x00000100   Data   RO          830    .constdata          os_core.o
    0x08013a41   0x00000007   PAD
    0x08013a48   0x00000088   Data   RO         1004    .constdata          m_ws.l(pow.o)
    0x08013ad0   0x00000008   Data   RO         1043    .constdata          m_ws.l(qnan.o)
    0x08013ad8   0x00000020   Data   RO         1092    Region$$Table       anon$$obj.o


    Execution Region RW_IRAM1 (Base: 0x20000000, Size: 0x00004c40, Max: 0x0000c000, ABSOLUTE)

    Base Addr    Size         Type   Attr      Idx    E Section Name        Object

    0x20000000   0x00000008   Data   RW          224    .data               cantask.o
    0x20000008   0x0000001e   Data   RW          276    .data               display.o
    0x20000026   0x00000001   Data   RW          278    .data               display.o
    0x20000027   0x00000001   PAD
    0x20000028   0x00000004   Data   RW          325    .data               energycollection.o
    0x2000002c   0x00000004   Data   RW          381    .data               timer.o
    0x20000030   0x00000004   Data   RW          423    .data               sensorcollection.o
    0x20000034   0x00000014   Data   RW          489    .data               stm32f10x_rcc.o
    0x20000048   0x0000000a   Data   RW          663    .data               bl5372.o
    0x20000052   0x00000002   Data   RW          669    .data               bl5372.o
    0x20000054   0x00000002   Data   RW          670    .data               bl5372.o
    0x20000056   0x00000004   Data   RW          699    .data               delay.o
    0x2000005a   0x00000006   Data   RW          728    .data               jf24d.o
    0x20000060   0x00000004   Data   RW          805    .data               display_chip.o
    0x20000064   0x0000003c   Data   RW          831    .data               os_core.o
    0x200000a0   0x00000004   Data   RW          832    .data               os_core.o
    0x200000a4   0x00000004   Data   RW          833    .data               os_core.o
    0x200000a8   0x00000004   Data   RW          834    .data               os_core.o
    0x200000ac   0x00000002   Data   RW          835    .data               os_core.o
    0x200000ae   0x00000002   Data   RW          836    .data               os_core.o
    0x200000b0   0x00000004   Data   RW          837    .data               os_core.o
    0x200000b4   0x00000004   Data   RW          838    .data               os_core.o
    0x200000b8   0x00000004   Data   RW          839    .data               os_core.o
    0x200000bc   0x00000004   Data   RW          840    .data               os_core.o
    0x200000c0   0x00000002   Data   RW          973    .data               os_cpu_c.o
    0x200000c2   0x00000002   PAD
    0x200000c4   0x00000004   Data   RW         1075    .data               mc_w.l(errno.o)
    0x200000c8   0x00000140   Zero   RW           11    .bss                main.o
    0x20000208   0x00001340   Zero   RW          242    .bss                createtask.o
    0x20001548   0x0000000c   Zero   RW          275    .bss                display.o
    0x20001554   0x00000020   Zero   RW          438    .bss                object.o
    0x20001574   0x00000bfc   Zero   RW          439    .bss                object.o
    0x20002170   0x000001a4   Zero   RW          440    .bss                object.o
    0x20002314   0x00000708   Zero   RW          441    .bss                object.o
    0x20002a1c   0x000002c4   Zero   RW          442    .bss                object.o
    0x20002ce0   0x00000d78   Zero   RW          823    .bss                os_core.o
    0x20003a58   0x00000050   Zero   RW          824    .bss                os_core.o
    0x20003aa8   0x00000078   Zero   RW          825    .bss                os_core.o
    0x20003b20   0x00000060   Zero   RW          826    .bss                os_core.o
    0x20003b80   0x00000280   Zero   RW          827    .bss                os_core.o
    0x20003e00   0x00000200   Zero   RW          828    .bss                os_core.o
    0x20004000   0x00000040   Zero   RW          829    .bss                os_core.o
    0x20004040   0x00000c00   Zero   RW            1    STACK               startup_stm32f10x_hd.o


==============================================================================

Image component sizes


      Code (inc. data)   RO Data    RW Data    ZI Data      Debug   Object Name

      2108        126         12         14          0       7468   bl5372.o
         4          0          0          0          0        367   bsp.o
      4216         94          0          0          0       7467   canquery.o
      3888        812          0          0          0       4093   canset.o
       440         28          0          8          0       2060   cantask.o
       264         70          0          0       4928       1544   createtask.o
       216         10          0          4          0       1537   delay.o
     21008        462          0         31         12      25685   display.o
      1040         24         28          4          0       2794   display_chip.o
        18          0          0          0          0        420   dogtask.o
       500          8          0          0          0       2074   ds18b20.o
       580         18          0          4          0       2101   energycollection.o
      5360         66          0          0          0      11296   execute.o
       164          0          0          0          0       1458   flash.o
      1588         52        113          6          0       8716   jf24d.o
        84          0          0          0          0       1721   list.o
      1452         28          0          0          0       3544   lux.o
        48          8          0          0        320     301802   main.o
       196         12          0          0          0       1625   misc.o
         0          0          0          0       6028        595   object.o
       920         40          0          0          0       2892   openclose.o
      1832         88        256         92       4960      15568   os_core.o
       164         32          0          0          0        296   os_cpu_a.o
       168          4          0          2          0      11373   os_cpu_c.o
      1648         42          0          0          0       6002   os_flag.o
       420         18          0          0          0       2416   os_mem.o
      1344         50          0          0          0       3810   os_mutex.o
      1344         28          0          0          0       4501   os_q.o
       796         16          0          0          0       3234   os_sem.o
      1824         68          0          0          0       6331   os_task.o
       408         30          0          0          0       1884   os_time.o
      1488         90          0          0          0       5117   os_tmr.o
      1424         58          0          4          0       4068   sensorcollection.o
        48         12        304          0       3072        860   startup_stm32f10x_hd.o
      1864         86          0          0          0       6783   stm32_init.o
       248         16          0          0          0       1465   stm32_usart.o
       872         14          0          0          0       9165   stm32f10x_adc.o
      1594         20          0          0          0       7282   stm32f10x_can.o
       464         26          0          0          0       3375   stm32f10x_dma.o
       272         22          0          0          0       2007   stm32f10x_exti.o
      1164         40          0          0          0       7520   stm32f10x_flash.o
       668         14          0          0          0       4643   stm32f10x_gpio.o
       126          0          0          0          0       2194   stm32f10x_it.o
        60          6          0          0          0       1145   stm32f10x_iwdg.o
       724         38          0         20          0       8122   stm32f10x_rcc.o
      2700          4          0          0          0      20574   stm32f10x_tim.o
       780          8          0          0          0       6567   stm32f10x_usart.o
       564         42          0          0          0       3189   storagemanager.o
       224         12          0          0          0       1077   system_stm32f10x.o
      1532         74          0          0          0       8120   systeminit.o
      2164         74          0          4          0       4164   timer.o
      2048         36          0          0          0       3589   wireless.o

    ----------------------------------------------------------------------
     75076       2926        752        196      19320     557700   Object Totals
         0          0         32          0          0          0   (incl. Generated)
         6          0          7          3          0          0   (incl. Padding)

    ----------------------------------------------------------------------

      Code (inc. data)   RO Data    RW Data    ZI Data      Debug   Library Member Name

        16          6          0          0          0         68   dunder.o
        40          0          0          0          0         68   fpclassify.o
       170          0          0          0          0         96   poly.o
      2528        190        136          0          0        332   pow.o
         0          0          8          0          0          0   qnan.o
        76          0          0          0          0         84   sqrt.o
         0          0          0          0          0          0   entry.o
         0          0          0          0          0          0   entry10a.o
         0          0          0          0          0          0   entry11a.o
         8          4          0          0          0          0   entry2.o
         4          0          0          0          0          0   entry5.o
         0          0          0          0          0          0   entry7b.o
         0          0          0          0          0          0   entry8b.o
         8          4          0          0          0          0   entry9a.o
        12          6          0          4          0         68   errno.o
        30          0          0          0          0          0   handlers.o
        36          8          0          0          0         68   init.o
         0          0          0          0          0          0   iusefp.o
        30          0          0          0          0         68   llshl.o
        36          0          0          0          0         68   llsshr.o
        32          0          0          0          0         68   llushr.o
        40          2          0          0          0         68   cdrcmple.o
        56          0          0          0          0         88   d2f.o
       334          0          0          0          0        148   dadd.o
       222          0          0          0          0        100   ddiv.o
       182          0          0          0          0        176   depilogue.o
        62          0          0          0          0         80   dfixi.o
        50          0          0          0          0         76   dfixui.o
        34          0          0          0          0         76   dflti.o
        26          0          0          0          0         76   dfltui.o
       228          0          0          0          0         96   dmul.o
        46          0          0          0          0         80   dscalb.o
       162          0          0          0          0        100   dsqrt.o
        38          0          0          0          0         68   f2d.o
       110          0          0          0          0        168   fepilogue.o
        40          0          0          0          0         68   ffixui.o

    ----------------------------------------------------------------------
      4660        220        144          4          0       2456   Library Totals
         4          0          0          0          0          0   (incl. Padding)

    ----------------------------------------------------------------------

      Code (inc. data)   RO Data    RW Data    ZI Data      Debug   Library Name

      2830        196        144          0          0        648   m_ws.l
       196         22          0          4          0        340   mc_w.l
      1630          2          0          0          0       1468   mf_w.l

    ----------------------------------------------------------------------
      4660        220        144          4          0       2456   Library Totals

    ----------------------------------------------------------------------

==============================================================================


      Code (inc. data)   RO Data    RW Data    ZI Data      Debug   

     79736       3146        896        200      19320     553912   Grand Totals
     79736       3146        896        200      19320     553912   ELF Image Totals
     79736       3146        896        200          0          0   ROM Totals

==============================================================================

    Total RO  Size (Code + RO Data)                80632 (  78.74kB)
    Total RW  Size (RW Data + ZI Data)             19520 (  19.06kB)
    Total ROM Size (Code + RO Data + RW Data)      80832 (  78.94kB)

==============================================================================

